../Core/Src/main.c:120:5:main	8	static
../Core/Src/main.c:207:6:SystemClock_Config	88	static
../Core/Src/main.c:265:13:MX_ETH_Init	8	static
../Core/Src/main.c:314:13:MX_USART3_UART_Init	8	static
../Core/Src/main.c:349:13:MX_USB_OTG_FS_PCD_Init	8	static
../Core/Src/main.c:384:13:MX_GPIO_Init	56	static
../Core/Src/main.c:441:6:StartDefaultTask	24	static
../Core/Src/main.c:475:6:startSend	16	static
../Core/Src/main.c:509:6:startRecv	16	static
../Core/Src/main.c:528:6:HAL_TIM_PeriodElapsedCallback	16	static
../Core/Src/main.c:545:6:Error_Handler	4	static,ignoring_inline_asm
