../Core/Src/main.c:107:5:main	8	static
../Core/Src/main.c:191:6:SystemClock_Config	88	static
../Core/Src/main.c:249:13:MX_ETH_Init	8	static
../Core/Src/main.c:298:13:MX_USART3_UART_Init	8	static
../Core/Src/main.c:333:13:MX_USB_OTG_FS_PCD_Init	8	static
../Core/Src/main.c:368:13:MX_GPIO_Init	56	static
../Core/Src/main.c:415:6:GreenTaskA	24	static
../Core/Src/main.c:435:6:BlueTaskB	24	static
../Core/Src/main.c:473:6:StartDefaultTask	16	static
../Core/Src/main.c:494:6:Error_Handler	4	static,ignoring_inline_asm
