../Core/Src/main.c:104:5:main	8	static
../Core/Src/main.c:188:6:SystemClock_Config	88	static
../Core/Src/main.c:246:13:MX_ETH_Init	8	static
../Core/Src/main.c:295:13:MX_USART3_UART_Init	8	static
../Core/Src/main.c:330:13:MX_USB_OTG_FS_PCD_Init	8	static
../Core/Src/main.c:365:13:MX_GPIO_Init	56	static
../Core/Src/main.c:412:6:GreenTaskA	24	static
../Core/Src/main.c:432:6:BlueTaskB	24	static
../Core/Src/main.c:470:6:StartDefaultTask	16	static
../Core/Src/main.c:491:6:Error_Handler	4	static,ignoring_inline_asm
