../Drivers/CMSIS/Include/core_cm7.h:1896:22:__NVIC_EnableIRQ	16	static
../Drivers/CMSIS/Include/core_cm7.h:2024:22:__NVIC_SetPriority	16	static
../Core/Src/main.c:130:5:main	8	static
../Core/Src/main.c:224:6:SystemClock_Config	88	static
../Core/Src/main.c:282:13:MX_ETH_Init	8	static
../Core/Src/main.c:331:13:MX_UART4_Init	8	static
../Core/Src/main.c:366:13:MX_USART2_UART_Init	8	static
../Core/Src/main.c:401:13:MX_USART3_UART_Init	8	static
../Core/Src/main.c:436:13:MX_USB_OTG_FS_PCD_Init	8	static
../Core/Src/main.c:471:13:MX_GPIO_Init	56	static
../Core/Src/main.c:522:6:startReceiveInt	8	static
../Core/Src/main.c:533:6:USART2_IRQHandler	16	static,ignoring_inline_asm
../Core/Src/main.c:584:6:StartDefaultTask	16	static
../Core/Src/main.c:604:6:uartPrintOutTask	24	static
../Core/Src/main.c:625:6:sendTimerEntry	16	static
../Core/Src/main.c:638:6:Error_Handler	4	static,ignoring_inline_asm
