../Core/Src/main.c:73:6:print_to_uart	16	static
../Core/Src/main.c:85:6:HAL_SPI_TxCpltCallback	16	static
../Core/Src/main.c:89:6:HAL_SPI_RxCpltCallback	16	static
../Core/Src/main.c:101:5:main	16	static
../Core/Src/main.c:174:6:SystemClock_Config	88	static
../Core/Src/main.c:216:13:MX_SPI2_Init	8	static
../Core/Src/main.c:256:13:MX_UART4_Init	8	static
../Core/Src/main.c:289:13:MX_DMA_Init	16	static
../Core/Src/main.c:313:13:MX_GPIO_Init	56	static
../Core/Src/main.c:435:6:Error_Handler	4	static,ignoring_inline_asm
