../Core/Src/main.c:109:5:main	8	static
../Core/Src/main.c:193:6:SystemClock_Config	88	static
../Core/Src/main.c:251:13:MX_ADC1_Init	24	static
../Core/Src/main.c:303:13:MX_ETH_Init	8	static
../Core/Src/main.c:352:13:MX_TIM3_Init	64	static
../Core/Src/main.c:411:13:MX_USART3_UART_Init	8	static
../Core/Src/main.c:446:13:MX_USB_OTG_FS_PCD_Init	8	static
../Core/Src/main.c:481:13:MX_GPIO_Init	56	static
../Core/Src/main.c:542:6:StartDefaultTask	24	static
../Core/Src/main.c:568:6:Error_Handler	4	static,ignoring_inline_asm
