../Drivers/CMSIS/Include/core_cm7.h:2464:22:SCB_InvalidateDCache_by_Addr	32	static,ignoring_inline_asm
../LWIP/Target/ethernetif.c:150:6:HAL_ETH_RxCpltCallback	16	static
../LWIP/Target/ethernetif.c:159:6:HAL_ETH_TxCpltCallback	16	static
../LWIP/Target/ethernetif.c:168:6:HAL_ETH_ErrorCallback	16	static
../LWIP/Target/ethernetif.c:190:13:low_level_init	64	static
../LWIP/Target/ethernetif.c:309:14:low_level_output	80	static
../LWIP/Target/ethernetif.c:364:22:low_level_input	24	static
../LWIP/Target/ethernetif.c:385:6:ethernetif_input	24	static
../LWIP/Target/ethernetif.c:442:7:ethernetif_init	16	static
../LWIP/Target/ethernetif.c:493:6:pbuf_free_custom	24	static
../LWIP/Target/ethernetif.c:516:7:sys_now	8	static
../LWIP/Target/ethernetif.c:531:6:ethernet_link_thread	16	static
../LWIP/Target/ethernetif.c:549:6:HAL_ETH_RxAllocateCallback	32	static
../LWIP/Target/ethernetif.c:571:6:HAL_ETH_RxLinkCallback	40	static
../LWIP/Target/ethernetif.c:611:6:HAL_ETH_TxFreeCallback	16	static
