C:/Users/bakra/Desktop/STM32F767ZI/SPI_FullDuplex_ComDMA/Drivers/BSP/STM32F7xx_Nucleo_144/stm32f7xx_nucleo_144.c:381:13:SPIx_Init	56	static
C:/Users/bakra/Desktop/STM32F767ZI/SPI_FullDuplex_ComDMA/Drivers/BSP/STM32F7xx_Nucleo_144/stm32f7xx_nucleo_144.c:438:13:SPIx_Write	32	static
C:/Users/bakra/Desktop/STM32F767ZI/SPI_FullDuplex_ComDMA/Drivers/BSP/STM32F7xx_Nucleo_144/stm32f7xx_nucleo_144.c:419:13:SPIx_WriteReadData	16	static
C:/Users/bakra/Desktop/STM32F767ZI/SPI_FullDuplex_ComDMA/Drivers/BSP/STM32F7xx_Nucleo_144/stm32f7xx_nucleo_144.c:169:10:BSP_GetVersion	0	static
C:/Users/bakra/Desktop/STM32F767ZI/SPI_FullDuplex_ComDMA/Drivers/BSP/STM32F7xx_Nucleo_144/stm32f7xx_nucleo_144.c:183:6:BSP_LED_Init	48	static
C:/Users/bakra/Desktop/STM32F767ZI/SPI_FullDuplex_ComDMA/Drivers/BSP/STM32F7xx_Nucleo_144/stm32f7xx_nucleo_144.c:210:6:BSP_LED_DeInit	16	static
C:/Users/bakra/Desktop/STM32F767ZI/SPI_FullDuplex_ComDMA/Drivers/BSP/STM32F7xx_Nucleo_144/stm32f7xx_nucleo_144.c:228:6:BSP_LED_On	0	static
C:/Users/bakra/Desktop/STM32F767ZI/SPI_FullDuplex_ComDMA/Drivers/BSP/STM32F7xx_Nucleo_144/stm32f7xx_nucleo_144.c:242:6:BSP_LED_Off	0	static
C:/Users/bakra/Desktop/STM32F767ZI/SPI_FullDuplex_ComDMA/Drivers/BSP/STM32F7xx_Nucleo_144/stm32f7xx_nucleo_144.c:256:6:BSP_LED_Toggle	0	static
C:/Users/bakra/Desktop/STM32F767ZI/SPI_FullDuplex_ComDMA/Drivers/BSP/STM32F7xx_Nucleo_144/stm32f7xx_nucleo_144.c:272:6:BSP_PB_Init	32	static
C:/Users/bakra/Desktop/STM32F767ZI/SPI_FullDuplex_ComDMA/Drivers/BSP/STM32F7xx_Nucleo_144/stm32f7xx_nucleo_144.c:310:6:BSP_PB_DeInit	8	static
C:/Users/bakra/Desktop/STM32F767ZI/SPI_FullDuplex_ComDMA/Drivers/BSP/STM32F7xx_Nucleo_144/stm32f7xx_nucleo_144.c:325:10:BSP_PB_GetState	8	static
C:/Users/bakra/Desktop/STM32F767ZI/SPI_FullDuplex_ComDMA/Drivers/BSP/STM32F7xx_Nucleo_144/stm32f7xx_nucleo_144.c:524:6:SD_IO_CSState	0	static
C:/Users/bakra/Desktop/STM32F767ZI/SPI_FullDuplex_ComDMA/Drivers/BSP/STM32F7xx_Nucleo_144/stm32f7xx_nucleo_144.c:543:6:SD_IO_WriteReadData	0	static
C:/Users/bakra/Desktop/STM32F767ZI/SPI_FullDuplex_ComDMA/Drivers/BSP/STM32F7xx_Nucleo_144/stm32f7xx_nucleo_144.c:554:9:SD_IO_WriteByte	24	static
C:/Users/bakra/Desktop/STM32F767ZI/SPI_FullDuplex_ComDMA/Drivers/BSP/STM32F7xx_Nucleo_144/stm32f7xx_nucleo_144.c:476:6:SD_IO_Init	56	static
C:/Users/bakra/Desktop/STM32F767ZI/SPI_FullDuplex_ComDMA/Drivers/BSP/STM32F7xx_Nucleo_144/stm32f7xx_nucleo_144.c:567:6:LCD_IO_Init	48	static
C:/Users/bakra/Desktop/STM32F767ZI/SPI_FullDuplex_ComDMA/Drivers/BSP/STM32F7xx_Nucleo_144/stm32f7xx_nucleo_144.c:598:6:LCD_IO_WriteReg	16	static
C:/Users/bakra/Desktop/STM32F767ZI/SPI_FullDuplex_ComDMA/Drivers/BSP/STM32F7xx_Nucleo_144/stm32f7xx_nucleo_144.c:619:6:LCD_IO_WriteData	16	static
C:/Users/bakra/Desktop/STM32F767ZI/SPI_FullDuplex_ComDMA/Drivers/BSP/STM32F7xx_Nucleo_144/stm32f7xx_nucleo_144.c:640:6:LCD_IO_WriteMultipleData	24	static
C:/Users/bakra/Desktop/STM32F767ZI/SPI_FullDuplex_ComDMA/Drivers/BSP/STM32F7xx_Nucleo_144/stm32f7xx_nucleo_144.c:696:6:LCD_Delay	0	static
