../../../Drivers/STM32F7xx_HAL_Driver/Inc/stm32f7xx_ll_bus.h:309:22:LL_AHB1_GRP1_EnableClock	8	static
../../../Drivers/STM32F7xx_HAL_Driver/Inc/stm32f7xx_ll_gpio.h:273:22:LL_GPIO_SetPinMode	12	static,ignoring_inline_asm
../../../Drivers/STM32F7xx_HAL_Driver/Inc/stm32f7xx_ll_gpio.h:556:22:LL_GPIO_SetAFPin_0_7.constprop	8	static,ignoring_inline_asm
../../../Drivers/STM32F7xx_HAL_Driver/Inc/stm32f7xx_ll_gpio.h:484:22:LL_GPIO_SetPinPull.constprop	8	static,ignoring_inline_asm
../../../Drivers/STM32F7xx_HAL_Driver/Inc/stm32f7xx_ll_gpio.h:413:22:LL_GPIO_SetPinSpeed.constprop	8	static,ignoring_inline_asm
C:/Users/bakra/Desktop/STM32F767ZI/SPI_TwoBoards_FullDuplex_DMA/Src/main.c:123:6:Configure_DMA	16	static
C:/Users/bakra/Desktop/STM32F767ZI/SPI_TwoBoards_FullDuplex_DMA/Src/main.c:182:6:Configure_SPI	16	static
C:/Users/bakra/Desktop/STM32F767ZI/SPI_TwoBoards_FullDuplex_DMA/Src/main.c:239:6:Activate_SPI	0	static
C:/Users/bakra/Desktop/STM32F767ZI/SPI_TwoBoards_FullDuplex_DMA/Src/main.c:254:6:LED_Init	8	static
C:/Users/bakra/Desktop/STM32F767ZI/SPI_TwoBoards_FullDuplex_DMA/Src/main.c:274:6:LED_On	0	static
C:/Users/bakra/Desktop/STM32F767ZI/SPI_TwoBoards_FullDuplex_DMA/Src/main.c:302:6:LED_Blinking	8	static
C:/Users/bakra/Desktop/STM32F767ZI/SPI_TwoBoards_FullDuplex_DMA/Src/main.c:397:9:Buffercmp8	8	static
C:/Users/bakra/Desktop/STM32F767ZI/SPI_TwoBoards_FullDuplex_DMA/Src/main.c:362:6:WaitAndCheckEndOfTransfer	8	static
C:/Users/bakra/Desktop/STM32F767ZI/SPI_TwoBoards_FullDuplex_DMA/Src/main.c:432:6:SystemClock_Config	8	static
C:/Users/bakra/Desktop/STM32F767ZI/SPI_TwoBoards_FullDuplex_DMA/Src/main.c:75:5:main	8	static,ignoring_inline_asm
C:/Users/bakra/Desktop/STM32F767ZI/SPI_TwoBoards_FullDuplex_DMA/Src/main.c:492:6:UserButton_Callback	0	static
C:/Users/bakra/Desktop/STM32F767ZI/SPI_TwoBoards_FullDuplex_DMA/Src/main.c:503:6:DMA2_ReceiveComplete_Callback	0	static
C:/Users/bakra/Desktop/STM32F767ZI/SPI_TwoBoards_FullDuplex_DMA/Src/main.c:514:6:DMA2_TransmitComplete_Callback	0	static
C:/Users/bakra/Desktop/STM32F767ZI/SPI_TwoBoards_FullDuplex_DMA/Src/main.c:525:6:SPI1_TransferError_Callback	8	static
