../Drivers/CMSIS/Include/core_cm7.h:1865:22:__NVIC_SetPriorityGrouping	24	static
../Drivers/CMSIS/Include/core_cm7.h:1896:22:__NVIC_EnableIRQ	16	static
../Drivers/CMSIS/Include/core_cm7.h:2024:22:__NVIC_SetPriority	16	static
../Core/Src/main.c:140:5:main	8	static
../Core/Src/main.c:238:6:SystemClock_Config	88	static
../Core/Src/main.c:296:13:MX_ETH_Init	8	static
../Core/Src/main.c:345:13:MX_UART4_Init	8	static
../Core/Src/main.c:380:13:MX_USART2_UART_Init	8	static
../Core/Src/main.c:415:13:MX_USART3_UART_Init	8	static
../Core/Src/main.c:450:13:MX_USB_OTG_FS_PCD_Init	8	static
../Core/Src/main.c:483:13:MX_DMA_Init	16	static
../Core/Src/main.c:518:13:MX_GPIO_Init	56	static
../Core/Src/main.c:570:9:startReceiveDMA	16	static
../Core/Src/main.c:606:6:stopReceiveDMA	8	static
../Core/Src/main.c:611:6:uartPrintOutTask	40	static
../Core/Src/main.c:642:6:DMA1_Stream5_IRQHandler	16	static,ignoring_inline_asm
../Core/Src/main.c:686:6:StartDefaultTask	16	static
../Core/Src/main.c:707:6:uartPrintTaskEntry	16	static
../Core/Src/main.c:719:6:startUart4TrafficEntry	16	static
../Core/Src/main.c:728:6:uart4SendEntry	16	static
../Core/Src/main.c:746:6:HAL_TIM_PeriodElapsedCallback	16	static
../Core/Src/main.c:763:6:Error_Handler	4	static,ignoring_inline_asm
