../Drivers/CMSIS/Include/core_cm7.h:1896:22:__NVIC_EnableIRQ	16	static
../Drivers/CMSIS/Include/core_cm7.h:2024:22:__NVIC_SetPriority	16	static
../Core/Src/main.c:138:5:main	8	static
../Core/Src/main.c:227:6:SystemClock_Config	88	static
../Core/Src/main.c:285:13:MX_ETH_Init	8	static
../Core/Src/main.c:334:13:MX_UART4_Init	8	static
../Core/Src/main.c:369:13:MX_USART2_UART_Init	8	static
../Core/Src/main.c:404:13:MX_USART3_UART_Init	8	static
../Core/Src/main.c:439:13:MX_USB_OTG_FS_PCD_Init	8	static
../Core/Src/main.c:474:13:MX_GPIO_Init	56	static
../Core/Src/main.c:525:6:setupUSART2DMA	16	static
../Core/Src/main.c:565:6:StartDefaultTask	16	static
../Core/Src/main.c:583:6:uartPrintOutEntry	16	static
../Core/Src/main.c:595:6:sendTimerEntry	16	static
../Core/Src/main.c:606:6:Error_Handler	4	static,ignoring_inline_asm
