../Drivers/CMSIS/Include/core_cm7.h:1896:22:__NVIC_EnableIRQ	16	static
../Drivers/CMSIS/Include/core_cm7.h:2024:22:__NVIC_SetPriority	16	static
../Core/Src/main.c:144:5:main	8	static
../Core/Src/main.c:237:6:SystemClock_Config	88	static
../Core/Src/main.c:295:13:MX_ETH_Init	8	static
../Core/Src/main.c:344:13:MX_UART4_Init	8	static
../Core/Src/main.c:379:13:MX_USART2_UART_Init	8	static
../Core/Src/main.c:414:13:MX_USART3_UART_Init	8	static
../Core/Src/main.c:449:13:MX_USB_OTG_FS_PCD_Init	8	static
../Core/Src/main.c:484:13:MX_GPIO_Init	56	static
../Core/Src/main.c:535:6:setupUSART2DMA	16	static
../Core/Src/main.c:575:6:StartDefaultTask	16	static
../Core/Src/main.c:593:6:uartPrintOutEntry	16	static
../Core/Src/main.c:605:6:sendTimerEntry	16	static
../Core/Src/main.c:613:6:startUart4TrafficEntry	16	static
../Core/Src/main.c:624:6:Error_Handler	4	static,ignoring_inline_asm
