../Drivers/CMSIS/Include/core_cm7.h:1896:22:__NVIC_EnableIRQ	16	static
../Drivers/CMSIS/Include/core_cm7.h:2024:22:__NVIC_SetPriority	16	static
../Core/Src/main.c:145:5:main	8	static
../Core/Src/main.c:246:6:SystemClock_Config	88	static
../Core/Src/main.c:304:13:MX_ETH_Init	8	static
../Core/Src/main.c:353:13:MX_UART4_Init	8	static
../Core/Src/main.c:388:13:MX_USART2_UART_Init	8	static
../Core/Src/main.c:423:13:MX_USART3_UART_Init	8	static
../Core/Src/main.c:458:13:MX_USB_OTG_FS_PCD_Init	8	static
../Core/Src/main.c:493:13:MX_GPIO_Init	56	static
../Core/Src/main.c:544:6:setupUSART2DMA	16	static
../Core/Src/main.c:578:6:DMA1_Stream5_IRQHandler	16	static,ignoring_inline_asm
../Core/Src/main.c:597:9:startReceiveDMA	16	static
../Core/Src/main.c:633:6:stopReceiveDMA	8	static
../Core/Src/main.c:648:6:StartDefaultTask	16	static
../Core/Src/main.c:668:6:uartPrintOutEntry	40	static
../Core/Src/main.c:701:6:sendTimerEntry	16	static
../Core/Src/main.c:712:6:startUart4TrafficEntry	16	static
../Core/Src/main.c:723:6:Error_Handler	4	static,ignoring_inline_asm
