../Core/Src/main.c:116:5:main	8	static
../Core/Src/main.c:203:6:SystemClock_Config	88	static
../Core/Src/main.c:261:13:MX_ETH_Init	8	static
../Core/Src/main.c:310:13:MX_USART3_UART_Init	8	static
../Core/Src/main.c:345:13:MX_USB_OTG_FS_PCD_Init	8	static
../Core/Src/main.c:380:13:MX_GPIO_Init	56	static
../Core/Src/main.c:457:6:StartDefaultTask	16	static
../Core/Src/main.c:475:6:uartPrintOutEntry	16	static
../Core/Src/main.c:487:6:sendTimerEntry	16	static
../Core/Src/main.c:498:6:Error_Handler	4	static,ignoring_inline_asm
