../Drivers/CMSIS/Include/core_cm7.h:1865:22:__NVIC_SetPriorityGrouping	24	static
../Drivers/CMSIS/Include/core_cm7.h:1896:22:__NVIC_EnableIRQ	16	static
../Drivers/CMSIS/Include/core_cm7.h:2024:22:__NVIC_SetPriority	16	static
../Core/Src/main.c:145:5:main	8	static
../Core/Src/main.c:247:6:SystemClock_Config	88	static
../Core/Src/main.c:305:13:MX_ETH_Init	8	static
../Core/Src/main.c:354:13:MX_UART4_Init	8	static
../Core/Src/main.c:389:13:MX_USART2_UART_Init	16	static
../Core/Src/main.c:449:13:MX_USART3_UART_Init	8	static
../Core/Src/main.c:484:13:MX_USB_OTG_FS_PCD_Init	8	static
../Core/Src/main.c:519:13:MX_GPIO_Init	56	static
../Core/Src/main.c:570:6:setupUSART2DMA	16	static
../Core/Src/main.c:605:6:DMA1_Stream5_IRQHandler	16	static,ignoring_inline_asm
../Core/Src/main.c:625:9:startReceiveDMA	16	static
../Core/Src/main.c:662:6:stopReceiveDMA	8	static
../Core/Src/main.c:677:6:StartDefaultTask	16	static
../Core/Src/main.c:697:6:uartPrintOutEntry	40	static
../Core/Src/main.c:730:6:sendTimerEntry	16	static
../Core/Src/main.c:741:6:startUart4TrafficEntry	16	static
../Core/Src/main.c:752:6:Error_Handler	4	static,ignoring_inline_asm
