../Core/Src/main.c:137:5:main	8	static
../Core/Src/main.c:238:6:SystemClock_Config	88	static
../Core/Src/main.c:296:13:MX_ETH_Init	8	static
../Core/Src/main.c:345:13:MX_UART4_Init	8	static
../Core/Src/main.c:380:13:MX_USART2_UART_Init	8	static
../Core/Src/main.c:415:13:MX_USART3_UART_Init	8	static
../Core/Src/main.c:450:13:MX_USB_OTG_FS_PCD_Init	8	static
../Core/Src/main.c:485:13:MX_GPIO_Init	56	static
../Core/Src/main.c:546:6:StartDefaultTask	16	static
../Core/Src/main.c:564:6:uartReveiverEntry	24	static
../Core/Src/main.c:589:6:uartPrinterEntry	24	static
../Core/Src/main.c:605:6:sendTimerEntry	16	static
../Core/Src/main.c:618:6:Error_Handler	4	static,ignoring_inline_asm
