C:/Users/bakra/Desktop/STM32F767ZI/SPI_FullDuplex_ComDMA/Src/main.c:272:13:Error_Handler	8	static
C:/Users/bakra/Desktop/STM32F767ZI/SPI_FullDuplex_ComDMA/Src/main.c:199:6:SystemClock_Config	88	static
C:/Users/bakra/Desktop/STM32F767ZI/SPI_FullDuplex_ComDMA/Src/main.c:72:5:main	24	static,ignoring_inline_asm
C:/Users/bakra/Desktop/STM32F767ZI/SPI_FullDuplex_ComDMA/Src/main.c:246:6:HAL_SPI_TxRxCpltCallback	8	static
C:/Users/bakra/Desktop/STM32F767ZI/SPI_FullDuplex_ComDMA/Src/main.c:262:6:HAL_SPI_ErrorCallback	0	static
