../Core/Src/main.c:121:5:main	8	static
../Core/Src/main.c:214:6:SystemClock_Config	88	static
../Core/Src/main.c:272:13:MX_ETH_Init	8	static
../Core/Src/main.c:321:13:MX_USART3_UART_Init	8	static
../Core/Src/main.c:356:13:MX_USB_OTG_FS_PCD_Init	8	static
../Core/Src/main.c:391:13:MX_GPIO_Init	56	static
../Core/Src/main.c:448:6:StartBlink01	16	static
../Core/Src/main.c:474:6:StartBlink02	24	static
../Core/Src/main.c:494:6:Callback01	16	static
../Core/Src/main.c:523:6:HAL_TIM_PeriodElapsedCallback	16	static
../Core/Src/main.c:540:6:Error_Handler	4	static,ignoring_inline_asm
