Archive member included to satisfy reference by file (symbol)

C:/ST/STM32CubeIDE_1.11.2/STM32CubeIDE/plugins/com.st.stm32cube.ide.mcu.externaltools.gnu-tools-for-stm32.11.3.rel1.win32_1.1.0.202305231506/tools/bin/../lib/gcc/arm-none-eabi/11.3.1/../../../../arm-none-eabi/lib/thumb/v7e-m+dp/hard\libc_nano.a(libc_a-exit.o)
                              C:/ST/STM32CubeIDE_1.11.2/STM32CubeIDE/plugins/com.st.stm32cube.ide.mcu.externaltools.gnu-tools-for-stm32.11.3.rel1.win32_1.1.0.202305231506/tools/bin/../lib/gcc/arm-none-eabi/11.3.1/../../../../arm-none-eabi/lib/thumb/v7e-m+dp/hard/crt0.o (exit)
C:/ST/STM32CubeIDE_1.11.2/STM32CubeIDE/plugins/com.st.stm32cube.ide.mcu.externaltools.gnu-tools-for-stm32.11.3.rel1.win32_1.1.0.202305231506/tools/bin/../lib/gcc/arm-none-eabi/11.3.1/../../../../arm-none-eabi/lib/thumb/v7e-m+dp/hard\libc_nano.a(libc_a-malloc.o)
                              ./Middlewares/ST/STM32_USB_Device_Library/Class/CDC/Src/usbd_cdc.o (malloc)
C:/ST/STM32CubeIDE_1.11.2/STM32CubeIDE/plugins/com.st.stm32cube.ide.mcu.externaltools.gnu-tools-for-stm32.11.3.rel1.win32_1.1.0.202305231506/tools/bin/../lib/gcc/arm-none-eabi/11.3.1/../../../../arm-none-eabi/lib/thumb/v7e-m+dp/hard\libc_nano.a(libc_a-mallocr.o)
                              C:/ST/STM32CubeIDE_1.11.2/STM32CubeIDE/plugins/com.st.stm32cube.ide.mcu.externaltools.gnu-tools-for-stm32.11.3.rel1.win32_1.1.0.202305231506/tools/bin/../lib/gcc/arm-none-eabi/11.3.1/../../../../arm-none-eabi/lib/thumb/v7e-m+dp/hard\libc_nano.a(libc_a-malloc.o) (_malloc_r)
C:/ST/STM32CubeIDE_1.11.2/STM32CubeIDE/plugins/com.st.stm32cube.ide.mcu.externaltools.gnu-tools-for-stm32.11.3.rel1.win32_1.1.0.202305231506/tools/bin/../lib/gcc/arm-none-eabi/11.3.1/../../../../arm-none-eabi/lib/thumb/v7e-m+dp/hard\libc_nano.a(libc_a-mlock.o)
                              C:/ST/STM32CubeIDE_1.11.2/STM32CubeIDE/plugins/com.st.stm32cube.ide.mcu.externaltools.gnu-tools-for-stm32.11.3.rel1.win32_1.1.0.202305231506/tools/bin/../lib/gcc/arm-none-eabi/11.3.1/../../../../arm-none-eabi/lib/thumb/v7e-m+dp/hard\libc_nano.a(libc_a-mallocr.o) (__malloc_lock)
C:/ST/STM32CubeIDE_1.11.2/STM32CubeIDE/plugins/com.st.stm32cube.ide.mcu.externaltools.gnu-tools-for-stm32.11.3.rel1.win32_1.1.0.202305231506/tools/bin/../lib/gcc/arm-none-eabi/11.3.1/../../../../arm-none-eabi/lib/thumb/v7e-m+dp/hard\libc_nano.a(libc_a-findfp.o)
                              ./Middlewares/Third_Party/FreeRTOS/Source/tasks.o (__sf)
C:/ST/STM32CubeIDE_1.11.2/STM32CubeIDE/plugins/com.st.stm32cube.ide.mcu.externaltools.gnu-tools-for-stm32.11.3.rel1.win32_1.1.0.202305231506/tools/bin/../lib/gcc/arm-none-eabi/11.3.1/../../../../arm-none-eabi/lib/thumb/v7e-m+dp/hard\libc_nano.a(libc_a-fwalk.o)
                              C:/ST/STM32CubeIDE_1.11.2/STM32CubeIDE/plugins/com.st.stm32cube.ide.mcu.externaltools.gnu-tools-for-stm32.11.3.rel1.win32_1.1.0.202305231506/tools/bin/../lib/gcc/arm-none-eabi/11.3.1/../../../../arm-none-eabi/lib/thumb/v7e-m+dp/hard\libc_nano.a(libc_a-findfp.o) (_fwalk_sglue)
C:/ST/STM32CubeIDE_1.11.2/STM32CubeIDE/plugins/com.st.stm32cube.ide.mcu.externaltools.gnu-tools-for-stm32.11.3.rel1.win32_1.1.0.202305231506/tools/bin/../lib/gcc/arm-none-eabi/11.3.1/../../../../arm-none-eabi/lib/thumb/v7e-m+dp/hard\libc_nano.a(libc_a-stdio.o)
                              C:/ST/STM32CubeIDE_1.11.2/STM32CubeIDE/plugins/com.st.stm32cube.ide.mcu.externaltools.gnu-tools-for-stm32.11.3.rel1.win32_1.1.0.202305231506/tools/bin/../lib/gcc/arm-none-eabi/11.3.1/../../../../arm-none-eabi/lib/thumb/v7e-m+dp/hard\libc_nano.a(libc_a-findfp.o) (__sread)
C:/ST/STM32CubeIDE_1.11.2/STM32CubeIDE/plugins/com.st.stm32cube.ide.mcu.externaltools.gnu-tools-for-stm32.11.3.rel1.win32_1.1.0.202305231506/tools/bin/../lib/gcc/arm-none-eabi/11.3.1/../../../../arm-none-eabi/lib/thumb/v7e-m+dp/hard\libc_nano.a(libc_a-memcmp.o)
                              ./Core/Inc/SEGGER_SYSVIEW_FreeRTOS.o (memcmp)
C:/ST/STM32CubeIDE_1.11.2/STM32CubeIDE/plugins/com.st.stm32cube.ide.mcu.externaltools.gnu-tools-for-stm32.11.3.rel1.win32_1.1.0.202305231506/tools/bin/../lib/gcc/arm-none-eabi/11.3.1/../../../../arm-none-eabi/lib/thumb/v7e-m+dp/hard\libc_nano.a(libc_a-memset.o)
                              C:/ST/STM32CubeIDE_1.11.2/STM32CubeIDE/plugins/com.st.stm32cube.ide.mcu.externaltools.gnu-tools-for-stm32.11.3.rel1.win32_1.1.0.202305231506/tools/bin/../lib/gcc/arm-none-eabi/11.3.1/../../../../arm-none-eabi/lib/thumb/v7e-m+dp/hard/crt0.o (memset)
C:/ST/STM32CubeIDE_1.11.2/STM32CubeIDE/plugins/com.st.stm32cube.ide.mcu.externaltools.gnu-tools-for-stm32.11.3.rel1.win32_1.1.0.202305231506/tools/bin/../lib/gcc/arm-none-eabi/11.3.1/../../../../arm-none-eabi/lib/thumb/v7e-m+dp/hard\libc_nano.a(libc_a-closer.o)
[...]
Memory Configuration

Name             Origin             Length             Attributes
RAM              0x0000000020000000 0x0000000000080000 xrw
FLASH            0x0000000008000000 0x0000000000200000 xr
*default*        0x0000000000000000 0xffffffffffffffff

Linker script and memory map

LOAD C:/ST/STM32CubeIDE_1.11.2/STM32CubeIDE/plugins/com.st.stm32cube.ide.mcu.externaltools.gnu-tools-for-stm32.11.3.rel1.win32_1.1.0.202305231506/tools/bin/../lib/gcc/arm-none-eabi/11.3.1/thumb/v7e-m+dp/hard/crti.o
LOAD C:/ST/STM32CubeIDE_1.11.2/STM32CubeIDE/plugins/com.st.stm32cube.ide.mcu.externaltools.gnu-tools-for-stm32.11.3.rel1.win32_1.1.0.202305231506/tools/bin/../lib/gcc/arm-none-eabi/11.3.1/thumb/v7e-m+dp/hard/crtbegin.o
LOAD C:/ST/STM32CubeIDE_1.11.2/STM32CubeIDE/plugins/com.st.stm32cube.ide.mcu.externaltools.gnu-tools-for-stm32.11.3.rel1.win32_1.1.0.202305231506/tools/bin/../lib/gcc/arm-none-eabi/11.3.1/../../../../arm-none-eabi/lib/thumb/v7e-m+dp/hard/crt0.o
LOAD ./Core/Inc/SEGGER_RTT.o
LOAD ./Core/Inc/SEGGER_RTT_ASM_ARMv7M.o
LOAD ./Core/Inc/SEGGER_RTT_Syscalls_GCC.o
LOAD ./Core/Inc/SEGGER_RTT_Syscalls_IAR.o
LOAD ./Core/Inc/SEGGER_RTT_Syscalls_KEIL.o
LOAD ./Core/Inc/SEGGER_RTT_Syscalls_SES.o
LOAD ./Core/Inc/SEGGER_RTT_printf.o
LOAD ./Core/Inc/SEGGER_SYSVIEW.o
LOAD ./Core/Inc/SEGGER_SYSVIEW_Config_FreeRTOS.o
LOAD ./Core/Inc/SEGGER_SYSVIEW_FreeRTOS.o
LOAD ./Core/Src/CRC32.o
LOAD ./Core/Src/freertos.o
LOAD ./Core/Src/led_controls.o
LOAD ./Core/Src/main.o
LOAD ./Core/Src/stm32f7xx_hal_msp.o
LOAD ./Core/Src/stm32f7xx_hal_timebase_tim.o
LOAD ./Core/Src/stm32f7xx_it.o
LOAD ./Core/Src/syscalls.o
LOAD ./Core/Src/sysmem.o
LOAD ./Core/Src/system_stm32f7xx.o
LOAD ./Core/Startup/startup_stm32f767zitx.o
LOAD ./Drivers/STM32F7xx_HAL_Driver/Src/stm32f7xx_hal.o
LOAD ./Drivers/STM32F7xx_HAL_Driver/Src/stm32f7xx_hal_cortex.o
LOAD ./Drivers/STM32F7xx_HAL_Driver/Src/stm32f7xx_hal_dma.o
LOAD ./Drivers/STM32F7xx_HAL_Driver/Src/stm32f7xx_hal_dma_ex.o
LOAD ./Drivers/STM32F7xx_HAL_Driver/Src/stm32f7xx_hal_eth.o
LOAD ./Drivers/STM32F7xx_HAL_Driver/Src/stm32f7xx_hal_exti.o
LOAD ./Drivers/STM32F7xx_HAL_Driver/Src/stm32f7xx_hal_flash.o
LOAD ./Drivers/STM32F7xx_HAL_Driver/Src/stm32f7xx_hal_flash_ex.o
LOAD ./Drivers/STM32F7xx_HAL_Driver/Src/stm32f7xx_hal_gpio.o
LOAD ./Drivers/STM32F7xx_HAL_Driver/Src/stm32f7xx_hal_i2c.o
LOAD ./Drivers/STM32F7xx_HAL_Driver/Src/stm32f7xx_hal_i2c_ex.o
LOAD ./Drivers/STM32F7xx_HAL_Driver/Src/stm32f7xx_hal_pcd.o
LOAD ./Drivers/STM32F7xx_HAL_Driver/Src/stm32f7xx_hal_pcd_ex.o
LOAD ./Drivers/STM32F7xx_HAL_Driver/Src/stm32f7xx_hal_pwr.o
LOAD ./Drivers/STM32F7xx_HAL_Driver/Src/stm32f7xx_hal_pwr_ex.o
LOAD ./Drivers/STM32F7xx_HAL_Driver/Src/stm32f7xx_hal_rcc.o
LOAD ./Drivers/STM32F7xx_HAL_Driver/Src/stm32f7xx_hal_rcc_ex.o
LOAD ./Drivers/STM32F7xx_HAL_Driver/Src/stm32f7xx_hal_tim.o
LOAD ./Drivers/STM32F7xx_HAL_Driver/Src/stm32f7xx_hal_tim_ex.o
LOAD ./Drivers/STM32F7xx_HAL_Driver/Src/stm32f7xx_hal_uart.o
LOAD ./Drivers/STM32F7xx_HAL_Driver/Src/stm32f7xx_hal_uart_ex.o
LOAD ./Drivers/STM32F7xx_HAL_Driver/Src/stm32f7xx_ll_usb.o
LOAD ./Middlewares/ST/STM32_USB_Device_Library/Class/CDC/Src/usbd_cdc.o
LOAD ./Middlewares/ST/STM32_USB_Device_Library/Core/Src/usbd_core.o
LOAD ./Middlewares/ST/STM32_USB_Device_Library/Core/Src/usbd_ctlreq.o
LOAD ./Middlewares/ST/STM32_USB_Device_Library/Core/Src/usbd_ioreq.o
LOAD ./Middlewares/Third_Party/FreeRTOS/Source/CMSIS_RTOS_V2/cmsis_os2.o
LOAD ./Middlewares/Third_Party/FreeRTOS/Source/croutine.o
LOAD ./Middlewares/Third_Party/FreeRTOS/Source/event_groups.o
LOAD ./Middlewares/Third_Party/FreeRTOS/Source/list.o
LOAD ./Middlewares/Third_Party/FreeRTOS/Source/queue.o
LOAD ./Middlewares/Third_Party/FreeRTOS/Source/stream_buffer.o
LOAD ./Middlewares/Third_Party/FreeRTOS/Source/tasks.o
LOAD ./Middlewares/Third_Party/FreeRTOS/Source/timers.o
LOAD ./Middlewares/Third_Party/FreeRTOS/Source/portable/GCC/ARM_CM7/r0p1/port.o
LOAD ./Middlewares/Third_Party/FreeRTOS/Source/portable/MemMang/heap_4.o
LOAD ./USB_DEVICE/App/usb_device.o
LOAD ./USB_DEVICE/App/usbd_cdc_if.o
LOAD ./USB_DEVICE/App/usbd_desc.o
LOAD ./USB_DEVICE/Target/usbd_conf.o
START GROUP
LOAD C:/ST/STM32CubeIDE_1.11.2/STM32CubeIDE/plugins/com.st.stm32cube.ide.mcu.externaltools.gnu-tools-for-stm32.11.3.rel1.win32_1.1.0.202305231506/tools/bin/../lib/gcc/arm-none-eabi/11.3.1/../../../../arm-none-eabi/lib/thumb/v7e-m+dp/hard\libc_nano.a
LOAD C:/ST/STM32CubeIDE_1.11.2/STM32CubeIDE/plugins/com.st.stm32cube.ide.mcu.externaltools.gnu-tools-for-stm32.11.3.rel1.win32_1.1.0.202305231506/tools/bin/../lib/gcc/arm-none-eabi/11.3.1/../../../../arm-none-eabi/lib/thumb/v7e-m+dp/hard\libm.a
END GROUP
START GROUP
LOAD C:/ST/STM32CubeIDE_1.11.2/STM32CubeIDE/plugins/com.st.stm32cube.ide.mcu.externaltools.gnu-tools-for-stm32.11.3.rel1.win32_1.1.0.202305231506/tools/bin/../lib/gcc/arm-none-eabi/11.3.1/thumb/v7e-m+dp/hard\libgcc.a
LOAD C:/ST/STM32CubeIDE_1.11.2/STM32CubeIDE/plugins/com.st.stm32cube.ide.mcu.externaltools.gnu-tools-for-stm32.11.3.rel1.win32_1.1.0.202305231506/tools/bin/../lib/gcc/arm-none-eabi/11.3.1/../../../../arm-none-eabi/lib/thumb/v7e-m+dp/hard\libc_nano.a
END GROUP
START GROUP
LOAD C:/ST/STM32CubeIDE_1.11.2/STM32CubeIDE/plugins/com.st.stm32cube.ide.mcu.externaltools.gnu-tools-for-stm32.11.3.rel1.win32_1.1.0.202305231506/tools/bin/../lib/gcc/arm-none-eabi/11.3.1/thumb/v7e-m+dp/hard\libgcc.a
LOAD C:/ST/STM32CubeIDE_1.11.2/STM32CubeIDE/plugins/com.st.stm32cube.ide.mcu.externaltools.gnu-tools-for-stm32.11.3.rel1.win32_1.1.0.202305231506/tools/bin/../lib/gcc/arm-none-eabi/11.3.1/../../../../arm-none-eabi/lib/thumb/v7e-m+dp/hard\libc_nano.a
LOAD C:/ST/STM32CubeIDE_1.11.2/STM32CubeIDE/plugins/com.st.stm32cube.ide.mcu.externaltools.gnu-tools-for-stm32.11.3.rel1.win32_1.1.0.202305231506/tools/bin/../lib/gcc/arm-none-eabi/11.3.1/../../../../arm-none-eabi/lib/thumb/v7e-m+dp/hard\libnosys.a
END GROUP
START GROUP
LOAD C:/ST/STM32CubeIDE_1.11.2/STM32CubeIDE/plugins/com.st.stm32cube.ide.mcu.externaltools.gnu-tools-for-stm32.11.3.rel1.win32_1.1.0.202305231506/tools/bin/../lib/gcc/arm-none-eabi/11.3.1/thumb/v7e-m+dp/hard\libgcc.a
LOAD C:/ST/STM32CubeIDE_1.11.2/STM32CubeIDE/plugins/com.st.stm32cube.ide.mcu.externaltools.gnu-tools-for-stm32.11.3.rel1.win32_1.1.0.202305231506/tools/bin/../lib/gcc/arm-none-eabi/11.3.1/../../../../arm-none-eabi/lib/thumb/v7e-m+dp/hard\libc_nano.a
LOAD C:/ST/STM32CubeIDE_1.11.2/STM32CubeIDE/plugins/com.st.stm32cube.ide.mcu.externaltools.gnu-tools-for-stm32.11.3.rel1.win32_1.1.0.202305231506/tools/bin/../lib/gcc/arm-none-eabi/11.3.1/../../../../arm-none-eabi/lib/thumb/v7e-m+dp/hard\libnosys.a
END GROUP
LOAD C:/ST/STM32CubeIDE_1.11.2/STM32CubeIDE/plugins/com.st.stm32cube.ide.mcu.externaltools.gnu-tools-for-stm32.11.3.rel1.win32_1.1.0.202305231506/tools/bin/../lib/gcc/arm-none-eabi/11.3.1/thumb/v7e-m+dp/hard/crtend.o
LOAD C:/ST/STM32CubeIDE_1.11.2/STM32CubeIDE/plugins/com.st.stm32cube.ide.mcu.externaltools.gnu-tools-for-stm32.11.3.rel1.win32_1.1.0.202305231506/tools/bin/../lib/gcc/arm-none-eabi/11.3.1/thumb/v7e-m+dp/hard/crtn.o
                0x0000000020080000                _estack = (ORIGIN (RAM) + LENGTH (RAM))
                0x0000000000000200                _Min_Heap_Size = 0x200
                0x0000000000000400                _Min_Stack_Size = 0x400

.isr_vector     0x0000000008000000      0x1f8
                0x0000000008000000                . = ALIGN (0x4)
 *(.isr_vector)
 .isr_vector    0x0000000008000000      0x1f8 ./Core/Startup/startup_stm32f767zitx.o
                0x0000000008000000                g_pfnVectors
                0x00000000080001f8                . = ALIGN (0x4)

.text           0x0000000008000200     0xec04
                0x0000000008000200                . = ALIGN (0x4)
 *(.text)
 .text          0x0000000008000200       0x40 C:/ST/STM32CubeIDE_1.11.2/STM32CubeIDE/plugins/com.st.stm32cube.ide.mcu.externaltools.gnu-tools-for-stm32.11.3.rel1.win32_1.1.0.202305231506/tools/bin/../lib/gcc/arm-none-eabi/11.3.1/thumb/v7e-m+dp/hard/crtbegin.o
 .text          0x0000000008000240       0x94 ./Core/Inc/SEGGER_RTT_ASM_ARMv7M.o
                0x0000000008000240                SEGGER_RTT_ASM_WriteSkipNoLock
 .text          0x00000000080002d4       0x30 C:/ST/STM32CubeIDE_1.11.2/STM32CubeIDE/plugins/com.st.stm32cube.ide.mcu.externaltools.gnu-tools-for-stm32.11.3.rel1.win32_1.1.0.202305231506/tools/bin/../lib/gcc/arm-none-eabi/11.3.1/thumb/v7e-m+dp/hard\libgcc.a(_aeabi_uldivmod.o)
                0x00000000080002d4                __aeabi_uldivmod
 .text          0x0000000008000304      0x2c8 C:/ST/STM32CubeIDE_1.11.2/STM32CubeIDE/plugins/com.st.stm32cube.ide.mcu.externaltools.gnu-tools-for-stm32.11.3.rel1.win32_1.1.0.202305231506/tools/bin/../lib/gcc/arm-none-eabi/11.3.1/thumb/v7e-m+dp/hard\libgcc.a(_udivmoddi4.o)
                0x0000000008000304                __udivmoddi4
 .text          0x00000000080005cc        0x4 C:/ST/STM32CubeIDE_1.11.2/STM32CubeIDE/plugins/com.st.stm32cube.ide.mcu.externaltools.gnu-tools-for-stm32.11.3.rel1.win32_1.1.0.202305231506/tools/bin/../lib/gcc/arm-none-eabi/11.3.1/thumb/v7e-m+dp/hard\libgcc.a(_dvmd_tls.o)
                0x00000000080005cc                __aeabi_idiv0
                0x00000000080005cc                __aeabi_ldiv0
 *(.text*)
 .text._DoInit  0x00000000080005d0       0xb4 ./Core/Inc/SEGGER_RTT.o
 .text.SEGGER_RTT_ReadNoLock
                0x0000000008000684      0x10c ./Core/Inc/SEGGER_RTT.o
                0x0000000008000684                SEGGER_RTT_ReadNoLock
 .text.SEGGER_RTT_AllocUpBuffer
                0x0000000008000790      0x108 ./Core/Inc/SEGGER_RTT.o
                0x0000000008000790                SEGGER_RTT_AllocUpBuffer
 .text.SEGGER_RTT_ConfigDownBuffer
                0x0000000008000898       0x98 ./Core/Inc/SEGGER_RTT.o
                0x0000000008000898                SEGGER_RTT_ConfigDownBuffer
 .text._EncodeStr
                0x0000000008000930       0x60 ./Core/Inc/SEGGER_SYSVIEW.o
 .text._PreparePacket
                0x0000000008000990       0x18 ./Core/Inc/SEGGER_SYSVIEW.o
 .text._HandleIncomingPacket
                0x00000000080009a8       0xdc ./Core/Inc/SEGGER_SYSVIEW.o
 .text._TrySendOverflowPacket
                0x0000000008000a84       0xe4 ./Core/Inc/SEGGER_SYSVIEW.o
 .text._SendPacket
                0x0000000008000b68      0x2dc ./Core/Inc/SEGGER_SYSVIEW.o
 .text._VPrintHost
                0x0000000008000e44      0x17c ./Core/Inc/SEGGER_SYSVIEW.o
 .text.SEGGER_SYSVIEW_Init
                0x0000000008000fc0       0x88 ./Core/Inc/SEGGER_SYSVIEW.o
                0x0000000008000fc0                SEGGER_SYSVIEW_Init
 .text.SEGGER_SYSVIEW_SetRAMBase
                0x0000000008001048       0x20 ./Core/Inc/SEGGER_SYSVIEW.o
                0x0000000008001048                SEGGER_SYSVIEW_SetRAMBase
 .text.SEGGER_SYSVIEW_RecordVoid
                0x0000000008001068       0x3c ./Core/Inc/SEGGER_SYSVIEW.o
                0x0000000008001068                SEGGER_SYSVIEW_RecordVoid
 .text.SEGGER_SYSVIEW_RecordU32
                0x00000000080010a4       0x78 ./Core/Inc/SEGGER_SYSVIEW.o
                0x00000000080010a4                SEGGER_SYSVIEW_RecordU32
 .text.SEGGER_SYSVIEW_RecordU32x2
                0x000000000800111c       0xb4 ./Core/Inc/SEGGER_SYSVIEW.o
                0x000000000800111c                SEGGER_SYSVIEW_RecordU32x2
 .text.SEGGER_SYSVIEW_Start
                0x00000000080011d0      0x174 ./Core/Inc/SEGGER_SYSVIEW.o
                0x00000000080011d0                SEGGER_SYSVIEW_Start
 .text.SEGGER_SYSVIEW_Stop
                0x0000000008001344       0x4c ./Core/Inc/SEGGER_SYSVIEW.o
                0x0000000008001344                SEGGER_SYSVIEW_Stop
 .text.SEGGER_SYSVIEW_GetSysDesc
                0x0000000008001390      0x134 ./Core/Inc/SEGGER_SYSVIEW.o
                0x0000000008001390                SEGGER_SYSVIEW_GetSysDesc
 .text.SEGGER_SYSVIEW_SendTaskInfo
                0x00000000080014c4      0x1c8 ./Core/Inc/SEGGER_SYSVIEW.o
                0x00000000080014c4                SEGGER_SYSVIEW_SendTaskInfo
 .text.SEGGER_SYSVIEW_SendTaskList
                0x000000000800168c       0x28 ./Core/Inc/SEGGER_SYSVIEW.o
                0x000000000800168c                SEGGER_SYSVIEW_SendTaskList
 .text.SEGGER_SYSVIEW_SendSysDesc
                0x00000000080016b4       0x48 ./Core/Inc/SEGGER_SYSVIEW.o
                0x00000000080016b4                SEGGER_SYSVIEW_SendSysDesc
 .text.SEGGER_SYSVIEW_RecordSystime
                0x00000000080016fc       0x64 ./Core/Inc/SEGGER_SYSVIEW.o
                0x00000000080016fc                SEGGER_SYSVIEW_RecordSystime
 .text.SEGGER_SYSVIEW_SendModule
                0x0000000008001760      0x114 ./Core/Inc/SEGGER_SYSVIEW.o
                0x0000000008001760                SEGGER_SYSVIEW_SendModule
 .text.SEGGER_SYSVIEW_SendModuleDescription
                0x0000000008001874       0x3c ./Core/Inc/SEGGER_SYSVIEW.o
                0x0000000008001874                SEGGER_SYSVIEW_SendModuleDescription
 .text.SEGGER_SYSVIEW_SendNumModules
                0x00000000080018b0       0x7c ./Core/Inc/SEGGER_SYSVIEW.o
                0x00000000080018b0                SEGGER_SYSVIEW_SendNumModules
 .text.SEGGER_SYSVIEW_PrintfHost
                0x000000000800192c       0x28 ./Core/Inc/SEGGER_SYSVIEW.o
                0x000000000800192c                SEGGER_SYSVIEW_PrintfHost
 .text._cbSendSystemDesc
                0x0000000008001954       0x1c ./Core/Inc/SEGGER_SYSVIEW_Config_FreeRTOS.o
 .text.SEGGER_SYSVIEW_Conf
                0x0000000008001970       0x2c ./Core/Inc/SEGGER_SYSVIEW_Config_FreeRTOS.o
                0x0000000008001970                SEGGER_SYSVIEW_Conf
 .text._cbSendTaskList
                0x000000000800199c       0xbc ./Core/Inc/SEGGER_SYSVIEW_FreeRTOS.o
 .text._cbGetTime
                0x0000000008001a58       0x86 ./Core/Inc/SEGGER_SYSVIEW_FreeRTOS.o
 .text.SYSVIEW_SendTaskInfo
                0x0000000008001ade       0x42 ./Core/Inc/SEGGER_SYSVIEW_FreeRTOS.o
                0x0000000008001ade                SYSVIEW_SendTaskInfo
 .text.CheckCRC
                0x0000000008001b20       0x64 ./Core/Src/CRC32.o
                0x0000000008001b20                CheckCRC
 .text.main     0x0000000008001b84       0xb4 ./Core/Src/main.o
                0x0000000008001b84                main
 .text.SystemClock_Config
                0x0000000008001c38       0xe4 ./Core/Src/main.o
                0x0000000008001c38                SystemClock_Config
 .text.MX_ETH_Init
                0x0000000008001d1c       0x9c ./Core/Src/main.o
 .text.MX_TIM1_Init
                0x0000000008001db8      0x158 ./Core/Src/main.o
 .text.MX_USART3_UART_Init
                0x0000000008001f10       0x60 ./Core/Src/main.o
 .text.MX_GPIO_Init
                0x0000000008001f70      0x15c ./Core/Src/main.o
 .text.StartDefaultTask
                0x00000000080020cc       0x24 ./Core/Src/main.o
                0x00000000080020cc                StartDefaultTask
 .text.commandReaderEntry
                0x00000000080020f0       0x38 ./Core/Src/main.o
                0x00000000080020f0                commandReaderEntry
 .text.testCommandTimerEntry
                0x0000000008002128       0x16 ./Core/Src/main.o
                0x0000000008002128                testCommandTimerEntry
 *fill*         0x000000000800213e        0x2 
 .text.HAL_TIM_PeriodElapsedCallback
                0x0000000008002140       0x24 ./Core/Src/main.o
                0x0000000008002140                HAL_TIM_PeriodElapsedCallback
 .text.Error_Handler
                0x0000000008002164        0xa ./Core/Src/main.o
                0x0000000008002164                Error_Handler
 *fill*         0x000000000800216e        0x2 
 .text.HAL_MspInit
                0x0000000008002170       0x50 ./Core/Src/stm32f7xx_hal_msp.o
                0x0000000008002170                HAL_MspInit
 .text.HAL_ETH_MspInit
                0x00000000080021c0      0x170 ./Core/Src/stm32f7xx_hal_msp.o
                0x00000000080021c0                HAL_ETH_MspInit
 .text.HAL_TIM_Base_MspInit
                0x0000000008002330       0x40 ./Core/Src/stm32f7xx_hal_msp.o
                0x0000000008002330                HAL_TIM_Base_MspInit
 .text.HAL_TIM_MspPostInit
                0x0000000008002370       0x70 ./Core/Src/stm32f7xx_hal_msp.o
                0x0000000008002370                HAL_TIM_MspPostInit
 .text.HAL_UART_MspInit
                0x00000000080023e0       0xc0 ./Core/Src/stm32f7xx_hal_msp.o
                0x00000000080023e0                HAL_UART_MspInit
 .text.HAL_InitTick
                0x00000000080024a0       0xf4 ./Core/Src/stm32f7xx_hal_timebase_tim.o
                0x00000000080024a0                HAL_InitTick
 .text.NMI_Handler
                0x0000000008002594        0x6 ./Core/Src/stm32f7xx_it.o
                0x0000000008002594                NMI_Handler
 .text.HardFault_Handler
                0x000000000800259a        0x6 ./Core/Src/stm32f7xx_it.o
                0x000000000800259a                HardFault_Handler
 .text.MemManage_Handler
                0x00000000080025a0        0x6 ./Core/Src/stm32f7xx_it.o
                0x00000000080025a0                MemManage_Handler
 .text.BusFault_Handler
                0x00000000080025a6        0x6 ./Core/Src/stm32f7xx_it.o
                0x00000000080025a6                BusFault_Handler
 .text.UsageFault_Handler
                0x00000000080025ac        0x6 ./Core/Src/stm32f7xx_it.o
                0x00000000080025ac                UsageFault_Handler
 .text.DebugMon_Handler
                0x00000000080025b2        0xe ./Core/Src/stm32f7xx_it.o
                0x00000000080025b2                DebugMon_Handler
 .text.TIM6_DAC_IRQHandler
                0x00000000080025c0       0x14 ./Core/Src/stm32f7xx_it.o
                0x00000000080025c0                TIM6_DAC_IRQHandler
 .text.OTG_FS_IRQHandler
                0x00000000080025d4       0x14 ./Core/Src/stm32f7xx_it.o
                0x00000000080025d4                OTG_FS_IRQHandler
 .text._sbrk    0x00000000080025e8       0x6c ./Core/Src/sysmem.o
                0x00000000080025e8                _sbrk
 .text.SystemInit
                0x0000000008002654       0x24 ./Core/Src/system_stm32f7xx.o
                0x0000000008002654                SystemInit
 .text.Reset_Handler
                0x0000000008002678       0x50 ./Core/Startup/startup_stm32f767zitx.o
                0x0000000008002678                Reset_Handler
 .text.Default_Handler
                0x00000000080026c8        0x2 ./Core/Startup/startup_stm32f767zitx.o
                0x00000000080026c8                RTC_Alarm_IRQHandler
                0x00000000080026c8                EXTI2_IRQHandler
                0x00000000080026c8                TIM8_CC_IRQHandler
                0x00000000080026c8                UART8_IRQHandler
                0x00000000080026c8                SPI4_IRQHandler
                0x00000000080026c8                TIM1_CC_IRQHandler
                0x00000000080026c8                DMA2_Stream5_IRQHandler
                0x00000000080026c8                JPEG_IRQHandler
                0x00000000080026c8                DMA1_Stream5_IRQHandler
                0x00000000080026c8                CAN3_RX1_IRQHandler
                0x00000000080026c8                PVD_IRQHandler
                0x00000000080026c8                TAMP_STAMP_IRQHandler
                0x00000000080026c8                CAN2_RX1_IRQHandler
                0x00000000080026c8                EXTI3_IRQHandler
                0x00000000080026c8                TIM8_TRG_COM_TIM14_IRQHandler
                0x00000000080026c8                DFSDM1_FLT1_IRQHandler
                0x00000000080026c8                TIM1_UP_TIM10_IRQHandler
                0x00000000080026c8                TIM8_UP_TIM13_IRQHandler
                0x00000000080026c8                I2C3_ER_IRQHandler
                0x00000000080026c8                DFSDM1_FLT2_IRQHandler
                0x00000000080026c8                EXTI0_IRQHandler
                0x00000000080026c8                I2C2_EV_IRQHandler
                0x00000000080026c8                DMA1_Stream2_IRQHandler
                0x00000000080026c8                CAN1_RX0_IRQHandler
                0x00000000080026c8                FPU_IRQHandler
                0x00000000080026c8                OTG_HS_WKUP_IRQHandler
                0x00000000080026c8                CAN3_SCE_IRQHandler
                0x00000000080026c8                LTDC_ER_IRQHandler
                0x00000000080026c8                CAN2_SCE_IRQHandler
                0x00000000080026c8                DMA2_Stream2_IRQHandler
                0x00000000080026c8                SPI1_IRQHandler
                0x00000000080026c8                TIM1_BRK_TIM9_IRQHandler
                0x00000000080026c8                DCMI_IRQHandler
                0x00000000080026c8                CAN2_RX0_IRQHandler
                0x00000000080026c8                DMA2_Stream3_IRQHandler
                0x00000000080026c8                SAI2_IRQHandler
                0x00000000080026c8                DFSDM1_FLT3_IRQHandler
                0x00000000080026c8                USART6_IRQHandler
                0x00000000080026c8                CAN3_RX0_IRQHandler
                0x00000000080026c8                USART3_IRQHandler
                0x00000000080026c8                CAN1_RX1_IRQHandler
                0x00000000080026c8                UART5_IRQHandler
                0x00000000080026c8                DMA2_Stream0_IRQHandler
                0x00000000080026c8                TIM4_IRQHandler
                0x00000000080026c8                QUADSPI_IRQHandler
                0x00000000080026c8                I2C1_EV_IRQHandler
                0x00000000080026c8                DMA1_Stream6_IRQHandler
                0x00000000080026c8                DMA1_Stream1_IRQHandler
                0x00000000080026c8                UART4_IRQHandler
                0x00000000080026c8                TIM3_IRQHandler
                0x00000000080026c8                RCC_IRQHandler
                0x00000000080026c8                TIM8_BRK_TIM12_IRQHandler
                0x00000000080026c8                Default_Handler
                0x00000000080026c8                CEC_IRQHandler
                0x00000000080026c8                EXTI15_10_IRQHandler
                0x00000000080026c8                ADC_IRQHandler
                0x00000000080026c8                DMA1_Stream7_IRQHandler
                0x00000000080026c8                SPI5_IRQHandler
                0x00000000080026c8                TIM7_IRQHandler
                0x00000000080026c8                SDMMC1_IRQHandler
                0x00000000080026c8                CAN2_TX_IRQHandler
                0x00000000080026c8                TIM5_IRQHandler
                0x00000000080026c8                DMA2_Stream7_IRQHandler
                0x00000000080026c8                I2C3_EV_IRQHandler
                0x00000000080026c8                EXTI9_5_IRQHandler
                0x00000000080026c8                RTC_WKUP_IRQHandler
                0x00000000080026c8                LTDC_IRQHandler
                0x00000000080026c8                ETH_WKUP_IRQHandler
                0x00000000080026c8                SPDIF_RX_IRQHandler
                0x00000000080026c8                SPI2_IRQHandler
                0x00000000080026c8                OTG_HS_EP1_IN_IRQHandler
                0x00000000080026c8                DMA1_Stream0_IRQHandler
                0x00000000080026c8                CAN1_TX_IRQHandler
                0x00000000080026c8                EXTI4_IRQHandler
                0x00000000080026c8                RNG_IRQHandler
                0x00000000080026c8                ETH_IRQHandler
                0x00000000080026c8                OTG_HS_EP1_OUT_IRQHandler
                0x00000000080026c8                WWDG_IRQHandler
                0x00000000080026c8                SPI6_IRQHandler
                0x00000000080026c8                MDIOS_IRQHandler
                0x00000000080026c8                I2C4_EV_IRQHandler
                0x00000000080026c8                CAN3_TX_IRQHandler
                0x00000000080026c8                TIM2_IRQHandler
                0x00000000080026c8                OTG_FS_WKUP_IRQHandler
                0x00000000080026c8                TIM1_TRG_COM_TIM11_IRQHandler
                0x00000000080026c8                OTG_HS_IRQHandler
                0x00000000080026c8                DMA2D_IRQHandler
                0x00000000080026c8                EXTI1_IRQHandler
                0x00000000080026c8                SDMMC2_IRQHandler
                0x00000000080026c8                UART7_IRQHandler
                0x00000000080026c8                USART2_IRQHandler
                0x00000000080026c8                DFSDM1_FLT0_IRQHandler
                0x00000000080026c8                I2C2_ER_IRQHandler
                0x00000000080026c8                DMA2_Stream1_IRQHandler
                0x00000000080026c8                CAN1_SCE_IRQHandler
                0x00000000080026c8                FLASH_IRQHandler
                0x00000000080026c8                DMA2_Stream4_IRQHandler
                0x00000000080026c8                USART1_IRQHandler
                0x00000000080026c8                SPI3_IRQHandler
                0x00000000080026c8                DMA1_Stream4_IRQHandler
                0x00000000080026c8                I2C1_ER_IRQHandler
                0x00000000080026c8                FMC_IRQHandler
                0x00000000080026c8                LPTIM1_IRQHandler
                0x00000000080026c8                I2C4_ER_IRQHandler
                0x00000000080026c8                DMA2_Stream6_IRQHandler
                0x00000000080026c8                SAI1_IRQHandler
                0x00000000080026c8                DMA1_Stream3_IRQHandler
 .text.HAL_Init
                0x00000000080026ca       0x1a ./Drivers/STM32F7xx_HAL_Driver/Src/stm32f7xx_hal.o
                0x00000000080026ca                HAL_Init
 .text.HAL_IncTick
                0x00000000080026e4       0x28 ./Drivers/STM32F7xx_HAL_Driver/Src/stm32f7xx_hal.o
                0x00000000080026e4                HAL_IncTick
 .text.HAL_GetTick
                0x000000000800270c       0x18 ./Drivers/STM32F7xx_HAL_Driver/Src/stm32f7xx_hal.o
                0x000000000800270c                HAL_GetTick
 .text.HAL_Delay
                0x0000000008002724       0x48 ./Drivers/STM32F7xx_HAL_Driver/Src/stm32f7xx_hal.o
                0x0000000008002724                HAL_Delay
 .text.__NVIC_SetPriorityGrouping
                0x000000000800276c       0x48 ./Drivers/STM32F7xx_HAL_Driver/Src/stm32f7xx_hal_cortex.o
 .text.__NVIC_GetPriorityGrouping
                0x00000000080027b4       0x1c ./Drivers/STM32F7xx_HAL_Driver/Src/stm32f7xx_hal_cortex.o
 .text.__NVIC_EnableIRQ
                0x00000000080027d0       0x3c ./Drivers/STM32F7xx_HAL_Driver/Src/stm32f7xx_hal_cortex.o
 .text.__NVIC_SetPriority
                0x000000000800280c       0x54 ./Drivers/STM32F7xx_HAL_Driver/Src/stm32f7xx_hal_cortex.o
 .text.NVIC_EncodePriority
                0x0000000008002860       0x66 ./Drivers/STM32F7xx_HAL_Driver/Src/stm32f7xx_hal_cortex.o
 .text.HAL_NVIC_SetPriorityGrouping
                0x00000000080028c6       0x16 ./Drivers/STM32F7xx_HAL_Driver/Src/stm32f7xx_hal_cortex.o
                0x00000000080028c6                HAL_NVIC_SetPriorityGrouping
 .text.HAL_NVIC_SetPriority
                0x00000000080028dc       0x38 ./Drivers/STM32F7xx_HAL_Driver/Src/stm32f7xx_hal_cortex.o
                0x00000000080028dc                HAL_NVIC_SetPriority
 .text.HAL_NVIC_EnableIRQ
                0x0000000008002914       0x1c ./Drivers/STM32F7xx_HAL_Driver/Src/stm32f7xx_hal_cortex.o
                0x0000000008002914                HAL_NVIC_EnableIRQ
 .text.HAL_ETH_Init
                0x0000000008002930       0xf8 ./Drivers/STM32F7xx_HAL_Driver/Src/stm32f7xx_hal_eth.o
                0x0000000008002930                HAL_ETH_Init
 .text.ETH_SetMACConfig
                0x0000000008002a28      0x160 ./Drivers/STM32F7xx_HAL_Driver/Src/stm32f7xx_hal_eth.o
 .text.ETH_SetDMAConfig
                0x0000000008002b88      0x114 ./Drivers/STM32F7xx_HAL_Driver/Src/stm32f7xx_hal_eth.o
 .text.ETH_MACDMAConfig
                0x0000000008002c9c       0xe4 ./Drivers/STM32F7xx_HAL_Driver/Src/stm32f7xx_hal_eth.o
 .text.ETH_MACAddressConfig
                0x0000000008002d80       0x70 ./Drivers/STM32F7xx_HAL_Driver/Src/stm32f7xx_hal_eth.o
 .text.ETH_DMATxDescListInit
                0x0000000008002df0       0xb2 ./Drivers/STM32F7xx_HAL_Driver/Src/stm32f7xx_hal_eth.o
 .text.ETH_DMARxDescListInit
                0x0000000008002ea2       0xda ./Drivers/STM32F7xx_HAL_Driver/Src/stm32f7xx_hal_eth.o
 .text.HAL_GPIO_Init
                0x0000000008002f7c      0x358 ./Drivers/STM32F7xx_HAL_Driver/Src/stm32f7xx_hal_gpio.o
                0x0000000008002f7c                HAL_GPIO_Init
 .text.HAL_GPIO_WritePin
                0x00000000080032d4       0x32 ./Drivers/STM32F7xx_HAL_Driver/Src/stm32f7xx_hal_gpio.o
                0x00000000080032d4                HAL_GPIO_WritePin
 .text.HAL_GPIO_TogglePin
                0x0000000008003306       0x34 ./Drivers/STM32F7xx_HAL_Driver/Src/stm32f7xx_hal_gpio.o
                0x0000000008003306                HAL_GPIO_TogglePin
 .text.HAL_PCD_Init
                0x000000000800333a      0x248 ./Drivers/STM32F7xx_HAL_Driver/Src/stm32f7xx_hal_pcd.o
                0x000000000800333a                HAL_PCD_Init
 .text.HAL_PCD_Start
                0x0000000008003582       0x44 ./Drivers/STM32F7xx_HAL_Driver/Src/stm32f7xx_hal_pcd.o
                0x0000000008003582                HAL_PCD_Start
 .text.HAL_PCD_IRQHandler
                0x00000000080035c6      0x998 ./Drivers/STM32F7xx_HAL_Driver/Src/stm32f7xx_hal_pcd.o
                0x00000000080035c6                HAL_PCD_IRQHandler
 .text.HAL_PCD_SetAddress
                0x0000000008003f5e       0x4a ./Drivers/STM32F7xx_HAL_Driver/Src/stm32f7xx_hal_pcd.o
                0x0000000008003f5e                HAL_PCD_SetAddress
 .text.HAL_PCD_EP_Open
                0x0000000008003fa8       0xd0 ./Drivers/STM32F7xx_HAL_Driver/Src/stm32f7xx_hal_pcd.o
                0x0000000008003fa8                HAL_PCD_EP_Open
 .text.HAL_PCD_EP_Close
                0x0000000008004078       0x94 ./Drivers/STM32F7xx_HAL_Driver/Src/stm32f7xx_hal_pcd.o
                0x0000000008004078                HAL_PCD_EP_Close
 .text.HAL_PCD_EP_Receive
                0x000000000800410c       0x96 ./Drivers/STM32F7xx_HAL_Driver/Src/stm32f7xx_hal_pcd.o
                0x000000000800410c                HAL_PCD_EP_Receive
 .text.HAL_PCD_EP_GetRxCount
                0x00000000080041a2       0x30 ./Drivers/STM32F7xx_HAL_Driver/Src/stm32f7xx_hal_pcd.o
                0x00000000080041a2                HAL_PCD_EP_GetRxCount
 .text.HAL_PCD_EP_Transmit
                0x00000000080041d2       0x94 ./Drivers/STM32F7xx_HAL_Driver/Src/stm32f7xx_hal_pcd.o
                0x00000000080041d2                HAL_PCD_EP_Transmit
 .text.HAL_PCD_EP_SetStall
                0x0000000008004266       0xc8 ./Drivers/STM32F7xx_HAL_Driver/Src/stm32f7xx_hal_pcd.o
                0x0000000008004266                HAL_PCD_EP_SetStall
 .text.HAL_PCD_EP_ClrStall
                0x000000000800432e       0xac ./Drivers/STM32F7xx_HAL_Driver/Src/stm32f7xx_hal_pcd.o
                0x000000000800432e                HAL_PCD_EP_ClrStall
 .text.HAL_PCD_EP_Abort
                0x00000000080043da       0x62 ./Drivers/STM32F7xx_HAL_Driver/Src/stm32f7xx_hal_pcd.o
                0x00000000080043da                HAL_PCD_EP_Abort
 .text.PCD_WriteEmptyTxFifo
                0x000000000800443c      0x11a ./Drivers/STM32F7xx_HAL_Driver/Src/stm32f7xx_hal_pcd.o
 *fill*         0x0000000008004556        0x2 
 .text.PCD_EP_OutXfrComplete_int
                0x0000000008004558      0x1d0 ./Drivers/STM32F7xx_HAL_Driver/Src/stm32f7xx_hal_pcd.o
 .text.PCD_EP_OutSetupPacket_int
                0x0000000008004728       0x8c ./Drivers/STM32F7xx_HAL_Driver/Src/stm32f7xx_hal_pcd.o
 .text.HAL_PCDEx_SetTxFiFo
                0x00000000080047b4       0x8e ./Drivers/STM32F7xx_HAL_Driver/Src/stm32f7xx_hal_pcd_ex.o
                0x00000000080047b4                HAL_PCDEx_SetTxFiFo
 .text.HAL_PCDEx_SetRxFiFo
                0x0000000008004842       0x22 ./Drivers/STM32F7xx_HAL_Driver/Src/stm32f7xx_hal_pcd_ex.o
                0x0000000008004842                HAL_PCDEx_SetRxFiFo
 .text.HAL_PCDEx_ActivateLPM
                0x0000000008004864       0x48 ./Drivers/STM32F7xx_HAL_Driver/Src/stm32f7xx_hal_pcd_ex.o
                0x0000000008004864                HAL_PCDEx_ActivateLPM
 .text.HAL_PWR_EnableBkUpAccess
                0x00000000080048ac       0x20 ./Drivers/STM32F7xx_HAL_Driver/Src/stm32f7xx_hal_pwr.o
                0x00000000080048ac                HAL_PWR_EnableBkUpAccess
 .text.HAL_PWREx_EnableOverDrive
                0x00000000080048cc       0xa0 ./Drivers/STM32F7xx_HAL_Driver/Src/stm32f7xx_hal_pwr_ex.o
                0x00000000080048cc                HAL_PWREx_EnableOverDrive
 .text.HAL_RCC_OscConfig
                0x000000000800496c      0x55c ./Drivers/STM32F7xx_HAL_Driver/Src/stm32f7xx_hal_rcc.o
                0x000000000800496c                HAL_RCC_OscConfig
 .text.HAL_RCC_ClockConfig
                0x0000000008004ec8      0x1d8 ./Drivers/STM32F7xx_HAL_Driver/Src/stm32f7xx_hal_rcc.o
                0x0000000008004ec8                HAL_RCC_ClockConfig
 .text.HAL_RCC_GetSysClockFreq
                0x00000000080050a0      0x20c ./Drivers/STM32F7xx_HAL_Driver/Src/stm32f7xx_hal_rcc.o
                0x00000000080050a0                HAL_RCC_GetSysClockFreq
 .text.HAL_RCC_GetHCLKFreq
                0x00000000080052ac       0x18 ./Drivers/STM32F7xx_HAL_Driver/Src/stm32f7xx_hal_rcc.o
                0x00000000080052ac                HAL_RCC_GetHCLKFreq
 .text.HAL_RCC_GetPCLK1Freq
                0x00000000080052c4       0x28 ./Drivers/STM32F7xx_HAL_Driver/Src/stm32f7xx_hal_rcc.o
                0x00000000080052c4                HAL_RCC_GetPCLK1Freq
 .text.HAL_RCC_GetPCLK2Freq
                0x00000000080052ec       0x28 ./Drivers/STM32F7xx_HAL_Driver/Src/stm32f7xx_hal_rcc.o
                0x00000000080052ec                HAL_RCC_GetPCLK2Freq
 .text.HAL_RCC_GetClockConfig
                0x0000000008005314       0x64 ./Drivers/STM32F7xx_HAL_Driver/Src/stm32f7xx_hal_rcc.o
                0x0000000008005314                HAL_RCC_GetClockConfig
 .text.HAL_RCCEx_PeriphCLKConfig
                0x0000000008005378      0x850 ./Drivers/STM32F7xx_HAL_Driver/Src/stm32f7xx_hal_rcc_ex.o
                0x0000000008005378                HAL_RCCEx_PeriphCLKConfig
 .text.HAL_TIM_Base_Init
                0x0000000008005bc8       0xae ./Drivers/STM32F7xx_HAL_Driver/Src/stm32f7xx_hal_tim.o
                0x0000000008005bc8                HAL_TIM_Base_Init
 *fill*         0x0000000008005c76        0x2 
 .text.HAL_TIM_Base_Start_IT
                0x0000000008005c78       0xf0 ./Drivers/STM32F7xx_HAL_Driver/Src/stm32f7xx_hal_tim.o
                0x0000000008005c78                HAL_TIM_Base_Start_IT
 .text.HAL_TIM_PWM_Init
                0x0000000008005d68       0xae ./Drivers/STM32F7xx_HAL_Driver/Src/stm32f7xx_hal_tim.o
                0x0000000008005d68                HAL_TIM_PWM_Init
 .text.HAL_TIM_PWM_MspInit
                0x0000000008005e16       0x14 ./Drivers/STM32F7xx_HAL_Driver/Src/stm32f7xx_hal_tim.o
                0x0000000008005e16                HAL_TIM_PWM_MspInit
 .text.HAL_TIM_IRQHandler
                0x0000000008005e2a      0x23e ./Drivers/STM32F7xx_HAL_Driver/Src/stm32f7xx_hal_tim.o
                0x0000000008005e2a                HAL_TIM_IRQHandler
 .text.HAL_TIM_PWM_ConfigChannel
                0x0000000008006068      0x228 ./Drivers/STM32F7xx_HAL_Driver/Src/stm32f7xx_hal_tim.o
                0x0000000008006068                HAL_TIM_PWM_ConfigChannel
 .text.HAL_TIM_ConfigClockSource
                0x0000000008006290      0x194 ./Drivers/STM32F7xx_HAL_Driver/Src/stm32f7xx_hal_tim.o
                0x0000000008006290                HAL_TIM_ConfigClockSource
 .text.HAL_TIM_OC_DelayElapsedCallback
                0x0000000008006424       0x14 ./Drivers/STM32F7xx_HAL_Driver/Src/stm32f7xx_hal_tim.o
                0x0000000008006424                HAL_TIM_OC_DelayElapsedCallback
 .text.HAL_TIM_IC_CaptureCallback
                0x0000000008006438       0x14 ./Drivers/STM32F7xx_HAL_Driver/Src/stm32f7xx_hal_tim.o
                0x0000000008006438                HAL_TIM_IC_CaptureCallback
 .text.HAL_TIM_PWM_PulseFinishedCallback
                0x000000000800644c       0x14 ./Drivers/STM32F7xx_HAL_Driver/Src/stm32f7xx_hal_tim.o
                0x000000000800644c                HAL_TIM_PWM_PulseFinishedCallback
 .text.HAL_TIM_TriggerCallback
                0x0000000008006460       0x14 ./Drivers/STM32F7xx_HAL_Driver/Src/stm32f7xx_hal_tim.o
                0x0000000008006460                HAL_TIM_TriggerCallback
 .text.TIM_Base_SetConfig
                0x0000000008006474      0x140 ./Drivers/STM32F7xx_HAL_Driver/Src/stm32f7xx_hal_tim.o
                0x0000000008006474                TIM_Base_SetConfig
 .text.TIM_OC1_SetConfig
                0x00000000080065b4       0xe4 ./Drivers/STM32F7xx_HAL_Driver/Src/stm32f7xx_hal_tim.o
 .text.TIM_OC2_SetConfig
                0x0000000008006698       0xf0 ./Drivers/STM32F7xx_HAL_Driver/Src/stm32f7xx_hal_tim.o
                0x0000000008006698                TIM_OC2_SetConfig
 .text.TIM_OC3_SetConfig
                0x0000000008006788       0xec ./Drivers/STM32F7xx_HAL_Driver/Src/stm32f7xx_hal_tim.o
 .text.TIM_OC4_SetConfig
                0x0000000008006874       0xb0 ./Drivers/STM32F7xx_HAL_Driver/Src/stm32f7xx_hal_tim.o
 .text.TIM_OC5_SetConfig
                0x0000000008006924       0xa4 ./Drivers/STM32F7xx_HAL_Driver/Src/stm32f7xx_hal_tim.o
 .text.TIM_OC6_SetConfig
                0x00000000080069c8       0xa8 ./Drivers/STM32F7xx_HAL_Driver/Src/stm32f7xx_hal_tim.o
 .text.TIM_TI1_ConfigInputStage
                0x0000000008006a70       0x5e ./Drivers/STM32F7xx_HAL_Driver/Src/stm32f7xx_hal_tim.o
 .text.TIM_TI2_ConfigInputStage
                0x0000000008006ace       0x60 ./Drivers/STM32F7xx_HAL_Driver/Src/stm32f7xx_hal_tim.o
 .text.TIM_ITRx_SetConfig
                0x0000000008006b2e       0x36 ./Drivers/STM32F7xx_HAL_Driver/Src/stm32f7xx_hal_tim.o
 .text.TIM_ETR_SetConfig
                0x0000000008006b64       0x40 ./Drivers/STM32F7xx_HAL_Driver/Src/stm32f7xx_hal_tim.o
                0x0000000008006b64                TIM_ETR_SetConfig
 .text.HAL_TIMEx_MasterConfigSynchronization
                0x0000000008006ba4      0x11c ./Drivers/STM32F7xx_HAL_Driver/Src/stm32f7xx_hal_tim_ex.o
                0x0000000008006ba4                HAL_TIMEx_MasterConfigSynchronization
 .text.HAL_TIMEx_ConfigBreakDeadTime
                0x0000000008006cc0       0xfc ./Drivers/STM32F7xx_HAL_Driver/Src/stm32f7xx_hal_tim_ex.o
                0x0000000008006cc0                HAL_TIMEx_ConfigBreakDeadTime
 .text.HAL_TIMEx_CommutCallback
                0x0000000008006dbc       0x14 ./Drivers/STM32F7xx_HAL_Driver/Src/stm32f7xx_hal_tim_ex.o
                0x0000000008006dbc                HAL_TIMEx_CommutCallback
 .text.HAL_TIMEx_BreakCallback
                0x0000000008006dd0       0x14 ./Drivers/STM32F7xx_HAL_Driver/Src/stm32f7xx_hal_tim_ex.o
                0x0000000008006dd0                HAL_TIMEx_BreakCallback
 .text.HAL_TIMEx_Break2Callback
                0x0000000008006de4       0x14 ./Drivers/STM32F7xx_HAL_Driver/Src/stm32f7xx_hal_tim_ex.o
                0x0000000008006de4                HAL_TIMEx_Break2Callback
 .text.HAL_UART_Init
                0x0000000008006df8       0x9c ./Drivers/STM32F7xx_HAL_Driver/Src/stm32f7xx_hal_uart.o
                0x0000000008006df8                HAL_UART_Init
 .text.UART_SetConfig
                0x0000000008006e94      0x4c8 ./Drivers/STM32F7xx_HAL_Driver/Src/stm32f7xx_hal_uart.o
                0x0000000008006e94                UART_SetConfig
 .text.UART_AdvFeatureConfig
                0x000000000800735c      0x144 ./Drivers/STM32F7xx_HAL_Driver/Src/stm32f7xx_hal_uart.o
                0x000000000800735c                UART_AdvFeatureConfig
 .text.UART_CheckIdleState
                0x00000000080074a0       0x9a ./Drivers/STM32F7xx_HAL_Driver/Src/stm32f7xx_hal_uart.o
                0x00000000080074a0                UART_CheckIdleState
 .text.UART_WaitOnFlagUntilTimeout
                0x000000000800753a      0x18c ./Drivers/STM32F7xx_HAL_Driver/Src/stm32f7xx_hal_uart.o
                0x000000000800753a                UART_WaitOnFlagUntilTimeout
 *fill*         0x00000000080076c6        0x2 
 .text.USB_CoreInit
                0x00000000080076c8       0xb0 ./Drivers/STM32F7xx_HAL_Driver/Src/stm32f7xx_ll_usb.o
                0x00000000080076c8                USB_CoreInit
 .text.USB_SetTurnaroundTime
                0x0000000008007778      0x144 ./Drivers/STM32F7xx_HAL_Driver/Src/stm32f7xx_ll_usb.o
                0x0000000008007778                USB_SetTurnaroundTime
 .text.USB_EnableGlobalInt
                0x00000000080078bc       0x22 ./Drivers/STM32F7xx_HAL_Driver/Src/stm32f7xx_ll_usb.o
                0x00000000080078bc                USB_EnableGlobalInt
 .text.USB_DisableGlobalInt
                0x00000000080078de       0x22 ./Drivers/STM32F7xx_HAL_Driver/Src/stm32f7xx_ll_usb.o
                0x00000000080078de                USB_DisableGlobalInt
 .text.USB_SetCurrentMode
                0x0000000008007900       0x98 ./Drivers/STM32F7xx_HAL_Driver/Src/stm32f7xx_ll_usb.o
                0x0000000008007900                USB_SetCurrentMode
 .text.USB_DevInit
                0x0000000008007998      0x2bc ./Drivers/STM32F7xx_HAL_Driver/Src/stm32f7xx_ll_usb.o
                0x0000000008007998                USB_DevInit
 .text.USB_FlushTxFifo
                0x0000000008007c54       0x68 ./Drivers/STM32F7xx_HAL_Driver/Src/stm32f7xx_ll_usb.o
                0x0000000008007c54                USB_FlushTxFifo
 .text.USB_FlushRxFifo
                0x0000000008007cbc       0x60 ./Drivers/STM32F7xx_HAL_Driver/Src/stm32f7xx_ll_usb.o
                0x0000000008007cbc                USB_FlushRxFifo
 .text.USB_SetDevSpeed
                0x0000000008007d1c       0x32 ./Drivers/STM32F7xx_HAL_Driver/Src/stm32f7xx_ll_usb.o
                0x0000000008007d1c                USB_SetDevSpeed
 .text.USB_GetDevSpeed
                0x0000000008007d4e       0x4a ./Drivers/STM32F7xx_HAL_Driver/Src/stm32f7xx_ll_usb.o
                0x0000000008007d4e                USB_GetDevSpeed
 .text.USB_ActivateEndpoint
                0x0000000008007d98      0x110 ./Drivers/STM32F7xx_HAL_Driver/Src/stm32f7xx_ll_usb.o
                0x0000000008007d98                USB_ActivateEndpoint
 .text.USB_DeactivateEndpoint
                0x0000000008007ea8      0x1b8 ./Drivers/STM32F7xx_HAL_Driver/Src/stm32f7xx_ll_usb.o
                0x0000000008007ea8                USB_DeactivateEndpoint
 .text.USB_EPStartXfer
                0x0000000008008060      0x4a0 ./Drivers/STM32F7xx_HAL_Driver/Src/stm32f7xx_ll_usb.o
                0x0000000008008060                USB_EPStartXfer
 .text.USB_EP0StartXfer
                0x0000000008008500      0x2b8 ./Drivers/STM32F7xx_HAL_Driver/Src/stm32f7xx_ll_usb.o
                0x0000000008008500                USB_EP0StartXfer
 .text.USB_EPStopXfer
                0x00000000080087b8      0x154 ./Drivers/STM32F7xx_HAL_Driver/Src/stm32f7xx_ll_usb.o
                0x00000000080087b8                USB_EPStopXfer
 .text.USB_WritePacket
                0x000000000800890c       0x7c ./Drivers/STM32F7xx_HAL_Driver/Src/stm32f7xx_ll_usb.o
                0x000000000800890c                USB_WritePacket
 .text.USB_ReadPacket
                0x0000000008008988       0xb0 ./Drivers/STM32F7xx_HAL_Driver/Src/stm32f7xx_ll_usb.o
                0x0000000008008988                USB_ReadPacket
 .text.USB_EPSetStall
                0x0000000008008a38       0xdc ./Drivers/STM32F7xx_HAL_Driver/Src/stm32f7xx_ll_usb.o
                0x0000000008008a38                USB_EPSetStall
 .text.USB_EPClearStall
                0x0000000008008b14       0xcc ./Drivers/STM32F7xx_HAL_Driver/Src/stm32f7xx_ll_usb.o
                0x0000000008008b14                USB_EPClearStall
 .text.USB_SetDevAddress
                0x0000000008008be0       0x4c ./Drivers/STM32F7xx_HAL_Driver/Src/stm32f7xx_ll_usb.o
                0x0000000008008be0                USB_SetDevAddress
 .text.USB_DevConnect
                0x0000000008008c2c       0x42 ./Drivers/STM32F7xx_HAL_Driver/Src/stm32f7xx_ll_usb.o
                0x0000000008008c2c                USB_DevConnect
 .text.USB_DevDisconnect
                0x0000000008008c6e       0x42 ./Drivers/STM32F7xx_HAL_Driver/Src/stm32f7xx_ll_usb.o
                0x0000000008008c6e                USB_DevDisconnect
 .text.USB_ReadInterrupts
                0x0000000008008cb0       0x26 ./Drivers/STM32F7xx_HAL_Driver/Src/stm32f7xx_ll_usb.o
                0x0000000008008cb0                USB_ReadInterrupts
 .text.USB_ReadDevAllOutEpInterrupt
                0x0000000008008cd6       0x34 ./Drivers/STM32F7xx_HAL_Driver/Src/stm32f7xx_ll_usb.o
                0x0000000008008cd6                USB_ReadDevAllOutEpInterrupt
 .text.USB_ReadDevAllInEpInterrupt
                0x0000000008008d0a       0x34 ./Drivers/STM32F7xx_HAL_Driver/Src/stm32f7xx_ll_usb.o
                0x0000000008008d0a                USB_ReadDevAllInEpInterrupt
 .text.USB_ReadDevOutEPInterrupt
                0x0000000008008d3e       0x3c ./Drivers/STM32F7xx_HAL_Driver/Src/stm32f7xx_ll_usb.o
                0x0000000008008d3e                USB_ReadDevOutEPInterrupt
 .text.USB_ReadDevInEPInterrupt
                0x0000000008008d7a       0x5c ./Drivers/STM32F7xx_HAL_Driver/Src/stm32f7xx_ll_usb.o
                0x0000000008008d7a                USB_ReadDevInEPInterrupt
 .text.USB_GetMode
                0x0000000008008dd6       0x1c ./Drivers/STM32F7xx_HAL_Driver/Src/stm32f7xx_ll_usb.o
                0x0000000008008dd6                USB_GetMode
 *fill*         0x0000000008008df2        0x2 
 .text.USB_ActivateSetup
                0x0000000008008df4       0x48 ./Drivers/STM32F7xx_HAL_Driver/Src/stm32f7xx_ll_usb.o
                0x0000000008008df4                USB_ActivateSetup
 .text.USB_EP0_OutStart
                0x0000000008008e3c       0xbc ./Drivers/STM32F7xx_HAL_Driver/Src/stm32f7xx_ll_usb.o
                0x0000000008008e3c                USB_EP0_OutStart
 .text.USB_CoreReset
                0x0000000008008ef8       0x68 ./Drivers/STM32F7xx_HAL_Driver/Src/stm32f7xx_ll_usb.o
 .text.USBD_CDC_Init
                0x0000000008008f60      0x1f0 ./Middlewares/ST/STM32_USB_Device_Library/Class/CDC/Src/usbd_cdc.o
 .text.USBD_CDC_DeInit
                0x0000000008009150      0x104 ./Middlewares/ST/STM32_USB_Device_Library/Class/CDC/Src/usbd_cdc.o
 .text.USBD_CDC_Setup
                0x0000000008009254      0x1b8 ./Middlewares/ST/STM32_USB_Device_Library/Class/CDC/Src/usbd_cdc.o
 .text.USBD_CDC_DataIn
                0x000000000800940c       0xfe ./Middlewares/ST/STM32_USB_Device_Library/Class/CDC/Src/usbd_cdc.o
 .text.USBD_CDC_DataOut
                0x000000000800950a       0x70 ./Middlewares/ST/STM32_USB_Device_Library/Class/CDC/Src/usbd_cdc.o
 .text.USBD_CDC_EP0_RxReady
                0x000000000800957a       0x76 ./Middlewares/ST/STM32_USB_Device_Library/Class/CDC/Src/usbd_cdc.o
 .text.USBD_CDC_GetFSCfgDesc
                0x00000000080095f0       0x70 ./Middlewares/ST/STM32_USB_Device_Library/Class/CDC/Src/usbd_cdc.o
 .text.USBD_CDC_GetHSCfgDesc
                0x0000000008009660       0x70 ./Middlewares/ST/STM32_USB_Device_Library/Class/CDC/Src/usbd_cdc.o
 .text.USBD_CDC_GetOtherSpeedCfgDesc
                0x00000000080096d0       0x70 ./Middlewares/ST/STM32_USB_Device_Library/Class/CDC/Src/usbd_cdc.o
 .text.USBD_CDC_GetDeviceQualifierDescriptor
                0x0000000008009740       0x20 ./Middlewares/ST/STM32_USB_Device_Library/Class/CDC/Src/usbd_cdc.o
                0x0000000008009740                USBD_CDC_GetDeviceQualifierDescriptor
 .text.USBD_CDC_RegisterInterface
                0x0000000008009760       0x34 ./Middlewares/ST/STM32_USB_Device_Library/Class/CDC/Src/usbd_cdc.o
                0x0000000008009760                USBD_CDC_RegisterInterface
 .text.USBD_CDC_SetTxBuffer
                0x0000000008009794       0x44 ./Middlewares/ST/STM32_USB_Device_Library/Class/CDC/Src/usbd_cdc.o
                0x0000000008009794                USBD_CDC_SetTxBuffer
 .text.USBD_CDC_SetRxBuffer
                0x00000000080097d8       0x3a ./Middlewares/ST/STM32_USB_Device_Library/Class/CDC/Src/usbd_cdc.o
                0x00000000080097d8                USBD_CDC_SetRxBuffer
 *fill*         0x0000000008009812        0x2 
 .text.USBD_CDC_ReceivePacket
                0x0000000008009814       0x6c ./Middlewares/ST/STM32_USB_Device_Library/Class/CDC/Src/usbd_cdc.o
                0x0000000008009814                USBD_CDC_ReceivePacket
 .text.USBD_Init
                0x0000000008009880       0x60 ./Middlewares/ST/STM32_USB_Device_Library/Core/Src/usbd_core.o
                0x0000000008009880                USBD_Init
 .text.USBD_RegisterClass
                0x00000000080098e0       0x6c ./Middlewares/ST/STM32_USB_Device_Library/Core/Src/usbd_core.o
                0x00000000080098e0                USBD_RegisterClass
 .text.USBD_Start
                0x000000000800994c       0x18 ./Middlewares/ST/STM32_USB_Device_Library/Core/Src/usbd_core.o
                0x000000000800994c                USBD_Start
 .text.USBD_RunTestMode
                0x0000000008009964       0x16 ./Middlewares/ST/STM32_USB_Device_Library/Core/Src/usbd_core.o
                0x0000000008009964                USBD_RunTestMode
 .text.USBD_SetClassConfig
                0x000000000800997a       0x38 ./Middlewares/ST/STM32_USB_Device_Library/Core/Src/usbd_core.o
                0x000000000800997a                USBD_SetClassConfig
 .text.USBD_ClrClassConfig
                0x00000000080099b2       0x34 ./Middlewares/ST/STM32_USB_Device_Library/Core/Src/usbd_core.o
                0x00000000080099b2                USBD_ClrClassConfig
 .text.USBD_LL_SetupStage
                0x00000000080099e6       0xaa ./Middlewares/ST/STM32_USB_Device_Library/Core/Src/usbd_core.o
                0x00000000080099e6                USBD_LL_SetupStage
 .text.USBD_LL_DataOutStage
                0x0000000008009a90      0x166 ./Middlewares/ST/STM32_USB_Device_Library/Core/Src/usbd_core.o
                0x0000000008009a90                USBD_LL_DataOutStage
 .text.USBD_LL_DataInStage
                0x0000000008009bf6      0x164 ./Middlewares/ST/STM32_USB_Device_Library/Core/Src/usbd_core.o
                0x0000000008009bf6                USBD_LL_DataInStage
 .text.USBD_LL_Reset
                0x0000000008009d5a       0xa4 ./Middlewares/ST/STM32_USB_Device_Library/Core/Src/usbd_core.o
                0x0000000008009d5a                USBD_LL_Reset
 .text.USBD_LL_SetSpeed
                0x0000000008009dfe       0x20 ./Middlewares/ST/STM32_USB_Device_Library/Core/Src/usbd_core.o
                0x0000000008009dfe                USBD_LL_SetSpeed
 .text.USBD_LL_Suspend
                0x0000000008009e1e       0x2c ./Middlewares/ST/STM32_USB_Device_Library/Core/Src/usbd_core.o
                0x0000000008009e1e                USBD_LL_Suspend
 .text.USBD_LL_Resume
                0x0000000008009e4a       0x30 ./Middlewares/ST/STM32_USB_Device_Library/Core/Src/usbd_core.o
                0x0000000008009e4a                USBD_LL_Resume
 .text.USBD_LL_SOF
                0x0000000008009e7a       0x40 ./Middlewares/ST/STM32_USB_Device_Library/Core/Src/usbd_core.o
                0x0000000008009e7a                USBD_LL_SOF
 .text.USBD_LL_IsoINIncomplete
                0x0000000008009eba       0x64 ./Middlewares/ST/STM32_USB_Device_Library/Core/Src/usbd_core.o
                0x0000000008009eba                USBD_LL_IsoINIncomplete
 .text.USBD_LL_IsoOUTIncomplete
                0x0000000008009f1e       0x64 ./Middlewares/ST/STM32_USB_Device_Library/Core/Src/usbd_core.o
                0x0000000008009f1e                USBD_LL_IsoOUTIncomplete
 .text.USBD_LL_DevConnected
                0x0000000008009f82       0x16 ./Middlewares/ST/STM32_USB_Device_Library/Core/Src/usbd_core.o
                0x0000000008009f82                USBD_LL_DevConnected
 .text.USBD_LL_DevDisconnected
                0x0000000008009f98       0x46 ./Middlewares/ST/STM32_USB_Device_Library/Core/Src/usbd_core.o
                0x0000000008009f98                USBD_LL_DevDisconnected
 .text.USBD_CoreFindIF
                0x0000000008009fde       0x1a ./Middlewares/ST/STM32_USB_Device_Library/Core/Src/usbd_core.o
                0x0000000008009fde                USBD_CoreFindIF
 .text.USBD_CoreFindEP
                0x0000000008009ff8       0x1a ./Middlewares/ST/STM32_USB_Device_Library/Core/Src/usbd_core.o
                0x0000000008009ff8                USBD_CoreFindEP
 .text.USBD_GetEpDesc
                0x000000000800a012       0x74 ./Middlewares/ST/STM32_USB_Device_Library/Core/Src/usbd_core.o
                0x000000000800a012                USBD_GetEpDesc
 .text.USBD_GetNextDesc
                0x000000000800a086       0x3a ./Middlewares/ST/STM32_USB_Device_Library/Core/Src/usbd_core.o
                0x000000000800a086                USBD_GetNextDesc
 .text.SWAPBYTE
                0x000000000800a0c0       0x3c ./Middlewares/ST/STM32_USB_Device_Library/Core/Src/usbd_ctlreq.o
 .text.USBD_StdDevReq
                0x000000000800a0fc       0xe4 ./Middlewares/ST/STM32_USB_Device_Library/Core/Src/usbd_ctlreq.o
                0x000000000800a0fc                USBD_StdDevReq
 .text.USBD_StdItfReq
                0x000000000800a1e0       0xd8 ./Middlewares/ST/STM32_USB_Device_Library/Core/Src/usbd_ctlreq.o
                0x000000000800a1e0                USBD_StdItfReq
 .text.USBD_StdEPReq
                0x000000000800a2b8      0x33a ./Middlewares/ST/STM32_USB_Device_Library/Core/Src/usbd_ctlreq.o
                0x000000000800a2b8                USBD_StdEPReq
 *fill*         0x000000000800a5f2        0x2 
 .text.USBD_GetDescriptor
                0x000000000800a5f4      0x328 ./Middlewares/ST/STM32_USB_Device_Library/Core/Src/usbd_ctlreq.o
 .text.USBD_SetAddress
                0x000000000800a91c       0x88 ./Middlewares/ST/STM32_USB_Device_Library/Core/Src/usbd_ctlreq.o
 .text.USBD_SetConfig
                0x000000000800a9a4      0x154 ./Middlewares/ST/STM32_USB_Device_Library/Core/Src/usbd_ctlreq.o
 .text.USBD_GetConfig
                0x000000000800aaf8       0x6c ./Middlewares/ST/STM32_USB_Device_Library/Core/Src/usbd_ctlreq.o
 .text.USBD_GetStatus
                0x000000000800ab64       0x68 ./Middlewares/ST/STM32_USB_Device_Library/Core/Src/usbd_ctlreq.o
 .text.USBD_SetFeature
                0x000000000800abcc       0x52 ./Middlewares/ST/STM32_USB_Device_Library/Core/Src/usbd_ctlreq.o
 .text.USBD_ClrFeature
                0x000000000800ac1e       0x44 ./Middlewares/ST/STM32_USB_Device_Library/Core/Src/usbd_ctlreq.o
 .text.USBD_ParseSetupRequest
                0x000000000800ac62       0x74 ./Middlewares/ST/STM32_USB_Device_Library/Core/Src/usbd_ctlreq.o
                0x000000000800ac62                USBD_ParseSetupRequest
 .text.USBD_CtlError
                0x000000000800acd6       0x22 ./Middlewares/ST/STM32_USB_Device_Library/Core/Src/usbd_ctlreq.o
                0x000000000800acd6                USBD_CtlError
 .text.USBD_GetString
                0x000000000800acf8       0x8c ./Middlewares/ST/STM32_USB_Device_Library/Core/Src/usbd_ctlreq.o
                0x000000000800acf8                USBD_GetString
 .text.USBD_GetLen
                0x000000000800ad84       0x34 ./Middlewares/ST/STM32_USB_Device_Library/Core/Src/usbd_ctlreq.o
 .text.USBD_CtlSendData
                0x000000000800adb8       0x36 ./Middlewares/ST/STM32_USB_Device_Library/Core/Src/usbd_ioreq.o
                0x000000000800adb8                USBD_CtlSendData
 .text.USBD_CtlContinueSendData
                0x000000000800adee       0x22 ./Middlewares/ST/STM32_USB_Device_Library/Core/Src/usbd_ioreq.o
                0x000000000800adee                USBD_CtlContinueSendData
 .text.USBD_CtlPrepareRx
                0x000000000800ae10       0x3a ./Middlewares/ST/STM32_USB_Device_Library/Core/Src/usbd_ioreq.o
                0x000000000800ae10                USBD_CtlPrepareRx
 .text.USBD_CtlContinueRx
                0x000000000800ae4a       0x22 ./Middlewares/ST/STM32_USB_Device_Library/Core/Src/usbd_ioreq.o
                0x000000000800ae4a                USBD_CtlContinueRx
 .text.USBD_CtlSendStatus
                0x000000000800ae6c       0x26 ./Middlewares/ST/STM32_USB_Device_Library/Core/Src/usbd_ioreq.o
                0x000000000800ae6c                USBD_CtlSendStatus
 .text.USBD_CtlReceiveStatus
                0x000000000800ae92       0x26 ./Middlewares/ST/STM32_USB_Device_Library/Core/Src/usbd_ioreq.o
                0x000000000800ae92                USBD_CtlReceiveStatus
 .text.SVC_Setup
                0x000000000800aeb8        0xe ./Middlewares/Third_Party/FreeRTOS/Source/CMSIS_RTOS_V2/cmsis_os2.o
 *fill*         0x000000000800aec6        0x2 
 .text.osKernelInitialize
                0x000000000800aec8       0x68 ./Middlewares/Third_Party/FreeRTOS/Source/CMSIS_RTOS_V2/cmsis_os2.o
                0x000000000800aec8                osKernelInitialize
 .text.osKernelStart
                0x000000000800af30       0x6c ./Middlewares/Third_Party/FreeRTOS/Source/CMSIS_RTOS_V2/cmsis_os2.o
                0x000000000800af30                osKernelStart
 .text.osThreadNew
                0x000000000800af9c      0x14c ./Middlewares/Third_Party/FreeRTOS/Source/CMSIS_RTOS_V2/cmsis_os2.o
                0x000000000800af9c                osThreadNew
 .text.osDelay  0x000000000800b0e8       0x5c ./Middlewares/Third_Party/FreeRTOS/Source/CMSIS_RTOS_V2/cmsis_os2.o
                0x000000000800b0e8                osDelay
 .text.TimerCallback
                0x000000000800b144       0x2a ./Middlewares/Third_Party/FreeRTOS/Source/CMSIS_RTOS_V2/cmsis_os2.o
 *fill*         0x000000000800b16e        0x2 
 .text.osTimerNew
                0x000000000800b170      0x108 ./Middlewares/Third_Party/FreeRTOS/Source/CMSIS_RTOS_V2/cmsis_os2.o
                0x000000000800b170                osTimerNew
 .text.osMessageQueueNew
                0x000000000800b278      0x10c ./Middlewares/Third_Party/FreeRTOS/Source/CMSIS_RTOS_V2/cmsis_os2.o
                0x000000000800b278                osMessageQueueNew
 .text.vApplicationGetIdleTaskMemory
                0x000000000800b384       0x34 ./Middlewares/Third_Party/FreeRTOS/Source/CMSIS_RTOS_V2/cmsis_os2.o
                0x000000000800b384                vApplicationGetIdleTaskMemory
 .text.vApplicationGetTimerTaskMemory
                0x000000000800b3b8       0x34 ./Middlewares/Third_Party/FreeRTOS/Source/CMSIS_RTOS_V2/cmsis_os2.o
                0x000000000800b3b8                vApplicationGetTimerTaskMemory
 .text.vListInitialise
                0x000000000800b3ec       0x40 ./Middlewares/Third_Party/FreeRTOS/Source/list.o
                0x000000000800b3ec                vListInitialise
 .text.vListInitialiseItem
                0x000000000800b42c       0x1a ./Middlewares/Third_Party/FreeRTOS/Source/list.o
                0x000000000800b42c                vListInitialiseItem
 .text.vListInsertEnd
                0x000000000800b446       0x48 ./Middlewares/Third_Party/FreeRTOS/Source/list.o
                0x000000000800b446                vListInsertEnd
 .text.vListInsert
                0x000000000800b48e       0x72 ./Middlewares/Third_Party/FreeRTOS/Source/list.o
                0x000000000800b48e                vListInsert
 .text.uxListRemove
                0x000000000800b500       0x54 ./Middlewares/Third_Party/FreeRTOS/Source/list.o
                0x000000000800b500                uxListRemove
 .text.xQueueGenericReset
                0x000000000800b554       0xd4 ./Middlewares/Third_Party/FreeRTOS/Source/queue.o
                0x000000000800b554                xQueueGenericReset
 .text.xQueueGenericCreateStatic
                0x000000000800b628      0x104 ./Middlewares/Third_Party/FreeRTOS/Source/queue.o
                0x000000000800b628                xQueueGenericCreateStatic
 .text.xQueueGenericCreate
                0x000000000800b72c       0x84 ./Middlewares/Third_Party/FreeRTOS/Source/queue.o
                0x000000000800b72c                xQueueGenericCreate
 .text.prvInitialiseNewQueue
                0x000000000800b7b0       0x46 ./Middlewares/Third_Party/FreeRTOS/Source/queue.o
 *fill*         0x000000000800b7f6        0x2 
 .text.xQueueGenericSend
                0x000000000800b7f8      0x20c ./Middlewares/Third_Party/FreeRTOS/Source/queue.o
                0x000000000800b7f8                xQueueGenericSend
 .text.xQueueGenericSendFromISR
                0x000000000800ba04      0x140 ./Middlewares/Third_Party/FreeRTOS/Source/queue.o
                0x000000000800ba04                xQueueGenericSendFromISR
 .text.xQueueReceive
                0x000000000800bb44      0x1cc ./Middlewares/Third_Party/FreeRTOS/Source/queue.o
                0x000000000800bb44                xQueueReceive
 .text.prvCopyDataToQueue
                0x000000000800bd10       0xd4 ./Middlewares/Third_Party/FreeRTOS/Source/queue.o
 .text.prvCopyDataFromQueue
                0x000000000800bde4       0x4c ./Middlewares/Third_Party/FreeRTOS/Source/queue.o
 .text.prvUnlockQueue
                0x000000000800be30       0xa4 ./Middlewares/Third_Party/FreeRTOS/Source/queue.o
 .text.prvIsQueueEmpty
                0x000000000800bed4       0x2c ./Middlewares/Third_Party/FreeRTOS/Source/queue.o
 .text.prvIsQueueFull
                0x000000000800bf00       0x30 ./Middlewares/Third_Party/FreeRTOS/Source/queue.o
 .text.vQueueAddToRegistry
                0x000000000800bf30       0x54 ./Middlewares/Third_Party/FreeRTOS/Source/queue.o
                0x000000000800bf30                vQueueAddToRegistry
 .text.vQueueWaitForMessageRestricted
                0x000000000800bf84       0x68 ./Middlewares/Third_Party/FreeRTOS/Source/queue.o
                0x000000000800bf84                vQueueWaitForMessageRestricted
 .text.xTaskCreateStatic
                0x000000000800bfec       0xc6 ./Middlewares/Third_Party/FreeRTOS/Source/tasks.o
                0x000000000800bfec                xTaskCreateStatic
 .text.xTaskCreate
                0x000000000800c0b2       0x8a ./Middlewares/Third_Party/FreeRTOS/Source/tasks.o
                0x000000000800c0b2                xTaskCreate
 .text.prvInitialiseNewTask
                0x000000000800c13c      0x150 ./Middlewares/Third_Party/FreeRTOS/Source/tasks.o
 .text.prvAddNewTaskToReadyList
                0x000000000800c28c       0xe0 ./Middlewares/Third_Party/FreeRTOS/Source/tasks.o
 .text.vTaskDelay
                0x000000000800c36c       0x6c ./Middlewares/Third_Party/FreeRTOS/Source/tasks.o
                0x000000000800c36c                vTaskDelay
 .text.vTaskStartScheduler
                0x000000000800c3d8       0xe8 ./Middlewares/Third_Party/FreeRTOS/Source/tasks.o
                0x000000000800c3d8                vTaskStartScheduler
 .text.vTaskSuspendAll
                0x000000000800c4c0       0x1c ./Middlewares/Third_Party/FreeRTOS/Source/tasks.o
                0x000000000800c4c0                vTaskSuspendAll
 .text.xTaskResumeAll
                0x000000000800c4dc      0x140 ./Middlewares/Third_Party/FreeRTOS/Source/tasks.o
                0x000000000800c4dc                xTaskResumeAll
 .text.xTaskGetTickCount
                0x000000000800c61c       0x20 ./Middlewares/Third_Party/FreeRTOS/Source/tasks.o
                0x000000000800c61c                xTaskGetTickCount
 .text.xTaskGetTickCountFromISR
                0x000000000800c63c       0x24 ./Middlewares/Third_Party/FreeRTOS/Source/tasks.o
                0x000000000800c63c                xTaskGetTickCountFromISR
 .text.xTaskIncrementTick
                0x000000000800c660      0x178 ./Middlewares/Third_Party/FreeRTOS/Source/tasks.o
                0x000000000800c660                xTaskIncrementTick
 .text.vTaskSwitchContext
                0x000000000800c7d8       0xcc ./Middlewares/Third_Party/FreeRTOS/Source/tasks.o
                0x000000000800c7d8                vTaskSwitchContext
 .text.vTaskPlaceOnEventList
                0x000000000800c8a4       0x4c ./Middlewares/Third_Party/FreeRTOS/Source/tasks.o
                0x000000000800c8a4                vTaskPlaceOnEventList
 .text.vTaskPlaceOnEventListRestricted
                0x000000000800c8f0       0x5c ./Middlewares/Third_Party/FreeRTOS/Source/tasks.o
                0x000000000800c8f0                vTaskPlaceOnEventListRestricted
 .text.xTaskRemoveFromEventList
                0x000000000800c94c       0xcc ./Middlewares/Third_Party/FreeRTOS/Source/tasks.o
                0x000000000800c94c                xTaskRemoveFromEventList
 .text.vTaskInternalSetTimeOutState
                0x000000000800ca18       0x2c ./Middlewares/Third_Party/FreeRTOS/Source/tasks.o
                0x000000000800ca18                vTaskInternalSetTimeOutState
 .text.xTaskCheckForTimeOut
                0x000000000800ca44       0xcc ./Middlewares/Third_Party/FreeRTOS/Source/tasks.o
                0x000000000800ca44                xTaskCheckForTimeOut
 .text.vTaskMissedYield
                0x000000000800cb10       0x18 ./Middlewares/Third_Party/FreeRTOS/Source/tasks.o
                0x000000000800cb10                vTaskMissedYield
 .text.prvIdleTask
                0x000000000800cb28       0x30 ./Middlewares/Third_Party/FreeRTOS/Source/tasks.o
 .text.prvInitialiseTaskLists
                0x000000000800cb58       0x80 ./Middlewares/Third_Party/FreeRTOS/Source/tasks.o
 .text.prvCheckTasksWaitingTermination
                0x000000000800cbd8       0x5c ./Middlewares/Third_Party/FreeRTOS/Source/tasks.o
 .text.prvTaskCheckFreeStackSpace
                0x000000000800cc34       0x38 ./Middlewares/Third_Party/FreeRTOS/Source/tasks.o
 .text.uxTaskGetStackHighWaterMark
                0x000000000800cc6c       0x38 ./Middlewares/Third_Party/FreeRTOS/Source/tasks.o
                0x000000000800cc6c                uxTaskGetStackHighWaterMark
 .text.prvDeleteTCB
                0x000000000800cca4       0x6c ./Middlewares/Third_Party/FreeRTOS/Source/tasks.o
 .text.prvResetNextTaskUnblockTime
                0x000000000800cd10       0x40 ./Middlewares/Third_Party/FreeRTOS/Source/tasks.o
 .text.xTaskGetSchedulerState
                0x000000000800cd50       0x3c ./Middlewares/Third_Party/FreeRTOS/Source/tasks.o
                0x000000000800cd50                xTaskGetSchedulerState
 .text.xTaskPriorityDisinherit
                0x000000000800cd8c       0xe4 ./Middlewares/Third_Party/FreeRTOS/Source/tasks.o
                0x000000000800cd8c                xTaskPriorityDisinherit
 .text.prvAddCurrentTaskToDelayedList
                0x000000000800ce70       0xa8 ./Middlewares/Third_Party/FreeRTOS/Source/tasks.o
 .text.xTimerCreateTimerTask
                0x000000000800cf18       0x94 ./Middlewares/Third_Party/FreeRTOS/Source/timers.o
                0x000000000800cf18                xTimerCreateTimerTask
 .text.xTimerCreate
                0x000000000800cfac       0x42 ./Middlewares/Third_Party/FreeRTOS/Source/timers.o
                0x000000000800cfac                xTimerCreate
 .text.xTimerCreateStatic
                0x000000000800cfee       0x84 ./Middlewares/Third_Party/FreeRTOS/Source/timers.o
                0x000000000800cfee                xTimerCreateStatic
 .text.prvInitialiseNewTimer
                0x000000000800d072       0x7a ./Middlewares/Third_Party/FreeRTOS/Source/timers.o
 .text.xTimerGenericCommand
                0x000000000800d0ec       0xa0 ./Middlewares/Third_Party/FreeRTOS/Source/timers.o
                0x000000000800d0ec                xTimerGenericCommand
 .text.prvProcessExpiredTimer
                0x000000000800d18c       0x9c ./Middlewares/Third_Party/FreeRTOS/Source/timers.o
 .text.prvTimerTask
                0x000000000800d228       0x24 ./Middlewares/Third_Party/FreeRTOS/Source/timers.o
 .text.prvProcessTimerOrBlockTask
                0x000000000800d24c       0x9c ./Middlewares/Third_Party/FreeRTOS/Source/timers.o
 .text.prvGetNextExpireTime
                0x000000000800d2e8       0x48 ./Middlewares/Third_Party/FreeRTOS/Source/timers.o
 .text.prvSampleTimeNow
                0x000000000800d330       0x40 ./Middlewares/Third_Party/FreeRTOS/Source/timers.o
 .text.prvInsertTimerInActiveList
                0x000000000800d370       0x84 ./Middlewares/Third_Party/FreeRTOS/Source/timers.o
 .text.prvProcessReceivedCommands
                0x000000000800d3f4      0x1d0 ./Middlewares/Third_Party/FreeRTOS/Source/timers.o
 .text.prvSwitchTimerLists
                0x000000000800d5c4       0xcc ./Middlewares/Third_Party/FreeRTOS/Source/timers.o
 .text.prvCheckForValidListAndQueue
                0x000000000800d690       0x80 ./Middlewares/Third_Party/FreeRTOS/Source/timers.o
 .text.pvTimerGetTimerID
                0x000000000800d710       0x44 ./Middlewares/Third_Party/FreeRTOS/Source/timers.o
                0x000000000800d710                pvTimerGetTimerID
 .text.pxPortInitialiseStack
                0x000000000800d754       0x68 ./Middlewares/Third_Party/FreeRTOS/Source/portable/GCC/ARM_CM7/r0p1/port.o
                0x000000000800d754                pxPortInitialiseStack
 .text.prvTaskExitError
                0x000000000800d7bc       0x60 ./Middlewares/Third_Party/FreeRTOS/Source/portable/GCC/ARM_CM7/r0p1/port.o
 *fill*         0x000000000800d81c        0x4 
 .text.SVC_Handler
                0x000000000800d820       0x28 ./Middlewares/Third_Party/FreeRTOS/Source/portable/GCC/ARM_CM7/r0p1/port.o
                0x000000000800d820                SVC_Handler
 .text.prvPortStartFirstTask
                0x000000000800d848       0x28 ./Middlewares/Third_Party/FreeRTOS/Source/portable/GCC/ARM_CM7/r0p1/port.o
 .text.xPortStartScheduler
                0x000000000800d870       0xfc ./Middlewares/Third_Party/FreeRTOS/Source/portable/GCC/ARM_CM7/r0p1/port.o
                0x000000000800d870                xPortStartScheduler
 .text.vPortEnterCritical
                0x000000000800d96c       0x68 ./Middlewares/Third_Party/FreeRTOS/Source/portable/GCC/ARM_CM7/r0p1/port.o
                0x000000000800d96c                vPortEnterCritical
 .text.vPortExitCritical
                0x000000000800d9d4       0x58 ./Middlewares/Third_Party/FreeRTOS/Source/portable/GCC/ARM_CM7/r0p1/port.o
                0x000000000800d9d4                vPortExitCritical
 *fill*         0x000000000800da2c        0x4 
 .text.PendSV_Handler
                0x000000000800da30       0x68 ./Middlewares/Third_Party/FreeRTOS/Source/portable/GCC/ARM_CM7/r0p1/port.o
                0x000000000800da30                PendSV_Handler
 .text.SysTick_Handler
                0x000000000800da98       0x48 ./Middlewares/Third_Party/FreeRTOS/Source/portable/GCC/ARM_CM7/r0p1/port.o
                0x000000000800da98                SysTick_Handler
 .text.vPortSetupTimerInterrupt
                0x000000000800dae0       0x48 ./Middlewares/Third_Party/FreeRTOS/Source/portable/GCC/ARM_CM7/r0p1/port.o
                0x000000000800dae0                vPortSetupTimerInterrupt
 .text.vPortEnableVFP
                0x000000000800db28       0x14 ./Middlewares/Third_Party/FreeRTOS/Source/portable/GCC/ARM_CM7/r0p1/port.o
 .text.vPortValidateInterruptPriority
                0x000000000800db3c       0x88 ./Middlewares/Third_Party/FreeRTOS/Source/portable/GCC/ARM_CM7/r0p1/port.o
                0x000000000800db3c                vPortValidateInterruptPriority
 .text.pvPortMalloc
                0x000000000800dbc4      0x194 ./Middlewares/Third_Party/FreeRTOS/Source/portable/MemMang/heap_4.o
                0x000000000800dbc4                pvPortMalloc
 .text.vPortFree
                0x000000000800dd58       0xbc ./Middlewares/Third_Party/FreeRTOS/Source/portable/MemMang/heap_4.o
                0x000000000800dd58                vPortFree
 .text.prvHeapInit
                0x000000000800de14       0xc4 ./Middlewares/Third_Party/FreeRTOS/Source/portable/MemMang/heap_4.o
 .text.prvInsertBlockIntoFreeList
                0x000000000800ded8       0xb4 ./Middlewares/Third_Party/FreeRTOS/Source/portable/MemMang/heap_4.o
 .text.MX_USB_DEVICE_Init
                0x000000000800df8c       0x60 ./USB_DEVICE/App/usb_device.o
                0x000000000800df8c                MX_USB_DEVICE_Init
 .text.CDC_Init_FS
                0x000000000800dfec       0x28 ./USB_DEVICE/App/usbd_cdc_if.o
 .text.CDC_DeInit_FS
                0x000000000800e014       0x10 ./USB_DEVICE/App/usbd_cdc_if.o
 .text.CDC_Control_FS
                0x000000000800e024       0xbc ./USB_DEVICE/App/usbd_cdc_if.o
 .text.CDC_Receive_FS
                0x000000000800e0e0       0x48 ./USB_DEVICE/App/usbd_cdc_if.o
 .text.CDC_TransmitCplt_FS
                0x000000000800e128       0x22 ./USB_DEVICE/App/usbd_cdc_if.o
 *fill*         0x000000000800e14a        0x2 
 .text.USBD_FS_DeviceDescriptor
                0x000000000800e14c       0x24 ./USB_DEVICE/App/usbd_desc.o
                0x000000000800e14c                USBD_FS_DeviceDescriptor
 .text.USBD_FS_LangIDStrDescriptor
                0x000000000800e170       0x24 ./USB_DEVICE/App/usbd_desc.o
                0x000000000800e170                USBD_FS_LangIDStrDescriptor
 .text.USBD_FS_ProductStrDescriptor
                0x000000000800e194       0x3c ./USB_DEVICE/App/usbd_desc.o
                0x000000000800e194                USBD_FS_ProductStrDescriptor
 .text.USBD_FS_ManufacturerStrDescriptor
                0x000000000800e1d0       0x28 ./USB_DEVICE/App/usbd_desc.o
                0x000000000800e1d0                USBD_FS_ManufacturerStrDescriptor
 .text.USBD_FS_SerialStrDescriptor
                0x000000000800e1f8       0x24 ./USB_DEVICE/App/usbd_desc.o
                0x000000000800e1f8                USBD_FS_SerialStrDescriptor
 .text.USBD_FS_ConfigStrDescriptor
                0x000000000800e21c       0x3c ./USB_DEVICE/App/usbd_desc.o
                0x000000000800e21c                USBD_FS_ConfigStrDescriptor
 .text.USBD_FS_InterfaceStrDescriptor
                0x000000000800e258       0x3c ./USB_DEVICE/App/usbd_desc.o
                0x000000000800e258                USBD_FS_InterfaceStrDescriptor
 .text.USBD_FS_USR_BOSDescriptor
                0x000000000800e294       0x24 ./USB_DEVICE/App/usbd_desc.o
                0x000000000800e294                USBD_FS_USR_BOSDescriptor
 .text.Get_SerialNum
                0x000000000800e2b8       0x58 ./USB_DEVICE/App/usbd_desc.o
 .text.IntToUnicode
                0x000000000800e310       0x7e ./USB_DEVICE/App/usbd_desc.o
 *fill*         0x000000000800e38e        0x2 
 .text.HAL_PCD_MspInit
                0x000000000800e390      0x104 ./USB_DEVICE/Target/usbd_conf.o
                0x000000000800e390                HAL_PCD_MspInit
 .text.HAL_PCD_SetupStageCallback
                0x000000000800e494       0x24 ./USB_DEVICE/Target/usbd_conf.o
                0x000000000800e494                HAL_PCD_SetupStageCallback
 .text.HAL_PCD_DataOutStageCallback
                0x000000000800e4b8       0x36 ./USB_DEVICE/Target/usbd_conf.o
                0x000000000800e4b8                HAL_PCD_DataOutStageCallback
 .text.HAL_PCD_DataInStageCallback
                0x000000000800e4ee       0x34 ./USB_DEVICE/Target/usbd_conf.o
                0x000000000800e4ee                HAL_PCD_DataInStageCallback
 .text.HAL_PCD_SOFCallback
                0x000000000800e522       0x1c ./USB_DEVICE/Target/usbd_conf.o
                0x000000000800e522                HAL_PCD_SOFCallback
 .text.HAL_PCD_ResetCallback
                0x000000000800e53e       0x50 ./USB_DEVICE/Target/usbd_conf.o
                0x000000000800e53e                HAL_PCD_ResetCallback
 *fill*         0x000000000800e58e        0x2 
 .text.HAL_PCD_SuspendCallback
                0x000000000800e590       0x4c ./USB_DEVICE/Target/usbd_conf.o
                0x000000000800e590                HAL_PCD_SuspendCallback
 .text.HAL_PCD_ResumeCallback
                0x000000000800e5dc       0x1c ./USB_DEVICE/Target/usbd_conf.o
                0x000000000800e5dc                HAL_PCD_ResumeCallback
 .text.HAL_PCD_ISOOUTIncompleteCallback
                0x000000000800e5f8       0x24 ./USB_DEVICE/Target/usbd_conf.o
                0x000000000800e5f8                HAL_PCD_ISOOUTIncompleteCallback
 .text.HAL_PCD_ISOINIncompleteCallback
                0x000000000800e61c       0x24 ./USB_DEVICE/Target/usbd_conf.o
                0x000000000800e61c                HAL_PCD_ISOINIncompleteCallback
 .text.HAL_PCD_ConnectCallback
                0x000000000800e640       0x1c ./USB_DEVICE/Target/usbd_conf.o
                0x000000000800e640                HAL_PCD_ConnectCallback
 .text.HAL_PCD_DisconnectCallback
                0x000000000800e65c       0x1c ./USB_DEVICE/Target/usbd_conf.o
                0x000000000800e65c                HAL_PCD_DisconnectCallback
 .text.USBD_LL_Init
                0x000000000800e678       0x98 ./USB_DEVICE/Target/usbd_conf.o
                0x000000000800e678                USBD_LL_Init
 .text.USBD_LL_Start
                0x000000000800e710       0x36 ./USB_DEVICE/Target/usbd_conf.o
                0x000000000800e710                USBD_LL_Start
 .text.USBD_LL_OpenEP
                0x000000000800e746       0x4c ./USB_DEVICE/Target/usbd_conf.o
                0x000000000800e746                USBD_LL_OpenEP
 .text.USBD_LL_CloseEP
                0x000000000800e792       0x3e ./USB_DEVICE/Target/usbd_conf.o
                0x000000000800e792                USBD_LL_CloseEP
 .text.USBD_LL_StallEP
                0x000000000800e7d0       0x3e ./USB_DEVICE/Target/usbd_conf.o
                0x000000000800e7d0                USBD_LL_StallEP
 .text.USBD_LL_ClearStallEP
                0x000000000800e80e       0x3e ./USB_DEVICE/Target/usbd_conf.o
                0x000000000800e80e                USBD_LL_ClearStallEP
 .text.USBD_LL_IsStallEP
                0x000000000800e84c       0x58 ./USB_DEVICE/Target/usbd_conf.o
                0x000000000800e84c                USBD_LL_IsStallEP
 .text.USBD_LL_SetUSBAddress
                0x000000000800e8a4       0x3e ./USB_DEVICE/Target/usbd_conf.o
                0x000000000800e8a4                USBD_LL_SetUSBAddress
 .text.USBD_LL_Transmit
                0x000000000800e8e2       0x42 ./USB_DEVICE/Target/usbd_conf.o
                0x000000000800e8e2                USBD_LL_Transmit
 .text.USBD_LL_PrepareReceive
                0x000000000800e924       0x42 ./USB_DEVICE/Target/usbd_conf.o
                0x000000000800e924                USBD_LL_PrepareReceive
 .text.USBD_LL_GetRxDataSize
                0x000000000800e966       0x26 ./USB_DEVICE/Target/usbd_conf.o
                0x000000000800e966                USBD_LL_GetRxDataSize
 .text.HAL_PCDEx_LPM_Callback
                0x000000000800e98c       0x9c ./USB_DEVICE/Target/usbd_conf.o
                0x000000000800e98c                HAL_PCDEx_LPM_Callback
 .text.SystemClockConfig_Resume
                0x000000000800ea28        0xc ./USB_DEVICE/Target/usbd_conf.o
 .text.USBD_Get_USB_Status
                0x000000000800ea34       0x58 ./USB_DEVICE/Target/usbd_conf.o
                0x000000000800ea34                USBD_Get_USB_Status
 .text.malloc   0x000000000800ea8c       0x10 C:/ST/STM32CubeIDE_1.11.2/STM32CubeIDE/plugins/com.st.stm32cube.ide.mcu.externaltools.gnu-tools-for-stm32.11.3.rel1.win32_1.1.0.202305231506/tools/bin/../lib/gcc/arm-none-eabi/11.3.1/../../../../arm-none-eabi/lib/thumb/v7e-m+dp/hard\libc_nano.a(libc_a-malloc.o)
                0x000000000800ea8c                malloc
 .text.free     0x000000000800ea9c       0x10 C:/ST/STM32CubeIDE_1.11.2/STM32CubeIDE/plugins/com.st.stm32cube.ide.mcu.externaltools.gnu-tools-for-stm32.11.3.rel1.win32_1.1.0.202305231506/tools/bin/../lib/gcc/arm-none-eabi/11.3.1/../../../../arm-none-eabi/lib/thumb/v7e-m+dp/hard\libc_nano.a(libc_a-malloc.o)
                0x000000000800ea9c                free
 .text.sbrk_aligned
                0x000000000800eaac       0x40 C:/ST/STM32CubeIDE_1.11.2/STM32CubeIDE/plugins/com.st.stm32cube.ide.mcu.externaltools.gnu-tools-for-stm32.11.3.rel1.win32_1.1.0.202305231506/tools/bin/../lib/gcc/arm-none-eabi/11.3.1/../../../../arm-none-eabi/lib/thumb/v7e-m+dp/hard\libc_nano.a(libc_a-mallocr.o)
 .text._malloc_r
                0x000000000800eaec      0x100 C:/ST/STM32CubeIDE_1.11.2/STM32CubeIDE/plugins/com.st.stm32cube.ide.mcu.externaltools.gnu-tools-for-stm32.11.3.rel1.win32_1.1.0.202305231506/tools/bin/../lib/gcc/arm-none-eabi/11.3.1/../../../../arm-none-eabi/lib/thumb/v7e-m+dp/hard\libc_nano.a(libc_a-mallocr.o)
                0x000000000800eaec                _malloc_r
 .text.__malloc_lock
                0x000000000800ebec        0xc C:/ST/STM32CubeIDE_1.11.2/STM32CubeIDE/plugins/com.st.stm32cube.ide.mcu.externaltools.gnu-tools-for-stm32.11.3.rel1.win32_1.1.0.202305231506/tools/bin/../lib/gcc/arm-none-eabi/11.3.1/../../../../arm-none-eabi/lib/thumb/v7e-m+dp/hard\libc_nano.a(libc_a-mlock.o)
                0x000000000800ebec                __malloc_lock
 .text.__malloc_unlock
                0x000000000800ebf8        0xc C:/ST/STM32CubeIDE_1.11.2/STM32CubeIDE/plugins/com.st.stm32cube.ide.mcu.externaltools.gnu-tools-for-stm32.11.3.rel1.win32_1.1.0.202305231506/tools/bin/../lib/gcc/arm-none-eabi/11.3.1/../../../../arm-none-eabi/lib/thumb/v7e-m+dp/hard\libc_nano.a(libc_a-mlock.o)
                0x000000000800ebf8                __malloc_unlock
 .text.memset   0x000000000800ec04       0x10 C:/ST/STM32CubeIDE_1.11.2/STM32CubeIDE/plugins/com.st.stm32cube.ide.mcu.externaltools.gnu-tools-for-stm32.11.3.rel1.win32_1.1.0.202305231506/tools/bin/../lib/gcc/arm-none-eabi/11.3.1/../../../../arm-none-eabi/lib/thumb/v7e-m+dp/hard\libc_nano.a(libc_a-memset.o)
                0x000000000800ec04                memset
 .text._reclaim_reent
                0x000000000800ec14       0xac C:/ST/STM32CubeIDE_1.11.2/STM32CubeIDE/plugins/com.st.stm32cube.ide.mcu.externaltools.gnu-tools-for-stm32.11.3.rel1.win32_1.1.0.202305231506/tools/bin/../lib/gcc/arm-none-eabi/11.3.1/../../../../arm-none-eabi/lib/thumb/v7e-m+dp/hard\libc_nano.a(libc_a-reent.o)
                0x000000000800ec14                _reclaim_reent
 .text._sbrk_r  0x000000000800ecc0       0x20 C:/ST/STM32CubeIDE_1.11.2/STM32CubeIDE/plugins/com.st.stm32cube.ide.mcu.externaltools.gnu-tools-for-stm32.11.3.rel1.win32_1.1.0.202305231506/tools/bin/../lib/gcc/arm-none-eabi/11.3.1/../../../../arm-none-eabi/lib/thumb/v7e-m+dp/hard\libc_nano.a(libc_a-sbrkr.o)
                0x000000000800ecc0                _sbrk_r
 .text.__errno  0x000000000800ece0        0xc C:/ST/STM32CubeIDE_1.11.2/STM32CubeIDE/plugins/com.st.stm32cube.ide.mcu.externaltools.gnu-tools-for-stm32.11.3.rel1.win32_1.1.0.202305231506/tools/bin/../lib/gcc/arm-none-eabi/11.3.1/../../../../arm-none-eabi/lib/thumb/v7e-m+dp/hard\libc_nano.a(libc_a-errno.o)
                0x000000000800ece0                __errno
 .text.__libc_init_array
                0x000000000800ecec       0x48 C:/ST/STM32CubeIDE_1.11.2/STM32CubeIDE/plugins/com.st.stm32cube.ide.mcu.externaltools.gnu-tools-for-stm32.11.3.rel1.win32_1.1.0.202305231506/tools/bin/../lib/gcc/arm-none-eabi/11.3.1/../../../../arm-none-eabi/lib/thumb/v7e-m+dp/hard\libc_nano.a(libc_a-init.o)
                0x000000000800ecec                __libc_init_array
 .text.__retarget_lock_acquire_recursive
                0x000000000800ed34        0x2 C:/ST/STM32CubeIDE_1.11.2/STM32CubeIDE/plugins/com.st.stm32cube.ide.mcu.externaltools.gnu-tools-for-stm32.11.3.rel1.win32_1.1.0.202305231506/tools/bin/../lib/gcc/arm-none-eabi/11.3.1/../../../../arm-none-eabi/lib/thumb/v7e-m+dp/hard\libc_nano.a(libc_a-lock.o)
                0x000000000800ed34                __retarget_lock_acquire_recursive
 .text.__retarget_lock_release_recursive
                0x000000000800ed36        0x2 C:/ST/STM32CubeIDE_1.11.2/STM32CubeIDE/plugins/com.st.stm32cube.ide.mcu.externaltools.gnu-tools-for-stm32.11.3.rel1.win32_1.1.0.202305231506/tools/bin/../lib/gcc/arm-none-eabi/11.3.1/../../../../arm-none-eabi/lib/thumb/v7e-m+dp/hard\libc_nano.a(libc_a-lock.o)
                0x000000000800ed36                __retarget_lock_release_recursive
 .text.memcpy   0x000000000800ed38       0x1c C:/ST/STM32CubeIDE_1.11.2/STM32CubeIDE/plugins/com.st.stm32cube.ide.mcu.externaltools.gnu-tools-for-stm32.11.3.rel1.win32_1.1.0.202305231506/tools/bin/../lib/gcc/arm-none-eabi/11.3.1/../../../../arm-none-eabi/lib/thumb/v7e-m+dp/hard\libc_nano.a(libc_a-memcpy-stub.o)
                0x000000000800ed38                memcpy
 .text._free_r  0x000000000800ed54       0x98 C:/ST/STM32CubeIDE_1.11.2/STM32CubeIDE/plugins/com.st.stm32cube.ide.mcu.externaltools.gnu-tools-for-stm32.11.3.rel1.win32_1.1.0.202305231506/tools/bin/../lib/gcc/arm-none-eabi/11.3.1/../../../../arm-none-eabi/lib/thumb/v7e-m+dp/hard\libc_nano.a(libc_a-freer.o)
                0x000000000800ed54                _free_r
 *(.glue_7)
 .glue_7        0x000000000800edec        0x0 linker stubs
 *(.glue_7t)
 .glue_7t       0x000000000800edec        0x0 linker stubs
 *(.eh_frame)
 .eh_frame      0x000000000800edec        0x0 C:/ST/STM32CubeIDE_1.11.2/STM32CubeIDE/plugins/com.st.stm32cube.ide.mcu.externaltools.gnu-tools-for-stm32.11.3.rel1.win32_1.1.0.202305231506/tools/bin/../lib/gcc/arm-none-eabi/11.3.1/thumb/v7e-m+dp/hard/crtbegin.o
 *(.init)
 .init          0x000000000800edec        0x4 C:/ST/STM32CubeIDE_1.11.2/STM32CubeIDE/plugins/com.st.stm32cube.ide.mcu.externaltools.gnu-tools-for-stm32.11.3.rel1.win32_1.1.0.202305231506/tools/bin/../lib/gcc/arm-none-eabi/11.3.1/thumb/v7e-m+dp/hard/crti.o
                0x000000000800edec                _init
 .init          0x000000000800edf0        0x8 C:/ST/STM32CubeIDE_1.11.2/STM32CubeIDE/plugins/com.st.stm32cube.ide.mcu.externaltools.gnu-tools-for-stm32.11.3.rel1.win32_1.1.0.202305231506/tools/bin/../lib/gcc/arm-none-eabi/11.3.1/thumb/v7e-m+dp/hard/crtn.o
 *(.fini)
 .fini          0x000000000800edf8        0x4 C:/ST/STM32CubeIDE_1.11.2/STM32CubeIDE/plugins/com.st.stm32cube.ide.mcu.externaltools.gnu-tools-for-stm32.11.3.rel1.win32_1.1.0.202305231506/tools/bin/../lib/gcc/arm-none-eabi/11.3.1/thumb/v7e-m+dp/hard/crti.o
                0x000000000800edf8                _fini
 .fini          0x000000000800edfc        0x8 C:/ST/STM32CubeIDE_1.11.2/STM32CubeIDE/plugins/com.st.stm32cube.ide.mcu.externaltools.gnu-tools-for-stm32.11.3.rel1.win32_1.1.0.202305231506/tools/bin/../lib/gcc/arm-none-eabi/11.3.1/thumb/v7e-m+dp/hard/crtn.o
                0x000000000800ee04                . = ALIGN (0x4)
                0x000000000800ee04                _etext = .

.vfp11_veneer   0x000000000800ee04        0x0
 .vfp11_veneer  0x000000000800ee04        0x0 linker stubs

.v4_bx          0x000000000800ee04        0x0
 .v4_bx         0x000000000800ee04        0x0 linker stubs

.iplt           0x000000000800ee04        0x0
 .iplt          0x000000000800ee04        0x0 C:/ST/STM32CubeIDE_1.11.2/STM32CubeIDE/plugins/com.st.stm32cube.ide.mcu.externaltools.gnu-tools-for-stm32.11.3.rel1.win32_1.1.0.202305231506/tools/bin/../lib/gcc/arm-none-eabi/11.3.1/thumb/v7e-m+dp/hard/crtbegin.o

.rodata         0x000000000800ee04      0x5bc
                0x000000000800ee04                . = ALIGN (0x4)
 *(.rodata)
 .rodata        0x000000000800ee04        0x9 ./Core/Inc/SEGGER_RTT.o
 *fill*         0x000000000800ee0d        0x3 
 .rodata        0x000000000800ee10       0x10 ./Core/Inc/SEGGER_SYSVIEW.o
 .rodata        0x000000000800ee20       0x41 ./Core/Inc/SEGGER_SYSVIEW_Config_FreeRTOS.o
 *fill*         0x000000000800ee61        0x3 
 .rodata        0x000000000800ee64        0x5 ./Core/Src/CRC32.o
 *fill*         0x000000000800ee69        0x3 
 .rodata        0x000000000800ee6c       0x3d ./Core/Src/main.o
 *fill*         0x000000000800eea9        0x3 
 .rodata        0x000000000800eeac        0x5 ./Middlewares/Third_Party/FreeRTOS/Source/tasks.o
 *fill*         0x000000000800eeb1        0x3 
 .rodata        0x000000000800eeb4        0xd ./Middlewares/Third_Party/FreeRTOS/Source/timers.o
 *fill*         0x000000000800eec1        0x3 
 .rodata        0x000000000800eec4        0x4 ./USB_DEVICE/App/usbd_cdc_if.o
 .rodata        0x000000000800eec8       0x46 ./USB_DEVICE/App/usbd_desc.o
 *(.rodata*)
 *fill*         0x000000000800ef0e        0x2 
 .rodata._aInitStr.0
                0x000000000800ef10       0x11 ./Core/Inc/SEGGER_RTT.o
 *fill*         0x000000000800ef21        0x3 
 .rodata._abSync
                0x000000000800ef24        0xa ./Core/Inc/SEGGER_SYSVIEW.o
 *fill*         0x000000000800ef2e        0x2 
 .rodata.SYSVIEW_X_OS_TraceAPI
                0x000000000800ef30        0x8 ./Core/Inc/SEGGER_SYSVIEW_FreeRTOS.o
                0x000000000800ef30                SYSVIEW_X_OS_TraceAPI
 .rodata.crc32_tab
                0x000000000800ef38      0x400 ./Core/Src/CRC32.o
                0x000000000800ef38                crc32_tab
 .rodata.defaultTask_attributes
                0x000000000800f338       0x24 ./Core/Src/main.o
                0x000000000800f338                defaultTask_attributes
 .rodata.commandReader_attributes
                0x000000000800f35c       0x24 ./Core/Src/main.o
                0x000000000800f35c                commandReader_attributes
 .rodata.commandQueue_attributes
                0x000000000800f380       0x18 ./Core/Src/main.o
                0x000000000800f380                commandQueue_attributes
 .rodata.testCommandTimer_attributes
                0x000000000800f398       0x10 ./Core/Src/main.o
                0x000000000800f398                testCommandTimer_attributes
 .rodata.AHBPrescTable
                0x000000000800f3a8       0x10 ./Core/Src/system_stm32f7xx.o
                0x000000000800f3a8                AHBPrescTable
 .rodata.APBPrescTable
                0x000000000800f3b8        0x8 ./Core/Src/system_stm32f7xx.o
                0x000000000800f3b8                APBPrescTable
                0x000000000800f3c0                . = ALIGN (0x4)

.ARM.extab      0x000000000800f3c0        0x0
                0x000000000800f3c0                . = ALIGN (0x4)
 *(.ARM.extab* .gnu.linkonce.armextab.*)
                0x000000000800f3c0                . = ALIGN (0x4)

.ARM            0x000000000800f3c0        0x8
                0x000000000800f3c0                . = ALIGN (0x4)
                0x000000000800f3c0                __exidx_start = .
 *(.ARM.exidx*)
 .ARM.exidx     0x000000000800f3c0        0x8 C:/ST/STM32CubeIDE_1.11.2/STM32CubeIDE/plugins/com.st.stm32cube.ide.mcu.externaltools.gnu-tools-for-stm32.11.3.rel1.win32_1.1.0.202305231506/tools/bin/../lib/gcc/arm-none-eabi/11.3.1/thumb/v7e-m+dp/hard\libgcc.a(_udivmoddi4.o)
                0x000000000800f3c8                __exidx_end = .
                0x000000000800f3c8                . = ALIGN (0x4)

.rel.dyn        0x000000000800f3c8        0x0
 .rel.iplt      0x000000000800f3c8        0x0 C:/ST/STM32CubeIDE_1.11.2/STM32CubeIDE/plugins/com.st.stm32cube.ide.mcu.externaltools.gnu-tools-for-stm32.11.3.rel1.win32_1.1.0.202305231506/tools/bin/../lib/gcc/arm-none-eabi/11.3.1/thumb/v7e-m+dp/hard/crtbegin.o

.preinit_array  0x000000000800f3c8        0x0
                0x000000000800f3c8                . = ALIGN (0x4)
                0x000000000800f3c8                PROVIDE (__preinit_array_start = .)
 *(.preinit_array*)
                0x000000000800f3c8                PROVIDE (__preinit_array_end = .)
                0x000000000800f3c8                . = ALIGN (0x4)

.init_array     0x000000000800f3c8        0x4
                0x000000000800f3c8                . = ALIGN (0x4)
                0x000000000800f3c8                PROVIDE (__init_array_start = .)
 *(SORT_BY_NAME(.init_array.*))
 *(.init_array*)
 .init_array    0x000000000800f3c8        0x4 C:/ST/STM32CubeIDE_1.11.2/STM32CubeIDE/plugins/com.st.stm32cube.ide.mcu.externaltools.gnu-tools-for-stm32.11.3.rel1.win32_1.1.0.202305231506/tools/bin/../lib/gcc/arm-none-eabi/11.3.1/thumb/v7e-m+dp/hard/crtbegin.o
                0x000000000800f3cc                PROVIDE (__init_array_end = .)
                0x000000000800f3cc                . = ALIGN (0x4)

.fini_array     0x000000000800f3cc        0x4
                0x000000000800f3cc                . = ALIGN (0x4)
                [!provide]                        PROVIDE (__fini_array_start = .)
 *(SORT_BY_NAME(.fini_array.*))
 *(.fini_array*)
 .fini_array    0x000000000800f3cc        0x4 C:/ST/STM32CubeIDE_1.11.2/STM32CubeIDE/plugins/com.st.stm32cube.ide.mcu.externaltools.gnu-tools-for-stm32.11.3.rel1.win32_1.1.0.202305231506/tools/bin/../lib/gcc/arm-none-eabi/11.3.1/thumb/v7e-m+dp/hard/crtbegin.o
                [!provide]                        PROVIDE (__fini_array_end = .)
                0x000000000800f3d0                . = ALIGN (0x4)
                0x000000000800f3d0                _sidata = LOADADDR (.data)

.data           0x0000000020000000      0x160 load address 0x000000000800f3d0
                0x0000000020000000                . = ALIGN (0x4)
                0x0000000020000000                _sdata = .
 *(.data)
 *(.data*)
 .data.SystemCoreClock
                0x0000000020000000        0x4 ./Core/Src/system_stm32f7xx.o
                0x0000000020000000                SystemCoreClock
 .data.uwTickPrio
                0x0000000020000004        0x4 ./Drivers/STM32F7xx_HAL_Driver/Src/stm32f7xx_hal.o
                0x0000000020000004                uwTickPrio
 .data.uwTickFreq
                0x0000000020000008        0x1 ./Drivers/STM32F7xx_HAL_Driver/Src/stm32f7xx_hal.o
                0x0000000020000008                uwTickFreq
 *fill*         0x0000000020000009        0x3 
 .data.USBD_CDC_DeviceQualifierDesc
                0x000000002000000c        0xa ./Middlewares/ST/STM32_USB_Device_Library/Class/CDC/Src/usbd_cdc.o
 *fill*         0x0000000020000016        0x2 
 .data.USBD_CDC
                0x0000000020000018       0x38 ./Middlewares/ST/STM32_USB_Device_Library/Class/CDC/Src/usbd_cdc.o
                0x0000000020000018                USBD_CDC
 .data.USBD_CDC_CfgDesc