Archive member included to satisfy reference by file (symbol)

C:/ST/STM32CubeIDE_1.11.2/STM32CubeIDE/plugins/com.st.stm32cube.ide.mcu.externaltools.gnu-tools-for-stm32.11.3.rel1.win32_1.1.100.202309141235/tools/bin/../lib/gcc/arm-none-eabi/11.3.1/../../../../arm-none-eabi/lib/thumb/v7e-m+dp/hard\libc_nano.a(libc_a-exit.o)
                              C:/ST/STM32CubeIDE_1.11.2/STM32CubeIDE/plugins/com.st.stm32cube.ide.mcu.externaltools.gnu-tools-for-stm32.11.3.rel1.win32_1.1.100.202309141235/tools/bin/../lib/gcc/arm-none-eabi/11.3.1/../../../../arm-none-eabi/lib/thumb/v7e-m+dp/hard/crt0.o (exit)
C:/ST/STM32CubeIDE_1.11.2/STM32CubeIDE/plugins/com.st.stm32cube.ide.mcu.externaltools.gnu-tools-for-stm32.11.3.rel1.win32_1.1.100.202309141235/tools/bin/../lib/gcc/arm-none-eabi/11.3.1/../../../../arm-none-eabi/lib/thumb/v7e-m+dp/hard\libc_nano.a(libc_a-malloc.o)
                              ./Middlewares/ST/STM32_USB_Device_Library/Class/CDC/Src/usbd_cdc.o (malloc)
C:/ST/STM32CubeIDE_1.11.2/STM32CubeIDE/plugins/com.st.stm32cube.ide.mcu.externaltools.gnu-tools-for-stm32.11.3.rel1.win32_1.1.100.202309141235/tools/bin/../lib/gcc/arm-none-eabi/11.3.1/../../../../arm-none-eabi/lib/thumb/v7e-m+dp/hard\libc_nano.a(libc_a-mallocr.o)
                              C:/ST/STM32CubeIDE_1.11.2/STM32CubeIDE/plugins/com.st.stm32cube.ide.mcu.externaltools.gnu-tools-for-stm32.11.3.rel1.win32_1.1.100.202309141235/tools/bin/../lib/gcc/arm-none-eabi/11.3.1/../../../../arm-none-eabi/lib/thumb/v7e-m+dp/hard\libc_nano.a(libc_a-malloc.o) (_malloc_r)
C:/ST/STM32CubeIDE_1.11.2/STM32CubeIDE/plugins/com.st.stm32cube.ide.mcu.externaltools.gnu-tools-for-stm32.11.3.rel1.win32_1.1.100.202309141235/tools/bin/../lib/gcc/arm-none-eabi/11.3.1/../../../../arm-none-eabi/lib/thumb/v7e-m+dp/hard\libc_nano.a(libc_a-mlock.o)
                              C:/ST/STM32CubeIDE_1.11.2/STM32CubeIDE/plugins/com.st.stm32cube.ide.mcu.externaltools.gnu-tools-for-stm32.11.3.rel1.win32_1.1.100.202309141235/tools/bin/../lib/gcc/arm-none-eabi/11.3.1/../../../../arm-none-eabi/lib/thumb/v7e-m+dp/hard\libc_nano.a(libc_a-mallocr.o) (__malloc_lock)
C:/ST/STM32CubeIDE_1.11.2/STM32CubeIDE/plugins/com.st.stm32cube.ide.mcu.externaltools.gnu-tools-for-stm32.11.3.rel1.win32_1.1.100.202309141235/tools/bin/../lib/gcc/arm-none-eabi/11.3.1/../../../../arm-none-eabi/lib/thumb/v7e-m+dp/hard\libc_nano.a(libc_a-strtoul.o)
                              ./Core/Src/CRC32.o (strtoul)
C:/ST/STM32CubeIDE_1.11.2/STM32CubeIDE/plugins/com.st.stm32cube.ide.mcu.externaltools.gnu-tools-for-stm32.11.3.rel1.win32_1.1.100.202309141235/tools/bin/../lib/gcc/arm-none-eabi/11.3.1/../../../../arm-none-eabi/lib/thumb/v7e-m+dp/hard\libc_nano.a(libc_a-ctype_.o)
                              C:/ST/STM32CubeIDE_1.11.2/STM32CubeIDE/plugins/com.st.stm32cube.ide.mcu.externaltools.gnu-tools-for-stm32.11.3.rel1.win32_1.1.100.202309141235/tools/bin/../lib/gcc/arm-none-eabi/11.3.1/../../../../arm-none-eabi/lib/thumb/v7e-m+dp/hard\libc_nano.a(libc_a-strtoul.o) (_ctype_)
C:/ST/STM32CubeIDE_1.11.2/STM32CubeIDE/plugins/com.st.stm32cube.ide.mcu.externaltools.gnu-tools-for-stm32.11.3.rel1.win32_1.1.100.202309141235/tools/bin/../lib/gcc/arm-none-eabi/11.3.1/../../../../arm-none-eabi/lib/thumb/v7e-m+dp/hard\libc_nano.a(libc_a-findfp.o)
                              ./Middlewares/Third_Party/FreeRTOS/Source/tasks.o (__sf)
C:/ST/STM32CubeIDE_1.11.2/STM32CubeIDE/plugins/com.st.stm32cube.ide.mcu.externaltools.gnu-tools-for-stm32.11.3.rel1.win32_1.1.100.202309141235/tools/bin/../lib/gcc/arm-none-eabi/11.3.1/../../../../arm-none-eabi/lib/thumb/v7e-m+dp/hard\libc_nano.a(libc_a-fwalk.o)
                              C:/ST/STM32CubeIDE_1.11.2/STM32CubeIDE/plugins/com.st.stm32cube.ide.mcu.externaltools.gnu-tools-for-stm32.11.3.rel1.win32_1.1.100.202309141235/tools/bin/../lib/gcc/arm-none-eabi/11.3.1/../../../../arm-none-eabi/lib/thumb/v7e-m+dp/hard\libc_nano.a(libc_a-findfp.o) (_fwalk_sglue)
C:/ST/STM32CubeIDE_1.11.2/STM32CubeIDE/plugins/com.st.stm32cube.ide.mcu.externaltools.gnu-tools-for-stm32.11.3.rel1.win32_1.1.100.202309141235/tools/bin/../lib/gcc/arm-none-eabi/11.3.1/../../../../arm-none-eabi/lib/thumb/v7e-m+dp/hard\libc_nano.a(libc_a-sprintf.o)
                              ./Core/Src/CRC32.o (sprintf)
C:/ST/STM32CubeIDE_1.11.2/STM32CubeIDE/plugins/com.st.stm32cube.ide.mcu.externaltools.gnu-tools-for-stm32.11.3.rel1.win32_1.1.100.202309141235/tools/bin/../lib/gcc/arm-none-eabi/11.3.1/../../../../arm-none-eabi/lib/thumb/v7e-m+dp/hard\libc_nano.a(libc_a-stdio.o)
                              C:/ST/STM32CubeIDE_1.11.2/STM32CubeIDE/plugins/com.st.stm32cube.ide.mcu.externaltools.gnu-tools-for-stm32.11.3.rel1.win32_1.1.100.202309141235/tools/bin/../lib/gcc/arm-none-eabi/11.3.1/../../../../arm-none-eabi/lib/thumb/v7e-m+dp/hard\libc_nano.a(libc_a-findfp.o) (__sread)
[...]
Memory Configuration

Name             Origin             Length             Attributes
RAM              0x0000000020000000 0x0000000000080000 xrw
FLASH            0x0000000008000000 0x0000000000200000 xr
*default*        0x0000000000000000 0xffffffffffffffff

Linker script and memory map

LOAD C:/ST/STM32CubeIDE_1.11.2/STM32CubeIDE/plugins/com.st.stm32cube.ide.mcu.externaltools.gnu-tools-for-stm32.11.3.rel1.win32_1.1.100.202309141235/tools/bin/../lib/gcc/arm-none-eabi/11.3.1/thumb/v7e-m+dp/hard/crti.o
LOAD C:/ST/STM32CubeIDE_1.11.2/STM32CubeIDE/plugins/com.st.stm32cube.ide.mcu.externaltools.gnu-tools-for-stm32.11.3.rel1.win32_1.1.100.202309141235/tools/bin/../lib/gcc/arm-none-eabi/11.3.1/thumb/v7e-m+dp/hard/crtbegin.o
LOAD C:/ST/STM32CubeIDE_1.11.2/STM32CubeIDE/plugins/com.st.stm32cube.ide.mcu.externaltools.gnu-tools-for-stm32.11.3.rel1.win32_1.1.100.202309141235/tools/bin/../lib/gcc/arm-none-eabi/11.3.1/../../../../arm-none-eabi/lib/thumb/v7e-m+dp/hard/crt0.o
LOAD ./Core/Inc/SEGGER_RTT.o
LOAD ./Core/Inc/SEGGER_RTT_ASM_ARMv7M.o
LOAD ./Core/Inc/SEGGER_RTT_Syscalls_GCC.o
LOAD ./Core/Inc/SEGGER_RTT_Syscalls_IAR.o
LOAD ./Core/Inc/SEGGER_RTT_Syscalls_KEIL.o
LOAD ./Core/Inc/SEGGER_RTT_Syscalls_SES.o
LOAD ./Core/Inc/SEGGER_RTT_printf.o
LOAD ./Core/Inc/SEGGER_SYSVIEW.o
LOAD ./Core/Inc/SEGGER_SYSVIEW_Config_FreeRTOS.o
LOAD ./Core/Inc/SEGGER_SYSVIEW_FreeRTOS.o
LOAD ./Core/Src/CRC32.o
LOAD ./Core/Src/freertos.o
LOAD ./Core/Src/led_controls.o
LOAD ./Core/Src/main.o
LOAD ./Core/Src/stm32f7xx_hal_msp.o
LOAD ./Core/Src/stm32f7xx_hal_timebase_tim.o
LOAD ./Core/Src/stm32f7xx_it.o
LOAD ./Core/Src/syscalls.o
LOAD ./Core/Src/sysmem.o
LOAD ./Core/Src/system_stm32f7xx.o
LOAD ./Core/Startup/startup_stm32f767zitx.o
LOAD ./Drivers/STM32F7xx_HAL_Driver/Src/stm32f7xx_hal.o
LOAD ./Drivers/STM32F7xx_HAL_Driver/Src/stm32f7xx_hal_cortex.o
LOAD ./Drivers/STM32F7xx_HAL_Driver/Src/stm32f7xx_hal_crc.o
LOAD ./Drivers/STM32F7xx_HAL_Driver/Src/stm32f7xx_hal_crc_ex.o
LOAD ./Drivers/STM32F7xx_HAL_Driver/Src/stm32f7xx_hal_dma.o
LOAD ./Drivers/STM32F7xx_HAL_Driver/Src/stm32f7xx_hal_dma_ex.o
LOAD ./Drivers/STM32F7xx_HAL_Driver/Src/stm32f7xx_hal_eth.o
LOAD ./Drivers/STM32F7xx_HAL_Driver/Src/stm32f7xx_hal_exti.o
LOAD ./Drivers/STM32F7xx_HAL_Driver/Src/stm32f7xx_hal_flash.o
LOAD ./Drivers/STM32F7xx_HAL_Driver/Src/stm32f7xx_hal_flash_ex.o
LOAD ./Drivers/STM32F7xx_HAL_Driver/Src/stm32f7xx_hal_gpio.o
LOAD ./Drivers/STM32F7xx_HAL_Driver/Src/stm32f7xx_hal_i2c.o
LOAD ./Drivers/STM32F7xx_HAL_Driver/Src/stm32f7xx_hal_i2c_ex.o
LOAD ./Drivers/STM32F7xx_HAL_Driver/Src/stm32f7xx_hal_pcd.o
LOAD ./Drivers/STM32F7xx_HAL_Driver/Src/stm32f7xx_hal_pcd_ex.o
LOAD ./Drivers/STM32F7xx_HAL_Driver/Src/stm32f7xx_hal_pwr.o
LOAD ./Drivers/STM32F7xx_HAL_Driver/Src/stm32f7xx_hal_pwr_ex.o
LOAD ./Drivers/STM32F7xx_HAL_Driver/Src/stm32f7xx_hal_rcc.o
LOAD ./Drivers/STM32F7xx_HAL_Driver/Src/stm32f7xx_hal_rcc_ex.o
LOAD ./Drivers/STM32F7xx_HAL_Driver/Src/stm32f7xx_hal_tim.o
LOAD ./Drivers/STM32F7xx_HAL_Driver/Src/stm32f7xx_hal_tim_ex.o
LOAD ./Drivers/STM32F7xx_HAL_Driver/Src/stm32f7xx_hal_uart.o
LOAD ./Drivers/STM32F7xx_HAL_Driver/Src/stm32f7xx_hal_uart_ex.o
LOAD ./Drivers/STM32F7xx_HAL_Driver/Src/stm32f7xx_ll_usb.o
LOAD ./Middlewares/ST/STM32_USB_Device_Library/Class/CDC/Src/usbd_cdc.o
LOAD ./Middlewares/ST/STM32_USB_Device_Library/Core/Src/usbd_core.o
LOAD ./Middlewares/ST/STM32_USB_Device_Library/Core/Src/usbd_ctlreq.o
LOAD ./Middlewares/ST/STM32_USB_Device_Library/Core/Src/usbd_ioreq.o
LOAD ./Middlewares/Third_Party/FreeRTOS/Source/CMSIS_RTOS_V2/cmsis_os2.o
LOAD ./Middlewares/Third_Party/FreeRTOS/Source/croutine.o
LOAD ./Middlewares/Third_Party/FreeRTOS/Source/event_groups.o
LOAD ./Middlewares/Third_Party/FreeRTOS/Source/list.o
LOAD ./Middlewares/Third_Party/FreeRTOS/Source/queue.o
LOAD ./Middlewares/Third_Party/FreeRTOS/Source/stream_buffer.o
LOAD ./Middlewares/Third_Party/FreeRTOS/Source/tasks.o
LOAD ./Middlewares/Third_Party/FreeRTOS/Source/timers.o
LOAD ./Middlewares/Third_Party/FreeRTOS/Source/portable/GCC/ARM_CM7/r0p1/port.o
LOAD ./Middlewares/Third_Party/FreeRTOS/Source/portable/MemMang/heap_4.o
LOAD ./USB_DEVICE/App/usb_device.o
LOAD ./USB_DEVICE/App/usbd_cdc_if.o
LOAD ./USB_DEVICE/App/usbd_desc.o
LOAD ./USB_DEVICE/Target/usbd_conf.o
START GROUP
LOAD C:/ST/STM32CubeIDE_1.11.2/STM32CubeIDE/plugins/com.st.stm32cube.ide.mcu.externaltools.gnu-tools-for-stm32.11.3.rel1.win32_1.1.100.202309141235/tools/bin/../lib/gcc/arm-none-eabi/11.3.1/../../../../arm-none-eabi/lib/thumb/v7e-m+dp/hard\libc_nano.a
LOAD C:/ST/STM32CubeIDE_1.11.2/STM32CubeIDE/plugins/com.st.stm32cube.ide.mcu.externaltools.gnu-tools-for-stm32.11.3.rel1.win32_1.1.100.202309141235/tools/bin/../lib/gcc/arm-none-eabi/11.3.1/../../../../arm-none-eabi/lib/thumb/v7e-m+dp/hard\libm.a
END GROUP
START GROUP
LOAD C:/ST/STM32CubeIDE_1.11.2/STM32CubeIDE/plugins/com.st.stm32cube.ide.mcu.externaltools.gnu-tools-for-stm32.11.3.rel1.win32_1.1.100.202309141235/tools/bin/../lib/gcc/arm-none-eabi/11.3.1/thumb/v7e-m+dp/hard\libgcc.a
LOAD C:/ST/STM32CubeIDE_1.11.2/STM32CubeIDE/plugins/com.st.stm32cube.ide.mcu.externaltools.gnu-tools-for-stm32.11.3.rel1.win32_1.1.100.202309141235/tools/bin/../lib/gcc/arm-none-eabi/11.3.1/../../../../arm-none-eabi/lib/thumb/v7e-m+dp/hard\libc_nano.a
END GROUP
START GROUP
LOAD C:/ST/STM32CubeIDE_1.11.2/STM32CubeIDE/plugins/com.st.stm32cube.ide.mcu.externaltools.gnu-tools-for-stm32.11.3.rel1.win32_1.1.100.202309141235/tools/bin/../lib/gcc/arm-none-eabi/11.3.1/thumb/v7e-m+dp/hard\libgcc.a
LOAD C:/ST/STM32CubeIDE_1.11.2/STM32CubeIDE/plugins/com.st.stm32cube.ide.mcu.externaltools.gnu-tools-for-stm32.11.3.rel1.win32_1.1.100.202309141235/tools/bin/../lib/gcc/arm-none-eabi/11.3.1/../../../../arm-none-eabi/lib/thumb/v7e-m+dp/hard\libc_nano.a
LOAD C:/ST/STM32CubeIDE_1.11.2/STM32CubeIDE/plugins/com.st.stm32cube.ide.mcu.externaltools.gnu-tools-for-stm32.11.3.rel1.win32_1.1.100.202309141235/tools/bin/../lib/gcc/arm-none-eabi/11.3.1/../../../../arm-none-eabi/lib/thumb/v7e-m+dp/hard\libnosys.a
END GROUP
START GROUP
LOAD C:/ST/STM32CubeIDE_1.11.2/STM32CubeIDE/plugins/com.st.stm32cube.ide.mcu.externaltools.gnu-tools-for-stm32.11.3.rel1.win32_1.1.100.202309141235/tools/bin/../lib/gcc/arm-none-eabi/11.3.1/thumb/v7e-m+dp/hard\libgcc.a
LOAD C:/ST/STM32CubeIDE_1.11.2/STM32CubeIDE/plugins/com.st.stm32cube.ide.mcu.externaltools.gnu-tools-for-stm32.11.3.rel1.win32_1.1.100.202309141235/tools/bin/../lib/gcc/arm-none-eabi/11.3.1/../../../../arm-none-eabi/lib/thumb/v7e-m+dp/hard\libc_nano.a
LOAD C:/ST/STM32CubeIDE_1.11.2/STM32CubeIDE/plugins/com.st.stm32cube.ide.mcu.externaltools.gnu-tools-for-stm32.11.3.rel1.win32_1.1.100.202309141235/tools/bin/../lib/gcc/arm-none-eabi/11.3.1/../../../../arm-none-eabi/lib/thumb/v7e-m+dp/hard\libnosys.a
END GROUP
LOAD C:/ST/STM32CubeIDE_1.11.2/STM32CubeIDE/plugins/com.st.stm32cube.ide.mcu.externaltools.gnu-tools-for-stm32.11.3.rel1.win32_1.1.100.202309141235/tools/bin/../lib/gcc/arm-none-eabi/11.3.1/thumb/v7e-m+dp/hard/crtend.o
LOAD C:/ST/STM32CubeIDE_1.11.2/STM32CubeIDE/plugins/com.st.stm32cube.ide.mcu.externaltools.gnu-tools-for-stm32.11.3.rel1.win32_1.1.100.202309141235/tools/bin/../lib/gcc/arm-none-eabi/11.3.1/thumb/v7e-m+dp/hard/crtn.o
                0x0000000020080000                _estack = (ORIGIN (RAM) + LENGTH (RAM))
                0x0000000000000200                _Min_Heap_Size = 0x200
                0x0000000000000400                _Min_Stack_Size = 0x400

.isr_vector     0x0000000008000000      0x1f8
                0x0000000008000000                . = ALIGN (0x4)
 *(.isr_vector)
 .isr_vector    0x0000000008000000      0x1f8 ./Core/Startup/startup_stm32f767zitx.o
                0x0000000008000000                g_pfnVectors
                0x00000000080001f8                . = ALIGN (0x4)

.text           0x0000000008000200     0xfee0
                0x0000000008000200                . = ALIGN (0x4)
 *(.text)
 .text          0x0000000008000200       0x40 C:/ST/STM32CubeIDE_1.11.2/STM32CubeIDE/plugins/com.st.stm32cube.ide.mcu.externaltools.gnu-tools-for-stm32.11.3.rel1.win32_1.1.100.202309141235/tools/bin/../lib/gcc/arm-none-eabi/11.3.1/thumb/v7e-m+dp/hard/crtbegin.o
 .text          0x0000000008000240       0x94 ./Core/Inc/SEGGER_RTT_ASM_ARMv7M.o
                0x0000000008000240                SEGGER_RTT_ASM_WriteSkipNoLock
 *fill*         0x00000000080002d4        0xc 
 .text          0x00000000080002e0       0xa0 C:/ST/STM32CubeIDE_1.11.2/STM32CubeIDE/plugins/com.st.stm32cube.ide.mcu.externaltools.gnu-tools-for-stm32.11.3.rel1.win32_1.1.100.202309141235/tools/bin/../lib/gcc/arm-none-eabi/11.3.1/../../../../arm-none-eabi/lib/thumb/v7e-m+dp/hard\libc_nano.a(libc_a-memchr.o)
                0x00000000080002e0                memchr
 .text          0x0000000008000380       0x30 C:/ST/STM32CubeIDE_1.11.2/STM32CubeIDE/plugins/com.st.stm32cube.ide.mcu.externaltools.gnu-tools-for-stm32.11.3.rel1.win32_1.1.100.202309141235/tools/bin/../lib/gcc/arm-none-eabi/11.3.1/thumb/v7e-m+dp/hard\libgcc.a(_aeabi_uldivmod.o)
                0x0000000008000380                __aeabi_uldivmod
 .text          0x00000000080003b0      0x2c8 C:/ST/STM32CubeIDE_1.11.2/STM32CubeIDE/plugins/com.st.stm32cube.ide.mcu.externaltools.gnu-tools-for-stm32.11.3.rel1.win32_1.1.100.202309141235/tools/bin/../lib/gcc/arm-none-eabi/11.3.1/thumb/v7e-m+dp/hard\libgcc.a(_udivmoddi4.o)
                0x00000000080003b0                __udivmoddi4
 .text          0x0000000008000678        0x4 C:/ST/STM32CubeIDE_1.11.2/STM32CubeIDE/plugins/com.st.stm32cube.ide.mcu.externaltools.gnu-tools-for-stm32.11.3.rel1.win32_1.1.100.202309141235/tools/bin/../lib/gcc/arm-none-eabi/11.3.1/thumb/v7e-m+dp/hard\libgcc.a(_dvmd_tls.o)
                0x0000000008000678                __aeabi_idiv0
                0x0000000008000678                __aeabi_ldiv0
 *(.text*)
 .text._DoInit  0x000000000800067c       0xb4 ./Core/Inc/SEGGER_RTT.o
 .text.SEGGER_RTT_ReadNoLock
                0x0000000008000730      0x10c ./Core/Inc/SEGGER_RTT.o
                0x0000000008000730                SEGGER_RTT_ReadNoLock
 .text.SEGGER_RTT_AllocUpBuffer
                0x000000000800083c      0x108 ./Core/Inc/SEGGER_RTT.o
                0x000000000800083c                SEGGER_RTT_AllocUpBuffer
 .text.SEGGER_RTT_ConfigDownBuffer
                0x0000000008000944       0x98 ./Core/Inc/SEGGER_RTT.o
                0x0000000008000944                SEGGER_RTT_ConfigDownBuffer
 .text._EncodeStr
                0x00000000080009dc       0x60 ./Core/Inc/SEGGER_SYSVIEW.o
 .text._PreparePacket
                0x0000000008000a3c       0x18 ./Core/Inc/SEGGER_SYSVIEW.o
 .text._HandleIncomingPacket
                0x0000000008000a54       0xdc ./Core/Inc/SEGGER_SYSVIEW.o
 .text._TrySendOverflowPacket
                0x0000000008000b30       0xe4 ./Core/Inc/SEGGER_SYSVIEW.o
 .text._SendPacket
                0x0000000008000c14      0x2dc ./Core/Inc/SEGGER_SYSVIEW.o
 .text._VPrintHost
                0x0000000008000ef0      0x17c ./Core/Inc/SEGGER_SYSVIEW.o
 .text.SEGGER_SYSVIEW_Init
                0x000000000800106c       0x88 ./Core/Inc/SEGGER_SYSVIEW.o
                0x000000000800106c                SEGGER_SYSVIEW_Init
 .text.SEGGER_SYSVIEW_SetRAMBase
                0x00000000080010f4       0x20 ./Core/Inc/SEGGER_SYSVIEW.o
                0x00000000080010f4                SEGGER_SYSVIEW_SetRAMBase
 .text.SEGGER_SYSVIEW_RecordVoid
                0x0000000008001114       0x3c ./Core/Inc/SEGGER_SYSVIEW.o
                0x0000000008001114                SEGGER_SYSVIEW_RecordVoid
 .text.SEGGER_SYSVIEW_RecordU32
                0x0000000008001150       0x78 ./Core/Inc/SEGGER_SYSVIEW.o
                0x0000000008001150                SEGGER_SYSVIEW_RecordU32
 .text.SEGGER_SYSVIEW_RecordU32x2
                0x00000000080011c8       0xb4 ./Core/Inc/SEGGER_SYSVIEW.o
                0x00000000080011c8                SEGGER_SYSVIEW_RecordU32x2
 .text.SEGGER_SYSVIEW_Start
                0x000000000800127c      0x174 ./Core/Inc/SEGGER_SYSVIEW.o
                0x000000000800127c                SEGGER_SYSVIEW_Start
 .text.SEGGER_SYSVIEW_Stop
                0x00000000080013f0       0x4c ./Core/Inc/SEGGER_SYSVIEW.o
                0x00000000080013f0                SEGGER_SYSVIEW_Stop
 .text.SEGGER_SYSVIEW_GetSysDesc
                0x000000000800143c      0x134 ./Core/Inc/SEGGER_SYSVIEW.o
                0x000000000800143c                SEGGER_SYSVIEW_GetSysDesc
 .text.SEGGER_SYSVIEW_SendTaskInfo
                0x0000000008001570      0x1c8 ./Core/Inc/SEGGER_SYSVIEW.o
                0x0000000008001570                SEGGER_SYSVIEW_SendTaskInfo
 .text.SEGGER_SYSVIEW_SendTaskList
                0x0000000008001738       0x28 ./Core/Inc/SEGGER_SYSVIEW.o
                0x0000000008001738                SEGGER_SYSVIEW_SendTaskList
 .text.SEGGER_SYSVIEW_SendSysDesc
                0x0000000008001760       0x48 ./Core/Inc/SEGGER_SYSVIEW.o
                0x0000000008001760                SEGGER_SYSVIEW_SendSysDesc
 .text.SEGGER_SYSVIEW_RecordSystime
                0x00000000080017a8       0x64 ./Core/Inc/SEGGER_SYSVIEW.o
                0x00000000080017a8                SEGGER_SYSVIEW_RecordSystime
 .text.SEGGER_SYSVIEW_SendModule
                0x000000000800180c      0x114 ./Core/Inc/SEGGER_SYSVIEW.o
                0x000000000800180c                SEGGER_SYSVIEW_SendModule
 .text.SEGGER_SYSVIEW_SendModuleDescription
                0x0000000008001920       0x3c ./Core/Inc/SEGGER_SYSVIEW.o
                0x0000000008001920                SEGGER_SYSVIEW_SendModuleDescription
 .text.SEGGER_SYSVIEW_SendNumModules
                0x000000000800195c       0x7c ./Core/Inc/SEGGER_SYSVIEW.o
                0x000000000800195c                SEGGER_SYSVIEW_SendNumModules
 .text.SEGGER_SYSVIEW_PrintfHost
                0x00000000080019d8       0x28 ./Core/Inc/SEGGER_SYSVIEW.o
                0x00000000080019d8                SEGGER_SYSVIEW_PrintfHost
 .text._cbSendSystemDesc
                0x0000000008001a00       0x1c ./Core/Inc/SEGGER_SYSVIEW_Config_FreeRTOS.o
 .text.SEGGER_SYSVIEW_Conf
                0x0000000008001a1c       0x2c ./Core/Inc/SEGGER_SYSVIEW_Config_FreeRTOS.o
                0x0000000008001a1c                SEGGER_SYSVIEW_Conf
 .text._cbSendTaskList
                0x0000000008001a48       0xbc ./Core/Inc/SEGGER_SYSVIEW_FreeRTOS.o
 .text._cbGetTime
                0x0000000008001b04       0x86 ./Core/Inc/SEGGER_SYSVIEW_FreeRTOS.o
 .text.SYSVIEW_SendTaskInfo
                0x0000000008001b8a       0x42 ./Core/Inc/SEGGER_SYSVIEW_FreeRTOS.o
                0x0000000008001b8a                SYSVIEW_SendTaskInfo
 .text.CheckCRC
                0x0000000008001bcc       0xa8 ./Core/Src/CRC32.o
                0x0000000008001bcc                CheckCRC
 .text.main     0x0000000008001c74       0xc8 ./Core/Src/main.o
                0x0000000008001c74                main
 .text.SystemClock_Config
                0x0000000008001d3c       0xe4 ./Core/Src/main.o
                0x0000000008001d3c                SystemClock_Config
 .text.MX_CRC_Init
                0x0000000008001e20       0x44 ./Core/Src/main.o
 .text.MX_ETH_Init
                0x0000000008001e64       0x9c ./Core/Src/main.o
 .text.MX_TIM3_Init
                0x0000000008001f00       0xf0 ./Core/Src/main.o
 .text.MX_TIM4_Init
                0x0000000008001ff0       0xf0 ./Core/Src/main.o
 .text.MX_TIM12_Init
                0x00000000080020e0       0xc4 ./Core/Src/main.o
 .text.MX_USART3_UART_Init
                0x00000000080021a4       0x60 ./Core/Src/main.o
 .text.MX_GPIO_Init
                0x0000000008002204      0x114 ./Core/Src/main.o
 .text.StartDefaultTask
                0x0000000008002318       0x14 ./Core/Src/main.o
                0x0000000008002318                StartDefaultTask
 .text.commandReaderEntry
                0x000000000800232c      0x110 ./Core/Src/main.o
                0x000000000800232c                commandReaderEntry
 .text.ledBlinkTimerEntry
                0x000000000800243c       0x90 ./Core/Src/main.o
                0x000000000800243c                ledBlinkTimerEntry
 .text.HAL_TIM_PeriodElapsedCallback
                0x00000000080024cc       0x24 ./Core/Src/main.o
                0x00000000080024cc                HAL_TIM_PeriodElapsedCallback
 .text.Error_Handler
                0x00000000080024f0        0xa ./Core/Src/main.o
                0x00000000080024f0                Error_Handler
 *fill*         0x00000000080024fa        0x2 
 .text.HAL_MspInit
                0x00000000080024fc       0x50 ./Core/Src/stm32f7xx_hal_msp.o
                0x00000000080024fc                HAL_MspInit
 .text.HAL_CRC_MspInit
                0x000000000800254c       0x40 ./Core/Src/stm32f7xx_hal_msp.o
                0x000000000800254c                HAL_CRC_MspInit
 .text.HAL_ETH_MspInit
                0x000000000800258c      0x170 ./Core/Src/stm32f7xx_hal_msp.o
                0x000000000800258c                HAL_ETH_MspInit
 .text.HAL_TIM_Base_MspInit
                0x00000000080026fc       0x90 ./Core/Src/stm32f7xx_hal_msp.o
                0x00000000080026fc                HAL_TIM_Base_MspInit
 .text.HAL_TIM_MspPostInit
                0x000000000800278c      0x100 ./Core/Src/stm32f7xx_hal_msp.o
                0x000000000800278c                HAL_TIM_MspPostInit
 .text.HAL_UART_MspInit
                0x000000000800288c       0xc0 ./Core/Src/stm32f7xx_hal_msp.o
                0x000000000800288c                HAL_UART_MspInit
 .text.HAL_InitTick
                0x000000000800294c       0xf4 ./Core/Src/stm32f7xx_hal_timebase_tim.o
                0x000000000800294c                HAL_InitTick
 .text.NMI_Handler
                0x0000000008002a40        0x6 ./Core/Src/stm32f7xx_it.o
                0x0000000008002a40                NMI_Handler
 .text.HardFault_Handler
                0x0000000008002a46        0x6 ./Core/Src/stm32f7xx_it.o
                0x0000000008002a46                HardFault_Handler
 .text.MemManage_Handler
                0x0000000008002a4c        0x6 ./Core/Src/stm32f7xx_it.o
                0x0000000008002a4c                MemManage_Handler
 .text.BusFault_Handler
                0x0000000008002a52        0x6 ./Core/Src/stm32f7xx_it.o
                0x0000000008002a52                BusFault_Handler
 .text.UsageFault_Handler
                0x0000000008002a58        0x6 ./Core/Src/stm32f7xx_it.o
                0x0000000008002a58                UsageFault_Handler
 .text.DebugMon_Handler
                0x0000000008002a5e        0xe ./Core/Src/stm32f7xx_it.o
                0x0000000008002a5e                DebugMon_Handler
 .text.TIM6_DAC_IRQHandler
                0x0000000008002a6c       0x14 ./Core/Src/stm32f7xx_it.o
                0x0000000008002a6c                TIM6_DAC_IRQHandler
 .text.OTG_FS_IRQHandler
                0x0000000008002a80       0x14 ./Core/Src/stm32f7xx_it.o
                0x0000000008002a80                OTG_FS_IRQHandler
 .text._sbrk    0x0000000008002a94       0x6c ./Core/Src/sysmem.o
                0x0000000008002a94                _sbrk
 .text.SystemInit
                0x0000000008002b00       0x24 ./Core/Src/system_stm32f7xx.o
                0x0000000008002b00                SystemInit
 .text.Reset_Handler
                0x0000000008002b24       0x50 ./Core/Startup/startup_stm32f767zitx.o
                0x0000000008002b24                Reset_Handler
 .text.Default_Handler
                0x0000000008002b74        0x2 ./Core/Startup/startup_stm32f767zitx.o
                0x0000000008002b74                RTC_Alarm_IRQHandler
                0x0000000008002b74                EXTI2_IRQHandler
                0x0000000008002b74                TIM8_CC_IRQHandler
                0x0000000008002b74                UART8_IRQHandler
                0x0000000008002b74                SPI4_IRQHandler
                0x0000000008002b74                TIM1_CC_IRQHandler
                0x0000000008002b74                DMA2_Stream5_IRQHandler
                0x0000000008002b74                JPEG_IRQHandler
                0x0000000008002b74                DMA1_Stream5_IRQHandler
                0x0000000008002b74                CAN3_RX1_IRQHandler
                0x0000000008002b74                PVD_IRQHandler
                0x0000000008002b74                TAMP_STAMP_IRQHandler
                0x0000000008002b74                CAN2_RX1_IRQHandler
                0x0000000008002b74                EXTI3_IRQHandler
                0x0000000008002b74                TIM8_TRG_COM_TIM14_IRQHandler
                0x0000000008002b74                DFSDM1_FLT1_IRQHandler
                0x0000000008002b74                TIM1_UP_TIM10_IRQHandler
                0x0000000008002b74                TIM8_UP_TIM13_IRQHandler
                0x0000000008002b74                I2C3_ER_IRQHandler
                0x0000000008002b74                DFSDM1_FLT2_IRQHandler
                0x0000000008002b74                EXTI0_IRQHandler
                0x0000000008002b74                I2C2_EV_IRQHandler
                0x0000000008002b74                DMA1_Stream2_IRQHandler
                0x0000000008002b74                CAN1_RX0_IRQHandler
                0x0000000008002b74                FPU_IRQHandler
                0x0000000008002b74                OTG_HS_WKUP_IRQHandler
                0x0000000008002b74                CAN3_SCE_IRQHandler
                0x0000000008002b74                LTDC_ER_IRQHandler
                0x0000000008002b74                CAN2_SCE_IRQHandler
                0x0000000008002b74                DMA2_Stream2_IRQHandler
                0x0000000008002b74                SPI1_IRQHandler
                0x0000000008002b74                TIM1_BRK_TIM9_IRQHandler
                0x0000000008002b74                DCMI_IRQHandler
                0x0000000008002b74                CAN2_RX0_IRQHandler
                0x0000000008002b74                DMA2_Stream3_IRQHandler
                0x0000000008002b74                SAI2_IRQHandler
                0x0000000008002b74                DFSDM1_FLT3_IRQHandler
                0x0000000008002b74                USART6_IRQHandler
                0x0000000008002b74                CAN3_RX0_IRQHandler
                0x0000000008002b74                USART3_IRQHandler
                0x0000000008002b74                CAN1_RX1_IRQHandler
                0x0000000008002b74                UART5_IRQHandler
                0x0000000008002b74                DMA2_Stream0_IRQHandler
                0x0000000008002b74                TIM4_IRQHandler
                0x0000000008002b74                QUADSPI_IRQHandler
                0x0000000008002b74                I2C1_EV_IRQHandler
                0x0000000008002b74                DMA1_Stream6_IRQHandler
                0x0000000008002b74                DMA1_Stream1_IRQHandler
                0x0000000008002b74                UART4_IRQHandler
                0x0000000008002b74                TIM3_IRQHandler
                0x0000000008002b74                RCC_IRQHandler
                0x0000000008002b74                TIM8_BRK_TIM12_IRQHandler
                0x0000000008002b74                Default_Handler
                0x0000000008002b74                CEC_IRQHandler
                0x0000000008002b74                EXTI15_10_IRQHandler
                0x0000000008002b74                ADC_IRQHandler
                0x0000000008002b74                DMA1_Stream7_IRQHandler
                0x0000000008002b74                SPI5_IRQHandler
                0x0000000008002b74                TIM7_IRQHandler
                0x0000000008002b74                SDMMC1_IRQHandler
                0x0000000008002b74                CAN2_TX_IRQHandler
                0x0000000008002b74                TIM5_IRQHandler
                0x0000000008002b74                DMA2_Stream7_IRQHandler
                0x0000000008002b74                I2C3_EV_IRQHandler
                0x0000000008002b74                EXTI9_5_IRQHandler
                0x0000000008002b74                RTC_WKUP_IRQHandler
                0x0000000008002b74                LTDC_IRQHandler
                0x0000000008002b74                ETH_WKUP_IRQHandler
                0x0000000008002b74                SPDIF_RX_IRQHandler
                0x0000000008002b74                SPI2_IRQHandler
                0x0000000008002b74                OTG_HS_EP1_IN_IRQHandler
                0x0000000008002b74                DMA1_Stream0_IRQHandler
                0x0000000008002b74                CAN1_TX_IRQHandler
                0x0000000008002b74                EXTI4_IRQHandler
                0x0000000008002b74                RNG_IRQHandler
                0x0000000008002b74                ETH_IRQHandler
                0x0000000008002b74                OTG_HS_EP1_OUT_IRQHandler
                0x0000000008002b74                WWDG_IRQHandler
                0x0000000008002b74                SPI6_IRQHandler
                0x0000000008002b74                MDIOS_IRQHandler
                0x0000000008002b74                I2C4_EV_IRQHandler
                0x0000000008002b74                CAN3_TX_IRQHandler
                0x0000000008002b74                TIM2_IRQHandler
                0x0000000008002b74                OTG_FS_WKUP_IRQHandler
                0x0000000008002b74                TIM1_TRG_COM_TIM11_IRQHandler
                0x0000000008002b74                OTG_HS_IRQHandler
                0x0000000008002b74                DMA2D_IRQHandler
                0x0000000008002b74                EXTI1_IRQHandler
                0x0000000008002b74                SDMMC2_IRQHandler
                0x0000000008002b74                UART7_IRQHandler
                0x0000000008002b74                USART2_IRQHandler
                0x0000000008002b74                DFSDM1_FLT0_IRQHandler
                0x0000000008002b74                I2C2_ER_IRQHandler
                0x0000000008002b74                DMA2_Stream1_IRQHandler
                0x0000000008002b74                CAN1_SCE_IRQHandler
                0x0000000008002b74                FLASH_IRQHandler
                0x0000000008002b74                DMA2_Stream4_IRQHandler
                0x0000000008002b74                USART1_IRQHandler
                0x0000000008002b74                SPI3_IRQHandler
                0x0000000008002b74                DMA1_Stream4_IRQHandler
                0x0000000008002b74                I2C1_ER_IRQHandler
                0x0000000008002b74                FMC_IRQHandler
                0x0000000008002b74                LPTIM1_IRQHandler
                0x0000000008002b74                I2C4_ER_IRQHandler
                0x0000000008002b74                DMA2_Stream6_IRQHandler
                0x0000000008002b74                SAI1_IRQHandler
                0x0000000008002b74                DMA1_Stream3_IRQHandler
 .text.HAL_Init
                0x0000000008002b76       0x1a ./Drivers/STM32F7xx_HAL_Driver/Src/stm32f7xx_hal.o
                0x0000000008002b76                HAL_Init
 .text.HAL_IncTick
                0x0000000008002b90       0x28 ./Drivers/STM32F7xx_HAL_Driver/Src/stm32f7xx_hal.o
                0x0000000008002b90                HAL_IncTick
 .text.HAL_GetTick
                0x0000000008002bb8       0x18 ./Drivers/STM32F7xx_HAL_Driver/Src/stm32f7xx_hal.o
                0x0000000008002bb8                HAL_GetTick
 .text.HAL_Delay
                0x0000000008002bd0       0x48 ./Drivers/STM32F7xx_HAL_Driver/Src/stm32f7xx_hal.o
                0x0000000008002bd0                HAL_Delay
 .text.__NVIC_SetPriorityGrouping
                0x0000000008002c18       0x48 ./Drivers/STM32F7xx_HAL_Driver/Src/stm32f7xx_hal_cortex.o
 .text.__NVIC_GetPriorityGrouping
                0x0000000008002c60       0x1c ./Drivers/STM32F7xx_HAL_Driver/Src/stm32f7xx_hal_cortex.o
 .text.__NVIC_EnableIRQ
                0x0000000008002c7c       0x3c ./Drivers/STM32F7xx_HAL_Driver/Src/stm32f7xx_hal_cortex.o
 .text.__NVIC_SetPriority
                0x0000000008002cb8       0x54 ./Drivers/STM32F7xx_HAL_Driver/Src/stm32f7xx_hal_cortex.o
 .text.NVIC_EncodePriority
                0x0000000008002d0c       0x66 ./Drivers/STM32F7xx_HAL_Driver/Src/stm32f7xx_hal_cortex.o
 .text.HAL_NVIC_SetPriorityGrouping
                0x0000000008002d72       0x16 ./Drivers/STM32F7xx_HAL_Driver/Src/stm32f7xx_hal_cortex.o
                0x0000000008002d72                HAL_NVIC_SetPriorityGrouping
 .text.HAL_NVIC_SetPriority
                0x0000000008002d88       0x38 ./Drivers/STM32F7xx_HAL_Driver/Src/stm32f7xx_hal_cortex.o
                0x0000000008002d88                HAL_NVIC_SetPriority
 .text.HAL_NVIC_EnableIRQ
                0x0000000008002dc0       0x1c ./Drivers/STM32F7xx_HAL_Driver/Src/stm32f7xx_hal_cortex.o
                0x0000000008002dc0                HAL_NVIC_EnableIRQ
 .text.HAL_CRC_Init
                0x0000000008002ddc       0xc8 ./Drivers/STM32F7xx_HAL_Driver/Src/stm32f7xx_hal_crc.o
                0x0000000008002ddc                HAL_CRC_Init
 .text.HAL_CRC_Calculate
                0x0000000008002ea4       0x98 ./Drivers/STM32F7xx_HAL_Driver/Src/stm32f7xx_hal_crc.o
                0x0000000008002ea4                HAL_CRC_Calculate
 .text.CRC_Handle_8
                0x0000000008002f3c      0x11c ./Drivers/STM32F7xx_HAL_Driver/Src/stm32f7xx_hal_crc.o
 .text.CRC_Handle_16
                0x0000000008003058       0x74 ./Drivers/STM32F7xx_HAL_Driver/Src/stm32f7xx_hal_crc.o
 .text.HAL_CRCEx_Polynomial_Set
                0x00000000080030cc      0x10c ./Drivers/STM32F7xx_HAL_Driver/Src/stm32f7xx_hal_crc_ex.o
                0x00000000080030cc                HAL_CRCEx_Polynomial_Set
 .text.HAL_ETH_Init
                0x00000000080031d8       0xf8 ./Drivers/STM32F7xx_HAL_Driver/Src/stm32f7xx_hal_eth.o
                0x00000000080031d8                HAL_ETH_Init
 .text.ETH_SetMACConfig
                0x00000000080032d0      0x160 ./Drivers/STM32F7xx_HAL_Driver/Src/stm32f7xx_hal_eth.o
 .text.ETH_SetDMAConfig
                0x0000000008003430      0x114 ./Drivers/STM32F7xx_HAL_Driver/Src/stm32f7xx_hal_eth.o
 .text.ETH_MACDMAConfig
                0x0000000008003544       0xe4 ./Drivers/STM32F7xx_HAL_Driver/Src/stm32f7xx_hal_eth.o
 .text.ETH_MACAddressConfig
                0x0000000008003628       0x70 ./Drivers/STM32F7xx_HAL_Driver/Src/stm32f7xx_hal_eth.o
 .text.ETH_DMATxDescListInit
                0x0000000008003698       0xb2 ./Drivers/STM32F7xx_HAL_Driver/Src/stm32f7xx_hal_eth.o
 .text.ETH_DMARxDescListInit
                0x000000000800374a       0xda ./Drivers/STM32F7xx_HAL_Driver/Src/stm32f7xx_hal_eth.o
 .text.HAL_GPIO_Init
                0x0000000008003824      0x358 ./Drivers/STM32F7xx_HAL_Driver/Src/stm32f7xx_hal_gpio.o
                0x0000000008003824                HAL_GPIO_Init
 .text.HAL_GPIO_WritePin
                0x0000000008003b7c       0x32 ./Drivers/STM32F7xx_HAL_Driver/Src/stm32f7xx_hal_gpio.o
                0x0000000008003b7c                HAL_GPIO_WritePin
 .text.HAL_PCD_Init
                0x0000000008003bae      0x248 ./Drivers/STM32F7xx_HAL_Driver/Src/stm32f7xx_hal_pcd.o
                0x0000000008003bae                HAL_PCD_Init
 .text.HAL_PCD_Start
                0x0000000008003df6       0x44 ./Drivers/STM32F7xx_HAL_Driver/Src/stm32f7xx_hal_pcd.o
                0x0000000008003df6                HAL_PCD_Start
 .text.HAL_PCD_IRQHandler
                0x0000000008003e3a      0x998 ./Drivers/STM32F7xx_HAL_Driver/Src/stm32f7xx_hal_pcd.o
                0x0000000008003e3a                HAL_PCD_IRQHandler
 .text.HAL_PCD_SetAddress
                0x00000000080047d2       0x4a ./Drivers/STM32F7xx_HAL_Driver/Src/stm32f7xx_hal_pcd.o
                0x00000000080047d2                HAL_PCD_SetAddress
 .text.HAL_PCD_EP_Open
                0x000000000800481c       0xd0 ./Drivers/STM32F7xx_HAL_Driver/Src/stm32f7xx_hal_pcd.o
                0x000000000800481c                HAL_PCD_EP_Open
 .text.HAL_PCD_EP_Close
                0x00000000080048ec       0x94 ./Drivers/STM32F7xx_HAL_Driver/Src/stm32f7xx_hal_pcd.o
                0x00000000080048ec                HAL_PCD_EP_Close
 .text.HAL_PCD_EP_Receive
                0x0000000008004980       0x96 ./Drivers/STM32F7xx_HAL_Driver/Src/stm32f7xx_hal_pcd.o
                0x0000000008004980                HAL_PCD_EP_Receive
 .text.HAL_PCD_EP_GetRxCount
                0x0000000008004a16       0x30 ./Drivers/STM32F7xx_HAL_Driver/Src/stm32f7xx_hal_pcd.o
                0x0000000008004a16                HAL_PCD_EP_GetRxCount
 .text.HAL_PCD_EP_Transmit
                0x0000000008004a46       0x94 ./Drivers/STM32F7xx_HAL_Driver/Src/stm32f7xx_hal_pcd.o
                0x0000000008004a46                HAL_PCD_EP_Transmit
 .text.HAL_PCD_EP_SetStall
                0x0000000008004ada       0xc8 ./Drivers/STM32F7xx_HAL_Driver/Src/stm32f7xx_hal_pcd.o
                0x0000000008004ada                HAL_PCD_EP_SetStall
 .text.HAL_PCD_EP_ClrStall
                0x0000000008004ba2       0xac ./Drivers/STM32F7xx_HAL_Driver/Src/stm32f7xx_hal_pcd.o
                0x0000000008004ba2                HAL_PCD_EP_ClrStall
 .text.HAL_PCD_EP_Abort
                0x0000000008004c4e       0x62 ./Drivers/STM32F7xx_HAL_Driver/Src/stm32f7xx_hal_pcd.o
                0x0000000008004c4e                HAL_PCD_EP_Abort
 .text.PCD_WriteEmptyTxFifo
                0x0000000008004cb0      0x11a ./Drivers/STM32F7xx_HAL_Driver/Src/stm32f7xx_hal_pcd.o
 *fill*         0x0000000008004dca        0x2 
 .text.PCD_EP_OutXfrComplete_int
                0x0000000008004dcc      0x1d0 ./Drivers/STM32F7xx_HAL_Driver/Src/stm32f7xx_hal_pcd.o
 .text.PCD_EP_OutSetupPacket_int
                0x0000000008004f9c       0x8c ./Drivers/STM32F7xx_HAL_Driver/Src/stm32f7xx_hal_pcd.o
 .text.HAL_PCDEx_SetTxFiFo
                0x0000000008005028       0x8e ./Drivers/STM32F7xx_HAL_Driver/Src/stm32f7xx_hal_pcd_ex.o
                0x0000000008005028                HAL_PCDEx_SetTxFiFo
 .text.HAL_PCDEx_SetRxFiFo
                0x00000000080050b6       0x22 ./Drivers/STM32F7xx_HAL_Driver/Src/stm32f7xx_hal_pcd_ex.o
                0x00000000080050b6                HAL_PCDEx_SetRxFiFo
 .text.HAL_PCDEx_ActivateLPM
                0x00000000080050d8       0x48 ./Drivers/STM32F7xx_HAL_Driver/Src/stm32f7xx_hal_pcd_ex.o
                0x00000000080050d8                HAL_PCDEx_ActivateLPM
 .text.HAL_PWR_EnableBkUpAccess
                0x0000000008005120       0x20 ./Drivers/STM32F7xx_HAL_Driver/Src/stm32f7xx_hal_pwr.o
                0x0000000008005120                HAL_PWR_EnableBkUpAccess
 .text.HAL_PWREx_EnableOverDrive
                0x0000000008005140       0xa0 ./Drivers/STM32F7xx_HAL_Driver/Src/stm32f7xx_hal_pwr_ex.o
                0x0000000008005140                HAL_PWREx_EnableOverDrive
 .text.HAL_RCC_OscConfig
                0x00000000080051e0      0x55c ./Drivers/STM32F7xx_HAL_Driver/Src/stm32f7xx_hal_rcc.o
                0x00000000080051e0                HAL_RCC_OscConfig
 .text.HAL_RCC_ClockConfig
                0x000000000800573c      0x1d8 ./Drivers/STM32F7xx_HAL_Driver/Src/stm32f7xx_hal_rcc.o
                0x000000000800573c                HAL_RCC_ClockConfig
 .text.HAL_RCC_GetSysClockFreq
                0x0000000008005914      0x20c ./Drivers/STM32F7xx_HAL_Driver/Src/stm32f7xx_hal_rcc.o
                0x0000000008005914                HAL_RCC_GetSysClockFreq
 .text.HAL_RCC_GetHCLKFreq
                0x0000000008005b20       0x18 ./Drivers/STM32F7xx_HAL_Driver/Src/stm32f7xx_hal_rcc.o
                0x0000000008005b20                HAL_RCC_GetHCLKFreq
 .text.HAL_RCC_GetPCLK1Freq
                0x0000000008005b38       0x28 ./Drivers/STM32F7xx_HAL_Driver/Src/stm32f7xx_hal_rcc.o
                0x0000000008005b38                HAL_RCC_GetPCLK1Freq
 .text.HAL_RCC_GetPCLK2Freq
                0x0000000008005b60       0x28 ./Drivers/STM32F7xx_HAL_Driver/Src/stm32f7xx_hal_rcc.o
                0x0000000008005b60                HAL_RCC_GetPCLK2Freq
 .text.HAL_RCC_GetClockConfig
                0x0000000008005b88       0x64 ./Drivers/STM32F7xx_HAL_Driver/Src/stm32f7xx_hal_rcc.o
                0x0000000008005b88                HAL_RCC_GetClockConfig
 .text.HAL_RCCEx_PeriphCLKConfig
                0x0000000008005bec      0x850 ./Drivers/STM32F7xx_HAL_Driver/Src/stm32f7xx_hal_rcc_ex.o
                0x0000000008005bec                HAL_RCCEx_PeriphCLKConfig
 .text.HAL_TIM_Base_Init
                0x000000000800643c       0xae ./Drivers/STM32F7xx_HAL_Driver/Src/stm32f7xx_hal_tim.o
                0x000000000800643c                HAL_TIM_Base_Init
 *fill*         0x00000000080064ea        0x2 
 .text.HAL_TIM_Base_Start_IT
                0x00000000080064ec       0xf0 ./Drivers/STM32F7xx_HAL_Driver/Src/stm32f7xx_hal_tim.o
                0x00000000080064ec                HAL_TIM_Base_Start_IT
 .text.HAL_TIM_PWM_Init
                0x00000000080065dc       0xae ./Drivers/STM32F7xx_HAL_Driver/Src/stm32f7xx_hal_tim.o
                0x00000000080065dc                HAL_TIM_PWM_Init
 .text.HAL_TIM_PWM_MspInit
                0x000000000800668a       0x14 ./Drivers/STM32F7xx_HAL_Driver/Src/stm32f7xx_hal_tim.o
                0x000000000800668a                HAL_TIM_PWM_MspInit
 *fill*         0x000000000800669e        0x2 
 .text.HAL_TIM_PWM_Start
                0x00000000080066a0      0x1f4 ./Drivers/STM32F7xx_HAL_Driver/Src/stm32f7xx_hal_tim.o
                0x00000000080066a0                HAL_TIM_PWM_Start
 .text.HAL_TIM_IRQHandler
                0x0000000008006894      0x23e ./Drivers/STM32F7xx_HAL_Driver/Src/stm32f7xx_hal_tim.o
                0x0000000008006894                HAL_TIM_IRQHandler
 *fill*         0x0000000008006ad2        0x2 
 .text.HAL_TIM_PWM_ConfigChannel
                0x0000000008006ad4      0x228 ./Drivers/STM32F7xx_HAL_Driver/Src/stm32f7xx_hal_tim.o
                0x0000000008006ad4                HAL_TIM_PWM_ConfigChannel
 .text.HAL_TIM_ConfigClockSource
                0x0000000008006cfc      0x194 ./Drivers/STM32F7xx_HAL_Driver/Src/stm32f7xx_hal_tim.o
                0x0000000008006cfc                HAL_TIM_ConfigClockSource
 .text.HAL_TIM_OC_DelayElapsedCallback
                0x0000000008006e90       0x14 ./Drivers/STM32F7xx_HAL_Driver/Src/stm32f7xx_hal_tim.o
                0x0000000008006e90                HAL_TIM_OC_DelayElapsedCallback
 .text.HAL_TIM_IC_CaptureCallback
                0x0000000008006ea4       0x14 ./Drivers/STM32F7xx_HAL_Driver/Src/stm32f7xx_hal_tim.o
                0x0000000008006ea4                HAL_TIM_IC_CaptureCallback
 .text.HAL_TIM_PWM_PulseFinishedCallback
                0x0000000008006eb8       0x14 ./Drivers/STM32F7xx_HAL_Driver/Src/stm32f7xx_hal_tim.o
                0x0000000008006eb8                HAL_TIM_PWM_PulseFinishedCallback
 .text.HAL_TIM_TriggerCallback
                0x0000000008006ecc       0x14 ./Drivers/STM32F7xx_HAL_Driver/Src/stm32f7xx_hal_tim.o
                0x0000000008006ecc                HAL_TIM_TriggerCallback
 .text.TIM_Base_SetConfig
                0x0000000008006ee0      0x140 ./Drivers/STM32F7xx_HAL_Driver/Src/stm32f7xx_hal_tim.o
                0x0000000008006ee0                TIM_Base_SetConfig
 .text.TIM_OC1_SetConfig
                0x0000000008007020       0xe4 ./Drivers/STM32F7xx_HAL_Driver/Src/stm32f7xx_hal_tim.o
 .text.TIM_OC2_SetConfig
                0x0000000008007104       0xf0 ./Drivers/STM32F7xx_HAL_Driver/Src/stm32f7xx_hal_tim.o
                0x0000000008007104                TIM_OC2_SetConfig
 .text.TIM_OC3_SetConfig
                0x00000000080071f4       0xec ./Drivers/STM32F7xx_HAL_Driver/Src/stm32f7xx_hal_tim.o
 .text.TIM_OC4_SetConfig
                0x00000000080072e0       0xb0 ./Drivers/STM32F7xx_HAL_Driver/Src/stm32f7xx_hal_tim.o
 .text.TIM_OC5_SetConfig
                0x0000000008007390       0xa4 ./Drivers/STM32F7xx_HAL_Driver/Src/stm32f7xx_hal_tim.o
 .text.TIM_OC6_SetConfig
                0x0000000008007434       0xa8 ./Drivers/STM32F7xx_HAL_Driver/Src/stm32f7xx_hal_tim.o
 .text.TIM_TI1_ConfigInputStage
                0x00000000080074dc       0x5e ./Drivers/STM32F7xx_HAL_Driver/Src/stm32f7xx_hal_tim.o
 .text.TIM_TI2_ConfigInputStage
                0x000000000800753a       0x60 ./Drivers/STM32F7xx_HAL_Driver/Src/stm32f7xx_hal_tim.o
 .text.TIM_ITRx_SetConfig
                0x000000000800759a       0x36 ./Drivers/STM32F7xx_HAL_Driver/Src/stm32f7xx_hal_tim.o
 .text.TIM_ETR_SetConfig
                0x00000000080075d0       0x40 ./Drivers/STM32F7xx_HAL_Driver/Src/stm32f7xx_hal_tim.o
                0x00000000080075d0                TIM_ETR_SetConfig
 .text.TIM_CCxChannelCmd
                0x0000000008007610       0x4a ./Drivers/STM32F7xx_HAL_Driver/Src/stm32f7xx_hal_tim.o
                0x0000000008007610                TIM_CCxChannelCmd
 *fill*         0x000000000800765a        0x2 
 .text.HAL_TIMEx_MasterConfigSynchronization
                0x000000000800765c      0x11c ./Drivers/STM32F7xx_HAL_Driver/Src/stm32f7xx_hal_tim_ex.o
                0x000000000800765c                HAL_TIMEx_MasterConfigSynchronization
 .text.HAL_TIMEx_CommutCallback
                0x0000000008007778       0x14 ./Drivers/STM32F7xx_HAL_Driver/Src/stm32f7xx_hal_tim_ex.o
                0x0000000008007778                HAL_TIMEx_CommutCallback
 .text.HAL_TIMEx_BreakCallback
                0x000000000800778c       0x14 ./Drivers/STM32F7xx_HAL_Driver/Src/stm32f7xx_hal_tim_ex.o
                0x000000000800778c                HAL_TIMEx_BreakCallback
 .text.HAL_TIMEx_Break2Callback
                0x00000000080077a0       0x14 ./Drivers/STM32F7xx_HAL_Driver/Src/stm32f7xx_hal_tim_ex.o
                0x00000000080077a0                HAL_TIMEx_Break2Callback
 .text.HAL_UART_Init
                0x00000000080077b4       0x9c ./Drivers/STM32F7xx_HAL_Driver/Src/stm32f7xx_hal_uart.o
                0x00000000080077b4                HAL_UART_Init
 .text.UART_SetConfig
                0x0000000008007850      0x4c8 ./Drivers/STM32F7xx_HAL_Driver/Src/stm32f7xx_hal_uart.o
                0x0000000008007850                UART_SetConfig
 .text.UART_AdvFeatureConfig
                0x0000000008007d18      0x144 ./Drivers/STM32F7xx_HAL_Driver/Src/stm32f7xx_hal_uart.o
                0x0000000008007d18                UART_AdvFeatureConfig
 .text.UART_CheckIdleState
                0x0000000008007e5c       0x9a ./Drivers/STM32F7xx_HAL_Driver/Src/stm32f7xx_hal_uart.o
                0x0000000008007e5c                UART_CheckIdleState
 .text.UART_WaitOnFlagUntilTimeout
                0x0000000008007ef6      0x18c ./Drivers/STM32F7xx_HAL_Driver/Src/stm32f7xx_hal_uart.o
                0x0000000008007ef6                UART_WaitOnFlagUntilTimeout
 *fill*         0x0000000008008082        0x2 
 .text.USB_CoreInit
                0x0000000008008084       0xb0 ./Drivers/STM32F7xx_HAL_Driver/Src/stm32f7xx_ll_usb.o
                0x0000000008008084                USB_CoreInit
 .text.USB_SetTurnaroundTime
                0x0000000008008134      0x144 ./Drivers/STM32F7xx_HAL_Driver/Src/stm32f7xx_ll_usb.o
                0x0000000008008134                USB_SetTurnaroundTime
 .text.USB_EnableGlobalInt
                0x0000000008008278       0x22 ./Drivers/STM32F7xx_HAL_Driver/Src/stm32f7xx_ll_usb.o
                0x0000000008008278                USB_EnableGlobalInt
 .text.USB_DisableGlobalInt
                0x000000000800829a       0x22 ./Drivers/STM32F7xx_HAL_Driver/Src/stm32f7xx_ll_usb.o
                0x000000000800829a                USB_DisableGlobalInt
 .text.USB_SetCurrentMode
                0x00000000080082bc       0x98 ./Drivers/STM32F7xx_HAL_Driver/Src/stm32f7xx_ll_usb.o
                0x00000000080082bc                USB_SetCurrentMode
 .text.USB_DevInit
                0x0000000008008354      0x2bc ./Drivers/STM32F7xx_HAL_Driver/Src/stm32f7xx_ll_usb.o
                0x0000000008008354                USB_DevInit
 .text.USB_FlushTxFifo
                0x0000000008008610       0x68 ./Drivers/STM32F7xx_HAL_Driver/Src/stm32f7xx_ll_usb.o
                0x0000000008008610                USB_FlushTxFifo
 .text.USB_FlushRxFifo
                0x0000000008008678       0x60 ./Drivers/STM32F7xx_HAL_Driver/Src/stm32f7xx_ll_usb.o
                0x0000000008008678                USB_FlushRxFifo
 .text.USB_SetDevSpeed
                0x00000000080086d8       0x32 ./Drivers/STM32F7xx_HAL_Driver/Src/stm32f7xx_ll_usb.o
                0x00000000080086d8                USB_SetDevSpeed
 .text.USB_GetDevSpeed
                0x000000000800870a       0x4a ./Drivers/STM32F7xx_HAL_Driver/Src/stm32f7xx_ll_usb.o
                0x000000000800870a                USB_GetDevSpeed
 .text.USB_ActivateEndpoint
                0x0000000008008754      0x110 ./Drivers/STM32F7xx_HAL_Driver/Src/stm32f7xx_ll_usb.o
                0x0000000008008754                USB_ActivateEndpoint
 .text.USB_DeactivateEndpoint
                0x0000000008008864      0x1b8 ./Drivers/STM32F7xx_HAL_Driver/Src/stm32f7xx_ll_usb.o
                0x0000000008008864                USB_DeactivateEndpoint
 .text.USB_EPStartXfer
                0x0000000008008a1c      0x4a0 ./Drivers/STM32F7xx_HAL_Driver/Src/stm32f7xx_ll_usb.o
                0x0000000008008a1c                USB_EPStartXfer
 .text.USB_EP0StartXfer
                0x0000000008008ebc      0x2b8 ./Drivers/STM32F7xx_HAL_Driver/Src/stm32f7xx_ll_usb.o
                0x0000000008008ebc                USB_EP0StartXfer
 .text.USB_EPStopXfer
                0x0000000008009174      0x154 ./Drivers/STM32F7xx_HAL_Driver/Src/stm32f7xx_ll_usb.o
                0x0000000008009174                USB_EPStopXfer
 .text.USB_WritePacket
                0x00000000080092c8       0x7c ./Drivers/STM32F7xx_HAL_Driver/Src/stm32f7xx_ll_usb.o
                0x00000000080092c8                USB_WritePacket
 .text.USB_ReadPacket
                0x0000000008009344       0xb0 ./Drivers/STM32F7xx_HAL_Driver/Src/stm32f7xx_ll_usb.o
                0x0000000008009344                USB_ReadPacket
 .text.USB_EPSetStall
                0x00000000080093f4       0xdc ./Drivers/STM32F7xx_HAL_Driver/Src/stm32f7xx_ll_usb.o
                0x00000000080093f4                USB_EPSetStall
 .text.USB_EPClearStall
                0x00000000080094d0       0xcc ./Drivers/STM32F7xx_HAL_Driver/Src/stm32f7xx_ll_usb.o
                0x00000000080094d0                USB_EPClearStall
 .text.USB_SetDevAddress
                0x000000000800959c       0x4c ./Drivers/STM32F7xx_HAL_Driver/Src/stm32f7xx_ll_usb.o
                0x000000000800959c                USB_SetDevAddress
 .text.USB_DevConnect
                0x00000000080095e8       0x42 ./Drivers/STM32F7xx_HAL_Driver/Src/stm32f7xx_ll_usb.o
                0x00000000080095e8                USB_DevConnect
 .text.USB_DevDisconnect
                0x000000000800962a       0x42 ./Drivers/STM32F7xx_HAL_Driver/Src/stm32f7xx_ll_usb.o
                0x000000000800962a                USB_DevDisconnect
 .text.USB_ReadInterrupts
                0x000000000800966c       0x26 ./Drivers/STM32F7xx_HAL_Driver/Src/stm32f7xx_ll_usb.o
                0x000000000800966c                USB_ReadInterrupts
 .text.USB_ReadDevAllOutEpInterrupt
                0x0000000008009692       0x34 ./Drivers/STM32F7xx_HAL_Driver/Src/stm32f7xx_ll_usb.o
                0x0000000008009692                USB_ReadDevAllOutEpInterrupt
 .text.USB_ReadDevAllInEpInterrupt
                0x00000000080096c6       0x34 ./Drivers/STM32F7xx_HAL_Driver/Src/stm32f7xx_ll_usb.o
                0x00000000080096c6                USB_ReadDevAllInEpInterrupt
 .text.USB_ReadDevOutEPInterrupt
                0x00000000080096fa       0x3c ./Drivers/STM32F7xx_HAL_Driver/Src/stm32f7xx_ll_usb.o
                0x00000000080096fa                USB_ReadDevOutEPInterrupt
 .text.USB_ReadDevInEPInterrupt
                0x0000000008009736       0x5c ./Drivers/STM32F7xx_HAL_Driver/Src/stm32f7xx_ll_usb.o
                0x0000000008009736                USB_ReadDevInEPInterrupt
 .text.USB_GetMode
                0x0000000008009792       0x1c ./Drivers/STM32F7xx_HAL_Driver/Src/stm32f7xx_ll_usb.o
                0x0000000008009792                USB_GetMode
 *fill*         0x00000000080097ae        0x2 
 .text.USB_ActivateSetup
                0x00000000080097b0       0x48 ./Drivers/STM32F7xx_HAL_Driver/Src/stm32f7xx_ll_usb.o
                0x00000000080097b0                USB_ActivateSetup
 .text.USB_EP0_OutStart
                0x00000000080097f8       0xbc ./Drivers/STM32F7xx_HAL_Driver/Src/stm32f7xx_ll_usb.o
                0x00000000080097f8                USB_EP0_OutStart
 .text.USB_CoreReset
                0x00000000080098b4       0x68 ./Drivers/STM32F7xx_HAL_Driver/Src/stm32f7xx_ll_usb.o
 .text.USBD_CDC_Init
                0x000000000800991c      0x1f0 ./Middlewares/ST/STM32_USB_Device_Library/Class/CDC/Src/usbd_cdc.o
 .text.USBD_CDC_DeInit
                0x0000000008009b0c      0x104 ./Middlewares/ST/STM32_USB_Device_Library/Class/CDC/Src/usbd_cdc.o
 .text.USBD_CDC_Setup
                0x0000000008009c10      0x1b8 ./Middlewares/ST/STM32_USB_Device_Library/Class/CDC/Src/usbd_cdc.o
 .text.USBD_CDC_DataIn
                0x0000000008009dc8       0xfe ./Middlewares/ST/STM32_USB_Device_Library/Class/CDC/Src/usbd_cdc.o
 .text.USBD_CDC_DataOut
                0x0000000008009ec6       0x70 ./Middlewares/ST/STM32_USB_Device_Library/Class/CDC/Src/usbd_cdc.o
 .text.USBD_CDC_EP0_RxReady
                0x0000000008009f36       0x76 ./Middlewares/ST/STM32_USB_Device_Library/Class/CDC/Src/usbd_cdc.o
 .text.USBD_CDC_GetFSCfgDesc
                0x0000000008009fac       0x70 ./Middlewares/ST/STM32_USB_Device_Library/Class/CDC/Src/usbd_cdc.o
 .text.USBD_CDC_GetHSCfgDesc
                0x000000000800a01c       0x70 ./Middlewares/ST/STM32_USB_Device_Library/Class/CDC/Src/usbd_cdc.o
 .text.USBD_CDC_GetOtherSpeedCfgDesc
                0x000000000800a08c       0x70 ./Middlewares/ST/STM32_USB_Device_Library/Class/CDC/Src/usbd_cdc.o
 .text.USBD_CDC_GetDeviceQualifierDescriptor
                0x000000000800a0fc       0x20 ./Middlewares/ST/STM32_USB_Device_Library/Class/CDC/Src/usbd_cdc.o
                0x000000000800a0fc                USBD_CDC_GetDeviceQualifierDescriptor
 .text.USBD_CDC_RegisterInterface
                0x000000000800a11c       0x34 ./Middlewares/ST/STM32_USB_Device_Library/Class/CDC/Src/usbd_cdc.o
                0x000000000800a11c                USBD_CDC_RegisterInterface
 .text.USBD_CDC_SetTxBuffer
                0x000000000800a150       0x44 ./Middlewares/ST/STM32_USB_Device_Library/Class/CDC/Src/usbd_cdc.o
                0x000000000800a150                USBD_CDC_SetTxBuffer
 .text.USBD_CDC_SetRxBuffer
                0x000000000800a194       0x3a ./Middlewares/ST/STM32_USB_Device_Library/Class/CDC/Src/usbd_cdc.o
                0x000000000800a194                USBD_CDC_SetRxBuffer
 *fill*         0x000000000800a1ce        0x2 
 .text.USBD_CDC_ReceivePacket
                0x000000000800a1d0       0x6c ./Middlewares/ST/STM32_USB_Device_Library/Class/CDC/Src/usbd_cdc.o
                0x000000000800a1d0                USBD_CDC_ReceivePacket
 .text.USBD_Init
                0x000000000800a23c       0x60 ./Middlewares/ST/STM32_USB_Device_Library/Core/Src/usbd_core.o
                0x000000000800a23c                USBD_Init
 .text.USBD_RegisterClass
                0x000000000800a29c       0x6c ./Middlewares/ST/STM32_USB_Device_Library/Core/Src/usbd_core.o
                0x000000000800a29c                USBD_RegisterClass
 .text.USBD_Start
                0x000000000800a308       0x18 ./Middlewares/ST/STM32_USB_Device_Library/Core/Src/usbd_core.o
                0x000000000800a308                USBD_Start
 .text.USBD_RunTestMode
                0x000000000800a320       0x16 ./Middlewares/ST/STM32_USB_Device_Library/Core/Src/usbd_core.o
                0x000000000800a320                USBD_RunTestMode
 .text.USBD_SetClassConfig
                0x000000000800a336       0x38 ./Middlewares/ST/STM32_USB_Device_Library/Core/Src/usbd_core.o
                0x000000000800a336                USBD_SetClassConfig
 .text.USBD_ClrClassConfig
                0x000000000800a36e       0x34 ./Middlewares/ST/STM32_USB_Device_Library/Core/Src/usbd_core.o
                0x000000000800a36e                USBD_ClrClassConfig
 .text.USBD_LL_SetupStage
                0x000000000800a3a2       0xaa ./Middlewares/ST/STM32_USB_Device_Library/Core/Src/usbd_core.o
                0x000000000800a3a2                USBD_LL_SetupStage
 .text.USBD_LL_DataOutStage
                0x000000000800a44c      0x166 ./Middlewares/ST/STM32_USB_Device_Library/Core/Src/usbd_core.o
                0x000000000800a44c                USBD_LL_DataOutStage
 .text.USBD_LL_DataInStage
                0x000000000800a5b2      0x164 ./Middlewares/ST/STM32_USB_Device_Library/Core/Src/usbd_core.o
                0x000000000800a5b2                USBD_LL_DataInStage
 .text.USBD_LL_Reset
                0x000000000800a716       0xa4 ./Middlewares/ST/STM32_USB_Device_Library/Core/Src/usbd_core.o
                0x000000000800a716                USBD_LL_Reset
 .text.USBD_LL_SetSpeed
                0x000000000800a7ba       0x20 ./Middlewares/ST/STM32_USB_Device_Library/Core/Src/usbd_core.o
                0x000000000800a7ba                USBD_LL_SetSpeed
 .text.USBD_LL_Suspend
                0x000000000800a7da       0x2c ./Middlewares/ST/STM32_USB_Device_Library/Core/Src/usbd_core.o
                0x000000000800a7da                USBD_LL_Suspend
 .text.USBD_LL_Resume
                0x000000000800a806       0x30 ./Middlewares/ST/STM32_USB_Device_Library/Core/Src/usbd_core.o
                0x000000000800a806                USBD_LL_Resume
 .text.USBD_LL_SOF
                0x000000000800a836       0x40 ./Middlewares/ST/STM32_USB_Device_Library/Core/Src/usbd_core.o
                0x000000000800a836                USBD_LL_SOF
 .text.USBD_LL_IsoINIncomplete
                0x000000000800a876       0x64 ./Middlewares/ST/STM32_USB_Device_Library/Core/Src/usbd_core.o
                0x000000000800a876                USBD_LL_IsoINIncomplete
 .text.USBD_LL_IsoOUTIncomplete
                0x000000000800a8da       0x64 ./Middlewares/ST/STM32_USB_Device_Library/Core/Src/usbd_core.o
                0x000000000800a8da                USBD_LL_IsoOUTIncomplete
 .text.USBD_LL_DevConnected
                0x000000000800a93e       0x16 ./Middlewares/ST/STM32_USB_Device_Library/Core/Src/usbd_core.o
                0x000000000800a93e                USBD_LL_DevConnected
 .text.USBD_LL_DevDisconnected
                0x000000000800a954       0x46 ./Middlewares/ST/STM32_USB_Device_Library/Core/Src/usbd_core.o
                0x000000000800a954                USBD_LL_DevDisconnected
 .text.USBD_CoreFindIF
                0x000000000800a99a       0x1a ./Middlewares/ST/STM32_USB_Device_Library/Core/Src/usbd_core.o
                0x000000000800a99a                USBD_CoreFindIF
 .text.USBD_CoreFindEP
                0x000000000800a9b4       0x1a ./Middlewares/ST/STM32_USB_Device_Library/Core/Src/usbd_core.o
                0x000000000800a9b4                USBD_CoreFindEP
 .text.USBD_GetEpDesc
                0x000000000800a9ce       0x74 ./Middlewares/ST/STM32_USB_Device_Library/Core/Src/usbd_core.o
                0x000000000800a9ce                USBD_GetEpDesc
 .text.USBD_GetNextDesc
                0x000000000800aa42       0x3a ./Middlewares/ST/STM32_USB_Device_Library/Core/Src/usbd_core.o
                0x000000000800aa42                USBD_GetNextDesc
 .text.SWAPBYTE
                0x000000000800aa7c       0x3c ./Middlewares/ST/STM32_USB_Device_Library/Core/Src/usbd_ctlreq.o
 .text.USBD_StdDevReq
                0x000000000800aab8       0xe4 ./Middlewares/ST/STM32_USB_Device_Library/Core/Src/usbd_ctlreq.o
                0x000000000800aab8                USBD_StdDevReq
 .text.USBD_StdItfReq
                0x000000000800ab9c       0xd8 ./Middlewares/ST/STM32_USB_Device_Library/Core/Src/usbd_ctlreq.o
                0x000000000800ab9c                USBD_StdItfReq
 .text.USBD_StdEPReq
                0x000000000800ac74      0x33a ./Middlewares/ST/STM32_USB_Device_Library/Core/Src/usbd_ctlreq.o
                0x000000000800ac74                USBD_StdEPReq
 *fill*         0x000000000800afae        0x2 
 .text.USBD_GetDescriptor
                0x000000000800afb0      0x328 ./Middlewares/ST/STM32_USB_Device_Library/Core/Src/usbd_ctlreq.o
 .text.USBD_SetAddress
                0x000000000800b2d8       0x88 ./Middlewares/ST/STM32_USB_Device_Library/Core/Src/usbd_ctlreq.o
 .text.USBD_SetConfig
                0x000000000800b360      0x154 ./Middlewares/ST/STM32_USB_Device_Library/Core/Src/usbd_ctlreq.o
 .text.USBD_GetConfig
                0x000000000800b4b4       0x6c ./Middlewares/ST/STM32_USB_Device_Library/Core/Src/usbd_ctlreq.o
 .text.USBD_GetStatus
                0x000000000800b520       0x68 ./Middlewares/ST/STM32_USB_Device_Library/Core/Src/usbd_ctlreq.o
 .text.USBD_SetFeature
                0x000000000800b588       0x52 ./Middlewares/ST/STM32_USB_Device_Library/Core/Src/usbd_ctlreq.o
 .text.USBD_ClrFeature
                0x000000000800b5da       0x44 ./Middlewares/ST/STM32_USB_Device_Library/Core/Src/usbd_ctlreq.o
 .text.USBD_ParseSetupRequest
                0x000000000800b61e       0x74 ./Middlewares/ST/STM32_USB_Device_Library/Core/Src/usbd_ctlreq.o
                0x000000000800b61e                USBD_ParseSetupRequest
 .text.USBD_CtlError
                0x000000000800b692       0x22 ./Middlewares/ST/STM32_USB_Device_Library/Core/Src/usbd_ctlreq.o
                0x000000000800b692                USBD_CtlError
 .text.USBD_GetString
                0x000000000800b6b4       0x8c ./Middlewares/ST/STM32_USB_Device_Library/Core/Src/usbd_ctlreq.o
                0x000000000800b6b4                USBD_GetString
 .text.USBD_GetLen
                0x000000000800b740       0x34 ./Middlewares/ST/STM32_USB_Device_Library/Core/Src/usbd_ctlreq.o
 .text.USBD_CtlSendData
                0x000000000800b774       0x36 ./Middlewares/ST/STM32_USB_Device_Library/Core/Src/usbd_ioreq.o
                0x000000000800b774                USBD_CtlSendData
 .text.USBD_CtlContinueSendData
                0x000000000800b7aa       0x22 ./Middlewares/ST/STM32_USB_Device_Library/Core/Src/usbd_ioreq.o
                0x000000000800b7aa                USBD_CtlContinueSendData
 .text.USBD_CtlPrepareRx
                0x000000000800b7cc       0x3a ./Middlewares/ST/STM32_USB_Device_Library/Core/Src/usbd_ioreq.o
                0x000000000800b7cc                USBD_CtlPrepareRx
 .text.USBD_CtlContinueRx
                0x000000000800b806       0x22 ./Middlewares/ST/STM32_USB_Device_Library/Core/Src/usbd_ioreq.o
                0x000000000800b806                USBD_CtlContinueRx
 .text.USBD_CtlSendStatus
                0x000000000800b828       0x26 ./Middlewares/ST/STM32_USB_Device_Library/Core/Src/usbd_ioreq.o
                0x000000000800b828                USBD_CtlSendStatus
 .text.USBD_CtlReceiveStatus
                0x000000000800b84e       0x26 ./Middlewares/ST/STM32_USB_Device_Library/Core/Src/usbd_ioreq.o
                0x000000000800b84e                USBD_CtlReceiveStatus
 .text.SVC_Setup
                0x000000000800b874        0xe ./Middlewares/Third_Party/FreeRTOS/Source/CMSIS_RTOS_V2/cmsis_os2.o
 *fill*         0x000000000800b882        0x2 
 .text.osKernelInitialize
                0x000000000800b884       0x68 ./Middlewares/Third_Party/FreeRTOS/Source/CMSIS_RTOS_V2/cmsis_os2.o
                0x000000000800b884                osKernelInitialize
 .text.osKernelStart
                0x000000000800b8ec       0x6c ./Middlewares/Third_Party/FreeRTOS/Source/CMSIS_RTOS_V2/cmsis_os2.o
                0x000000000800b8ec                osKernelStart
 .text.osThreadNew
                0x000000000800b958      0x14c ./Middlewares/Third_Party/FreeRTOS/Source/CMSIS_RTOS_V2/cmsis_os2.o
                0x000000000800b958                osThreadNew
 .text.osDelay  0x000000000800baa4       0x5c ./Middlewares/Third_Party/FreeRTOS/Source/CMSIS_RTOS_V2/cmsis_os2.o
                0x000000000800baa4                osDelay
 .text.TimerCallback
                0x000000000800bb00       0x2a ./Middlewares/Third_Party/FreeRTOS/Source/CMSIS_RTOS_V2/cmsis_os2.o
 *fill*         0x000000000800bb2a        0x2 
 .text.osTimerNew
                0x000000000800bb2c      0x108 ./Middlewares/Third_Party/FreeRTOS/Source/CMSIS_RTOS_V2/cmsis_os2.o
                0x000000000800bb2c                osTimerNew
 .text.osTimerStart
                0x000000000800bc34       0x80 ./Middlewares/Third_Party/FreeRTOS/Source/CMSIS_RTOS_V2/cmsis_os2.o
                0x000000000800bc34                osTimerStart
 .text.osTimerStop
                0x000000000800bcb4       0x94 ./Middlewares/Third_Party/FreeRTOS/Source/CMSIS_RTOS_V2/cmsis_os2.o
                0x000000000800bcb4                osTimerStop
 .text.osMessageQueueNew
                0x000000000800bd48      0x10c ./Middlewares/Third_Party/FreeRTOS/Source/CMSIS_RTOS_V2/cmsis_os2.o
                0x000000000800bd48                osMessageQueueNew
 .text.vApplicationGetIdleTaskMemory
                0x000000000800be54       0x34 ./Middlewares/Third_Party/FreeRTOS/Source/CMSIS_RTOS_V2/cmsis_os2.o
                0x000000000800be54                vApplicationGetIdleTaskMemory
 .text.vApplicationGetTimerTaskMemory
                0x000000000800be88       0x34 ./Middlewares/Third_Party/FreeRTOS/Source/CMSIS_RTOS_V2/cmsis_os2.o
                0x000000000800be88                vApplicationGetTimerTaskMemory
 .text.vListInitialise
                0x000000000800bebc       0x40 ./Middlewares/Third_Party/FreeRTOS/Source/list.o
                0x000000000800bebc                vListInitialise
 .text.vListInitialiseItem
                0x000000000800befc       0x1a ./Middlewares/Third_Party/FreeRTOS/Source/list.o
                0x000000000800befc                vListInitialiseItem
 .text.vListInsertEnd
                0x000000000800bf16       0x48 ./Middlewares/Third_Party/FreeRTOS/Source/list.o
                0x000000000800bf16                vListInsertEnd
 .text.vListInsert
                0x000000000800bf5e       0x72 ./Middlewares/Third_Party/FreeRTOS/Source/list.o
                0x000000000800bf5e                vListInsert
 .text.uxListRemove
                0x000000000800bfd0       0x54 ./Middlewares/Third_Party/FreeRTOS/Source/list.o
                0x000000000800bfd0                uxListRemove
 .text.xQueueGenericReset
                0x000000000800c024       0xd4 ./Middlewares/Third_Party/FreeRTOS/Source/queue.o
                0x000000000800c024                xQueueGenericReset
 .text.xQueueGenericCreateStatic
                0x000000000800c0f8      0x104 ./Middlewares/Third_Party/FreeRTOS/Source/queue.o
                0x000000000800c0f8                xQueueGenericCreateStatic
 .text.xQueueGenericCreate
                0x000000000800c1fc       0x84 ./Middlewares/Third_Party/FreeRTOS/Source/queue.o
                0x000000000800c1fc                xQueueGenericCreate
 .text.prvInitialiseNewQueue
                0x000000000800c280       0x46 ./Middlewares/Third_Party/FreeRTOS/Source/queue.o
 *fill*         0x000000000800c2c6        0x2 
 .text.xQueueGenericSend
                0x000000000800c2c8      0x20c ./Middlewares/Third_Party/FreeRTOS/Source/queue.o
                0x000000000800c2c8                xQueueGenericSend
 .text.xQueueGenericSendFromISR
                0x000000000800c4d4      0x140 ./Middlewares/Third_Party/FreeRTOS/Source/queue.o
                0x000000000800c4d4                xQueueGenericSendFromISR
 .text.xQueueReceive
                0x000000000800c614      0x1cc ./Middlewares/Third_Party/FreeRTOS/Source/queue.o
                0x000000000800c614                xQueueReceive
 .text.prvCopyDataToQueue
                0x000000000800c7e0       0xd4 ./Middlewares/Third_Party/FreeRTOS/Source/queue.o
 .text.prvCopyDataFromQueue
                0x000000000800c8b4       0x4c ./Middlewares/Third_Party/FreeRTOS/Source/queue.o
 .text.prvUnlockQueue
                0x000000000800c900       0xa4 ./Middlewares/Third_Party/FreeRTOS/Source/queue.o
 .text.prvIsQueueEmpty
                0x000000000800c9a4       0x2c ./Middlewares/Third_Party/FreeRTOS/Source/queue.o
 .text.prvIsQueueFull
                0x000000000800c9d0       0x30 ./Middlewares/Third_Party/FreeRTOS/Source/queue.o
 .text.vQueueAddToRegistry
                0x000000000800ca00       0x54 ./Middlewares/Third_Party/FreeRTOS/Source/queue.o
                0x000000000800ca00                vQueueAddToRegistry
 .text.vQueueWaitForMessageRestricted
                0x000000000800ca54       0x68 ./Middlewares/Third_Party/FreeRTOS/Source/queue.o
                0x000000000800ca54                vQueueWaitForMessageRestricted
 .text.xTaskCreateStatic
                0x000000000800cabc       0xc6 ./Middlewares/Third_Party/FreeRTOS/Source/tasks.o
                0x000000000800cabc                xTaskCreateStatic
 .text.xTaskCreate
                0x000000000800cb82       0x8a ./Middlewares/Third_Party/FreeRTOS/Source/tasks.o
                0x000000000800cb82                xTaskCreate
 .text.prvInitialiseNewTask
                0x000000000800cc0c      0x150 ./Middlewares/Third_Party/FreeRTOS/Source/tasks.o
 .text.prvAddNewTaskToReadyList
                0x000000000800cd5c       0xe0 ./Middlewares/Third_Party/FreeRTOS/Source/tasks.o
 .text.vTaskDelay
                0x000000000800ce3c       0x6c ./Middlewares/Third_Party/FreeRTOS/Source/tasks.o
                0x000000000800ce3c                vTaskDelay
 .text.vTaskStartScheduler
                0x000000000800cea8       0xe8 ./Middlewares/Third_Party/FreeRTOS/Source/tasks.o
                0x000000000800cea8                vTaskStartScheduler
 .text.vTaskSuspendAll
                0x000000000800cf90       0x1c ./Middlewares/Third_Party/FreeRTOS/Source/tasks.o
                0x000000000800cf90                vTaskSuspendAll
 .text.xTaskResumeAll
                0x000000000800cfac      0x140 ./Middlewares/Third_Party/FreeRTOS/Source/tasks.o
                0x000000000800cfac                xTaskResumeAll
 .text.xTaskGetTickCount
                0x000000000800d0ec       0x20 ./Middlewares/Third_Party/FreeRTOS/Source/tasks.o
                0x000000000800d0ec                xTaskGetTickCount
 .text.xTaskGetTickCountFromISR
                0x000000000800d10c       0x24 ./Middlewares/Third_Party/FreeRTOS/Source/tasks.o
                0x000000000800d10c                xTaskGetTickCountFromISR
 .text.xTaskIncrementTick
                0x000000000800d130      0x178 ./Middlewares/Third_Party/FreeRTOS/Source/tasks.o
                0x000000000800d130                xTaskIncrementTick
 .text.vTaskSwitchContext
                0x000000000800d2a8       0xcc ./Middlewares/Third_Party/FreeRTOS/Source/tasks.o
                0x000000000800d2a8                vTaskSwitchContext
 .text.vTaskPlaceOnEventList
                0x000000000800d374       0x4c ./Middlewares/Third_Party/FreeRTOS/Source/tasks.o
                0x000000000800d374                vTaskPlaceOnEventList
 .text.vTaskPlaceOnEventListRestricted
                0x000000000800d3c0       0x5c ./Middlewares/Third_Party/FreeRTOS/Source/tasks.o
                0x000000000800d3c0                vTaskPlaceOnEventListRestricted
 .text.xTaskRemoveFromEventList
                0x000000000800d41c       0xcc ./Middlewares/Third_Party/FreeRTOS/Source/tasks.o
                0x000000000800d41c                xTaskRemoveFromEventList
 .text.vTaskInternalSetTimeOutState
                0x000000000800d4e8       0x2c ./Middlewares/Third_Party/FreeRTOS/Source/tasks.o
                0x000000000800d4e8                vTaskInternalSetTimeOutState
 .text.xTaskCheckForTimeOut
                0x000000000800d514       0xcc ./Middlewares/Third_Party/FreeRTOS/Source/tasks.o
                0x000000000800d514                xTaskCheckForTimeOut
 .text.vTaskMissedYield
                0x000000000800d5e0       0x18 ./Middlewares/Third_Party/FreeRTOS/Source/tasks.o
                0x000000000800d5e0                vTaskMissedYield
 .text.prvIdleTask
                0x000000000800d5f8       0x30 ./Middlewares/Third_Party/FreeRTOS/Source/tasks.o
 .text.prvInitialiseTaskLists
                0x000000000800d628       0x80 ./Middlewares/Third_Party/FreeRTOS/Source/tasks.o
 .text.prvCheckTasksWaitingTermination
                0x000000000800d6a8       0x5c ./Middlewares/Third_Party/FreeRTOS/Source/tasks.o
 .text.prvTaskCheckFreeStackSpace
                0x000000000800d704       0x38 ./Middlewares/Third_Party/FreeRTOS/Source/tasks.o
 .text.uxTaskGetStackHighWaterMark
                0x000000000800d73c       0x38 ./Middlewares/Third_Party/FreeRTOS/Source/tasks.o
                0x000000000800d73c                uxTaskGetStackHighWaterMark
 .text.prvDeleteTCB
                0x000000000800d774       0x6c ./Middlewares/Third_Party/FreeRTOS/Source/tasks.o
 .text.prvResetNextTaskUnblockTime
                0x000000000800d7e0       0x40 ./Middlewares/Third_Party/FreeRTOS/Source/tasks.o
 .text.xTaskGetSchedulerState
                0x000000000800d820       0x3c ./Middlewares/Third_Party/FreeRTOS/Source/tasks.o
                0x000000000800d820                xTaskGetSchedulerState
 .text.xTaskPriorityDisinherit
                0x000000000800d85c       0xe4 ./Middlewares/Third_Party/FreeRTOS/Source/tasks.o
                0x000000000800d85c                xTaskPriorityDisinherit
 .text.prvAddCurrentTaskToDelayedList
                0x000000000800d940       0xa8 ./Middlewares/Third_Party/FreeRTOS/Source/tasks.o
 .text.xTimerCreateTimerTask
                0x000000000800d9e8       0x94 ./Middlewares/Third_Party/FreeRTOS/Source/timers.o
                0x000000000800d9e8                xTimerCreateTimerTask
 .text.xTimerCreate
                0x000000000800da7c       0x42 ./Middlewares/Third_Party/FreeRTOS/Source/timers.o
                0x000000000800da7c                xTimerCreate
 .text.xTimerCreateStatic
                0x000000000800dabe       0x84 ./Middlewares/Third_Party/FreeRTOS/Source/timers.o
                0x000000000800dabe                xTimerCreateStatic
 .text.prvInitialiseNewTimer
                0x000000000800db42       0x7a ./Middlewares/Third_Party/FreeRTOS/Source/timers.o
 .text.xTimerGenericCommand
                0x000000000800dbbc       0xa0 ./Middlewares/Third_Party/FreeRTOS/Source/timers.o
                0x000000000800dbbc                xTimerGenericCommand
 .text.prvProcessExpiredTimer
                0x000000000800dc5c       0x9c ./Middlewares/Third_Party/FreeRTOS/Source/timers.o
 .text.prvTimerTask
                0x000000000800dcf8       0x24 ./Middlewares/Third_Party/FreeRTOS/Source/timers.o
 .text.prvProcessTimerOrBlockTask
                0x000000000800dd1c       0x9c ./Middlewares/Third_Party/FreeRTOS/Source/timers.o
 .text.prvGetNextExpireTime
                0x000000000800ddb8       0x48 ./Middlewares/Third_Party/FreeRTOS/Source/timers.o
 .text.prvSampleTimeNow
                0x000000000800de00       0x40 ./Middlewares/Third_Party/FreeRTOS/Source/timers.o
 .text.prvInsertTimerInActiveList
                0x000000000800de40       0x84 ./Middlewares/Third_Party/FreeRTOS/Source/timers.o
 .text.prvProcessReceivedCommands
                0x000000000800dec4      0x1d0 ./Middlewares/Third_Party/FreeRTOS/Source/timers.o
 .text.prvSwitchTimerLists
                0x000000000800e094       0xcc ./Middlewares/Third_Party/FreeRTOS/Source/timers.o
 .text.prvCheckForValidListAndQueue
                0x000000000800e160       0x80 ./Middlewares/Third_Party/FreeRTOS/Source/timers.o
 .text.xTimerIsTimerActive
                0x000000000800e1e0       0x56 ./Middlewares/Third_Party/FreeRTOS/Source/timers.o
                0x000000000800e1e0                xTimerIsTimerActive
 .text.pvTimerGetTimerID
                0x000000000800e236       0x44 ./Middlewares/Third_Party/FreeRTOS/Source/timers.o
                0x000000000800e236                pvTimerGetTimerID
 *fill*         0x000000000800e27a        0x2 
 .text.pxPortInitialiseStack
                0x000000000800e27c       0x68 ./Middlewares/Third_Party/FreeRTOS/Source/portable/GCC/ARM_CM7/r0p1/port.o
                0x000000000800e27c                pxPortInitialiseStack
 .text.prvTaskExitError
                0x000000000800e2e4       0x60 ./Middlewares/Third_Party/FreeRTOS/Source/portable/GCC/ARM_CM7/r0p1/port.o
 *fill*         0x000000000800e344        0xc 
 .text.SVC_Handler
                0x000000000800e350       0x28 ./Middlewares/Third_Party/FreeRTOS/Source/portable/GCC/ARM_CM7/r0p1/port.o
                0x000000000800e350                SVC_Handler
 .text.prvPortStartFirstTask
                0x000000000800e378       0x28 ./Middlewares/Third_Party/FreeRTOS/Source/portable/GCC/ARM_CM7/r0p1/port.o
 .text.xPortStartScheduler
                0x000000000800e3a0       0xfc ./Middlewares/Third_Party/FreeRTOS/Source/portable/GCC/ARM_CM7/r0p1/port.o
                0x000000000800e3a0                xPortStartScheduler
 .text.vPortEnterCritical
                0x000000000800e49c       0x68 ./Middlewares/Third_Party/FreeRTOS/Source/portable/GCC/ARM_CM7/r0p1/port.o
                0x000000000800e49c                vPortEnterCritical
 .text.vPortExitCritical
                0x000000000800e504       0x58 ./Middlewares/Third_Party/FreeRTOS/Source/portable/GCC/ARM_CM7/r0p1/port.o
                0x000000000800e504                vPortExitCritical
 *fill*         0x000000000800e55c        0x4 
 .text.PendSV_Handler
                0x000000000800e560       0x68 ./Middlewares/Third_Party/FreeRTOS/Source/portable/GCC/ARM_CM7/r0p1/port.o
                0x000000000800e560                PendSV_Handler
 .text.SysTick_Handler
                0x000000000800e5c8       0x48 ./Middlewares/Third_Party/FreeRTOS/Source/portable/GCC/ARM_CM7/r0p1/port.o
                0x000000000800e5c8                SysTick_Handler
 .text.vPortSetupTimerInterrupt
                0x000000000800e610       0x48 ./Middlewares/Third_Party/FreeRTOS/Source/portable/GCC/ARM_CM7/r0p1/port.o
                0x000000000800e610                vPortSetupTimerInterrupt
 .text.vPortEnableVFP
                0x000000000800e658       0x14 ./Middlewares/Third_Party/FreeRTOS/Source/portable/GCC/ARM_CM7/r0p1/port.o
 .text.vPortValidateInterruptPriority
                0x000000000800e66c       0x88 ./Middlewares/Third_Party/FreeRTOS/Source/portable/GCC/ARM_CM7/r0p1/port.o
                0x000000000800e66c                vPortValidateInterruptPriority
 .text.pvPortMalloc
                0x000000000800e6f4      0x194 ./Middlewares/Third_Party/FreeRTOS/Source/portable/MemMang/heap_4.o
                0x000000000800e6f4                pvPortMalloc
 .text.vPortFree
                0x000000000800e888       0xbc ./Middlewares/Third_Party/FreeRTOS/Source/portable/MemMang/heap_4.o
                0x000000000800e888                vPortFree
 .text.prvHeapInit
                0x000000000800e944       0xc4 ./Middlewares/Third_Party/FreeRTOS/Source/portable/MemMang/heap_4.o
 .text.prvInsertBlockIntoFreeList
                0x000000000800ea08       0xb4 ./Middlewares/Third_Party/FreeRTOS/Source/portable/MemMang/heap_4.o
 .text.MX_USB_DEVICE_Init
                0x000000000800eabc       0x60 ./USB_DEVICE/App/usb_device.o
                0x000000000800eabc                MX_USB_DEVICE_Init
 .text.CDC_Init_FS
                0x000000000800eb1c       0x28 ./USB_DEVICE/App/usbd_cdc_if.o
 .text.CDC_DeInit_FS
                0x000000000800eb44       0x10 ./USB_DEVICE/App/usbd_cdc_if.o
 .text.CDC_Control_FS
                0x000000000800eb54       0xbc ./USB_DEVICE/App/usbd_cdc_if.o
 .text.CDC_Receive_FS
                0x000000000800ec10       0x48 ./USB_DEVICE/App/usbd_cdc_if.o
 .text.CDC_TransmitCplt_FS
                0x000000000800ec58       0x22 ./USB_DEVICE/App/usbd_cdc_if.o
 *fill*         0x000000000800ec7a        0x2 
 .text.USBD_FS_DeviceDescriptor
                0x000000000800ec7c       0x24 ./USB_DEVICE/App/usbd_desc.o
                0x000000000800ec7c                USBD_FS_DeviceDescriptor
 .text.USBD_FS_LangIDStrDescriptor
                0x000000000800eca0       0x24 ./USB_DEVICE/App/usbd_desc.o
                0x000000000800eca0                USBD_FS_LangIDStrDescriptor
 .text.USBD_FS_ProductStrDescriptor
                0x000000000800ecc4       0x3c ./USB_DEVICE/App/usbd_desc.o
                0x000000000800ecc4                USBD_FS_ProductStrDescriptor
 .text.USBD_FS_ManufacturerStrDescriptor
                0x000000000800ed00       0x28 ./USB_DEVICE/App/usbd_desc.o
                0x000000000800ed00                USBD_FS_ManufacturerStrDescriptor
 .text.USBD_FS_SerialStrDescriptor
                0x000000000800ed28       0x24 ./USB_DEVICE/App/usbd_desc.o
                0x000000000800ed28                USBD_FS_SerialStrDescriptor
 .text.USBD_FS_ConfigStrDescriptor
                0x000000000800ed4c       0x3c ./USB_DEVICE/App/usbd_desc.o
                0x000000000800ed4c                USBD_FS_ConfigStrDescriptor
 .text.USBD_FS_InterfaceStrDescriptor
                0x000000000800ed88       0x3c ./USB_DEVICE/App/usbd_desc.o
                0x000000000800ed88                USBD_FS_InterfaceStrDescriptor
 .text.USBD_FS_USR_BOSDescriptor
                0x000000000800edc4       0x24 ./USB_DEVICE/App/usbd_desc.o
                0x000000000800edc4                USBD_FS_USR_BOSDescriptor
 .text.Get_SerialNum
                0x000000000800ede8       0x58 ./USB_DEVICE/App/usbd_desc.o
 .text.IntToUnicode
                0x000000000800ee40       0x7e ./USB_DEVICE/App/usbd_desc.o
 *fill*         0x000000000800eebe        0x2 
 .text.HAL_PCD_MspInit
                0x000000000800eec0      0x104 ./USB_DEVICE/Target/usbd_conf.o
                0x000000000800eec0                HAL_PCD_MspInit
 .text.HAL_PCD_SetupStageCallback
                0x000000000800efc4       0x24 ./USB_DEVICE/Target/usbd_conf.o
                0x000000000800efc4                HAL_PCD_SetupStageCallback
 .text.HAL_PCD_DataOutStageCallback
                0x000000000800efe8       0x36 ./USB_DEVICE/Target/usbd_conf.o
                0x000000000800efe8                HAL_PCD_DataOutStageCallback
 .text.HAL_PCD_DataInStageCallback
                0x000000000800f01e       0x34 ./USB_DEVICE/Target/usbd_conf.o
                0x000000000800f01e                HAL_PCD_DataInStageCallback
 .text.HAL_PCD_SOFCallback
                0x000000000800f052       0x1c ./USB_DEVICE/Target/usbd_conf.o
                0x000000000800f052                HAL_PCD_SOFCallback
 .text.HAL_PCD_ResetCallback
                0x000000000800f06e       0x50 ./USB_DEVICE/Target/usbd_conf.o
                0x000000000800f06e                HAL_PCD_ResetCallback
 *fill*         0x000000000800f0be        0x2 
 .text.HAL_PCD_SuspendCallback
                0x000000000800f0c0       0x4c ./USB_DEVICE/Target/usbd_conf.o
                0x000000000800f0c0                HAL_PCD_SuspendCallback
 .text.HAL_PCD_ResumeCallback
                0x000000000800f10c       0x1c ./USB_DEVICE/Target/usbd_conf.o
                0x000000000800f10c                HAL_PCD_ResumeCallback
 .text.HAL_PCD_ISOOUTIncompleteCallback
                0x000000000800f128       0x24 ./USB_DEVICE/Target/usbd_conf.o
                0x000000000800f128                HAL_PCD_ISOOUTIncompleteCallback
 .text.HAL_PCD_ISOINIncompleteCallback
                0x000000000800f14c       0x24 ./USB_DEVICE/Target/usbd_conf.o
                0x000000000800f14c                HAL_PCD_ISOINIncompleteCallback
 .text.HAL_PCD_ConnectCallback
                0x000000000800f170       0x1c ./USB_DEVICE/Target/usbd_conf.o
                0x000000000800f170                HAL_PCD_ConnectCallback
 .text.HAL_PCD_DisconnectCallback
                0x000000000800f18c       0x1c ./USB_DEVICE/Target/usbd_conf.o
                0x000000000800f18c                HAL_PCD_DisconnectCallback
 .text.USBD_LL_Init
                0x000000000800f1a8       0x98 ./USB_DEVICE/Target/usbd_conf.o
                0x000000000800f1a8                USBD_LL_Init
 .text.USBD_LL_Start
                0x000000000800f240       0x36 ./USB_DEVICE/Target/usbd_conf.o
                0x000000000800f240                USBD_LL_Start
 .text.USBD_LL_OpenEP
                0x000000000800f276       0x4c ./USB_DEVICE/Target/usbd_conf.o
                0x000000000800f276                USBD_LL_OpenEP
 .text.USBD_LL_CloseEP
                0x000000000800f2c2       0x3e ./USB_DEVICE/Target/usbd_conf.o
                0x000000000800f2c2                USBD_LL_CloseEP
 .text.USBD_LL_StallEP
                0x000000000800f300       0x3e ./USB_DEVICE/Target/usbd_conf.o
                0x000000000800f300                USBD_LL_StallEP
 .text.USBD_LL_ClearStallEP
                0x000000000800f33e       0x3e ./USB_DEVICE/Target/usbd_conf.o
                0x000000000800f33e                USBD_LL_ClearStallEP
 .text.USBD_LL_IsStallEP
                0x000000000800f37c       0x58 ./USB_DEVICE/Target/usbd_conf.o
                0x000000000800f37c                USBD_LL_IsStallEP
 .text.USBD_LL_SetUSBAddress
                0x000000000800f3d4       0x3e ./USB_DEVICE/Target/usbd_conf.o
                0x000000000800f3d4                USBD_LL_SetUSBAddress
 .text.USBD_LL_Transmit
                0x000000000800f412       0x42 ./USB_DEVICE/Target/usbd_conf.o
                0x000000000800f412                USBD_LL_Transmit
 .text.USBD_LL_PrepareReceive
                0x000000000800f454       0x42 ./USB_DEVICE/Target/usbd_conf.o
                0x000000000800f454                USBD_LL_PrepareReceive
 .text.USBD_LL_GetRxDataSize
                0x000000000800f496       0x26 ./USB_DEVICE/Target/usbd_conf.o
                0x000000000800f496                USBD_LL_GetRxDataSize
 .text.HAL_PCDEx_LPM_Callback
                0x000000000800f4bc       0x9c ./USB_DEVICE/Target/usbd_conf.o
                0x000000000800f4bc                HAL_PCDEx_LPM_Callback
 .text.SystemClockConfig_Resume
                0x000000000800f558        0xc ./USB_DEVICE/Target/usbd_conf.o
 .text.USBD_Get_USB_Status
                0x000000000800f564       0x58 ./USB_DEVICE/Target/usbd_conf.o
                0x000000000800f564                USBD_Get_USB_Status
 .text.malloc   0x000000000800f5bc       0x10 C:/ST/STM32CubeIDE_1.11.2/STM32CubeIDE/plugins/com.st.stm32cube.ide.mcu.externaltools.gnu-tools-for-stm32.11.3.rel1.win32_1.1.100.202309141235/tools/bin/../lib/gcc/arm-none-eabi/11.3.1/../../../../arm-none-eabi/lib/thumb/v7e-m+dp/hard\libc_nano.a(libc_a-malloc.o)
                0x000000000800f5bc                malloc
 .text.free     0x000000000800f5cc       0x10 C:/ST/STM32CubeIDE_1.11.2/STM32CubeIDE/plugins/com.st.stm32cube.ide.mcu.externaltools.gnu-tools-for-stm32.11.3.rel1.win32_1.1.100.202309141235/tools/bin/../lib/gcc/arm-none-eabi/11.3.1/../../../../arm-none-eabi/lib/thumb/v7e-m+dp/hard\libc_nano.a(libc_a-malloc.o)
                0x000000000800f5cc                free
 .text.sbrk_aligned
                0x000000000800f5dc       0x40 C:/ST/STM32CubeIDE_1.11.2/STM32CubeIDE/plugins/com.st.stm32cube.ide.mcu.externaltools.gnu-tools-for-stm32.11.3.rel1.win32_1.1.100.202309141235/tools/bin/../lib/gcc/arm-none-eabi/11.3.1/../../../../arm-none-eabi/lib/thumb/v7e-m+dp/hard\libc_nano.a(libc_a-mallocr.o)
 .text._malloc_r
                0x000000000800f61c      0x100 C:/ST/STM32CubeIDE_1.11.2/STM32CubeIDE/plugins/com.st.stm32cube.ide.mcu.externaltools.gnu-tools-for-stm32.11.3.rel1.win32_1.1.100.202309141235/tools/bin/../lib/gcc/arm-none-eabi/11.3.1/../../../../arm-none-eabi/lib/thumb/v7e-m+dp/hard\libc_nano.a(libc_a-mallocr.o)
                0x000000000800f61c                _malloc_r
 .text.__malloc_lock
                0x000000000800f71c        0xc C:/ST/STM32CubeIDE_1.11.2/STM32CubeIDE/plugins/com.st.stm32cube.ide.mcu.externaltools.gnu-tools-for-stm32.11.3.rel1.win32_1.1.100.202309141235/tools/bin/../lib/gcc/arm-none-eabi/11.3.1/../../../../arm-none-eabi/lib/thumb/v7e-m+dp/hard\libc_nano.a(libc_a-mlock.o)
                0x000000000800f71c                __malloc_lock
 .text.__malloc_unlock
                0x000000000800f728        0xc C:/ST/STM32CubeIDE_1.11.2/STM32CubeIDE/plugins/com.st.stm32cube.ide.mcu.externaltools.gnu-tools-for-stm32.11.3.rel1.win32_1.1.100.202309141235/tools/bin/../lib/gcc/arm-none-eabi/11.3.1/../../../../arm-none-eabi/lib/thumb/v7e-m+dp/hard\libc_nano.a(libc_a-mlock.o)
                0x000000000800f728                __malloc_unlock
 .text._strtoul_l.constprop.0
                0x000000000800f734       0xe4 C:/ST/STM32CubeIDE_1.11.2/STM32CubeIDE/plugins/com.st.stm32cube.ide.mcu.externaltools.gnu-tools-for-stm32.11.3.rel1.win32_1.1.100.202309141235/tools/bin/../lib/gcc/arm-none-eabi/11.3.1/../../../../arm-none-eabi/lib/thumb/v7e-m+dp/hard\libc_nano.a(libc_a-strtoul.o)
 .text.strtoul  0x000000000800f818       0x14 C:/ST/STM32CubeIDE_1.11.2/STM32CubeIDE/plugins/com.st.stm32cube.ide.mcu.externaltools.gnu-tools-for-stm32.11.3.rel1.win32_1.1.100.202309141235/tools/bin/../lib/gcc/arm-none-eabi/11.3.1/../../../../arm-none-eabi/lib/thumb/v7e-m+dp/hard\libc_nano.a(libc_a-strtoul.o)
                0x000000000800f818                strtoul
 .text.sprintf  0x000000000800f82c       0x40 C:/ST/STM32CubeIDE_1.11.2/STM32CubeIDE/plugins/com.st.stm32cube.ide.mcu.externaltools.gnu-tools-for-stm32.11.3.rel1.win32_1.1.100.202309141235/tools/bin/../lib/gcc/arm-none-eabi/11.3.1/../../../../arm-none-eabi/lib/thumb/v7e-m+dp/hard\libc_nano.a(libc_a-sprintf.o)
                0x000000000800f82c                siprintf
                0x000000000800f82c                sprintf
 .text.memset   0x000000000800f86c       0x10 C:/ST/STM32CubeIDE_1.11.2/STM32CubeIDE/plugins/com.st.stm32cube.ide.mcu.externaltools.gnu-tools-for-stm32.11.3.rel1.win32_1.1.100.202309141235/tools/bin/../lib/gcc/arm-none-eabi/11.3.1/../../../../arm-none-eabi/lib/thumb/v7e-m+dp/hard\libc_nano.a(libc_a-memset.o)
                0x000000000800f86c                memset
 .text._reclaim_reent
                0x000000000800f87c       0xac C:/ST/STM32CubeIDE_1.11.2/STM32CubeIDE/plugins/com.st.stm32cube.ide.mcu.externaltools.gnu-tools-for-stm32.11.3.rel1.win32_1.1.100.202309141235/tools/bin/../lib/gcc/arm-none-eabi/11.3.1/../../../../arm-none-eabi/lib/thumb/v7e-m+dp/hard\libc_nano.a(libc_a-reent.o)
                0x000000000800f87c                _reclaim_reent
 .text._sbrk_r  0x000000000800f928       0x20 C:/ST/STM32CubeIDE_1.11.2/STM32CubeIDE/plugins/com.st.stm32cube.ide.mcu.externaltools.gnu-tools-for-stm32.11.3.rel1.win32_1.1.100.202309141235/tools/bin/../lib/gcc/arm-none-eabi/11.3.1/../../../../arm-none-eabi/lib/thumb/v7e-m+dp/hard\libc_nano.a(libc_a-sbrkr.o)
                0x000000000800f928                _sbrk_r
 .text.__errno  0x000000000800f948        0xc C:/ST/STM32CubeIDE_1.11.2/STM32CubeIDE/plugins/com.st.stm32cube.ide.mcu.externaltools.gnu-tools-for-stm32.11.3.rel1.win32_1.1.100.202309141235/tools/bin/../lib/gcc/arm-none-eabi/11.3.1/../../../../arm-none-eabi/lib/thumb/v7e-m+dp/hard\libc_nano.a(libc_a-errno.o)
                0x000000000800f948                __errno
 .text.__libc_init_array
                0x000000000800f954       0x48 C:/ST/STM32CubeIDE_1.11.2/STM32CubeIDE/plugins/com.st.stm32cube.ide.mcu.externaltools.gnu-tools-for-stm32.11.3.rel1.win32_1.1.100.202309141235/tools/bin/../lib/gcc/arm-none-eabi/11.3.1/../../../../arm-none-eabi/lib/thumb/v7e-m+dp/hard\libc_nano.a(libc_a-init.o)
                0x000000000800f954                __libc_init_array
 .text.__retarget_lock_acquire_recursive
                0x000000000800f99c        0x2 C:/ST/STM32CubeIDE_1.11.2/STM32CubeIDE/plugins/com.st.stm32cube.ide.mcu.externaltools.gnu-tools-for-stm32.11.3.rel1.win32_1.1.100.202309141235/tools/bin/../lib/gcc/arm-none-eabi/11.3.1/../../../../arm-none-eabi/lib/thumb/v7e-m+dp/hard\libc_nano.a(libc_a-lock.o)
                0x000000000800f99c                __retarget_lock_acquire_recursive
 .text.__retarget_lock_release_recursive
                0x000000000800f99e        0x2 C:/ST/STM32CubeIDE_1.11.2/STM32CubeIDE/plugins/com.st.stm32cube.ide.mcu.externaltools.gnu-tools-for-stm32.11.3.rel1.win32_1.1.100.202309141235/tools/bin/../lib/gcc/arm-none-eabi/11.3.1/../../../../arm-none-eabi/lib/thumb/v7e-m+dp/hard\libc_nano.a(libc_a-lock.o)
                0x000000000800f99e                __retarget_lock_release_recursive
 .text.memcpy   0x000000000800f9a0       0x1c C:/ST/STM32CubeIDE_1.11.2/STM32CubeIDE/plugins/com.st.stm32cube.ide.mcu.externaltools.gnu-tools-for-stm32.11.3.rel1.win32_1.1.100.202309141235/tools/bin/../lib/gcc/arm-none-eabi/11.3.1/../../../../arm-none-eabi/lib/thumb/v7e-m+dp/hard\libc_nano.a(libc_a-memcpy-stub.o)
                0x000000000800f9a0                memcpy
 .text._free_r  0x000000000800f9bc       0x98 C:/ST/STM32CubeIDE_1.11.2/STM32CubeIDE/plugins/com.st.stm32cube.ide.mcu.externaltools.gnu-tools-for-stm32.11.3.rel1.win32_1.1.100.202309141235/tools/bin/../lib/gcc/arm-none-eabi/11.3.1/../../../../arm-none-eabi/lib/thumb/v7e-m+dp/hard\libc_nano.a(libc_a-freer.o)
                0x000000000800f9bc                _free_r
 .text.__ssputs_r
                0x000000000800fa54       0xb4 C:/ST/STM32CubeIDE_1.11.2/STM32CubeIDE/plugins/com.st.stm32cube.ide.mcu.externaltools.gnu-tools-for-stm32.11.3.rel1.win32_1.1.100.202309141235/tools/bin/../lib/gcc/arm-none-eabi/11.3.1/../../../../arm-none-eabi/lib/thumb/v7e-m+dp/hard\libc_nano.a(libc_a-nano-svfprintf.o)
                0x000000000800fa54                __ssputs_r
 .text._svfprintf_r
                0x000000000800fb08      0x1fc C:/ST/STM32CubeIDE_1.11.2/STM32CubeIDE/plugins/com.st.stm32cube.ide.mcu.externaltools.gnu-tools-for-stm32.11.3.rel1.win32_1.1.100.202309141235/tools/bin/../lib/gcc/arm-none-eabi/11.3.1/../../../../arm-none-eabi/lib/thumb/v7e-m+dp/hard\libc_nano.a(libc_a-nano-svfprintf.o)
                0x000000000800fb08                _svfiprintf_r
                0x000000000800fb08                _svfprintf_r
 .text._printf_common
                0x000000000800fd04       0xda C:/ST/STM32CubeIDE_1.11.2/STM32CubeIDE/plugins/com.st.stm32cube.ide.mcu.externaltools.gnu-tools-for-stm32.11.3.rel1.win32_1.1.100.202309141235/tools/bin/../lib/gcc/arm-none-eabi/11.3.1/../../../../arm-none-eabi/lib/thumb/v7e-m+dp/hard\libc_nano.a(libc_a-nano-vfprintf_i.o)
                0x000000000800fd04                _printf_common
 *fill*         0x000000000800fdde        0x2 
 .text._printf_i
                0x000000000800fde0      0x244 C:/ST/STM32CubeIDE_1.11.2/STM32CubeIDE/plugins/com.st.stm32cube.ide.mcu.externaltools.gnu-tools-for-stm32.11.3.rel1.win32_1.1.100.202309141235/tools/bin/../lib/gcc/arm-none-eabi/11.3.1/../../../../arm-none-eabi/lib/thumb/v7e-m+dp/hard\libc_nano.a(libc_a-nano-vfprintf_i.o)
                0x000000000800fde0                _printf_i
 .text.memmove  0x0000000008010024       0x34 C:/ST/STM32CubeIDE_1.11.2/STM32CubeIDE/plugins/com.st.stm32cube.ide.mcu.externaltools.gnu-tools-for-stm32.11.3.rel1.win32_1.1.100.202309141235/tools/bin/../lib/gcc/arm-none-eabi/11.3.1/../../../../arm-none-eabi/lib/thumb/v7e-m+dp/hard\libc_nano.a(libc_a-memmove.o)
                0x0000000008010024                memmove
 .text._realloc_r
                0x0000000008010058       0x5e C:/ST/STM32CubeIDE_1.11.2/STM32CubeIDE/plugins/com.st.stm32cube.ide.mcu.externaltools.gnu-tools-for-stm32.11.3.rel1.win32_1.1.100.202309141235/tools/bin/../lib/gcc/arm-none-eabi/11.3.1/../../../../arm-none-eabi/lib/thumb/v7e-m+dp/hard\libc_nano.a(libc_a-reallocr.o)
                0x0000000008010058                _realloc_r
 .text._malloc_usable_size_r
                0x00000000080100b6       0x10 C:/ST/STM32CubeIDE_1.11.2/STM32CubeIDE/plugins/com.st.stm32cube.ide.mcu.externaltools.gnu-tools-for-stm32.11.3.rel1.win32_1.1.100.202309141235/tools/bin/../lib/gcc/arm-none-eabi/11.3.1/../../../../arm-none-eabi/lib/thumb/v7e-m+dp/hard\libc_nano.a(libc_a-msizer.o)
                0x00000000080100b6                _malloc_usable_size_r
 *(.glue_7)
 .glue_7        0x00000000080100c6        0x0 linker stubs
 *(.glue_7t)
 .glue_7t       0x00000000080100c6        0x0 linker stubs
 *(.eh_frame)
 *fill*         0x00000000080100c6        0x2 
 .eh_frame      0x00000000080100c8        0x0 C:/ST/STM32CubeIDE_1.11.2/STM32CubeIDE/plugins/com.st.stm32cube.ide.mcu.externaltools.gnu-tools-for-stm32.11.3.rel1.win32_1.1.100.202309141235/tools/bin/../lib/gcc/arm-none-eabi/11.3.1/thumb/v7e-m+dp/hard/crtbegin.o
 *(.init)
 .init          0x00000000080100c8        0x4 C:/ST/STM32CubeIDE_1.11.2/STM32CubeIDE/plugins/com.st.stm32cube.ide.mcu.externaltools.gnu-tools-for-stm32.11.3.rel1.win32_1.1.100.202309141235/tools/bin/../lib/gcc/arm-none-eabi/11.3.1/thumb/v7e-m+dp/hard/crti.o
                0x00000000080100c8                _init
 .init          0x00000000080100cc        0x8 C:/ST/STM32CubeIDE_1.11.2/STM32CubeIDE/plugins/com.st.stm32cube.ide.mcu.externaltools.gnu-tools-for-stm32.11.3.rel1.win32_1.1.100.202309141235/tools/bin/../lib/gcc/arm-none-eabi/11.3.1/thumb/v7e-m+dp/hard/crtn.o
 *(.fini)
 .fini          0x00000000080100d4        0x4 C:/ST/STM32CubeIDE_1.11.2/STM32CubeIDE/plugins/com.st.stm32cube.ide.mcu.externaltools.gnu-tools-for-stm32.11.3.rel1.win32_1.1.100.202309141235/tools/bin/../lib/gcc/arm-none-eabi/11.3.1/thumb/v7e-m+dp/hard/crti.o
                0x00000000080100d4                _fini
 .fini          0x00000000080100d8        0x8 C:/ST/STM32CubeIDE_1.11.2/STM32CubeIDE/plugins/com.st.stm32cube.ide.mcu.externaltools.gnu-tools-for-stm32.11.3.rel1.win32_1.1.100.202309141235/tools/bin/../lib/gcc/arm-none-eabi/11.3.1/thumb/v7e-m+dp/hard/crtn.o
                0x00000000080100e0                . = ALIGN (0x4)
                0x00000000080100e0                _etext = .

.vfp11_veneer   0x00000000080100e0        0x0
 .vfp11_veneer  0x00000000080100e0        0x0 linker stubs

.v4_bx          0x00000000080100e0        0x0
 .v4_bx         0x00000000080100e0        0x0 linker stubs

.iplt           0x00000000080100e0        0x0
 .iplt          0x00000000080100e0        0x0 C:/ST/STM32CubeIDE_1.11.2/STM32CubeIDE/plugins/com.st.stm32cube.ide.mcu.externaltools.gnu-tools-for-stm32.11.3.rel1.win32_1.1.100.202309141235/tools/bin/../lib/gcc/arm-none-eabi/11.3.1/thumb/v7e-m+dp/hard/crtbegin.o

.rodata         0x00000000080100e0      0x330
                0x00000000080100e0                . = ALIGN (0x4)
 *(.rodata)
 .rodata        0x00000000080100e0        0x9 ./Core/Inc/SEGGER_RTT.o
 *fill*         0x00000000080100e9        0x3 
 .rodata        0x00000000080100ec       0x10 ./Core/Inc/SEGGER_SYSVIEW.o