../Core/Src/main.c:128:5:main	8	static
../Core/Src/main.c:225:6:SystemClock_Config	88	static
../Core/Src/main.c:283:13:MX_ETH_Init	8	static
../Core/Src/main.c:332:13:MX_UART4_Init	8	static
../Core/Src/main.c:367:13:MX_USART2_UART_Init	8	static
../Core/Src/main.c:402:13:MX_USART3_UART_Init	8	static
../Core/Src/main.c:437:13:MX_USB_OTG_FS_PCD_Init	8	static
../Core/Src/main.c:472:13:MX_GPIO_Init	56	static
../Core/Src/main.c:535:6:StartDefaultTask	16	static
../Core/Src/main.c:554:6:senderEntry	16	static
../Core/Src/main.c:576:6:printerEntry	24	static
../Core/Src/main.c:596:6:printTimerRoutine	16	static
../Core/Src/main.c:611:6:Error_Handler	4	static,ignoring_inline_asm
