Archive member included to satisfy reference by file (symbol)

C:/ST/STM32CubeIDE_1.11.2/STM32CubeIDE/plugins/com.st.stm32cube.ide.mcu.externaltools.gnu-tools-for-stm32.11.3.rel1.win32_1.1.100.202309141235/tools/bin/../lib/gcc/arm-none-eabi/11.3.1/../../../../arm-none-eabi/lib/thumb/v7e-m+dp/hard\libc_nano.a(libc_a-exit.o)
                              C:/ST/STM32CubeIDE_1.11.2/STM32CubeIDE/plugins/com.st.stm32cube.ide.mcu.externaltools.gnu-tools-for-stm32.11.3.rel1.win32_1.1.100.202309141235/tools/bin/../lib/gcc/arm-none-eabi/11.3.1/../../../../arm-none-eabi/lib/thumb/v7e-m+dp/hard/crt0.o (exit)
C:/ST/STM32CubeIDE_1.11.2/STM32CubeIDE/plugins/com.st.stm32cube.ide.mcu.externaltools.gnu-tools-for-stm32.11.3.rel1.win32_1.1.100.202309141235/tools/bin/../lib/gcc/arm-none-eabi/11.3.1/../../../../arm-none-eabi/lib/thumb/v7e-m+dp/hard\libc_nano.a(libc_a-findfp.o)
                              C:/ST/STM32CubeIDE_1.11.2/STM32CubeIDE/plugins/com.st.stm32cube.ide.mcu.externaltools.gnu-tools-for-stm32.11.3.rel1.win32_1.1.100.202309141235/tools/bin/../lib/gcc/arm-none-eabi/11.3.1/../../../../arm-none-eabi/lib/thumb/v7e-m+dp/hard\libc_nano.a(libc_a-exit.o) (__stdio_exit_handler)
C:/ST/STM32CubeIDE_1.11.2/STM32CubeIDE/plugins/com.st.stm32cube.ide.mcu.externaltools.gnu-tools-for-stm32.11.3.rel1.win32_1.1.100.202309141235/tools/bin/../lib/gcc/arm-none-eabi/11.3.1/../../../../arm-none-eabi/lib/thumb/v7e-m+dp/hard\libc_nano.a(libc_a-fwalk.o)
                              C:/ST/STM32CubeIDE_1.11.2/STM32CubeIDE/plugins/com.st.stm32cube.ide.mcu.externaltools.gnu-tools-for-stm32.11.3.rel1.win32_1.1.100.202309141235/tools/bin/../lib/gcc/arm-none-eabi/11.3.1/../../../../arm-none-eabi/lib/thumb/v7e-m+dp/hard\libc_nano.a(libc_a-findfp.o) (_fwalk_sglue)
C:/ST/STM32CubeIDE_1.11.2/STM32CubeIDE/plugins/com.st.stm32cube.ide.mcu.externaltools.gnu-tools-for-stm32.11.3.rel1.win32_1.1.100.202309141235/tools/bin/../lib/gcc/arm-none-eabi/11.3.1/../../../../arm-none-eabi/lib/thumb/v7e-m+dp/hard\libc_nano.a(libc_a-stdio.o)
                              C:/ST/STM32CubeIDE_1.11.2/STM32CubeIDE/plugins/com.st.stm32cube.ide.mcu.externaltools.gnu-tools-for-stm32.11.3.rel1.win32_1.1.100.202309141235/tools/bin/../lib/gcc/arm-none-eabi/11.3.1/../../../../arm-none-eabi/lib/thumb/v7e-m+dp/hard\libc_nano.a(libc_a-findfp.o) (__sread)
C:/ST/STM32CubeIDE_1.11.2/STM32CubeIDE/plugins/com.st.stm32cube.ide.mcu.externaltools.gnu-tools-for-stm32.11.3.rel1.win32_1.1.100.202309141235/tools/bin/../lib/gcc/arm-none-eabi/11.3.1/../../../../arm-none-eabi/lib/thumb/v7e-m+dp/hard\libc_nano.a(libc_a-memcmp.o)
                              ./Core/Inc/SEGGER_SYSVIEW_FreeRTOS.o (memcmp)
C:/ST/STM32CubeIDE_1.11.2/STM32CubeIDE/plugins/com.st.stm32cube.ide.mcu.externaltools.gnu-tools-for-stm32.11.3.rel1.win32_1.1.100.202309141235/tools/bin/../lib/gcc/arm-none-eabi/11.3.1/../../../../arm-none-eabi/lib/thumb/v7e-m+dp/hard\libc_nano.a(libc_a-memset.o)
                              C:/ST/STM32CubeIDE_1.11.2/STM32CubeIDE/plugins/com.st.stm32cube.ide.mcu.externaltools.gnu-tools-for-stm32.11.3.rel1.win32_1.1.100.202309141235/tools/bin/../lib/gcc/arm-none-eabi/11.3.1/../../../../arm-none-eabi/lib/thumb/v7e-m+dp/hard/crt0.o (memset)
C:/ST/STM32CubeIDE_1.11.2/STM32CubeIDE/plugins/com.st.stm32cube.ide.mcu.externaltools.gnu-tools-for-stm32.11.3.rel1.win32_1.1.100.202309141235/tools/bin/../lib/gcc/arm-none-eabi/11.3.1/../../../../arm-none-eabi/lib/thumb/v7e-m+dp/hard\libc_nano.a(libc_a-closer.o)
                              C:/ST/STM32CubeIDE_1.11.2/STM32CubeIDE/plugins/com.st.stm32cube.ide.mcu.externaltools.gnu-tools-for-stm32.11.3.rel1.win32_1.1.100.202309141235/tools/bin/../lib/gcc/arm-none-eabi/11.3.1/../../../../arm-none-eabi/lib/thumb/v7e-m+dp/hard\libc_nano.a(libc_a-stdio.o) (_close_r)
C:/ST/STM32CubeIDE_1.11.2/STM32CubeIDE/plugins/com.st.stm32cube.ide.mcu.externaltools.gnu-tools-for-stm32.11.3.rel1.win32_1.1.100.202309141235/tools/bin/../lib/gcc/arm-none-eabi/11.3.1/../../../../arm-none-eabi/lib/thumb/v7e-m+dp/hard\libc_nano.a(libc_a-reent.o)
                              C:/ST/STM32CubeIDE_1.11.2/STM32CubeIDE/plugins/com.st.stm32cube.ide.mcu.externaltools.gnu-tools-for-stm32.11.3.rel1.win32_1.1.100.202309141235/tools/bin/../lib/gcc/arm-none-eabi/11.3.1/../../../../arm-none-eabi/lib/thumb/v7e-m+dp/hard\libc_nano.a(libc_a-closer.o) (errno)
C:/ST/STM32CubeIDE_1.11.2/STM32CubeIDE/plugins/com.st.stm32cube.ide.mcu.externaltools.gnu-tools-for-stm32.11.3.rel1.win32_1.1.100.202309141235/tools/bin/../lib/gcc/arm-none-eabi/11.3.1/../../../../arm-none-eabi/lib/thumb/v7e-m+dp/hard\libc_nano.a(libc_a-impure.o)
                              C:/ST/STM32CubeIDE_1.11.2/STM32CubeIDE/plugins/com.st.stm32cube.ide.mcu.externaltools.gnu-tools-for-stm32.11.3.rel1.win32_1.1.100.202309141235/tools/bin/../lib/gcc/arm-none-eabi/11.3.1/../../../../arm-none-eabi/lib/thumb/v7e-m+dp/hard\libc_nano.a(libc_a-reent.o) (_impure_ptr)
[...]
Memory Configuration

Name             Origin             Length             Attributes
RAM              0x0000000020000000 0x0000000000080000 xrw
FLASH            0x0000000008000000 0x0000000000200000 xr
*default*        0x0000000000000000 0xffffffffffffffff

Linker script and memory map

LOAD C:/ST/STM32CubeIDE_1.11.2/STM32CubeIDE/plugins/com.st.stm32cube.ide.mcu.externaltools.gnu-tools-for-stm32.11.3.rel1.win32_1.1.100.202309141235/tools/bin/../lib/gcc/arm-none-eabi/11.3.1/thumb/v7e-m+dp/hard/crti.o
LOAD C:/ST/STM32CubeIDE_1.11.2/STM32CubeIDE/plugins/com.st.stm32cube.ide.mcu.externaltools.gnu-tools-for-stm32.11.3.rel1.win32_1.1.100.202309141235/tools/bin/../lib/gcc/arm-none-eabi/11.3.1/thumb/v7e-m+dp/hard/crtbegin.o
LOAD C:/ST/STM32CubeIDE_1.11.2/STM32CubeIDE/plugins/com.st.stm32cube.ide.mcu.externaltools.gnu-tools-for-stm32.11.3.rel1.win32_1.1.100.202309141235/tools/bin/../lib/gcc/arm-none-eabi/11.3.1/../../../../arm-none-eabi/lib/thumb/v7e-m+dp/hard/crt0.o
LOAD ./Core/Inc/SEGGER_RTT.o
LOAD ./Core/Inc/SEGGER_RTT_ASM_ARMv7M.o
LOAD ./Core/Inc/SEGGER_RTT_Syscalls_GCC.o
LOAD ./Core/Inc/SEGGER_RTT_Syscalls_IAR.o
LOAD ./Core/Inc/SEGGER_RTT_Syscalls_KEIL.o
LOAD ./Core/Inc/SEGGER_RTT_Syscalls_SES.o
LOAD ./Core/Inc/SEGGER_RTT_printf.o
LOAD ./Core/Inc/SEGGER_SYSVIEW.o
LOAD ./Core/Inc/SEGGER_SYSVIEW_Config_FreeRTOS.o
LOAD ./Core/Inc/SEGGER_SYSVIEW_FreeRTOS.o
LOAD ./Core/Src/freertos.o
LOAD ./Core/Src/main.o
LOAD ./Core/Src/stm32f7xx_hal_msp.o
LOAD ./Core/Src/stm32f7xx_it.o
LOAD ./Core/Src/syscalls.o
LOAD ./Core/Src/sysmem.o
LOAD ./Core/Src/system_stm32f7xx.o
LOAD ./Core/Startup/startup_stm32f767zitx.o
LOAD ./Drivers/STM32F7xx_HAL_Driver/Src/stm32f7xx_hal.o
LOAD ./Drivers/STM32F7xx_HAL_Driver/Src/stm32f7xx_hal_cortex.o
LOAD ./Drivers/STM32F7xx_HAL_Driver/Src/stm32f7xx_hal_dma.o
LOAD ./Drivers/STM32F7xx_HAL_Driver/Src/stm32f7xx_hal_dma_ex.o
LOAD ./Drivers/STM32F7xx_HAL_Driver/Src/stm32f7xx_hal_eth.o
LOAD ./Drivers/STM32F7xx_HAL_Driver/Src/stm32f7xx_hal_exti.o
LOAD ./Drivers/STM32F7xx_HAL_Driver/Src/stm32f7xx_hal_flash.o
LOAD ./Drivers/STM32F7xx_HAL_Driver/Src/stm32f7xx_hal_flash_ex.o
LOAD ./Drivers/STM32F7xx_HAL_Driver/Src/stm32f7xx_hal_gpio.o
LOAD ./Drivers/STM32F7xx_HAL_Driver/Src/stm32f7xx_hal_i2c.o
LOAD ./Drivers/STM32F7xx_HAL_Driver/Src/stm32f7xx_hal_i2c_ex.o
LOAD ./Drivers/STM32F7xx_HAL_Driver/Src/stm32f7xx_hal_pcd.o
LOAD ./Drivers/STM32F7xx_HAL_Driver/Src/stm32f7xx_hal_pcd_ex.o
LOAD ./Drivers/STM32F7xx_HAL_Driver/Src/stm32f7xx_hal_pwr.o
LOAD ./Drivers/STM32F7xx_HAL_Driver/Src/stm32f7xx_hal_pwr_ex.o
LOAD ./Drivers/STM32F7xx_HAL_Driver/Src/stm32f7xx_hal_rcc.o
LOAD ./Drivers/STM32F7xx_HAL_Driver/Src/stm32f7xx_hal_rcc_ex.o
LOAD ./Drivers/STM32F7xx_HAL_Driver/Src/stm32f7xx_hal_tim.o
LOAD ./Drivers/STM32F7xx_HAL_Driver/Src/stm32f7xx_hal_tim_ex.o
LOAD ./Drivers/STM32F7xx_HAL_Driver/Src/stm32f7xx_hal_uart.o
LOAD ./Drivers/STM32F7xx_HAL_Driver/Src/stm32f7xx_hal_uart_ex.o
LOAD ./Drivers/STM32F7xx_HAL_Driver/Src/stm32f7xx_ll_usb.o
LOAD ./Middlewares/Third_Party/FreeRTOS/Source/CMSIS_RTOS_V2/cmsis_os2.o
LOAD ./Middlewares/Third_Party/FreeRTOS/Source/croutine.o
LOAD ./Middlewares/Third_Party/FreeRTOS/Source/event_groups.o
LOAD ./Middlewares/Third_Party/FreeRTOS/Source/list.o
LOAD ./Middlewares/Third_Party/FreeRTOS/Source/queue.o
LOAD ./Middlewares/Third_Party/FreeRTOS/Source/stream_buffer.o
LOAD ./Middlewares/Third_Party/FreeRTOS/Source/tasks.o
LOAD ./Middlewares/Third_Party/FreeRTOS/Source/timers.o
LOAD ./Middlewares/Third_Party/FreeRTOS/Source/portable/GCC/ARM_CM7/r0p1/port.o
LOAD ./Middlewares/Third_Party/FreeRTOS/Source/portable/MemMang/heap_4.o
START GROUP
LOAD C:/ST/STM32CubeIDE_1.11.2/STM32CubeIDE/plugins/com.st.stm32cube.ide.mcu.externaltools.gnu-tools-for-stm32.11.3.rel1.win32_1.1.100.202309141235/tools/bin/../lib/gcc/arm-none-eabi/11.3.1/../../../../arm-none-eabi/lib/thumb/v7e-m+dp/hard\libc_nano.a
LOAD C:/ST/STM32CubeIDE_1.11.2/STM32CubeIDE/plugins/com.st.stm32cube.ide.mcu.externaltools.gnu-tools-for-stm32.11.3.rel1.win32_1.1.100.202309141235/tools/bin/../lib/gcc/arm-none-eabi/11.3.1/../../../../arm-none-eabi/lib/thumb/v7e-m+dp/hard\libm.a
END GROUP
START GROUP
LOAD C:/ST/STM32CubeIDE_1.11.2/STM32CubeIDE/plugins/com.st.stm32cube.ide.mcu.externaltools.gnu-tools-for-stm32.11.3.rel1.win32_1.1.100.202309141235/tools/bin/../lib/gcc/arm-none-eabi/11.3.1/thumb/v7e-m+dp/hard\libgcc.a
LOAD C:/ST/STM32CubeIDE_1.11.2/STM32CubeIDE/plugins/com.st.stm32cube.ide.mcu.externaltools.gnu-tools-for-stm32.11.3.rel1.win32_1.1.100.202309141235/tools/bin/../lib/gcc/arm-none-eabi/11.3.1/../../../../arm-none-eabi/lib/thumb/v7e-m+dp/hard\libc_nano.a
END GROUP
START GROUP
LOAD C:/ST/STM32CubeIDE_1.11.2/STM32CubeIDE/plugins/com.st.stm32cube.ide.mcu.externaltools.gnu-tools-for-stm32.11.3.rel1.win32_1.1.100.202309141235/tools/bin/../lib/gcc/arm-none-eabi/11.3.1/thumb/v7e-m+dp/hard\libgcc.a
LOAD C:/ST/STM32CubeIDE_1.11.2/STM32CubeIDE/plugins/com.st.stm32cube.ide.mcu.externaltools.gnu-tools-for-stm32.11.3.rel1.win32_1.1.100.202309141235/tools/bin/../lib/gcc/arm-none-eabi/11.3.1/../../../../arm-none-eabi/lib/thumb/v7e-m+dp/hard\libc_nano.a
LOAD C:/ST/STM32CubeIDE_1.11.2/STM32CubeIDE/plugins/com.st.stm32cube.ide.mcu.externaltools.gnu-tools-for-stm32.11.3.rel1.win32_1.1.100.202309141235/tools/bin/../lib/gcc/arm-none-eabi/11.3.1/../../../../arm-none-eabi/lib/thumb/v7e-m+dp/hard\libnosys.a
END GROUP
START GROUP
LOAD C:/ST/STM32CubeIDE_1.11.2/STM32CubeIDE/plugins/com.st.stm32cube.ide.mcu.externaltools.gnu-tools-for-stm32.11.3.rel1.win32_1.1.100.202309141235/tools/bin/../lib/gcc/arm-none-eabi/11.3.1/thumb/v7e-m+dp/hard\libgcc.a
LOAD C:/ST/STM32CubeIDE_1.11.2/STM32CubeIDE/plugins/com.st.stm32cube.ide.mcu.externaltools.gnu-tools-for-stm32.11.3.rel1.win32_1.1.100.202309141235/tools/bin/../lib/gcc/arm-none-eabi/11.3.1/../../../../arm-none-eabi/lib/thumb/v7e-m+dp/hard\libc_nano.a
LOAD C:/ST/STM32CubeIDE_1.11.2/STM32CubeIDE/plugins/com.st.stm32cube.ide.mcu.externaltools.gnu-tools-for-stm32.11.3.rel1.win32_1.1.100.202309141235/tools/bin/../lib/gcc/arm-none-eabi/11.3.1/../../../../arm-none-eabi/lib/thumb/v7e-m+dp/hard\libnosys.a
END GROUP
LOAD C:/ST/STM32CubeIDE_1.11.2/STM32CubeIDE/plugins/com.st.stm32cube.ide.mcu.externaltools.gnu-tools-for-stm32.11.3.rel1.win32_1.1.100.202309141235/tools/bin/../lib/gcc/arm-none-eabi/11.3.1/thumb/v7e-m+dp/hard/crtend.o
LOAD C:/ST/STM32CubeIDE_1.11.2/STM32CubeIDE/plugins/com.st.stm32cube.ide.mcu.externaltools.gnu-tools-for-stm32.11.3.rel1.win32_1.1.100.202309141235/tools/bin/../lib/gcc/arm-none-eabi/11.3.1/thumb/v7e-m+dp/hard/crtn.o
                0x0000000020080000                _estack = (ORIGIN (RAM) + LENGTH (RAM))
                0x0000000000000200                _Min_Heap_Size = 0x200
                0x0000000000000400                _Min_Stack_Size = 0x400

.isr_vector     0x0000000008000000      0x1f8
                0x0000000008000000                . = ALIGN (0x4)
 *(.isr_vector)
 .isr_vector    0x0000000008000000      0x1f8 ./Core/Startup/startup_stm32f767zitx.o
                0x0000000008000000                g_pfnVectors
                0x00000000080001f8                . = ALIGN (0x4)

.text           0x0000000008000200     0x94f8
                0x0000000008000200                . = ALIGN (0x4)
 *(.text)
 .text          0x0000000008000200       0x40 C:/ST/STM32CubeIDE_1.11.2/STM32CubeIDE/plugins/com.st.stm32cube.ide.mcu.externaltools.gnu-tools-for-stm32.11.3.rel1.win32_1.1.100.202309141235/tools/bin/../lib/gcc/arm-none-eabi/11.3.1/thumb/v7e-m+dp/hard/crtbegin.o
 .text          0x0000000008000240       0x94 ./Core/Inc/SEGGER_RTT_ASM_ARMv7M.o
                0x0000000008000240                SEGGER_RTT_ASM_WriteSkipNoLock
 .text          0x00000000080002d4       0x30 C:/ST/STM32CubeIDE_1.11.2/STM32CubeIDE/plugins/com.st.stm32cube.ide.mcu.externaltools.gnu-tools-for-stm32.11.3.rel1.win32_1.1.100.202309141235/tools/bin/../lib/gcc/arm-none-eabi/11.3.1/thumb/v7e-m+dp/hard\libgcc.a(_aeabi_uldivmod.o)
                0x00000000080002d4                __aeabi_uldivmod
 .text          0x0000000008000304      0x2c8 C:/ST/STM32CubeIDE_1.11.2/STM32CubeIDE/plugins/com.st.stm32cube.ide.mcu.externaltools.gnu-tools-for-stm32.11.3.rel1.win32_1.1.100.202309141235/tools/bin/../lib/gcc/arm-none-eabi/11.3.1/thumb/v7e-m+dp/hard\libgcc.a(_udivmoddi4.o)
                0x0000000008000304                __udivmoddi4
 .text          0x00000000080005cc        0x4 C:/ST/STM32CubeIDE_1.11.2/STM32CubeIDE/plugins/com.st.stm32cube.ide.mcu.externaltools.gnu-tools-for-stm32.11.3.rel1.win32_1.1.100.202309141235/tools/bin/../lib/gcc/arm-none-eabi/11.3.1/thumb/v7e-m+dp/hard\libgcc.a(_dvmd_tls.o)
                0x00000000080005cc                __aeabi_idiv0
                0x00000000080005cc                __aeabi_ldiv0
 *(.text*)
 .text._DoInit  0x00000000080005d0       0xb4 ./Core/Inc/SEGGER_RTT.o
 .text.SEGGER_RTT_ReadNoLock
                0x0000000008000684      0x10c ./Core/Inc/SEGGER_RTT.o
                0x0000000008000684                SEGGER_RTT_ReadNoLock
 .text.SEGGER_RTT_AllocUpBuffer
                0x0000000008000790      0x108 ./Core/Inc/SEGGER_RTT.o
                0x0000000008000790                SEGGER_RTT_AllocUpBuffer
 .text.SEGGER_RTT_ConfigDownBuffer
                0x0000000008000898       0x98 ./Core/Inc/SEGGER_RTT.o
                0x0000000008000898                SEGGER_RTT_ConfigDownBuffer
 .text._EncodeStr
                0x0000000008000930       0x60 ./Core/Inc/SEGGER_SYSVIEW.o
 .text._PreparePacket
                0x0000000008000990       0x18 ./Core/Inc/SEGGER_SYSVIEW.o
 .text._HandleIncomingPacket
                0x00000000080009a8       0xdc ./Core/Inc/SEGGER_SYSVIEW.o
 .text._TrySendOverflowPacket
                0x0000000008000a84       0xe4 ./Core/Inc/SEGGER_SYSVIEW.o
 .text._SendPacket
                0x0000000008000b68      0x2dc ./Core/Inc/SEGGER_SYSVIEW.o
 .text._VPrintHost
                0x0000000008000e44      0x17c ./Core/Inc/SEGGER_SYSVIEW.o
 .text.SEGGER_SYSVIEW_Init
                0x0000000008000fc0       0x88 ./Core/Inc/SEGGER_SYSVIEW.o
                0x0000000008000fc0                SEGGER_SYSVIEW_Init
 .text.SEGGER_SYSVIEW_SetRAMBase
                0x0000000008001048       0x20 ./Core/Inc/SEGGER_SYSVIEW.o
                0x0000000008001048                SEGGER_SYSVIEW_SetRAMBase
 .text.SEGGER_SYSVIEW_RecordVoid
                0x0000000008001068       0x3c ./Core/Inc/SEGGER_SYSVIEW.o
                0x0000000008001068                SEGGER_SYSVIEW_RecordVoid
 .text.SEGGER_SYSVIEW_RecordU32
                0x00000000080010a4       0x78 ./Core/Inc/SEGGER_SYSVIEW.o
                0x00000000080010a4                SEGGER_SYSVIEW_RecordU32
 .text.SEGGER_SYSVIEW_RecordU32x2
                0x000000000800111c       0xb4 ./Core/Inc/SEGGER_SYSVIEW.o
                0x000000000800111c                SEGGER_SYSVIEW_RecordU32x2
 .text.SEGGER_SYSVIEW_Start
                0x00000000080011d0      0x174 ./Core/Inc/SEGGER_SYSVIEW.o
                0x00000000080011d0                SEGGER_SYSVIEW_Start
 .text.SEGGER_SYSVIEW_Stop
                0x0000000008001344       0x4c ./Core/Inc/SEGGER_SYSVIEW.o
                0x0000000008001344                SEGGER_SYSVIEW_Stop
 .text.SEGGER_SYSVIEW_GetSysDesc
                0x0000000008001390      0x134 ./Core/Inc/SEGGER_SYSVIEW.o
                0x0000000008001390                SEGGER_SYSVIEW_GetSysDesc
 .text.SEGGER_SYSVIEW_SendTaskInfo
                0x00000000080014c4      0x1c8 ./Core/Inc/SEGGER_SYSVIEW.o
                0x00000000080014c4                SEGGER_SYSVIEW_SendTaskInfo
 .text.SEGGER_SYSVIEW_SendTaskList
                0x000000000800168c       0x28 ./Core/Inc/SEGGER_SYSVIEW.o
                0x000000000800168c                SEGGER_SYSVIEW_SendTaskList
 .text.SEGGER_SYSVIEW_SendSysDesc
                0x00000000080016b4       0x48 ./Core/Inc/SEGGER_SYSVIEW.o
                0x00000000080016b4                SEGGER_SYSVIEW_SendSysDesc
 .text.SEGGER_SYSVIEW_RecordSystime
                0x00000000080016fc       0x64 ./Core/Inc/SEGGER_SYSVIEW.o
                0x00000000080016fc                SEGGER_SYSVIEW_RecordSystime
 .text.SEGGER_SYSVIEW_SendModule
                0x0000000008001760      0x114 ./Core/Inc/SEGGER_SYSVIEW.o
                0x0000000008001760                SEGGER_SYSVIEW_SendModule
 .text.SEGGER_SYSVIEW_SendModuleDescription
                0x0000000008001874       0x3c ./Core/Inc/SEGGER_SYSVIEW.o
                0x0000000008001874                SEGGER_SYSVIEW_SendModuleDescription
 .text.SEGGER_SYSVIEW_SendNumModules
                0x00000000080018b0       0x7c ./Core/Inc/SEGGER_SYSVIEW.o
                0x00000000080018b0                SEGGER_SYSVIEW_SendNumModules
 .text.SEGGER_SYSVIEW_PrintfHost
                0x000000000800192c       0x28 ./Core/Inc/SEGGER_SYSVIEW.o
                0x000000000800192c                SEGGER_SYSVIEW_PrintfHost
 .text._cbSendSystemDesc
                0x0000000008001954       0x1c ./Core/Inc/SEGGER_SYSVIEW_Config_FreeRTOS.o
 .text.SEGGER_SYSVIEW_Conf
                0x0000000008001970       0x2c ./Core/Inc/SEGGER_SYSVIEW_Config_FreeRTOS.o
                0x0000000008001970                SEGGER_SYSVIEW_Conf
 .text._cbSendTaskList
                0x000000000800199c       0xbc ./Core/Inc/SEGGER_SYSVIEW_FreeRTOS.o
 .text._cbGetTime
                0x0000000008001a58       0x86 ./Core/Inc/SEGGER_SYSVIEW_FreeRTOS.o
 .text.SYSVIEW_SendTaskInfo
                0x0000000008001ade       0x42 ./Core/Inc/SEGGER_SYSVIEW_FreeRTOS.o
                0x0000000008001ade                SYSVIEW_SendTaskInfo
 .text.main     0x0000000008001b20       0xb0 ./Core/Src/main.o
                0x0000000008001b20                main
 .text.SystemClock_Config
                0x0000000008001bd0       0xe4 ./Core/Src/main.o
                0x0000000008001bd0                SystemClock_Config
 .text.MX_ETH_Init
                0x0000000008001cb4       0x9c ./Core/Src/main.o
 .text.MX_UART4_Init
                0x0000000008001d50       0x60 ./Core/Src/main.o
 .text.MX_USART2_UART_Init
                0x0000000008001db0       0x60 ./Core/Src/main.o
 .text.MX_USART3_UART_Init
                0x0000000008001e10       0x60 ./Core/Src/main.o
 .text.MX_USB_OTG_FS_PCD_Init
                0x0000000008001e70       0x5c ./Core/Src/main.o
 .text.MX_GPIO_Init
                0x0000000008001ecc      0x144 ./Core/Src/main.o
 .text.StartDefaultTask
                0x0000000008002010       0x10 ./Core/Src/main.o
                0x0000000008002010                StartDefaultTask
 .text.uart4ISREntry
                0x0000000008002020       0x24 ./Core/Src/main.o
                0x0000000008002020                uart4ISREntry
 .text.uart2SendTimerEntry
                0x0000000008002044       0x24 ./Core/Src/main.o
                0x0000000008002044                uart2SendTimerEntry
 .text.Error_Handler
                0x0000000008002068        0xa ./Core/Src/main.o
                0x0000000008002068                Error_Handler
 *fill*         0x0000000008002072        0x2 
 .text.HAL_MspInit
                0x0000000008002074       0x50 ./Core/Src/stm32f7xx_hal_msp.o
                0x0000000008002074                HAL_MspInit
 .text.HAL_ETH_MspInit
                0x00000000080020c4      0x170 ./Core/Src/stm32f7xx_hal_msp.o
                0x00000000080020c4                HAL_ETH_MspInit
 .text.HAL_UART_MspInit
                0x0000000008002234      0x1e4 ./Core/Src/stm32f7xx_hal_msp.o
                0x0000000008002234                HAL_UART_MspInit
 .text.HAL_PCD_MspInit
                0x0000000008002418       0xf4 ./Core/Src/stm32f7xx_hal_msp.o
                0x0000000008002418                HAL_PCD_MspInit
 .text.NMI_Handler
                0x000000000800250c        0x6 ./Core/Src/stm32f7xx_it.o
                0x000000000800250c                NMI_Handler
 .text.HardFault_Handler
                0x0000000008002512        0x6 ./Core/Src/stm32f7xx_it.o
                0x0000000008002512                HardFault_Handler
 .text.MemManage_Handler
                0x0000000008002518        0x6 ./Core/Src/stm32f7xx_it.o
                0x0000000008002518                MemManage_Handler
 .text.BusFault_Handler
                0x000000000800251e        0x6 ./Core/Src/stm32f7xx_it.o
                0x000000000800251e                BusFault_Handler
 .text.UsageFault_Handler
                0x0000000008002524        0x6 ./Core/Src/stm32f7xx_it.o
                0x0000000008002524                UsageFault_Handler
 .text.DebugMon_Handler
                0x000000000800252a        0xe ./Core/Src/stm32f7xx_it.o
                0x000000000800252a                DebugMon_Handler
 .text.SysTick_Handler
                0x0000000008002538       0x1a ./Core/Src/stm32f7xx_it.o
                0x0000000008002538                SysTick_Handler
 *fill*         0x0000000008002552        0x2 
 .text.UART4_IRQHandler
                0x0000000008002554       0x1c ./Core/Src/stm32f7xx_it.o
                0x0000000008002554                UART4_IRQHandler
 .text.SystemInit
                0x0000000008002570       0x24 ./Core/Src/system_stm32f7xx.o
                0x0000000008002570                SystemInit
 .text.Reset_Handler
                0x0000000008002594       0x50 ./Core/Startup/startup_stm32f767zitx.o
                0x0000000008002594                Reset_Handler
 .text.Default_Handler
                0x00000000080025e4        0x2 ./Core/Startup/startup_stm32f767zitx.o
                0x00000000080025e4                RTC_Alarm_IRQHandler
                0x00000000080025e4                EXTI2_IRQHandler
                0x00000000080025e4                TIM8_CC_IRQHandler
                0x00000000080025e4                UART8_IRQHandler
                0x00000000080025e4                SPI4_IRQHandler
                0x00000000080025e4                TIM1_CC_IRQHandler
                0x00000000080025e4                DMA2_Stream5_IRQHandler
                0x00000000080025e4                JPEG_IRQHandler
                0x00000000080025e4                DMA1_Stream5_IRQHandler
                0x00000000080025e4                CAN3_RX1_IRQHandler
                0x00000000080025e4                PVD_IRQHandler
                0x00000000080025e4                TAMP_STAMP_IRQHandler
                0x00000000080025e4                CAN2_RX1_IRQHandler
                0x00000000080025e4                EXTI3_IRQHandler
                0x00000000080025e4                TIM8_TRG_COM_TIM14_IRQHandler
                0x00000000080025e4                DFSDM1_FLT1_IRQHandler
                0x00000000080025e4                TIM1_UP_TIM10_IRQHandler
                0x00000000080025e4                TIM8_UP_TIM13_IRQHandler
                0x00000000080025e4                I2C3_ER_IRQHandler
                0x00000000080025e4                DFSDM1_FLT2_IRQHandler
                0x00000000080025e4                EXTI0_IRQHandler
                0x00000000080025e4                I2C2_EV_IRQHandler
                0x00000000080025e4                DMA1_Stream2_IRQHandler
                0x00000000080025e4                CAN1_RX0_IRQHandler
                0x00000000080025e4                FPU_IRQHandler
                0x00000000080025e4                OTG_HS_WKUP_IRQHandler
                0x00000000080025e4                CAN3_SCE_IRQHandler
                0x00000000080025e4                LTDC_ER_IRQHandler
                0x00000000080025e4                CAN2_SCE_IRQHandler
                0x00000000080025e4                DMA2_Stream2_IRQHandler
                0x00000000080025e4                SPI1_IRQHandler
                0x00000000080025e4                TIM6_DAC_IRQHandler
                0x00000000080025e4                TIM1_BRK_TIM9_IRQHandler
                0x00000000080025e4                DCMI_IRQHandler
                0x00000000080025e4                CAN2_RX0_IRQHandler
                0x00000000080025e4                DMA2_Stream3_IRQHandler
                0x00000000080025e4                SAI2_IRQHandler
                0x00000000080025e4                DFSDM1_FLT3_IRQHandler
                0x00000000080025e4                USART6_IRQHandler
                0x00000000080025e4                CAN3_RX0_IRQHandler
                0x00000000080025e4                USART3_IRQHandler
                0x00000000080025e4                CAN1_RX1_IRQHandler
                0x00000000080025e4                UART5_IRQHandler
                0x00000000080025e4                DMA2_Stream0_IRQHandler
                0x00000000080025e4                TIM4_IRQHandler
                0x00000000080025e4                QUADSPI_IRQHandler
                0x00000000080025e4                I2C1_EV_IRQHandler
                0x00000000080025e4                DMA1_Stream6_IRQHandler
                0x00000000080025e4                DMA1_Stream1_IRQHandler
                0x00000000080025e4                TIM3_IRQHandler
                0x00000000080025e4                RCC_IRQHandler
                0x00000000080025e4                TIM8_BRK_TIM12_IRQHandler
                0x00000000080025e4                Default_Handler
                0x00000000080025e4                CEC_IRQHandler
                0x00000000080025e4                EXTI15_10_IRQHandler
                0x00000000080025e4                ADC_IRQHandler
                0x00000000080025e4                DMA1_Stream7_IRQHandler
                0x00000000080025e4                SPI5_IRQHandler
                0x00000000080025e4                TIM7_IRQHandler
                0x00000000080025e4                SDMMC1_IRQHandler
                0x00000000080025e4                CAN2_TX_IRQHandler
                0x00000000080025e4                TIM5_IRQHandler
                0x00000000080025e4                DMA2_Stream7_IRQHandler
                0x00000000080025e4                I2C3_EV_IRQHandler
                0x00000000080025e4                EXTI9_5_IRQHandler
                0x00000000080025e4                RTC_WKUP_IRQHandler
                0x00000000080025e4                LTDC_IRQHandler
                0x00000000080025e4                ETH_WKUP_IRQHandler
                0x00000000080025e4                SPDIF_RX_IRQHandler
                0x00000000080025e4                SPI2_IRQHandler
                0x00000000080025e4                OTG_HS_EP1_IN_IRQHandler
                0x00000000080025e4                DMA1_Stream0_IRQHandler
                0x00000000080025e4                CAN1_TX_IRQHandler
                0x00000000080025e4                EXTI4_IRQHandler
                0x00000000080025e4                RNG_IRQHandler
                0x00000000080025e4                ETH_IRQHandler
                0x00000000080025e4                OTG_HS_EP1_OUT_IRQHandler
                0x00000000080025e4                WWDG_IRQHandler
                0x00000000080025e4                SPI6_IRQHandler
                0x00000000080025e4                MDIOS_IRQHandler
                0x00000000080025e4                I2C4_EV_IRQHandler
                0x00000000080025e4                CAN3_TX_IRQHandler
                0x00000000080025e4                TIM2_IRQHandler
                0x00000000080025e4                OTG_FS_WKUP_IRQHandler
                0x00000000080025e4                TIM1_TRG_COM_TIM11_IRQHandler
                0x00000000080025e4                OTG_HS_IRQHandler
                0x00000000080025e4                DMA2D_IRQHandler
                0x00000000080025e4                EXTI1_IRQHandler
                0x00000000080025e4                SDMMC2_IRQHandler
                0x00000000080025e4                UART7_IRQHandler
                0x00000000080025e4                USART2_IRQHandler
                0x00000000080025e4                DFSDM1_FLT0_IRQHandler
                0x00000000080025e4                I2C2_ER_IRQHandler
                0x00000000080025e4                DMA2_Stream1_IRQHandler
                0x00000000080025e4                CAN1_SCE_IRQHandler
                0x00000000080025e4                FLASH_IRQHandler
                0x00000000080025e4                DMA2_Stream4_IRQHandler
                0x00000000080025e4                USART1_IRQHandler
                0x00000000080025e4                OTG_FS_IRQHandler
                0x00000000080025e4                SPI3_IRQHandler
                0x00000000080025e4                DMA1_Stream4_IRQHandler
                0x00000000080025e4                I2C1_ER_IRQHandler
                0x00000000080025e4                FMC_IRQHandler
                0x00000000080025e4                LPTIM1_IRQHandler
                0x00000000080025e4                I2C4_ER_IRQHandler
                0x00000000080025e4                DMA2_Stream6_IRQHandler
                0x00000000080025e4                SAI1_IRQHandler
                0x00000000080025e4                DMA1_Stream3_IRQHandler
 .text.HAL_Init
                0x00000000080025e6       0x1a ./Drivers/STM32F7xx_HAL_Driver/Src/stm32f7xx_hal.o
                0x00000000080025e6                HAL_Init
 .text.HAL_InitTick
                0x0000000008002600       0x60 ./Drivers/STM32F7xx_HAL_Driver/Src/stm32f7xx_hal.o
                0x0000000008002600                HAL_InitTick
 .text.HAL_IncTick
                0x0000000008002660       0x28 ./Drivers/STM32F7xx_HAL_Driver/Src/stm32f7xx_hal.o
                0x0000000008002660                HAL_IncTick
 .text.HAL_GetTick
                0x0000000008002688       0x18 ./Drivers/STM32F7xx_HAL_Driver/Src/stm32f7xx_hal.o
                0x0000000008002688                HAL_GetTick
 .text.HAL_Delay
                0x00000000080026a0       0x48 ./Drivers/STM32F7xx_HAL_Driver/Src/stm32f7xx_hal.o
                0x00000000080026a0                HAL_Delay
 .text.__NVIC_SetPriorityGrouping
                0x00000000080026e8       0x48 ./Drivers/STM32F7xx_HAL_Driver/Src/stm32f7xx_hal_cortex.o
 .text.__NVIC_GetPriorityGrouping
                0x0000000008002730       0x1c ./Drivers/STM32F7xx_HAL_Driver/Src/stm32f7xx_hal_cortex.o
 .text.__NVIC_EnableIRQ
                0x000000000800274c       0x3c ./Drivers/STM32F7xx_HAL_Driver/Src/stm32f7xx_hal_cortex.o
 .text.__NVIC_SetPriority
                0x0000000008002788       0x54 ./Drivers/STM32F7xx_HAL_Driver/Src/stm32f7xx_hal_cortex.o
 .text.NVIC_EncodePriority
                0x00000000080027dc       0x66 ./Drivers/STM32F7xx_HAL_Driver/Src/stm32f7xx_hal_cortex.o
 *fill*         0x0000000008002842        0x2 
 .text.SysTick_Config
                0x0000000008002844       0x44 ./Drivers/STM32F7xx_HAL_Driver/Src/stm32f7xx_hal_cortex.o
 .text.HAL_NVIC_SetPriorityGrouping
                0x0000000008002888       0x16 ./Drivers/STM32F7xx_HAL_Driver/Src/stm32f7xx_hal_cortex.o
                0x0000000008002888                HAL_NVIC_SetPriorityGrouping
 .text.HAL_NVIC_SetPriority
                0x000000000800289e       0x38 ./Drivers/STM32F7xx_HAL_Driver/Src/stm32f7xx_hal_cortex.o
                0x000000000800289e                HAL_NVIC_SetPriority
 .text.HAL_NVIC_EnableIRQ
                0x00000000080028d6       0x1c ./Drivers/STM32F7xx_HAL_Driver/Src/stm32f7xx_hal_cortex.o
                0x00000000080028d6                HAL_NVIC_EnableIRQ
 .text.HAL_SYSTICK_Config
                0x00000000080028f2       0x18 ./Drivers/STM32F7xx_HAL_Driver/Src/stm32f7xx_hal_cortex.o
                0x00000000080028f2                HAL_SYSTICK_Config
 .text.HAL_DMA_Abort
                0x000000000800290a       0xe0 ./Drivers/STM32F7xx_HAL_Driver/Src/stm32f7xx_hal_dma.o
                0x000000000800290a                HAL_DMA_Abort
 .text.HAL_DMA_Abort_IT
                0x00000000080029ea       0x44 ./Drivers/STM32F7xx_HAL_Driver/Src/stm32f7xx_hal_dma.o
                0x00000000080029ea                HAL_DMA_Abort_IT
 *fill*         0x0000000008002a2e        0x2 
 .text.HAL_ETH_Init
                0x0000000008002a30       0xf8 ./Drivers/STM32F7xx_HAL_Driver/Src/stm32f7xx_hal_eth.o
                0x0000000008002a30                HAL_ETH_Init
 .text.ETH_SetMACConfig
                0x0000000008002b28      0x160 ./Drivers/STM32F7xx_HAL_Driver/Src/stm32f7xx_hal_eth.o
 .text.ETH_SetDMAConfig
                0x0000000008002c88      0x114 ./Drivers/STM32F7xx_HAL_Driver/Src/stm32f7xx_hal_eth.o
 .text.ETH_MACDMAConfig
                0x0000000008002d9c       0xe4 ./Drivers/STM32F7xx_HAL_Driver/Src/stm32f7xx_hal_eth.o
 .text.ETH_MACAddressConfig
                0x0000000008002e80       0x70 ./Drivers/STM32F7xx_HAL_Driver/Src/stm32f7xx_hal_eth.o
 .text.ETH_DMATxDescListInit
                0x0000000008002ef0       0xb2 ./Drivers/STM32F7xx_HAL_Driver/Src/stm32f7xx_hal_eth.o
 .text.ETH_DMARxDescListInit
                0x0000000008002fa2       0xda ./Drivers/STM32F7xx_HAL_Driver/Src/stm32f7xx_hal_eth.o
 .text.HAL_GPIO_Init
                0x000000000800307c      0x358 ./Drivers/STM32F7xx_HAL_Driver/Src/stm32f7xx_hal_gpio.o
                0x000000000800307c                HAL_GPIO_Init
 .text.HAL_GPIO_WritePin
                0x00000000080033d4       0x32 ./Drivers/STM32F7xx_HAL_Driver/Src/stm32f7xx_hal_gpio.o
                0x00000000080033d4                HAL_GPIO_WritePin
 .text.HAL_PCD_Init
                0x0000000008003406      0x248 ./Drivers/STM32F7xx_HAL_Driver/Src/stm32f7xx_hal_pcd.o
                0x0000000008003406                HAL_PCD_Init
 *fill*         0x000000000800364e        0x2 
 .text.HAL_PCDEx_ActivateLPM
                0x0000000008003650       0x48 ./Drivers/STM32F7xx_HAL_Driver/Src/stm32f7xx_hal_pcd_ex.o
                0x0000000008003650                HAL_PCDEx_ActivateLPM
 .text.HAL_PWR_EnableBkUpAccess
                0x0000000008003698       0x20 ./Drivers/STM32F7xx_HAL_Driver/Src/stm32f7xx_hal_pwr.o
                0x0000000008003698                HAL_PWR_EnableBkUpAccess
 .text.HAL_PWREx_EnableOverDrive
                0x00000000080036b8       0xa0 ./Drivers/STM32F7xx_HAL_Driver/Src/stm32f7xx_hal_pwr_ex.o
                0x00000000080036b8                HAL_PWREx_EnableOverDrive
 .text.HAL_RCC_OscConfig
                0x0000000008003758      0x55c ./Drivers/STM32F7xx_HAL_Driver/Src/stm32f7xx_hal_rcc.o
                0x0000000008003758                HAL_RCC_OscConfig
 .text.HAL_RCC_ClockConfig
                0x0000000008003cb4      0x1d8 ./Drivers/STM32F7xx_HAL_Driver/Src/stm32f7xx_hal_rcc.o
                0x0000000008003cb4                HAL_RCC_ClockConfig
 .text.HAL_RCC_GetSysClockFreq
                0x0000000008003e8c      0x20c ./Drivers/STM32F7xx_HAL_Driver/Src/stm32f7xx_hal_rcc.o
                0x0000000008003e8c                HAL_RCC_GetSysClockFreq
 .text.HAL_RCC_GetHCLKFreq
                0x0000000008004098       0x18 ./Drivers/STM32F7xx_HAL_Driver/Src/stm32f7xx_hal_rcc.o
                0x0000000008004098                HAL_RCC_GetHCLKFreq
 .text.HAL_RCC_GetPCLK1Freq
                0x00000000080040b0       0x28 ./Drivers/STM32F7xx_HAL_Driver/Src/stm32f7xx_hal_rcc.o
                0x00000000080040b0                HAL_RCC_GetPCLK1Freq
 .text.HAL_RCC_GetPCLK2Freq
                0x00000000080040d8       0x28 ./Drivers/STM32F7xx_HAL_Driver/Src/stm32f7xx_hal_rcc.o
                0x00000000080040d8                HAL_RCC_GetPCLK2Freq
 .text.HAL_RCCEx_PeriphCLKConfig
                0x0000000008004100      0x850 ./Drivers/STM32F7xx_HAL_Driver/Src/stm32f7xx_hal_rcc_ex.o
                0x0000000008004100                HAL_RCCEx_PeriphCLKConfig
 .text.HAL_UART_Init
                0x0000000008004950       0x9c ./Drivers/STM32F7xx_HAL_Driver/Src/stm32f7xx_hal_uart.o
                0x0000000008004950                HAL_UART_Init
 .text.HAL_UART_Transmit
                0x00000000080049ec      0x106 ./Drivers/STM32F7xx_HAL_Driver/Src/stm32f7xx_hal_uart.o
                0x00000000080049ec                HAL_UART_Transmit
 .text.HAL_UART_Receive_IT
                0x0000000008004af2       0x88 ./Drivers/STM32F7xx_HAL_Driver/Src/stm32f7xx_hal_uart.o
                0x0000000008004af2                HAL_UART_Receive_IT
 *fill*         0x0000000008004b7a        0x2 
 .text.HAL_UART_IRQHandler
                0x0000000008004b7c      0x5d0 ./Drivers/STM32F7xx_HAL_Driver/Src/stm32f7xx_hal_uart.o
                0x0000000008004b7c                HAL_UART_IRQHandler
 .text.HAL_UART_TxCpltCallback
                0x000000000800514c       0x14 ./Drivers/STM32F7xx_HAL_Driver/Src/stm32f7xx_hal_uart.o
                0x000000000800514c                HAL_UART_TxCpltCallback
 .text.HAL_UART_RxCpltCallback
                0x0000000008005160       0x14 ./Drivers/STM32F7xx_HAL_Driver/Src/stm32f7xx_hal_uart.o
                0x0000000008005160                HAL_UART_RxCpltCallback
 .text.HAL_UART_ErrorCallback
                0x0000000008005174       0x14 ./Drivers/STM32F7xx_HAL_Driver/Src/stm32f7xx_hal_uart.o
                0x0000000008005174                HAL_UART_ErrorCallback
 .text.HAL_UARTEx_RxEventCallback
                0x0000000008005188       0x18 ./Drivers/STM32F7xx_HAL_Driver/Src/stm32f7xx_hal_uart.o
                0x0000000008005188                HAL_UARTEx_RxEventCallback
 .text.HAL_UARTEx_WakeupCallback
                0x00000000080051a0       0x14 ./Drivers/STM32F7xx_HAL_Driver/Src/stm32f7xx_hal_uart.o
                0x00000000080051a0                HAL_UARTEx_WakeupCallback
 .text.UART_SetConfig
                0x00000000080051b4      0x4c8 ./Drivers/STM32F7xx_HAL_Driver/Src/stm32f7xx_hal_uart.o
                0x00000000080051b4                UART_SetConfig
 .text.UART_AdvFeatureConfig
                0x000000000800567c      0x144 ./Drivers/STM32F7xx_HAL_Driver/Src/stm32f7xx_hal_uart.o
                0x000000000800567c                UART_AdvFeatureConfig
 .text.UART_CheckIdleState
                0x00000000080057c0       0x9a ./Drivers/STM32F7xx_HAL_Driver/Src/stm32f7xx_hal_uart.o
                0x00000000080057c0                UART_CheckIdleState
 .text.UART_WaitOnFlagUntilTimeout
                0x000000000800585a      0x18c ./Drivers/STM32F7xx_HAL_Driver/Src/stm32f7xx_hal_uart.o
                0x000000000800585a                UART_WaitOnFlagUntilTimeout
 *fill*         0x00000000080059e6        0x2 
 .text.UART_Start_Receive_IT
                0x00000000080059e8      0x18c ./Drivers/STM32F7xx_HAL_Driver/Src/stm32f7xx_hal_uart.o
                0x00000000080059e8                UART_Start_Receive_IT
 .text.UART_EndRxTransfer
                0x0000000008005b74       0xc8 ./Drivers/STM32F7xx_HAL_Driver/Src/stm32f7xx_hal_uart.o
 .text.UART_DMAAbortOnError
                0x0000000008005c3c       0x2c ./Drivers/STM32F7xx_HAL_Driver/Src/stm32f7xx_hal_uart.o
 .text.UART_EndTransmit_IT
                0x0000000008005c68       0x54 ./Drivers/STM32F7xx_HAL_Driver/Src/stm32f7xx_hal_uart.o
 .text.UART_RxISR_8BIT
                0x0000000008005cbc      0x166 ./Drivers/STM32F7xx_HAL_Driver/Src/stm32f7xx_hal_uart.o
 .text.UART_RxISR_16BIT
                0x0000000008005e22      0x166 ./Drivers/STM32F7xx_HAL_Driver/Src/stm32f7xx_hal_uart.o
 .text.USB_CoreInit
                0x0000000008005f88       0xb0 ./Drivers/STM32F7xx_HAL_Driver/Src/stm32f7xx_ll_usb.o
                0x0000000008005f88                USB_CoreInit
 .text.USB_DisableGlobalInt
                0x0000000008006038       0x22 ./Drivers/STM32F7xx_HAL_Driver/Src/stm32f7xx_ll_usb.o
                0x0000000008006038                USB_DisableGlobalInt
 .text.USB_SetCurrentMode
                0x000000000800605a       0x98 ./Drivers/STM32F7xx_HAL_Driver/Src/stm32f7xx_ll_usb.o
                0x000000000800605a                USB_SetCurrentMode
 *fill*         0x00000000080060f2        0x2 
 .text.USB_DevInit
                0x00000000080060f4      0x2bc ./Drivers/STM32F7xx_HAL_Driver/Src/stm32f7xx_ll_usb.o
                0x00000000080060f4                USB_DevInit
 .text.USB_FlushTxFifo
                0x00000000080063b0       0x68 ./Drivers/STM32F7xx_HAL_Driver/Src/stm32f7xx_ll_usb.o
                0x00000000080063b0                USB_FlushTxFifo
 .text.USB_FlushRxFifo
                0x0000000008006418       0x60 ./Drivers/STM32F7xx_HAL_Driver/Src/stm32f7xx_ll_usb.o
                0x0000000008006418                USB_FlushRxFifo
 .text.USB_SetDevSpeed
                0x0000000008006478       0x32 ./Drivers/STM32F7xx_HAL_Driver/Src/stm32f7xx_ll_usb.o
                0x0000000008006478                USB_SetDevSpeed
 .text.USB_DevDisconnect
                0x00000000080064aa       0x42 ./Drivers/STM32F7xx_HAL_Driver/Src/stm32f7xx_ll_usb.o
                0x00000000080064aa                USB_DevDisconnect
 .text.USB_GetMode
                0x00000000080064ec       0x1c ./Drivers/STM32F7xx_HAL_Driver/Src/stm32f7xx_ll_usb.o
                0x00000000080064ec                USB_GetMode
 .text.USB_CoreReset
                0x0000000008006508       0x68 ./Drivers/STM32F7xx_HAL_Driver/Src/stm32f7xx_ll_usb.o
 .text.SVC_Setup
                0x0000000008006570        0xe ./Middlewares/Third_Party/FreeRTOS/Source/CMSIS_RTOS_V2/cmsis_os2.o
 *fill*         0x000000000800657e        0x2 
 .text.osKernelInitialize
                0x0000000008006580       0x68 ./Middlewares/Third_Party/FreeRTOS/Source/CMSIS_RTOS_V2/cmsis_os2.o
                0x0000000008006580                osKernelInitialize
 .text.osKernelStart
                0x00000000080065e8       0x6c ./Middlewares/Third_Party/FreeRTOS/Source/CMSIS_RTOS_V2/cmsis_os2.o
                0x00000000080065e8                osKernelStart
 .text.osThreadNew
                0x0000000008006654      0x14c ./Middlewares/Third_Party/FreeRTOS/Source/CMSIS_RTOS_V2/cmsis_os2.o
                0x0000000008006654                osThreadNew
 .text.osDelay  0x00000000080067a0       0x5c ./Middlewares/Third_Party/FreeRTOS/Source/CMSIS_RTOS_V2/cmsis_os2.o
                0x00000000080067a0                osDelay
 .text.TimerCallback
                0x00000000080067fc       0x2a ./Middlewares/Third_Party/FreeRTOS/Source/CMSIS_RTOS_V2/cmsis_os2.o
 *fill*         0x0000000008006826        0x2 
 .text.osTimerNew
                0x0000000008006828      0x108 ./Middlewares/Third_Party/FreeRTOS/Source/CMSIS_RTOS_V2/cmsis_os2.o
                0x0000000008006828                osTimerNew
 .text.osTimerStart
                0x0000000008006930       0x80 ./Middlewares/Third_Party/FreeRTOS/Source/CMSIS_RTOS_V2/cmsis_os2.o
                0x0000000008006930                osTimerStart
 .text.osMessageQueueNew
                0x00000000080069b0      0x10c ./Middlewares/Third_Party/FreeRTOS/Source/CMSIS_RTOS_V2/cmsis_os2.o
                0x00000000080069b0                osMessageQueueNew
 .text.vApplicationGetIdleTaskMemory
                0x0000000008006abc       0x34 ./Middlewares/Third_Party/FreeRTOS/Source/CMSIS_RTOS_V2/cmsis_os2.o
                0x0000000008006abc                vApplicationGetIdleTaskMemory
 .text.vApplicationGetTimerTaskMemory
                0x0000000008006af0       0x34 ./Middlewares/Third_Party/FreeRTOS/Source/CMSIS_RTOS_V2/cmsis_os2.o
                0x0000000008006af0                vApplicationGetTimerTaskMemory
 .text.vListInitialise
                0x0000000008006b24       0x40 ./Middlewares/Third_Party/FreeRTOS/Source/list.o
                0x0000000008006b24                vListInitialise
 .text.vListInitialiseItem
                0x0000000008006b64       0x1a ./Middlewares/Third_Party/FreeRTOS/Source/list.o
                0x0000000008006b64                vListInitialiseItem
 .text.vListInsertEnd
                0x0000000008006b7e       0x48 ./Middlewares/Third_Party/FreeRTOS/Source/list.o
                0x0000000008006b7e                vListInsertEnd
 .text.vListInsert
                0x0000000008006bc6       0x72 ./Middlewares/Third_Party/FreeRTOS/Source/list.o
                0x0000000008006bc6                vListInsert
 .text.uxListRemove
                0x0000000008006c38       0x54 ./Middlewares/Third_Party/FreeRTOS/Source/list.o
                0x0000000008006c38                uxListRemove
 .text.xQueueGenericReset
                0x0000000008006c8c       0xd4 ./Middlewares/Third_Party/FreeRTOS/Source/queue.o
                0x0000000008006c8c                xQueueGenericReset
 .text.xQueueGenericCreateStatic
                0x0000000008006d60      0x104 ./Middlewares/Third_Party/FreeRTOS/Source/queue.o
                0x0000000008006d60                xQueueGenericCreateStatic
 .text.xQueueGenericCreate
                0x0000000008006e64       0x84 ./Middlewares/Third_Party/FreeRTOS/Source/queue.o
                0x0000000008006e64                xQueueGenericCreate
 .text.prvInitialiseNewQueue
                0x0000000008006ee8       0x46 ./Middlewares/Third_Party/FreeRTOS/Source/queue.o
 *fill*         0x0000000008006f2e        0x2 
 .text.xQueueGenericSend
                0x0000000008006f30      0x20c ./Middlewares/Third_Party/FreeRTOS/Source/queue.o
                0x0000000008006f30                xQueueGenericSend
 .text.xQueueGenericSendFromISR
                0x000000000800713c      0x140 ./Middlewares/Third_Party/FreeRTOS/Source/queue.o
                0x000000000800713c                xQueueGenericSendFromISR
 .text.xQueueReceive
                0x000000000800727c      0x1cc ./Middlewares/Third_Party/FreeRTOS/Source/queue.o
                0x000000000800727c                xQueueReceive
 .text.prvCopyDataToQueue
                0x0000000008007448       0xd4 ./Middlewares/Third_Party/FreeRTOS/Source/queue.o
 .text.prvCopyDataFromQueue
                0x000000000800751c       0x4c ./Middlewares/Third_Party/FreeRTOS/Source/queue.o
 .text.prvUnlockQueue
                0x0000000008007568       0xa4 ./Middlewares/Third_Party/FreeRTOS/Source/queue.o
 .text.prvIsQueueEmpty
                0x000000000800760c       0x2c ./Middlewares/Third_Party/FreeRTOS/Source/queue.o
 .text.prvIsQueueFull
                0x0000000008007638       0x30 ./Middlewares/Third_Party/FreeRTOS/Source/queue.o
 .text.vQueueAddToRegistry
                0x0000000008007668       0x54 ./Middlewares/Third_Party/FreeRTOS/Source/queue.o
                0x0000000008007668                vQueueAddToRegistry
 .text.vQueueWaitForMessageRestricted
                0x00000000080076bc       0x68 ./Middlewares/Third_Party/FreeRTOS/Source/queue.o
                0x00000000080076bc                vQueueWaitForMessageRestricted
 .text.xTaskCreateStatic
                0x0000000008007724       0xc6 ./Middlewares/Third_Party/FreeRTOS/Source/tasks.o
                0x0000000008007724                xTaskCreateStatic
 .text.xTaskCreate
                0x00000000080077ea       0x8a ./Middlewares/Third_Party/FreeRTOS/Source/tasks.o
                0x00000000080077ea                xTaskCreate
 .text.prvInitialiseNewTask
                0x0000000008007874      0x122 ./Middlewares/Third_Party/FreeRTOS/Source/tasks.o
 *fill*         0x0000000008007996        0x2 
 .text.prvAddNewTaskToReadyList
                0x0000000008007998       0xe0 ./Middlewares/Third_Party/FreeRTOS/Source/tasks.o
 .text.vTaskDelay
                0x0000000008007a78       0x6c ./Middlewares/Third_Party/FreeRTOS/Source/tasks.o
                0x0000000008007a78                vTaskDelay
 .text.vTaskStartScheduler
                0x0000000008007ae4       0xd4 ./Middlewares/Third_Party/FreeRTOS/Source/tasks.o
                0x0000000008007ae4                vTaskStartScheduler
 .text.vTaskSuspendAll
                0x0000000008007bb8       0x1c ./Middlewares/Third_Party/FreeRTOS/Source/tasks.o
                0x0000000008007bb8                vTaskSuspendAll
 .text.xTaskResumeAll
                0x0000000008007bd4      0x140 ./Middlewares/Third_Party/FreeRTOS/Source/tasks.o
                0x0000000008007bd4                xTaskResumeAll
 .text.xTaskGetTickCount
                0x0000000008007d14       0x20 ./Middlewares/Third_Party/FreeRTOS/Source/tasks.o
                0x0000000008007d14                xTaskGetTickCount
 .text.xTaskGetTickCountFromISR
                0x0000000008007d34       0x24 ./Middlewares/Third_Party/FreeRTOS/Source/tasks.o
                0x0000000008007d34                xTaskGetTickCountFromISR
 .text.xTaskIncrementTick
                0x0000000008007d58      0x178 ./Middlewares/Third_Party/FreeRTOS/Source/tasks.o
                0x0000000008007d58                xTaskIncrementTick
 .text.vTaskSwitchContext
                0x0000000008007ed0       0xc0 ./Middlewares/Third_Party/FreeRTOS/Source/tasks.o
                0x0000000008007ed0                vTaskSwitchContext
 .text.vTaskPlaceOnEventList
                0x0000000008007f90       0x4c ./Middlewares/Third_Party/FreeRTOS/Source/tasks.o
                0x0000000008007f90                vTaskPlaceOnEventList
 .text.vTaskPlaceOnEventListRestricted
                0x0000000008007fdc       0x5c ./Middlewares/Third_Party/FreeRTOS/Source/tasks.o
                0x0000000008007fdc                vTaskPlaceOnEventListRestricted
 .text.xTaskRemoveFromEventList
                0x0000000008008038       0xcc ./Middlewares/Third_Party/FreeRTOS/Source/tasks.o
                0x0000000008008038                xTaskRemoveFromEventList
 .text.vTaskInternalSetTimeOutState
                0x0000000008008104       0x2c ./Middlewares/Third_Party/FreeRTOS/Source/tasks.o
                0x0000000008008104                vTaskInternalSetTimeOutState
 .text.xTaskCheckForTimeOut
                0x0000000008008130       0xcc ./Middlewares/Third_Party/FreeRTOS/Source/tasks.o
                0x0000000008008130                xTaskCheckForTimeOut
 .text.vTaskMissedYield
                0x00000000080081fc       0x18 ./Middlewares/Third_Party/FreeRTOS/Source/tasks.o
                0x00000000080081fc                vTaskMissedYield
 .text.prvIdleTask
                0x0000000008008214       0x30 ./Middlewares/Third_Party/FreeRTOS/Source/tasks.o
 .text.prvInitialiseTaskLists
                0x0000000008008244       0x80 ./Middlewares/Third_Party/FreeRTOS/Source/tasks.o
 .text.prvCheckTasksWaitingTermination
                0x00000000080082c4       0x5c ./Middlewares/Third_Party/FreeRTOS/Source/tasks.o
 .text.prvTaskCheckFreeStackSpace
                0x0000000008008320       0x38 ./Middlewares/Third_Party/FreeRTOS/Source/tasks.o
 .text.uxTaskGetStackHighWaterMark
                0x0000000008008358       0x38 ./Middlewares/Third_Party/FreeRTOS/Source/tasks.o
                0x0000000008008358                uxTaskGetStackHighWaterMark
 .text.prvDeleteTCB
                0x0000000008008390       0x62 ./Middlewares/Third_Party/FreeRTOS/Source/tasks.o
 *fill*         0x00000000080083f2        0x2 
 .text.prvResetNextTaskUnblockTime
                0x00000000080083f4       0x40 ./Middlewares/Third_Party/FreeRTOS/Source/tasks.o
 .text.xTaskGetSchedulerState
                0x0000000008008434       0x3c ./Middlewares/Third_Party/FreeRTOS/Source/tasks.o
                0x0000000008008434                xTaskGetSchedulerState
 .text.xTaskPriorityDisinherit
                0x0000000008008470       0xe4 ./Middlewares/Third_Party/FreeRTOS/Source/tasks.o
                0x0000000008008470                xTaskPriorityDisinherit
 .text.prvAddCurrentTaskToDelayedList
                0x0000000008008554       0xa8 ./Middlewares/Third_Party/FreeRTOS/Source/tasks.o
 .text.xTimerCreateTimerTask
                0x00000000080085fc       0x94 ./Middlewares/Third_Party/FreeRTOS/Source/timers.o
                0x00000000080085fc                xTimerCreateTimerTask
 .text.xTimerCreate
                0x0000000008008690       0x42 ./Middlewares/Third_Party/FreeRTOS/Source/timers.o
                0x0000000008008690                xTimerCreate
 .text.xTimerCreateStatic
                0x00000000080086d2       0x84 ./Middlewares/Third_Party/FreeRTOS/Source/timers.o
                0x00000000080086d2                xTimerCreateStatic
 .text.prvInitialiseNewTimer
                0x0000000008008756       0x7a ./Middlewares/Third_Party/FreeRTOS/Source/timers.o
 .text.xTimerGenericCommand
                0x00000000080087d0       0xa0 ./Middlewares/Third_Party/FreeRTOS/Source/timers.o
                0x00000000080087d0                xTimerGenericCommand
 .text.prvProcessExpiredTimer
                0x0000000008008870       0x9c ./Middlewares/Third_Party/FreeRTOS/Source/timers.o
 .text.prvTimerTask
                0x000000000800890c       0x24 ./Middlewares/Third_Party/FreeRTOS/Source/timers.o
 .text.prvProcessTimerOrBlockTask
                0x0000000008008930       0x9c ./Middlewares/Third_Party/FreeRTOS/Source/timers.o
 .text.prvGetNextExpireTime
                0x00000000080089cc       0x48 ./Middlewares/Third_Party/FreeRTOS/Source/timers.o
 .text.prvSampleTimeNow
                0x0000000008008a14       0x40 ./Middlewares/Third_Party/FreeRTOS/Source/timers.o
 .text.prvInsertTimerInActiveList
                0x0000000008008a54       0x84 ./Middlewares/Third_Party/FreeRTOS/Source/timers.o
 .text.prvProcessReceivedCommands
                0x0000000008008ad8      0x1d0 ./Middlewares/Third_Party/FreeRTOS/Source/timers.o
 .text.prvSwitchTimerLists
                0x0000000008008ca8       0xcc ./Middlewares/Third_Party/FreeRTOS/Source/timers.o
 .text.prvCheckForValidListAndQueue
                0x0000000008008d74       0x80 ./Middlewares/Third_Party/FreeRTOS/Source/timers.o
 .text.pvTimerGetTimerID
                0x0000000008008df4       0x44 ./Middlewares/Third_Party/FreeRTOS/Source/timers.o
                0x0000000008008df4                pvTimerGetTimerID
 .text.pxPortInitialiseStack
                0x0000000008008e38       0x68 ./Middlewares/Third_Party/FreeRTOS/Source/portable/GCC/ARM_CM7/r0p1/port.o
                0x0000000008008e38                pxPortInitialiseStack
 .text.prvTaskExitError
                0x0000000008008ea0       0x60 ./Middlewares/Third_Party/FreeRTOS/Source/portable/GCC/ARM_CM7/r0p1/port.o
 .text.SVC_Handler
                0x0000000008008f00       0x28 ./Middlewares/Third_Party/FreeRTOS/Source/portable/GCC/ARM_CM7/r0p1/port.o
                0x0000000008008f00                SVC_Handler
 .text.prvPortStartFirstTask
                0x0000000008008f28       0x28 ./Middlewares/Third_Party/FreeRTOS/Source/portable/GCC/ARM_CM7/r0p1/port.o
 .text.xPortStartScheduler
                0x0000000008008f50       0xfc ./Middlewares/Third_Party/FreeRTOS/Source/portable/GCC/ARM_CM7/r0p1/port.o
                0x0000000008008f50                xPortStartScheduler
 .text.vPortEnterCritical
                0x000000000800904c       0x68 ./Middlewares/Third_Party/FreeRTOS/Source/portable/GCC/ARM_CM7/r0p1/port.o
                0x000000000800904c                vPortEnterCritical
 .text.vPortExitCritical
                0x00000000080090b4       0x58 ./Middlewares/Third_Party/FreeRTOS/Source/portable/GCC/ARM_CM7/r0p1/port.o
                0x00000000080090b4                vPortExitCritical
 *fill*         0x000000000800910c        0x4 
 .text.PendSV_Handler
                0x0000000008009110       0x68 ./Middlewares/Third_Party/FreeRTOS/Source/portable/GCC/ARM_CM7/r0p1/port.o
                0x0000000008009110                PendSV_Handler
 .text.xPortSysTickHandler
                0x0000000008009178       0x48 ./Middlewares/Third_Party/FreeRTOS/Source/portable/GCC/ARM_CM7/r0p1/port.o
                0x0000000008009178                xPortSysTickHandler
 .text.vPortSetupTimerInterrupt
                0x00000000080091c0       0x48 ./Middlewares/Third_Party/FreeRTOS/Source/portable/GCC/ARM_CM7/r0p1/port.o
                0x00000000080091c0                vPortSetupTimerInterrupt
 .text.vPortEnableVFP
                0x0000000008009208       0x14 ./Middlewares/Third_Party/FreeRTOS/Source/portable/GCC/ARM_CM7/r0p1/port.o
 .text.vPortValidateInterruptPriority
                0x000000000800921c       0x88 ./Middlewares/Third_Party/FreeRTOS/Source/portable/GCC/ARM_CM7/r0p1/port.o
                0x000000000800921c                vPortValidateInterruptPriority
 .text.pvPortMalloc
                0x00000000080092a4      0x194 ./Middlewares/Third_Party/FreeRTOS/Source/portable/MemMang/heap_4.o
                0x00000000080092a4                pvPortMalloc
 .text.vPortFree
                0x0000000008009438       0xbc ./Middlewares/Third_Party/FreeRTOS/Source/portable/MemMang/heap_4.o
                0x0000000008009438                vPortFree
 .text.prvHeapInit
                0x00000000080094f4       0xc4 ./Middlewares/Third_Party/FreeRTOS/Source/portable/MemMang/heap_4.o
 .text.prvInsertBlockIntoFreeList
                0x00000000080095b8       0xb4 ./Middlewares/Third_Party/FreeRTOS/Source/portable/MemMang/heap_4.o
 .text.memset   0x000000000800966c       0x10 C:/ST/STM32CubeIDE_1.11.2/STM32CubeIDE/plugins/com.st.stm32cube.ide.mcu.externaltools.gnu-tools-for-stm32.11.3.rel1.win32_1.1.100.202309141235/tools/bin/../lib/gcc/arm-none-eabi/11.3.1/../../../../arm-none-eabi/lib/thumb/v7e-m+dp/hard\libc_nano.a(libc_a-memset.o)
                0x000000000800966c                memset
 .text.__libc_init_array
                0x000000000800967c       0x48 C:/ST/STM32CubeIDE_1.11.2/STM32CubeIDE/plugins/com.st.stm32cube.ide.mcu.externaltools.gnu-tools-for-stm32.11.3.rel1.win32_1.1.100.202309141235/tools/bin/../lib/gcc/arm-none-eabi/11.3.1/../../../../arm-none-eabi/lib/thumb/v7e-m+dp/hard\libc_nano.a(libc_a-init.o)
                0x000000000800967c                __libc_init_array
 .text.memcpy   0x00000000080096c4       0x1c C:/ST/STM32CubeIDE_1.11.2/STM32CubeIDE/plugins/com.st.stm32cube.ide.mcu.externaltools.gnu-tools-for-stm32.11.3.rel1.win32_1.1.100.202309141235/tools/bin/../lib/gcc/arm-none-eabi/11.3.1/../../../../arm-none-eabi/lib/thumb/v7e-m+dp/hard\libc_nano.a(libc_a-memcpy-stub.o)
                0x00000000080096c4                memcpy
 *(.glue_7)
 .glue_7        0x00000000080096e0        0x0 linker stubs
 *(.glue_7t)
 .glue_7t       0x00000000080096e0        0x0 linker stubs
 *(.eh_frame)
 .eh_frame      0x00000000080096e0        0x0 C:/ST/STM32CubeIDE_1.11.2/STM32CubeIDE/plugins/com.st.stm32cube.ide.mcu.externaltools.gnu-tools-for-stm32.11.3.rel1.win32_1.1.100.202309141235/tools/bin/../lib/gcc/arm-none-eabi/11.3.1/thumb/v7e-m+dp/hard/crtbegin.o
 *(.init)
 .init          0x00000000080096e0        0x4 C:/ST/STM32CubeIDE_1.11.2/STM32CubeIDE/plugins/com.st.stm32cube.ide.mcu.externaltools.gnu-tools-for-stm32.11.3.rel1.win32_1.1.100.202309141235/tools/bin/../lib/gcc/arm-none-eabi/11.3.1/thumb/v7e-m+dp/hard/crti.o
                0x00000000080096e0                _init
 .init          0x00000000080096e4        0x8 C:/ST/STM32CubeIDE_1.11.2/STM32CubeIDE/plugins/com.st.stm32cube.ide.mcu.externaltools.gnu-tools-for-stm32.11.3.rel1.win32_1.1.100.202309141235/tools/bin/../lib/gcc/arm-none-eabi/11.3.1/thumb/v7e-m+dp/hard/crtn.o
 *(.fini)
 .fini          0x00000000080096ec        0x4 C:/ST/STM32CubeIDE_1.11.2/STM32CubeIDE/plugins/com.st.stm32cube.ide.mcu.externaltools.gnu-tools-for-stm32.11.3.rel1.win32_1.1.100.202309141235/tools/bin/../lib/gcc/arm-none-eabi/11.3.1/thumb/v7e-m+dp/hard/crti.o
                0x00000000080096ec                _fini
 .fini          0x00000000080096f0        0x8 C:/ST/STM32CubeIDE_1.11.2/STM32CubeIDE/plugins/com.st.stm32cube.ide.mcu.externaltools.gnu-tools-for-stm32.11.3.rel1.win32_1.1.100.202309141235/tools/bin/../lib/gcc/arm-none-eabi/11.3.1/thumb/v7e-m+dp/hard/crtn.o
                0x00000000080096f8                . = ALIGN (0x4)
                0x00000000080096f8                _etext = .

.vfp11_veneer   0x00000000080096f8        0x0
 .vfp11_veneer  0x00000000080096f8        0x0 linker stubs

.v4_bx          0x00000000080096f8        0x0
 .v4_bx         0x00000000080096f8        0x0 linker stubs

.iplt           0x00000000080096f8        0x0
 .iplt          0x00000000080096f8        0x0 C:/ST/STM32CubeIDE_1.11.2/STM32CubeIDE/plugins/com.st.stm32cube.ide.mcu.externaltools.gnu-tools-for-stm32.11.3.rel1.win32_1.1.100.202309141235/tools/bin/../lib/gcc/arm-none-eabi/11.3.1/thumb/v7e-m+dp/hard/crtbegin.o

.rodata         0x00000000080096f8      0x164
                0x00000000080096f8                . = ALIGN (0x4)
 *(.rodata)
 .rodata        0x00000000080096f8        0x9 ./Core/Inc/SEGGER_RTT.o
 *fill*         0x0000000008009701        0x3 
 .rodata        0x0000000008009704       0x10 ./Core/Inc/SEGGER_SYSVIEW.o
 .rodata        0x0000000008009714       0x41 ./Core/Inc/SEGGER_SYSVIEW_Config_FreeRTOS.o
 *fill*         0x0000000008009755        0x3 
 .rodata        0x0000000008009758       0x33 ./Core/Src/main.o
 *fill*         0x000000000800978b        0x1 
 .rodata        0x000000000800978c        0x4 ./Core/Src/stm32f7xx_it.o
 .rodata        0x0000000008009790        0x5 ./Middlewares/Third_Party/FreeRTOS/Source/tasks.o
 *fill*         0x0000000008009795        0x3 
 .rodata        0x0000000008009798        0xd ./Middlewares/Third_Party/FreeRTOS/Source/timers.o
 *(.rodata*)
 *fill*         0x00000000080097a5        0x3 
 .rodata._aInitStr.0
                0x00000000080097a8       0x11 ./Core/Inc/SEGGER_RTT.o
 *fill*         0x00000000080097b9        0x3 
 .rodata._abSync
                0x00000000080097bc        0xa ./Core/Inc/SEGGER_SYSVIEW.o
 *fill*         0x00000000080097c6        0x2 
 .rodata.SYSVIEW_X_OS_TraceAPI
                0x00000000080097c8        0x8 ./Core/Inc/SEGGER_SYSVIEW_FreeRTOS.o
                0x00000000080097c8                SYSVIEW_X_OS_TraceAPI
 .rodata.defaultTask_attributes
                0x00000000080097d0       0x24 ./Core/Src/main.o
                0x00000000080097d0                defaultTask_attributes
 .rodata.uart4ISR_attributes
                0x00000000080097f4       0x24 ./Core/Src/main.o
                0x00000000080097f4                uart4ISR_attributes
 .rodata.UART4msg_attributes
                0x0000000008009818       0x18 ./Core/Src/main.o
                0x0000000008009818                UART4msg_attributes
 .rodata.uart2SendTimer_attributes
                0x0000000008009830       0x10 ./Core/Src/main.o
                0x0000000008009830                uart2SendTimer_attributes
 .rodata.uart4Msg
                0x0000000008009840        0x1 ./Core/Src/main.o
 *fill*         0x0000000008009841        0x3 
 .rodata.AHBPrescTable
                0x0000000008009844       0x10 ./Core/Src/system_stm32f7xx.o
                0x0000000008009844                AHBPrescTable
 .rodata.APBPrescTable
                0x0000000008009854        0x8 ./Core/Src/system_stm32f7xx.o
                0x0000000008009854                APBPrescTable
                0x000000000800985c                . = ALIGN (0x4)

.ARM.extab      0x000000000800985c        0x0
                0x000000000800985c                . = ALIGN (0x4)
 *(.ARM.extab* .gnu.linkonce.armextab.*)
                0x000000000800985c                . = ALIGN (0x4)

.ARM            0x000000000800985c        0x8
                0x000000000800985c                . = ALIGN (0x4)
                0x000000000800985c                __exidx_start = .
 *(.ARM.exidx*)
 .ARM.exidx     0x000000000800985c        0x8 C:/ST/STM32CubeIDE_1.11.2/STM32CubeIDE/plugins/com.st.stm32cube.ide.mcu.externaltools.gnu-tools-for-stm32.11.3.rel1.win32_1.1.100.202309141235/tools/bin/../lib/gcc/arm-none-eabi/11.3.1/thumb/v7e-m+dp/hard\libgcc.a(_udivmoddi4.o)
                0x0000000008009864                __exidx_end = .
                0x0000000008009864                . = ALIGN (0x4)

.rel.dyn        0x0000000008009864        0x0
 .rel.iplt      0x0000000008009864        0x0 C:/ST/STM32CubeIDE_1.11.2/STM32CubeIDE/plugins/com.st.stm32cube.ide.mcu.externaltools.gnu-tools-for-stm32.11.3.rel1.win32_1.1.100.202309141235/tools/bin/../lib/gcc/arm-none-eabi/11.3.1/thumb/v7e-m+dp/hard/crtbegin.o

.preinit_array  0x0000000008009864        0x0
                0x0000000008009864                . = ALIGN (0x4)
                0x0000000008009864                PROVIDE (__preinit_array_start = .)
 *(.preinit_array*)
                0x0000000008009864                PROVIDE (__preinit_array_end = .)
                0x0000000008009864                . = ALIGN (0x4)

.init_array     0x0000000008009864        0x4
                0x0000000008009864                . = ALIGN (0x4)
                0x0000000008009864                PROVIDE (__init_array_start = .)
 *(SORT_BY_NAME(.init_array.*))
 *(.init_array*)
 .init_array    0x0000000008009864        0x4 C:/ST/STM32CubeIDE_1.11.2/STM32CubeIDE/plugins/com.st.stm32cube.ide.mcu.externaltools.gnu-tools-for-stm32.11.3.rel1.win32_1.1.100.202309141235/tools/bin/../lib/gcc/arm-none-eabi/11.3.1/thumb/v7e-m+dp/hard/crtbegin.o
                0x0000000008009868                PROVIDE (__init_array_end = .)
                0x0000000008009868                . = ALIGN (0x4)

.fini_array     0x0000000008009868        0x4
                0x0000000008009868                . = ALIGN (0x4)
                [!provide]                        PROVIDE (__fini_array_start = .)
 *(SORT_BY_NAME(.fini_array.*))
 *(.fini_array*)
 .fini_array    0x0000000008009868        0x4 C:/ST/STM32CubeIDE_1.11.2/STM32CubeIDE/plugins/com.st.stm32cube.ide.mcu.externaltools.gnu-tools-for-stm32.11.3.rel1.win32_1.1.100.202309141235/tools/bin/../lib/gcc/arm-none-eabi/11.3.1/thumb/v7e-m+dp/hard/crtbegin.o
                [!provide]                        PROVIDE (__fini_array_end = .)
                0x000000000800986c                . = ALIGN (0x4)
                0x000000000800986c                _sidata = LOADADDR (.data)

.data           0x0000000020000000       0x10 load address 0x000000000800986c
                0x0000000020000000                . = ALIGN (0x4)
                0x0000000020000000                _sdata = .
 *(.data)
 *(.data*)
 .data.SystemCoreClock
                0x0000000020000000        0x4 ./Core/Src/system_stm32f7xx.o
                0x0000000020000000                SystemCoreClock
 .data.uwTickPrio
                0x0000000020000004        0x4 ./Drivers/STM32F7xx_HAL_Driver/Src/stm32f7xx_hal.o
                0x0000000020000004                uwTickPrio
 .data.uwTickFreq
                0x0000000020000008        0x1 ./Drivers/STM32F7xx_HAL_Driver/Src/stm32f7xx_hal.o
                0x0000000020000008                uwTickFreq
 *fill*         0x0000000020000009        0x3 
 .data.uxCriticalNesting
                0x000000002000000c        0x4 ./Middlewares/Third_Party/FreeRTOS/Source/portable/GCC/ARM_CM7/r0p1/port.o
 *(.RamFunc)
 *(.RamFunc*)
                0x0000000020000010                . = ALIGN (0x4)
                0x0000000020000010                _edata = .

.igot.plt       0x0000000020000010        0x0 load address 0x000000000800987c
 .igot.plt      0x0000000020000010        0x0 C:/ST/STM32CubeIDE_1.11.2/STM32CubeIDE/plugins/com.st.stm32cube.ide.mcu.externaltools.gnu-tools-for-stm32.11.3.rel1.win32_1.1.100.202309141235/tools/bin/../lib/gcc/arm-none-eabi/11.3.1/thumb/v7e-m+dp/hard/crtbegin.o

.RxDecripSection
                0x0000000020000010       0xa0 load address 0x000000000800987c
 .RxDecripSection
                0x0000000020000010       0xa0 ./Core/Src/main.o
                0x0000000020000010                DMARxDscrTab

.TxDecripSection
                0x00000000200000b0       0xa0 load address 0x000000000800991c
 .TxDecripSection
                0x00000000200000b0       0xa0 ./Core/Src/main.o
                0x00000000200000b0                DMATxDscrTab
                0x0000000020000150                . = ALIGN (0x4)

.bss            0x0000000020000150     0x5b8c load address 0x00000000080099bc
                0x0000000020000150                _sbss = .
                0x0000000020000150                __bss_start__ = _sbss
 *(.bss)
 .bss           0x0000000020000150       0x1c C:/ST/STM32CubeIDE_1.11.2/STM32CubeIDE/plugins/com.st.stm32cube.ide.mcu.externaltools.gnu-tools-for-stm32.11.3.rel1.win32_1.1.100.202309141235/tools/bin/../lib/gcc/arm-none-eabi/11.3.1/thumb/v7e-m+dp/hard/crtbegin.o
 *(.bss*)
 .bss._SEGGER_RTT
                0x000000002000016c       0xa8 ./Core/Inc/SEGGER_RTT.o
                0x000000002000016c                _SEGGER_RTT
 .bss._acUpBuffer
                0x0000000020000214      0x400 ./Core/Inc/SEGGER_RTT.o
 .bss._acDownBuffer
                0x0000000020000614       0x10 ./Core/Inc/SEGGER_RTT.o
 .bss._UpBuffer
                0x0000000020000624      0x400 ./Core/Inc/SEGGER_SYSVIEW.o
 .bss._DownBuffer
                0x0000000020000a24        0x8 ./Core/Inc/SEGGER_SYSVIEW.o
 .bss._SYSVIEW_Globals
                0x0000000020000a2c       0x28 ./Core/Inc/SEGGER_SYSVIEW.o
 .bss._pFirstModule
                0x0000000020000a54        0x4 ./Core/Inc/SEGGER_SYSVIEW.o
 .bss._NumModules
                0x0000000020000a58        0x1 ./Core/Inc/SEGGER_SYSVIEW.o
 *fill*         0x0000000020000a59        0x3 
 .bss._aPacket  0x0000000020000a5c       0xe3 ./Core/Inc/SEGGER_SYSVIEW.o
 *fill*         0x0000000020000b3f        0x1 
 .bss._aTasks   0x0000000020000b40       0xa0 ./Core/Inc/SEGGER_SYSVIEW_FreeRTOS.o
 .bss._NumTasks
                0x0000000020000be0        0x4 ./Core/Inc/SEGGER_SYSVIEW_FreeRTOS.o
 .bss.TxConfig  0x0000000020000be4       0x38 ./Core/Src/main.o
                0x0000000020000be4                TxConfig
 .bss.heth      0x0000000020000c1c       0xb0 ./Core/Src/main.o
                0x0000000020000c1c                heth
 .bss.huart4    0x0000000020000ccc       0x88 ./Core/Src/main.o
                0x0000000020000ccc                huart4
 .bss.huart2    0x0000000020000d54       0x88 ./Core/Src/main.o
                0x0000000020000d54                huart2
 .bss.huart3    0x0000000020000ddc       0x88 ./Core/Src/main.o
                0x0000000020000ddc                huart3
 .bss.hpcd_USB_OTG_FS
                0x0000000020000e64      0x508 ./Core/Src/main.o
                0x0000000020000e64                hpcd_USB_OTG_FS
 .bss.defaultTaskHandle
                0x000000002000136c        0x4 ./Core/Src/main.o
                0x000000002000136c                defaultTaskHandle
 .bss.uart4ISRHandle
                0x0000000020001370        0x4 ./Core/Src/main.o
                0x0000000020001370                uart4ISRHandle
 .bss.UART4msgHandle
                0x0000000020001374        0x4 ./Core/Src/main.o
                0x0000000020001374                UART4msgHandle
 .bss.uart2SendTimerHandle
                0x0000000020001378        0x4 ./Core/Src/main.o
                0x0000000020001378                uart2SendTimerHandle
 .bss.UART4_rxBuffer
                0x000000002000137c        0xc ./Core/Src/main.o
                0x000000002000137c                UART4_rxBuffer
 .bss.MACAddr.0
                0x0000000020001388        0x6 ./Core/Src/main.o
 *fill*         0x000000002000138e        0x2 
 .bss.uwTick    0x0000000020001390        0x4 ./Drivers/STM32F7xx_HAL_Driver/Src/stm32f7xx_hal.o
                0x0000000020001390                uwTick
 .bss.KernelState
                0x0000000020001394        0x4 ./Middlewares/Third_Party/FreeRTOS/Source/CMSIS_RTOS_V2/cmsis_os2.o
 .bss.Idle_TCB  0x0000000020001398       0x5c ./Middlewares/Third_Party/FreeRTOS/Source/CMSIS_RTOS_V2/cmsis_os2.o
 .bss.Idle_Stack
                0x00000000200013f4      0x200 ./Middlewares/Third_Party/FreeRTOS/Source/CMSIS_RTOS_V2/cmsis_os2.o
 .bss.Timer_TCB
                0x00000000200015f4       0x5c ./Middlewares/Third_Party/FreeRTOS/Source/CMSIS_RTOS_V2/cmsis_os2.o
 .bss.Timer_Stack
                0x0000000020001650      0x400 ./Middlewares/Third_Party/FreeRTOS/Source/CMSIS_RTOS_V2/cmsis_os2.o
 .bss.xQueueRegistry
                0x0000000020001a50       0x40 ./Middlewares/Third_Party/FreeRTOS/Source/queue.o
                0x0000000020001a50                xQueueRegistry
 .bss.pxCurrentTCB
                0x0000000020001a90        0x4 ./Middlewares/Third_Party/FreeRTOS/Source/tasks.o
                0x0000000020001a90                pxCurrentTCB
 .bss.pxReadyTasksLists
                0x0000000020001a94      0x460 ./Middlewares/Third_Party/FreeRTOS/Source/tasks.o
 .bss.xDelayedTaskList1
                0x0000000020001ef4       0x14 ./Middlewares/Third_Party/FreeRTOS/Source/tasks.o
 .bss.xDelayedTaskList2
                0x0000000020001f08       0x14 ./Middlewares/Third_Party/FreeRTOS/Source/tasks.o
 .bss.pxDelayedTaskList
                0x0000000020001f1c        0x4 ./Middlewares/Third_Party/FreeRTOS/Source/tasks.o
 .bss.pxOverflowDelayedTaskList
                0x0000000020001f20        0x4 ./Middlewares/Third_Party/FreeRTOS/Source/tasks.o
 .bss.xPendingReadyList
                0x0000000020001f24       0x14 ./Middlewares/Third_Party/FreeRTOS/Source/tasks.o
 .bss.xTasksWaitingTermination
                0x0000000020001f38       0x14 ./Middlewares/Third_Party/FreeRTOS/Source/tasks.o
 .bss.uxDeletedTasksWaitingCleanUp
                0x0000000020001f4c        0x4 ./Middlewares/Third_Party/FreeRTOS/Source/tasks.o
 .bss.xSuspendedTaskList
                0x0000000020001f50       0x14 ./Middlewares/Third_Party/FreeRTOS/Source/tasks.o
 .bss.uxCurrentNumberOfTasks
                0x0000000020001f64        0x4 ./Middlewares/Third_Party/FreeRTOS/Source/tasks.o
 .bss.xTickCount
                0x0000000020001f68        0x4 ./Middlewares/Third_Party/FreeRTOS/Source/tasks.o
 .bss.uxTopReadyPriority
                0x0000000020001f6c        0x4 ./Middlewares/Third_Party/FreeRTOS/Source/tasks.o
 .bss.xSchedulerRunning
                0x0000000020001f70        0x4 ./Middlewares/Third_Party/FreeRTOS/Source/tasks.o
 .bss.uxPendedTicks
                0x0000000020001f74        0x4 ./Middlewares/Third_Party/FreeRTOS/Source/tasks.o
 .bss.xYieldPending
                0x0000000020001f78        0x4 ./Middlewares/Third_Party/FreeRTOS/Source/tasks.o
 .bss.xNumOfOverflows
                0x0000000020001f7c        0x4 ./Middlewares/Third_Party/FreeRTOS/Source/tasks.o
 .bss.uxTaskNumber
                0x0000000020001f80        0x4 ./Middlewares/Third_Party/FreeRTOS/Source/tasks.o
 .bss.xNextTaskUnblockTime
                0x0000000020001f84        0x4 ./Middlewares/Third_Party/FreeRTOS/Source/tasks.o
 .bss.xIdleTaskHandle
                0x0000000020001f88        0x4 ./Middlewares/Third_Party/FreeRTOS/Source/tasks.o
 .bss.uxSchedulerSuspended
                0x0000000020001f8c        0x4 ./Middlewares/Third_Party/FreeRTOS/Source/tasks.o
 .bss.xActiveTimerList1
                0x0000000020001f90       0x14 ./Middlewares/Third_Party/FreeRTOS/Source/timers.o
 .bss.xActiveTimerList2
                0x0000000020001fa4       0x14 ./Middlewares/Third_Party/FreeRTOS/Source/timers.o
 .bss.pxCurrentTimerList
                0x0000000020001fb8        0x4 ./Middlewares/Third_Party/FreeRTOS/Source/timers.o
 .bss.pxOverflowTimerList
                0x0000000020001fbc        0x4 ./Middlewares/Third_Party/FreeRTOS/Source/timers.o
 .bss.xTimerQueue
                0x0000000020001fc0        0x4 ./Middlewares/Third_Party/FreeRTOS/Source/timers.o
 .bss.xTimerTaskHandle
                0x0000000020001fc4        0x4 ./Middlewares/Third_Party/FreeRTOS/Source/timers.o
 .bss.xLastTime.2
                0x0000000020001fc8        0x4 ./Middlewares/Third_Party/FreeRTOS/Source/timers.o
 .bss.ucStaticTimerQueueStorage.1
                0x0000000020001fcc       0xa0 ./Middlewares/Third_Party/FreeRTOS/Source/timers.o
 .bss.xStaticTimerQueue.0
                0x000000002000206c       0x50 ./Middlewares/Third_Party/FreeRTOS/Source/timers.o
 .bss.ucMaxSysCallPriority
                0x00000000200020bc        0x1 ./Middlewares/Third_Party/FreeRTOS/Source/portable/GCC/ARM_CM7/r0p1/port.o
 *fill*         0x00000000200020bd        0x3 
 .bss.ulMaxPRIGROUPValue
                0x00000000200020c0        0x4 ./Middlewares/Third_Party/FreeRTOS/Source/portable/GCC/ARM_CM7/r0p1/port.o
 .bss.ucHeap    0x00000000200020c4     0x3c00 ./Middlewares/Third_Party/FreeRTOS/Source/portable/MemMang/heap_4.o
 .bss.xStart    0x0000000020005cc4        0x8 ./Middlewares/Third_Party/FreeRTOS/Source/portable/MemMang/heap_4.o
 .bss.pxEnd     0x0000000020005ccc        0x4 ./Middlewares/Third_Party/FreeRTOS/Source/portable/MemMang/heap_4.o
 .bss.xFreeBytesRemaining
                0x0000000020005cd0        0x4 ./Middlewares/Third_Party/FreeRTOS/Source/portable/MemMang/heap_4.o
 .bss.xMinimumEverFreeBytesRemaining
                0x0000000020005cd4        0x4 ./Middlewares/Third_Party/FreeRTOS/Source/portable/MemMang/heap_4.o
 .bss.xBlockAllocatedBit
                0x0000000020005cd8        0x4 ./Middlewares/Third_Party/FreeRTOS/Source/portable/MemMang/heap_4.o
 *(COMMON)
                0x0000000020005cdc                . = ALIGN (0x4)
                0x0000000020005cdc                _ebss = .
                0x0000000020005cdc                __bss_end__ = _ebss

._user_heap_stack
                0x0000000020005cdc      0x604 load address 0x00000000080099bc
                0x0000000020005ce0                . = ALIGN (0x8)
 *fill*         0x0000000020005cdc        0x4 
                [!provide]                        PROVIDE (end = .)
                0x0000000020005ce0                PROVIDE (_end = .)
                0x0000000020005ee0                . = (. + _Min_Heap_Size)
 *fill*         0x0000000020005ce0      0x200 
                0x00000000200062e0                . = (. + _Min_Stack_Size)
 *fill*         0x0000000020005ee0      0x400 
                0x00000000200062e0                . = ALIGN (0x8)

/DISCARD/
 libc.a(*)
 libm.a(*)
 libgcc.a(*)

.ARM.attributes
                0x0000000000000000       0x2e
 *(.ARM.attributes)
 .ARM.attributes
                0x0000000000000000       0x1e C:/ST/STM32CubeIDE_1.11.2/STM32CubeIDE/plugins/com.st.stm32cube.ide.mcu.externaltools.gnu-tools-for-stm32.11.3.rel1.win32_1.1.100.202309141235/tools/bin/../lib/gcc/arm-none-eabi/11.3.1/thumb/v7e-m+dp/hard/crti.o
 .ARM.attributes
                0x000000000000001e       0x32 C:/ST/STM32CubeIDE_1.11.2/STM32CubeIDE/plugins/com.st.stm32cube.ide.mcu.externaltools.gnu-tools-for-stm32.11.3.rel1.win32_1.1.100.202309141235/tools/bin/../lib/gcc/arm-none-eabi/11.3.1/thumb/v7e-m+dp/hard/crtbegin.o
 .ARM.attributes
                0x0000000000000050       0x32 ./Core/Inc/SEGGER_RTT.o
 .ARM.attributes
                0x0000000000000082       0x1e ./Core/Inc/SEGGER_RTT_ASM_ARMv7M.o
 .ARM.attributes
                0x00000000000000a0       0x32 ./Core/Inc/SEGGER_SYSVIEW.o
 .ARM.attributes
                0x00000000000000d2       0x32 ./Core/Inc/SEGGER_SYSVIEW_Config_FreeRTOS.o
 .ARM.attributes
                0x0000000000000104       0x32 ./Core/Inc/SEGGER_SYSVIEW_FreeRTOS.o
 .ARM.attributes
                0x0000000000000136       0x32 ./Core/Src/main.o
 .ARM.attributes
                0x0000000000000168       0x32 ./Core/Src/stm32f7xx_hal_msp.o
 .ARM.attributes
                0x000000000000019a       0x32 ./Core/Src/stm32f7xx_it.o
 .ARM.attributes
                0x00000000000001cc       0x32 ./Core/Src/system_stm32f7xx.o
 .ARM.attributes
                0x00000000000001fe       0x21 ./Core/Startup/startup_stm32f767zitx.o
 .ARM.attributes
                0x000000000000021f       0x32 ./Drivers/STM32F7xx_HAL_Driver/Src/stm32f7xx_hal.o
 .ARM.attributes
                0x0000000000000251       0x32 ./Drivers/STM32F7xx_HAL_Driver/Src/stm32f7xx_hal_cortex.o
 .ARM.attributes
                0x0000000000000283       0x32 ./Drivers/STM32F7xx_HAL_Driver/Src/stm32f7xx_hal_dma.o
 .ARM.attributes
                0x00000000000002b5       0x32 ./Drivers/STM32F7xx_HAL_Driver/Src/stm32f7xx_hal_eth.o
 .ARM.attributes
                0x00000000000002e7       0x32 ./Drivers/STM32F7xx_HAL_Driver/Src/stm32f7xx_hal_gpio.o
 .ARM.attributes
                0x0000000000000319       0x32 ./Drivers/STM32F7xx_HAL_Driver/Src/stm32f7xx_hal_pcd.o
 .ARM.attributes
                0x000000000000034b       0x32 ./Drivers/STM32F7xx_HAL_Driver/Src/stm32f7xx_hal_pcd_ex.o
 .ARM.attributes
                0x000000000000037d       0x32 ./Drivers/STM32F7xx_HAL_Driver/Src/stm32f7xx_hal_pwr.o
 .ARM.attributes
                0x00000000000003af       0x32 ./Drivers/STM32F7xx_HAL_Driver/Src/stm32f7xx_hal_pwr_ex.o
 .ARM.attributes
                0x00000000000003e1       0x32 ./Drivers/STM32F7xx_HAL_Driver/Src/stm32f7xx_hal_rcc.o
 .ARM.attributes
                0x0000000000000413       0x32 ./Drivers/STM32F7xx_HAL_Driver/Src/stm32f7xx_hal_rcc_ex.o
 .ARM.attributes
                0x0000000000000445       0x32 ./Drivers/STM32F7xx_HAL_Driver/Src/stm32f7xx_hal_uart.o
 .ARM.attributes
                0x0000000000000477       0x32 ./Drivers/STM32F7xx_HAL_Driver/Src/stm32f7xx_ll_usb.o
 .ARM.attributes
                0x00000000000004a9       0x32 ./Middlewares/Third_Party/FreeRTOS/Source/CMSIS_RTOS_V2/cmsis_os2.o
 .ARM.attributes
                0x00000000000004db       0x32 ./Middlewares/Third_Party/FreeRTOS/Source/list.o
 .ARM.attributes
                0x000000000000050d       0x32 ./Middlewares/Third_Party/FreeRTOS/Source/queue.o
 .ARM.attributes
                0x000000000000053f       0x32 ./Middlewares/Third_Party/FreeRTOS/Source/tasks.o
 .ARM.attributes
                0x0000000000000571       0x32 ./Middlewares/Third_Party/FreeRTOS/Source/timers.o
 .ARM.attributes
                0x00000000000005a3       0x32 ./Middlewares/Third_Party/FreeRTOS/Source/portable/GCC/ARM_CM7/r0p1/port.o
 .ARM.attributes
                0x00000000000005d5       0x32 ./Middlewares/Third_Party/FreeRTOS/Source/portable/MemMang/heap_4.o
 .ARM.attributes
                0x0000000000000607       0x32 C:/ST/STM32CubeIDE_1.11.2/STM32CubeIDE/plugins/com.st.stm32cube.ide.mcu.externaltools.gnu-tools-for-stm32.11.3.rel1.win32_1.1.100.202309141235/tools/bin/../lib/gcc/arm-none-eabi/11.3.1/../../../../arm-none-eabi/lib/thumb/v7e-m+dp/hard\libc_nano.a(libc_a-memset.o)
 .ARM.attributes
                0x0000000000000639       0x32 C:/ST/STM32CubeIDE_1.11.2/STM32CubeIDE/plugins/com.st.stm32cube.ide.mcu.externaltools.gnu-tools-for-stm32.11.3.rel1.win32_1.1.100.202309141235/tools/bin/../lib/gcc/arm-none-eabi/11.3.1/../../../../arm-none-eabi/lib/thumb/v7e-m+dp/hard\libc_nano.a(libc_a-init.o)
 .ARM.attributes
                0x000000000000066b       0x32 C:/ST/STM32CubeIDE_1.11.2/STM32CubeIDE/plugins/com.st.stm32cube.ide.mcu.externaltools.gnu-tools-for-stm32.11.3.rel1.win32_1.1.100.202309141235/tools/bin/../lib/gcc/arm-none-eabi/11.3.1/../../../../arm-none-eabi/lib/thumb/v7e-m+dp/hard\libc_nano.a(libc_a-memcpy-stub.o)
 .ARM.attributes
                0x000000000000069d       0x1e C:/ST/STM32CubeIDE_1.11.2/STM32CubeIDE/plugins/com.st.stm32cube.ide.mcu.externaltools.gnu-tools-for-stm32.11.3.rel1.win32_1.1.100.202309141235/tools/bin/../lib/gcc/arm-none-eabi/11.3.1/thumb/v7e-m+dp/hard\libgcc.a(_aeabi_uldivmod.o)
 .ARM.attributes
                0x00000000000006bb       0x32 C:/ST/STM32CubeIDE_1.11.2/STM32CubeIDE/plugins/com.st.stm32cube.ide.mcu.externaltools.gnu-tools-for-stm32.11.3.rel1.win32_1.1.100.202309141235/tools/bin/../lib/gcc/arm-none-eabi/11.3.1/thumb/v7e-m+dp/hard\libgcc.a(_udivmoddi4.o)
 .ARM.attributes
                0x00000000000006ed       0x1e C:/ST/STM32CubeIDE_1.11.2/STM32CubeIDE/plugins/com.st.stm32cube.ide.mcu.externaltools.gnu-tools-for-stm32.11.3.rel1.win32_1.1.100.202309141235/tools/bin/../lib/gcc/arm-none-eabi/11.3.1/thumb/v7e-m+dp/hard\libgcc.a(_dvmd_tls.o)
 .ARM.attributes
                0x000000000000070b       0x1e C:/ST/STM32CubeIDE_1.11.2/STM32CubeIDE/plugins/com.st.stm32cube.ide.mcu.externaltools.gnu-tools-for-stm32.11.3.rel1.win32_1.1.100.202309141235/tools/bin/../lib/gcc/arm-none-eabi/11.3.1/thumb/v7e-m+dp/hard/crtn.o
OUTPUT(uart_isr_hal.elf elf32-littlearm)
LOAD linker stubs
LOAD C:/ST/STM32CubeIDE_1.11.2/STM32CubeIDE/plugins/com.st.stm32cube.ide.mcu.externaltools.gnu-tools-for-stm32.11.3.rel1.win32_1.1.100.202309141235/tools/bin/../lib/gcc/arm-none-eabi/11.3.1/../../../../arm-none-eabi/lib/thumb/v7e-m+dp/hard\libc.a
LOAD C:/ST/STM32CubeIDE_1.11.2/STM32CubeIDE/plugins/com.st.stm32cube.ide.mcu.externaltools.gnu-tools-for-stm32.11.3.rel1.win32_1.1.100.202309141235/tools/bin/../lib/gcc/arm-none-eabi/11.3.1/../../../../arm-none-eabi/lib/thumb/v7e-m+dp/hard\libm.a
LOAD C:/ST/STM32CubeIDE_1.11.2/STM32CubeIDE/plugins/com.st.stm32cube.ide.mcu.externaltools.gnu-tools-for-stm32.11.3.rel1.win32_1.1.100.202309141235/tools/bin/../lib/gcc/arm-none-eabi/11.3.1/thumb/v7e-m+dp/hard\libgcc.a

.comment        0x0000000000000000       0x43
 .comment       0x0000000000000000       0x43 C:/ST/STM32CubeIDE_1.11.2/STM32CubeIDE/plugins/com.st.stm32cube.ide.mcu.externaltools.gnu-tools-for-stm32.11.3.rel1.win32_1.1.100.202309141235/tools/bin/../lib/gcc/arm-none-eabi/11.3.1/thumb/v7e-m+dp/hard/crtbegin.o
                                         0x44 (size before relaxing)
 .comment       0x0000000000000043       0x44 ./Core/Inc/SEGGER_RTT.o
 .comment       0x0000000000000043       0x44 ./Core/Inc/SEGGER_SYSVIEW.o
 .comment       0x0000000000000043       0x44 ./Core/Inc/SEGGER_SYSVIEW_Config_FreeRTOS.o
 .comment       0x0000000000000043       0x44 ./Core/Inc/SEGGER_SYSVIEW_FreeRTOS.o
 .comment       0x0000000000000043       0x44 ./Core/Src/main.o
 .comment       0x0000000000000043       0x44 ./Core/Src/stm32f7xx_hal_msp.o
 .comment       0x0000000000000043       0x44 ./Core/Src/stm32f7xx_it.o
 .comment       0x0000000000000043       0x44 ./Core/Src/system_stm32f7xx.o
 .comment       0x0000000000000043       0x44 ./Drivers/STM32F7xx_HAL_Driver/Src/stm32f7xx_hal.o
 .comment       0x0000000000000043       0x44 ./Drivers/STM32F7xx_HAL_Driver/Src/stm32f7xx_hal_cortex.o
 .comment       0x0000000000000043       0x44 ./Drivers/STM32F7xx_HAL_Driver/Src/stm32f7xx_hal_dma.o
 .comment       0x0000000000000043       0x44 ./Drivers/STM32F7xx_HAL_Driver/Src/stm32f7xx_hal_eth.o
 .comment       0x0000000000000043       0x44 ./Drivers/STM32F7xx_HAL_Driver/Src/stm32f7xx_hal_gpio.o
 .comment       0x0000000000000043       0x44 ./Drivers/STM32F7xx_HAL_Driver/Src/stm32f7xx_hal_pcd.o
 .comment       0x0000000000000043       0x44 ./Drivers/STM32F7xx_HAL_Driver/Src/stm32f7xx_hal_pcd_ex.o
 .comment       0x0000000000000043       0x44 ./Drivers/STM32F7xx_HAL_Driver/Src/stm32f7xx_hal_pwr.o
 .comment       0x0000000000000043       0x44 ./Drivers/STM32F7xx_HAL_Driver/Src/stm32f7xx_hal_pwr_ex.o
 .comment       0x0000000000000043       0x44 ./Drivers/STM32F7xx_HAL_Driver/Src/stm32f7xx_hal_rcc.o
 .comment       0x0000000000000043       0x44 ./Drivers/STM32F7xx_HAL_Driver/Src/stm32f7xx_hal_rcc_ex.o
 .comment       0x0000000000000043       0x44 ./Drivers/STM32F7xx_HAL_Driver/Src/stm32f7xx_hal_uart.o
 .comment       0x0000000000000043       0x44 ./Drivers/STM32F7xx_HAL_Driver/Src/stm32f7xx_ll_usb.o
 .comment       0x0000000000000043       0x44 ./Middlewares/Third_Party/FreeRTOS/Source/CMSIS_RTOS_V2/cmsis_os2.o
 .comment       0x0000000000000043       0x44 ./Middlewares/Third_Party/FreeRTOS/Source/list.o
 .comment       0x0000000000000043       0x44 ./Middlewares/Third_Party/FreeRTOS/Source/queue.o
 .comment       0x0000000000000043       0x44 ./Middlewares/Third_Party/FreeRTOS/Source/tasks.o
 .comment       0x0000000000000043       0x44 ./Middlewares/Third_Party/FreeRTOS/Source/timers.o
 .comment       0x0000000000000043       0x44 ./Middlewares/Third_Party/FreeRTOS/Source/portable/GCC/ARM_CM7/r0p1/port.o
 .comment       0x0000000000000043       0x44 ./Middlewares/Third_Party/FreeRTOS/Source/portable/MemMang/heap_4.o

.debug_info     0x0000000000000000    0x21966
 .debug_info    0x0000000000000000     0x14b3 ./Core/Inc/SEGGER_RTT.o
 .debug_info    0x00000000000014b3       0x25 ./Core/Inc/SEGGER_RTT_ASM_ARMv7M.o
 .debug_info    0x00000000000014d8     0x3bc7 ./Core/Inc/SEGGER_SYSVIEW.o
 .debug_info    0x000000000000509f      0x176 ./Core/Inc/SEGGER_SYSVIEW_Config_FreeRTOS.o
 .debug_info    0x0000000000005215      0x447 ./Core/Inc/SEGGER_SYSVIEW_FreeRTOS.o
 .debug_info    0x000000000000565c     0x22b0 ./Core/Src/main.o
 .debug_info    0x000000000000790c     0x1f0b ./Core/Src/stm32f7xx_hal_msp.o
 .debug_info    0x0000000000009817      0x742 ./Core/Src/stm32f7xx_it.o
 .debug_info    0x0000000000009f59      0x6ed ./Core/Src/system_stm32f7xx.o
 .debug_info    0x000000000000a646       0x23 ./Core/Startup/startup_stm32f767zitx.o
 .debug_info    0x000000000000a669      0xa4c ./Drivers/STM32F7xx_HAL_Driver/Src/stm32f7xx_hal.o
 .debug_info    0x000000000000b0b5      0xf8b ./Drivers/STM32F7xx_HAL_Driver/Src/stm32f7xx_hal_cortex.o
 .debug_info    0x000000000000c040      0x8e7 ./Drivers/STM32F7xx_HAL_Driver/Src/stm32f7xx_hal_dma.o
 .debug_info    0x000000000000c927     0x2090 ./Drivers/STM32F7xx_HAL_Driver/Src/stm32f7xx_hal_eth.o
 .debug_info    0x000000000000e9b7      0x6f3 ./Drivers/STM32F7xx_HAL_Driver/Src/stm32f7xx_hal_gpio.o
 .debug_info    0x000000000000f0aa     0x156c ./Drivers/STM32F7xx_HAL_Driver/Src/stm32f7xx_hal_pcd.o
 .debug_info    0x0000000000010616      0x78b ./Drivers/STM32F7xx_HAL_Driver/Src/stm32f7xx_hal_pcd_ex.o
 .debug_info    0x0000000000010da1      0x90e ./Drivers/STM32F7xx_HAL_Driver/Src/stm32f7xx_hal_pwr.o
 .debug_info    0x00000000000116af      0x8cd ./Drivers/STM32F7xx_HAL_Driver/Src/stm32f7xx_hal_pwr_ex.o
 .debug_info    0x0000000000011f7c      0x937 ./Drivers/STM32F7xx_HAL_Driver/Src/stm32f7xx_hal_rcc.o
 .debug_info    0x00000000000128b3      0x6e1 ./Drivers/STM32F7xx_HAL_Driver/Src/stm32f7xx_hal_rcc_ex.o
 .debug_info    0x0000000000012f94     0x3a6d ./Drivers/STM32F7xx_HAL_Driver/Src/stm32f7xx_hal_uart.o
 .debug_info    0x0000000000016a01     0x19bc ./Drivers/STM32F7xx_HAL_Driver/Src/stm32f7xx_ll_usb.o
 .debug_info    0x00000000000183bd     0x39be ./Middlewares/Third_Party/FreeRTOS/Source/CMSIS_RTOS_V2/cmsis_os2.o
 .debug_info    0x000000000001bd7b      0x2af ./Middlewares/Third_Party/FreeRTOS/Source/list.o
 .debug_info    0x000000000001c02a     0x1b68 ./Middlewares/Third_Party/FreeRTOS/Source/queue.o
 .debug_info    0x000000000001db92     0x2143 ./Middlewares/Third_Party/FreeRTOS/Source/tasks.o
 .debug_info    0x000000000001fcd5     0x1427 ./Middlewares/Third_Party/FreeRTOS/Source/timers.o
 .debug_info    0x00000000000210fc      0x4a7 ./Middlewares/Third_Party/FreeRTOS/Source/portable/GCC/ARM_CM7/r0p1/port.o
 .debug_info    0x00000000000215a3      0x3c3 ./Middlewares/Third_Party/FreeRTOS/Source/portable/MemMang/heap_4.o

.debug_abbrev   0x0000000000000000     0x43db
 .debug_abbrev  0x0000000000000000      0x21f ./Core/Inc/SEGGER_RTT.o
 .debug_abbrev  0x000000000000021f       0x14 ./Core/Inc/SEGGER_RTT_ASM_ARMv7M.o
 .debug_abbrev  0x0000000000000233      0x320 ./Core/Inc/SEGGER_SYSVIEW.o
 .debug_abbrev  0x0000000000000553       0xf4 ./Core/Inc/SEGGER_SYSVIEW_Config_FreeRTOS.o
 .debug_abbrev  0x0000000000000647      0x1b1 ./Core/Inc/SEGGER_SYSVIEW_FreeRTOS.o
 .debug_abbrev  0x00000000000007f8      0x34c ./Core/Src/main.o
 .debug_abbrev  0x0000000000000b44      0x29c ./Core/Src/stm32f7xx_hal_msp.o
 .debug_abbrev  0x0000000000000de0      0x18f ./Core/Src/stm32f7xx_it.o
 .debug_abbrev  0x0000000000000f6f      0x13b ./Core/Src/system_stm32f7xx.o
 .debug_abbrev  0x00000000000010aa       0x12 ./Core/Startup/startup_stm32f767zitx.o
 .debug_abbrev  0x00000000000010bc      0x213 ./Drivers/STM32F7xx_HAL_Driver/Src/stm32f7xx_hal.o
 .debug_abbrev  0x00000000000012cf      0x329 ./Drivers/STM32F7xx_HAL_Driver/Src/stm32f7xx_hal_cortex.o
 .debug_abbrev  0x00000000000015f8      0x264 ./Drivers/STM32F7xx_HAL_Driver/Src/stm32f7xx_hal_dma.o
 .debug_abbrev  0x000000000000185c      0x2ec ./Drivers/STM32F7xx_HAL_Driver/Src/stm32f7xx_hal_eth.o
 .debug_abbrev  0x0000000000001b48      0x1d4 ./Drivers/STM32F7xx_HAL_Driver/Src/stm32f7xx_hal_gpio.o
 .debug_abbrev  0x0000000000001d1c      0x2e7 ./Drivers/STM32F7xx_HAL_Driver/Src/stm32f7xx_hal_pcd.o
 .debug_abbrev  0x0000000000002003      0x1ca ./Drivers/STM32F7xx_HAL_Driver/Src/stm32f7xx_hal_pcd_ex.o
 .debug_abbrev  0x00000000000021cd      0x1c5 ./Drivers/STM32F7xx_HAL_Driver/Src/stm32f7xx_hal_pwr.o
 .debug_abbrev  0x0000000000002392      0x1d5 ./Drivers/STM32F7xx_HAL_Driver/Src/stm32f7xx_hal_pwr_ex.o
 .debug_abbrev  0x0000000000002567      0x2de ./Drivers/STM32F7xx_HAL_Driver/Src/stm32f7xx_hal_rcc.o
 .debug_abbrev  0x0000000000002845      0x1c9 ./Drivers/STM32F7xx_HAL_Driver/Src/stm32f7xx_hal_rcc_ex.o
 .debug_abbrev  0x0000000000002a0e      0x2e6 ./Drivers/STM32F7xx_HAL_Driver/Src/stm32f7xx_hal_uart.o
 .debug_abbrev  0x0000000000002cf4      0x28c ./Drivers/STM32F7xx_HAL_Driver/Src/stm32f7xx_ll_usb.o
 .debug_abbrev  0x0000000000002f80      0x464 ./Middlewares/Third_Party/FreeRTOS/Source/CMSIS_RTOS_V2/cmsis_os2.o
 .debug_abbrev  0x00000000000033e4       0xf5 ./Middlewares/Third_Party/FreeRTOS/Source/list.o
 .debug_abbrev  0x00000000000034d9      0x3b6 ./Middlewares/Third_Party/FreeRTOS/Source/queue.o
 .debug_abbrev  0x000000000000388f      0x386 ./Middlewares/Third_Party/FreeRTOS/Source/tasks.o
 .debug_abbrev  0x0000000000003c15      0x352 ./Middlewares/Third_Party/FreeRTOS/Source/timers.o
 .debug_abbrev  0x0000000000003f67      0x26f ./Middlewares/Third_Party/FreeRTOS/Source/portable/GCC/ARM_CM7/r0p1/port.o
 .debug_abbrev  0x00000000000041d6      0x205 ./Middlewares/Third_Party/FreeRTOS/Source/portable/MemMang/heap_4.o

.debug_aranges  0x0000000000000000     0x19d8
 .debug_aranges
                0x0000000000000000      0x138 ./Core/Inc/SEGGER_RTT.o
 .debug_aranges
                0x0000000000000138       0x20 ./Core/Inc/SEGGER_RTT_ASM_ARMv7M.o
 .debug_aranges
                0x0000000000000158      0x2e0 ./Core/Inc/SEGGER_SYSVIEW.o
 .debug_aranges
                0x0000000000000438       0x28 ./Core/Inc/SEGGER_SYSVIEW_Config_FreeRTOS.o
 .debug_aranges
                0x0000000000000460       0x48 ./Core/Inc/SEGGER_SYSVIEW_FreeRTOS.o
 .debug_aranges
                0x00000000000004a8       0x78 ./Core/Src/main.o
 .debug_aranges
                0x0000000000000520       0x50 ./Core/Src/stm32f7xx_hal_msp.o
 .debug_aranges
                0x0000000000000570       0x58 ./Core/Src/stm32f7xx_it.o
 .debug_aranges
                0x00000000000005c8       0x28 ./Core/Src/system_stm32f7xx.o
 .debug_aranges
                0x00000000000005f0       0x28 ./Core/Startup/startup_stm32f767zitx.o
 .debug_aranges
                0x0000000000000618      0x110 ./Drivers/STM32F7xx_HAL_Driver/Src/stm32f7xx_hal.o
 .debug_aranges
                0x0000000000000728      0x118 ./Drivers/STM32F7xx_HAL_Driver/Src/stm32f7xx_hal_cortex.o
 .debug_aranges
                0x0000000000000840       0x90 ./Drivers/STM32F7xx_HAL_Driver/Src/stm32f7xx_hal_dma.o
 .debug_aranges
                0x00000000000008d0      0x1e0 ./Drivers/STM32F7xx_HAL_Driver/Src/stm32f7xx_hal_eth.o
 .debug_aranges
                0x0000000000000ab0       0x58 ./Drivers/STM32F7xx_HAL_Driver/Src/stm32f7xx_hal_gpio.o
 .debug_aranges
                0x0000000000000b08      0x148 ./Drivers/STM32F7xx_HAL_Driver/Src/stm32f7xx_hal_pcd.o
 .debug_aranges
                0x0000000000000c50       0x48 ./Drivers/STM32F7xx_HAL_Driver/Src/stm32f7xx_hal_pcd_ex.o
 .debug_aranges
                0x0000000000000c98       0xa0 ./Drivers/STM32F7xx_HAL_Driver/Src/stm32f7xx_hal_pwr.o
 .debug_aranges
                0x0000000000000d38       0x80 ./Drivers/STM32F7xx_HAL_Driver/Src/stm32f7xx_hal_pwr_ex.o
 .debug_aranges
                0x0000000000000db8       0x88 ./Drivers/STM32F7xx_HAL_Driver/Src/stm32f7xx_hal_rcc.o
 .debug_aranges
                0x0000000000000e40       0x50 ./Drivers/STM32F7xx_HAL_Driver/Src/stm32f7xx_hal_rcc_ex.o
 .debug_aranges
                0x0000000000000e90      0x230 ./Drivers/STM32F7xx_HAL_Driver/Src/stm32f7xx_hal_uart.o
 .debug_aranges
                0x00000000000010c0      0x1a8 ./Drivers/STM32F7xx_HAL_Driver/Src/stm32f7xx_ll_usb.o
 .debug_aranges
                0x0000000000001268      0x228 ./Middlewares/Third_Party/FreeRTOS/Source/CMSIS_RTOS_V2/cmsis_os2.o
 .debug_aranges
                0x0000000000001490       0x40 ./Middlewares/Third_Party/FreeRTOS/Source/list.o
 .debug_aranges
                0x00000000000014d0      0x158 ./Middlewares/Third_Party/FreeRTOS/Source/queue.o
 .debug_aranges
                0x0000000000001628      0x1f8 ./Middlewares/Third_Party/FreeRTOS/Source/tasks.o
 .debug_aranges
                0x0000000000001820       0xe8 ./Middlewares/Third_Party/FreeRTOS/Source/timers.o
 .debug_aranges
                0x0000000000001908       0x80 ./Middlewares/Third_Party/FreeRTOS/Source/portable/GCC/ARM_CM7/r0p1/port.o
 .debug_aranges
                0x0000000000001988       0x50 ./Middlewares/Third_Party/FreeRTOS/Source/portable/MemMang/heap_4.o

.debug_rnglists
                0x0000000000000000     0x13f1
 .debug_rnglists
                0x0000000000000000       0xf5 ./Core/Inc/SEGGER_RTT.o
 .debug_rnglists
                0x00000000000000f5      0x24d ./Core/Inc/SEGGER_SYSVIEW.o
 .debug_rnglists
                0x0000000000000342       0x19 ./Core/Inc/SEGGER_SYSVIEW_Config_FreeRTOS.o
 .debug_rnglists
                0x000000000000035b       0x36 ./Core/Inc/SEGGER_SYSVIEW_FreeRTOS.o
 .debug_rnglists
                0x0000000000000391       0x59 ./Core/Src/main.o
 .debug_rnglists
                0x00000000000003ea       0x3b ./Core/Src/stm32f7xx_hal_msp.o
 .debug_rnglists
                0x0000000000000425       0x3d ./Core/Src/stm32f7xx_it.o
 .debug_rnglists
                0x0000000000000462       0x1a ./Core/Src/system_stm32f7xx.o
 .debug_rnglists
                0x000000000000047c       0x19 ./Core/Startup/startup_stm32f767zitx.o
 .debug_rnglists
                0x0000000000000495       0xc7 ./Drivers/STM32F7xx_HAL_Driver/Src/stm32f7xx_hal.o
 .debug_rnglists
                0x000000000000055c       0xce ./Drivers/STM32F7xx_HAL_Driver/Src/stm32f7xx_hal_cortex.o
 .debug_rnglists
                0x000000000000062a       0x70 ./Drivers/STM32F7xx_HAL_Driver/Src/stm32f7xx_hal_dma.o
 .debug_rnglists
                0x000000000000069a      0x17d ./Drivers/STM32F7xx_HAL_Driver/Src/stm32f7xx_hal_eth.o
 .debug_rnglists
                0x0000000000000817       0x3f ./Drivers/STM32F7xx_HAL_Driver/Src/stm32f7xx_hal_gpio.o
 .debug_rnglists
                0x0000000000000856       0xfc ./Drivers/STM32F7xx_HAL_Driver/Src/stm32f7xx_hal_pcd.o
 .debug_rnglists
                0x0000000000000952       0x32 ./Drivers/STM32F7xx_HAL_Driver/Src/stm32f7xx_hal_pcd_ex.o
 .debug_rnglists
                0x0000000000000984       0x74 ./Drivers/STM32F7xx_HAL_Driver/Src/stm32f7xx_hal_pwr.o
 .debug_rnglists
                0x00000000000009f8       0x5f ./Drivers/STM32F7xx_HAL_Driver/Src/stm32f7xx_hal_pwr_ex.o
 .debug_rnglists
                0x0000000000000a57       0x67 ./Drivers/STM32F7xx_HAL_Driver/Src/stm32f7xx_hal_rcc.o
 .debug_rnglists
                0x0000000000000abe       0x3c ./Drivers/STM32F7xx_HAL_Driver/Src/stm32f7xx_hal_rcc_ex.o
 .debug_rnglists
                0x0000000000000afa      0x1e0 ./Drivers/STM32F7xx_HAL_Driver/Src/stm32f7xx_hal_uart.o
 .debug_rnglists
                0x0000000000000cda      0x14e ./Drivers/STM32F7xx_HAL_Driver/Src/stm32f7xx_ll_usb.o
 .debug_rnglists