../Core/Src/main.c:123:5:main	24	static
../Core/Src/main.c:213:6:SystemClock_Config	88	static
../Core/Src/main.c:271:13:MX_ETH_Init	8	static
../Core/Src/main.c:320:13:MX_USART3_UART_Init	8	static
../Core/Src/main.c:355:13:MX_GPIO_Init	56	static
../Core/Src/main.c:416:6:StartDefaultTask	16	static
../Core/Src/main.c:437:6:commandReaderEntry	144	static
../Core/Src/main.c:457:6:testCommandTimerEntry	16	static
../Core/Src/main.c:476:6:HAL_TIM_PeriodElapsedCallback	16	static
../Core/Src/main.c:493:6:Error_Handler	4	static,ignoring_inline_asm
