../Core/Src/main.c:133:5:main	24	static
../Core/Src/main.c:226:6:SystemClock_Config	88	static
../Core/Src/main.c:284:13:MX_ETH_Init	8	static
../Core/Src/main.c:333:13:MX_TIM4_Init	64	static
../Core/Src/main.c:392:13:MX_USART3_UART_Init	8	static
../Core/Src/main.c:427:13:MX_GPIO_Init	56	static
../Core/Src/main.c:488:6:StartDefaultTask	16	static
../Core/Src/main.c:506:6:commandReaderEntry	64	static
../Core/Src/main.c:550:6:testCommandTimerEntry	16	static
../Core/Src/main.c:569:6:HAL_TIM_PeriodElapsedCallback	16	static
../Core/Src/main.c:586:6:Error_Handler	4	static,ignoring_inline_asm
