../Core/Src/main.c:106:5:main	8	static
../Core/Src/main.c:188:6:SystemClock_Config	88	static
../Core/Src/main.c:246:13:MX_ETH_Init	8	static
../Core/Src/main.c:295:13:MX_UART4_Init	8	static
../Core/Src/main.c:330:13:MX_USART2_UART_Init	8	static
../Core/Src/main.c:365:13:MX_USART3_UART_Init	8	static
../Core/Src/main.c:400:13:MX_USB_OTG_FS_PCD_Init	8	static
../Core/Src/main.c:435:13:MX_GPIO_Init	56	static
../Core/Src/main.c:496:6:StartDefaultTask	16	static
../Core/Src/main.c:515:6:HAL_TIM_PeriodElapsedCallback	16	static
../Core/Src/main.c:532:6:Error_Handler	4	static,ignoring_inline_asm
