../Core/Src/main.c:122:5:main	8	static
../Core/Src/main.c:212:6:SystemClock_Config	88	static
../Core/Src/main.c:270:13:MX_ETH_Init	8	static
../Core/Src/main.c:319:13:MX_UART4_Init	8	static
../Core/Src/main.c:354:13:MX_USART2_UART_Init	8	static
../Core/Src/main.c:389:13:MX_USART3_UART_Init	8	static
../Core/Src/main.c:424:13:MX_USB_OTG_FS_PCD_Init	8	static
../Core/Src/main.c:457:13:MX_DMA_Init	16	static
../Core/Src/main.c:475:13:MX_GPIO_Init	56	static
../Core/Src/main.c:536:6:StartDefaultTask	32	static
../Core/Src/main.c:557:6:uart4dmaEntry	16	static
../Core/Src/main.c:569:6:HAL_UART_TxCpltCallback	16	static
../Core/Src/main.c:575:6:sendTimerEntry	16	static
../Core/Src/main.c:590:6:HAL_TIM_PeriodElapsedCallback	16	static
../Core/Src/main.c:607:6:Error_Handler	4	static,ignoring_inline_asm
