../Core/Src/main.c:123:5:main	24	static
../Core/Src/main.c:216:6:SystemClock_Config	88	static
../Core/Src/main.c:274:13:MX_ETH_Init	8	static
../Core/Src/main.c:323:13:MX_UART4_Init	8	static
../Core/Src/main.c:358:13:MX_USART2_UART_Init	8	static
../Core/Src/main.c:393:13:MX_USART3_UART_Init	8	static
../Core/Src/main.c:428:13:MX_USB_OTG_FS_PCD_Init	8	static
../Core/Src/main.c:461:13:MX_DMA_Init	16	static
../Core/Src/main.c:479:13:MX_GPIO_Init	56	static
../Core/Src/main.c:530:6:HAL_UART_RxCpltCallback	16	static
../Core/Src/main.c:545:6:StartDefaultTask	16	static
../Core/Src/main.c:558:6:startUart2TrafficEntry	32	static
../Core/Src/main.c:567:6:sendUart2TrafficEntry	16	static
../Core/Src/main.c:579:6:Error_Handler	4	static,ignoring_inline_asm
