../Core/Src/main.c:120:5:main	8	static
../Core/Src/main.c:210:6:SystemClock_Config	88	static
../Core/Src/main.c:268:13:MX_ETH_Init	8	static
../Core/Src/main.c:317:13:MX_UART4_Init	8	static
../Core/Src/main.c:352:13:MX_USART2_UART_Init	8	static
../Core/Src/main.c:387:13:MX_USART3_UART_Init	8	static
../Core/Src/main.c:422:13:MX_USB_OTG_FS_PCD_Init	8	static
../Core/Src/main.c:455:13:MX_DMA_Init	16	static
../Core/Src/main.c:473:13:MX_GPIO_Init	56	static
../Core/Src/main.c:534:6:StartDefaultTask	16	static
../Core/Src/main.c:546:6:startUart2TrafficEntry	16	static
../Core/Src/main.c:554:6:sendUart2TrafficEntry	16	static
../Core/Src/main.c:565:6:Error_Handler	4	static,ignoring_inline_asm
