../Core/Src/main.c:125:5:main	8	static
../Core/Src/main.c:219:6:SystemClock_Config	88	static
../Core/Src/main.c:277:13:MX_ETH_Init	8	static
../Core/Src/main.c:326:13:MX_UART4_Init	8	static
../Core/Src/main.c:361:13:MX_USART2_UART_Init	8	static
../Core/Src/main.c:396:13:MX_USART3_UART_Init	8	static
../Core/Src/main.c:431:13:MX_USB_OTG_FS_PCD_Init	8	static
../Core/Src/main.c:466:13:MX_GPIO_Init	56	static
../Core/Src/main.c:529:6:StartDefaultTask	16	static
../Core/Src/main.c:548:6:uart4ISREntry	16	static
../Core/Src/main.c:561:6:uart2SendTimerEntry	16	static
../Core/Src/main.c:573:6:Error_Handler	4	static,ignoring_inline_asm
