17:47:55 **** Incremental Build of configuration Debug for project can_f767_2 ****
make -j16 all 
arm-none-eabi-gcc "../Core/Src/main.c" -mcpu=cortex-m7 -std=gnu11 -g3 -DDEBUG -DUSE_HAL_DRIVER -DSTM32F767xx -c -I../Core/Inc -I../Drivers/STM32F7xx_HAL_Driver/Inc -I../Drivers/STM32F7xx_HAL_Driver/Inc/Legacy -I../Drivers/CMSIS/Device/ST/STM32F7xx/Include -I../Drivers/CMSIS/Include -I../Middlewares/Third_Party/FreeRTOS/Source/include -I../Middlewares/Third_Party/FreeRTOS/Source/CMSIS_RTOS_V2 -I../Middlewares/Third_Party/FreeRTOS/Source/portable/GCC/ARM_CM7/r0p1 -O0 -ffunction-sections -fdata-sections -Wall -fstack-usage -fcyclomatic-complexity -MMD -MP -MF"Core/Src/main.d" -MT"Core/Src/main.o" --specs=nano.specs -mfpu=fpv5-d16 -mfloat-abi=hard -mthumb -o "Core/Src/main.o"
../Core/Src/main.c: In function 'HAL_CAN_RxFifo0MsgPendingCallback':
../Core/Src/main.c:77:16: warning: unused variable 'sent' [-Wunused-variable]
   77 |         size_t sent = xStreamBufferSendFromISR(xStreamBuffer0, RxData, 8, NULL);
      |                ^~~~
../Core/Src/main.c: At top level:
../Core/Src/main.c:71:29: warning: 'xStreamBuffer1' defined but not used [-Wunused-variable]
   71 | static StreamBufferHandle_t xStreamBuffer1 = NULL;
      |                             ^~~~~~~~~~~~~~
arm-none-eabi-gcc -o "can_f767_2.elf" @"objects.list"   -mcpu=cortex-m7 -T"C:\Users\bakra\Desktop\STM32F767ZI\can_f767_2\STM32F767ZITX_FLASH.ld" --specs=nosys.specs -Wl,-Map="can_f767_2.map" -Wl,--gc-sections -static --specs=nano.specs -mfpu=fpv5-d16 -mfloat-abi=hard -mthumb -Wl,--start-group -lc -lm -Wl,--end-group
Finished building target: can_f767_2.elf
 
arm-none-eabi-size  can_f767_2.elf 
arm-none-eabi-objdump -h -S can_f767_2.elf  > "can_f767_2.list"
   text	   data	    bss	    dec	    hex	filename
  25172	     96	  20888	  46156	   b44c	can_f767_2.elf
Finished building: default.size.stdout
 
Finished building: can_f767_2.list
 

17:47:58 Build Finished. 0 errors, 2 warnings. (took 3s.110ms)

