20:50:03 **** Incremental Build of configuration Debug for project TMP1075_temp_i2c ****
make -j16 all 
arm-none-eabi-gcc "../Drivers/STM32F7xx_HAL_Driver/Src/stm32f7xx_hal_i2c.c" -mcpu=cortex-m7 -std=gnu11 -g3 -DDEBUG -DUSE_HAL_DRIVER -DSTM32F767xx -c -I../Core/Inc -I../Drivers/STM32F7xx_HAL_Driver/Inc -I../Drivers/STM32F7xx_HAL_Driver/Inc/Legacy -I../Drivers/CMSIS/Device/ST/STM32F7xx/Include -I../Drivers/CMSIS/Include -O0 -ffunction-sections -fdata-sections -Wall -fstack-usage -fcyclomatic-complexity -MMD -MP -MF"Drivers/STM32F7xx_HAL_Driver/Src/stm32f7xx_hal_i2c.d" -MT"Drivers/STM32F7xx_HAL_Driver/Src/stm32f7xx_hal_i2c.o" --specs=nano.specs -mfpu=fpv5-d16 -mfloat-abi=hard -mthumb -o "Drivers/STM32F7xx_HAL_Driver/Src/stm32f7xx_hal_i2c.o"
arm-none-eabi-gcc "../Core/Src/main.c" -mcpu=cortex-m7 -std=gnu11 -g3 -DDEBUG -DUSE_HAL_DRIVER -DSTM32F767xx -c -I../Core/Inc -I../Drivers/STM32F7xx_HAL_Driver/Inc -I../Drivers/STM32F7xx_HAL_Driver/Inc/Legacy -I../Drivers/CMSIS/Device/ST/STM32F7xx/Include -I../Drivers/CMSIS/Include -O0 -ffunction-sections -fdata-sections -Wall -fstack-usage -fcyclomatic-complexity -MMD -MP -MF"Core/Src/main.d" -MT"Core/Src/main.o" --specs=nano.specs -mfpu=fpv5-d16 -mfloat-abi=hard -mthumb -o "Core/Src/main.o"
../Core/Src/main.c: In function 'main':
../Core/Src/main.c:106:15: warning: unused variable 'temp_farenheit' [-Wunused-variable]
  106 |         float temp_farenheit = temp_celsius * 1.8 + 32;
      |               ^~~~~~~~~~~~~~
arm-none-eabi-gcc -o "TMP1075_temp_i2c.elf" @"objects.list"   -mcpu=cortex-m7 -T"C:\Users\bakra\Desktop\STM32F767ZI\TMP1075_temp_i2c\STM32F767ZITX_FLASH.ld" --specs=nosys.specs -Wl,-Map="TMP1075_temp_i2c.map" -Wl,--gc-sections -static --specs=nano.specs -mfpu=fpv5-d16 -mfloat-abi=hard -mthumb -Wl,--start-group -lc -lm -Wl,--end-group
Finished building target: TMP1075_temp_i2c.elf
 
arm-none-eabi-size  TMP1075_temp_i2c.elf 
arm-none-eabi-objdump -h -S TMP1075_temp_i2c.elf  > "TMP1075_temp_i2c.list"
   text	   data	    bss	    dec	    hex	filename
  11552	     12	   1652	  13216	   33a0	TMP1075_temp_i2c.elf
Finished building: default.size.stdout
 
Finished building: TMP1075_temp_i2c.list
 
20:50:26 **** Incremental Build of configuration Debug for project TMP1075_temp_i2c ****
make -j16 all 
arm-none-eabi-size  TMP1075_temp_i2c.elf 
   text	   data	    bss	    dec	    hex	filename
  11552	     12	   1652	  13216	   33a0	TMP1075_temp_i2c.elf
Finished building: default.size.stdout
 
20:52:13 **** Incremental Build of configuration Debug for project TMP1075_temp_i2c ****
make -j16 all 
arm-none-eabi-gcc "../Core/Src/main.c" -mcpu=cortex-m7 -std=gnu11 -g3 -DDEBUG -DUSE_HAL_DRIVER -DSTM32F767xx -c -I../Core/Inc -I../Drivers/STM32F7xx_HAL_Driver/Inc -I../Drivers/STM32F7xx_HAL_Driver/Inc/Legacy -I../Drivers/CMSIS/Device/ST/STM32F7xx/Include -I../Drivers/CMSIS/Include -O0 -ffunction-sections -fdata-sections -Wall -fstack-usage -fcyclomatic-complexity -MMD -MP -MF"Core/Src/main.d" -MT"Core/Src/main.o" --specs=nano.specs -mfpu=fpv5-d16 -mfloat-abi=hard -mthumb -o "Core/Src/main.o"
../Core/Src/main.c: In function 'main':
../Core/Src/main.c:106:15: warning: unused variable 'temp_farenheit' [-Wunused-variable]
  106 |         float temp_farenheit = temp_celsius * 1.8 + 32;
      |               ^~~~~~~~~~~~~~
arm-none-eabi-gcc -o "TMP1075_temp_i2c.elf" @"objects.list"   -mcpu=cortex-m7 -T"C:\Users\bakra\Desktop\STM32F767ZI\TMP1075_temp_i2c\STM32F767ZITX_FLASH.ld" --specs=nosys.specs -Wl,-Map="TMP1075_temp_i2c.map" -Wl,--gc-sections -static --specs=nano.specs -mfpu=fpv5-d16 -mfloat-abi=hard -mthumb -Wl,--start-group -lc -lm -Wl,--end-group
Finished building target: TMP1075_temp_i2c.elf
 
arm-none-eabi-size  TMP1075_temp_i2c.elf 
arm-none-eabi-objdump -h -S TMP1075_temp_i2c.elf  > "TMP1075_temp_i2c.list"
   text	   data	    bss	    dec	    hex	filename
  11552	     12	   1652	  13216	   33a0	TMP1075_temp_i2c.elf
Finished building: default.size.stdout
 
Finished building: TMP1075_temp_i2c.list
 
22:20:12 **** Incremental Build of configuration Debug for project TMP1075_temp_i2c ****
make -j16 all 
arm-none-eabi-gcc "../Core/Src/main.c" -mcpu=cortex-m7 -std=gnu11 -g3 -DDEBUG -DUSE_HAL_DRIVER -DSTM32F767xx -c -I../Core/Inc -I../Drivers/STM32F7xx_HAL_Driver/Inc -I../Drivers/STM32F7xx_HAL_Driver/Inc/Legacy -I../Drivers/CMSIS/Device/ST/STM32F7xx/Include -I../Drivers/CMSIS/Include -O0 -ffunction-sections -fdata-sections -Wall -fstack-usage -fcyclomatic-complexity -MMD -MP -MF"Core/Src/main.d" -MT"Core/Src/main.o" --specs=nano.specs -mfpu=fpv5-d16 -mfloat-abi=hard -mthumb -o "Core/Src/main.o"
../Core/Src/main.c: In function 'main':
../Core/Src/main.c:106:15: warning: unused variable 'temp_farenheit' [-Wunused-variable]
  106 |         float temp_farenheit = temp_celsius * 1.8 + 32;
      |               ^~~~~~~~~~~~~~
arm-none-eabi-gcc -o "TMP1075_temp_i2c.elf" @"objects.list"   -mcpu=cortex-m7 -T"C:\Users\bakra\Desktop\STM32F767ZI\TMP1075_temp_i2c\STM32F767ZITX_FLASH.ld" --specs=nosys.specs -Wl,-Map="TMP1075_temp_i2c.map" -Wl,--gc-sections -static --specs=nano.specs -mfpu=fpv5-d16 -mfloat-abi=hard -mthumb -Wl,--start-group -lc -lm -Wl,--end-group
Finished building target: TMP1075_temp_i2c.elf
 
arm-none-eabi-size  TMP1075_temp_i2c.elf 
arm-none-eabi-objdump -h -S TMP1075_temp_i2c.elf  > "TMP1075_temp_i2c.list"
   text	   data	    bss	    dec	    hex	filename
  12304	     12	   1652	  13968	   3690	TMP1075_temp_i2c.elf
Finished building: default.size.stdout
 
Finished building: TMP1075_temp_i2c.list
 
22:20:46 **** Incremental Build of configuration Debug for project TMP1075_temp_i2c ****
make -j16 all 
arm-none-eabi-size  TMP1075_temp_i2c.elf 
   text	   data	    bss	    dec	    hex	filename
  12304	     12	   1652	  13968	   3690	TMP1075_temp_i2c.elf
Finished building: default.size.stdout
 
21:17:05 **** Incremental Build of configuration Debug for project TMP1075_temp_i2c ****
make -j16 all 
arm-none-eabi-gcc "../Core/Src/main.c" -mcpu=cortex-m7 -std=gnu11 -g3 -DDEBUG -DUSE_HAL_DRIVER -DSTM32F767xx -c -I../Core/Inc -I../Drivers/STM32F7xx_HAL_Driver/Inc -I../Drivers/STM32F7xx_HAL_Driver/Inc/Legacy -I../Drivers/CMSIS/Device/ST/STM32F7xx/Include -I../Drivers/CMSIS/Include -O0 -ffunction-sections -fdata-sections -Wall -fstack-usage -fcyclomatic-complexity -MMD -MP -MF"Core/Src/main.d" -MT"Core/Src/main.o" --specs=nano.specs -mfpu=fpv5-d16 -mfloat-abi=hard -mthumb -o "Core/Src/main.o"
../Core/Src/main.c: In function 'main':
../Core/Src/main.c:106:15: warning: unused variable 'temp_farenheit' [-Wunused-variable]
  106 |         float temp_farenheit = temp_celsius * 1.8 + 32;
      |               ^~~~~~~~~~~~~~
arm-none-eabi-gcc -o "TMP1075_temp_i2c.elf" @"objects.list"   -mcpu=cortex-m7 -T"C:\Users\bakra\Desktop\STM32F767ZI\TMP1075_temp_i2c\STM32F767ZITX_FLASH.ld" --specs=nosys.specs -Wl,-Map="TMP1075_temp_i2c.map" -Wl,--gc-sections -static --specs=nano.specs -mfpu=fpv5-d16 -mfloat-abi=hard -mthumb -Wl,--start-group -lc -lm -Wl,--end-group
Finished building target: TMP1075_temp_i2c.elf
 
arm-none-eabi-size  TMP1075_temp_i2c.elf 
arm-none-eabi-objdump -h -S TMP1075_temp_i2c.elf  > "TMP1075_temp_i2c.list"
   text	   data	    bss	    dec	    hex	filename
  11552	     12	   1652	  13216	   33a0	TMP1075_temp_i2c.elf
Finished building: default.size.stdout
 
Finished building: TMP1075_temp_i2c.list
 
21:29:53 **** Incremental Build of configuration Debug for project TMP1075_temp_i2c ****
make -j16 all 
arm-none-eabi-gcc "../Core/Src/main.c" -mcpu=cortex-m7 -std=gnu11 -g3 -DDEBUG -DUSE_HAL_DRIVER -DSTM32F767xx -c -I../Core/Inc -I../Drivers/STM32F7xx_HAL_Driver/Inc -I../Drivers/STM32F7xx_HAL_Driver/Inc/Legacy -I../Drivers/CMSIS/Device/ST/STM32F7xx/Include -I../Drivers/CMSIS/Include -O0 -ffunction-sections -fdata-sections -Wall -fstack-usage -fcyclomatic-complexity -MMD -MP -MF"Core/Src/main.d" -MT"Core/Src/main.o" --specs=nano.specs -mfpu=fpv5-d16 -mfloat-abi=hard -mthumb -o "Core/Src/main.o"
../Core/Src/main.c: In function 'main':
../Core/Src/main.c:118:17: error: 'temp' undeclared (first use in this function)
  118 |                 temp = read_binary * .0625;
      |                 ^~~~
../Core/Src/main.c:118:17: note: each undeclared identifier is reported only once for each function it appears in
../Core/Src/main.c:109:15: warning: variable 'temp_celsius' set but not used [-Wunused-but-set-variable]
  109 |         float temp_celsius = 0;
      |               ^~~~~~~~~~~~
make: *** [Core/Src/subdir.mk:34: Core/Src/main.o] Error 1
"make -j16 all" terminated with exit code 2. Build might be incomplete.
21:30:31 **** Incremental Build of configuration Debug for project TMP1075_temp_i2c ****
make -j16 all 
arm-none-eabi-gcc "../Core/Src/main.c" -mcpu=cortex-m7 -std=gnu11 -g3 -DDEBUG -DUSE_HAL_DRIVER -DSTM32F767xx -c -I../Core/Inc -I../Drivers/STM32F7xx_HAL_Driver/Inc -I../Drivers/STM32F7xx_HAL_Driver/Inc/Legacy -I../Drivers/CMSIS/Device/ST/STM32F7xx/Include -I../Drivers/CMSIS/Include -O0 -ffunction-sections -fdata-sections -Wall -fstack-usage -fcyclomatic-complexity -MMD -MP -MF"Core/Src/main.d" -MT"Core/Src/main.o" --specs=nano.specs -mfpu=fpv5-d16 -mfloat-abi=hard -mthumb -o "Core/Src/main.o"
../Core/Src/main.c: In function 'main':
../Core/Src/main.c:109:15: warning: variable 'temp_celsius' set but not used [-Wunused-but-set-variable]
  109 |         float temp_celsius = 0;
      |               ^~~~~~~~~~~~
arm-none-eabi-gcc -o "TMP1075_temp_i2c.elf" @"objects.list"   -mcpu=cortex-m7 -T"C:\Users\bakra\Desktop\STM32F767ZI\TMP1075_temp_i2c\STM32F767ZITX_FLASH.ld" --specs=nosys.specs -Wl,-Map="TMP1075_temp_i2c.map" -Wl,--gc-sections -static --specs=nano.specs -mfpu=fpv5-d16 -mfloat-abi=hard -mthumb -Wl,--start-group -lc -lm -Wl,--end-group
Finished building target: TMP1075_temp_i2c.elf
 
arm-none-eabi-size  TMP1075_temp_i2c.elf 
arm-none-eabi-objdump -h -S TMP1075_temp_i2c.elf  > "TMP1075_temp_i2c.list"
   text	   data	    bss	    dec	    hex	filename
  11552	     12	   1652	  13216	   33a0	TMP1075_temp_i2c.elf
Finished building: default.size.stdout
 
Finished building: TMP1075_temp_i2c.list
 
21:53:47 **** Incremental Build of configuration Debug for project TMP1075_temp_i2c ****
make -j16 all 
arm-none-eabi-size  TMP1075_temp_i2c.elf 
   text	   data	    bss	    dec	    hex	filename
  11552	     12	   1652	  13216	   33a0	TMP1075_temp_i2c.elf
Finished building: default.size.stdout
 
21:58:11 **** Incremental Build of configuration Debug for project TMP1075_temp_i2c ****
make -j16 all 
arm-none-eabi-gcc "../Core/Src/main.c" -mcpu=cortex-m7 -std=gnu11 -g3 -DDEBUG -DUSE_HAL_DRIVER -DSTM32F767xx -c -I../Core/Inc -I../Drivers/STM32F7xx_HAL_Driver/Inc -I../Drivers/STM32F7xx_HAL_Driver/Inc/Legacy -I../Drivers/CMSIS/Device/ST/STM32F7xx/Include -I../Drivers/CMSIS/Include -O0 -ffunction-sections -fdata-sections -Wall -fstack-usage -fcyclomatic-complexity -MMD -MP -MF"Core/Src/main.d" -MT"Core/Src/main.o" --specs=nano.specs -mfpu=fpv5-d16 -mfloat-abi=hard -mthumb -o "Core/Src/main.o"
../Core/Src/main.c: In function 'main':
../Core/Src/main.c:109:15: warning: variable 'temp_celsius' set but not used [-Wunused-but-set-variable]
  109 |         float temp_celsius = 0;
      |               ^~~~~~~~~~~~
arm-none-eabi-gcc -o "TMP1075_temp_i2c.elf" @"objects.list"   -mcpu=cortex-m7 -T"C:\Users\bakra\Desktop\STM32F767ZI\TMP1075_temp_i2c\STM32F767ZITX_FLASH.ld" --specs=nosys.specs -Wl,-Map="TMP1075_temp_i2c.map" -Wl,--gc-sections -static --specs=nano.specs -mfpu=fpv5-d16 -mfloat-abi=hard -mthumb -Wl,--start-group -lc -lm -Wl,--end-group
Finished building target: TMP1075_temp_i2c.elf
 
arm-none-eabi-size  TMP1075_temp_i2c.elf 
arm-none-eabi-objdump -h -S TMP1075_temp_i2c.elf  > "TMP1075_temp_i2c.list"
   text	   data	    bss	    dec	    hex	filename
   9716	     12	   1652	  11380	   2c74	TMP1075_temp_i2c.elf
Finished building: default.size.stdout
 
Finished building: TMP1075_temp_i2c.list
 
22:00:22 **** Incremental Build of configuration Debug for project TMP1075_temp_i2c ****
make -j16 all 
arm-none-eabi-gcc "../Core/Src/main.c" -mcpu=cortex-m7 -std=gnu11 -g3 -DDEBUG -DUSE_HAL_DRIVER -DSTM32F767xx -c -I../Core/Inc -I../Drivers/STM32F7xx_HAL_Driver/Inc -I../Drivers/STM32F7xx_HAL_Driver/Inc/Legacy -I../Drivers/CMSIS/Device/ST/STM32F7xx/Include -I../Drivers/CMSIS/Include -O0 -ffunction-sections -fdata-sections -Wall -fstack-usage -fcyclomatic-complexity -MMD -MP -MF"Core/Src/main.d" -MT"Core/Src/main.o" --specs=nano.specs -mfpu=fpv5-d16 -mfloat-abi=hard -mthumb -o "Core/Src/main.o"
../Core/Src/main.c: In function 'main':
../Core/Src/main.c:109:15: warning: variable 'temp_celsius' set but not used [-Wunused-but-set-variable]
  109 |         float temp_celsius = 0;
      |               ^~~~~~~~~~~~
arm-none-eabi-gcc -o "TMP1075_temp_i2c.elf" @"objects.list"   -mcpu=cortex-m7 -T"C:\Users\bakra\Desktop\STM32F767ZI\TMP1075_temp_i2c\STM32F767ZITX_FLASH.ld" --specs=nosys.specs -Wl,-Map="TMP1075_temp_i2c.map" -Wl,--gc-sections -static --specs=nano.specs -mfpu=fpv5-d16 -mfloat-abi=hard -mthumb -Wl,--start-group -lc -lm -Wl,--end-group
Finished building target: TMP1075_temp_i2c.elf
 
arm-none-eabi-size  TMP1075_temp_i2c.elf 
arm-none-eabi-objdump -h -S TMP1075_temp_i2c.elf  > "TMP1075_temp_i2c.list"
   text	   data	    bss	    dec	    hex	filename
   9716	     12	   1652	  11380	   2c74	TMP1075_temp_i2c.elf
Finished building: default.size.stdout
 
Finished building: TMP1075_temp_i2c.list
 
22:02:17 **** Incremental Build of configuration Debug for project TMP1075_temp_i2c ****
make -j16 all 
arm-none-eabi-gcc "../Core/Src/main.c" -mcpu=cortex-m7 -std=gnu11 -g3 -DDEBUG -DUSE_HAL_DRIVER -DSTM32F767xx -c -I../Core/Inc -I../Drivers/STM32F7xx_HAL_Driver/Inc -I../Drivers/STM32F7xx_HAL_Driver/Inc/Legacy -I../Drivers/CMSIS/Device/ST/STM32F7xx/Include -I../Drivers/CMSIS/Include -O0 -ffunction-sections -fdata-sections -Wall -fstack-usage -fcyclomatic-complexity -MMD -MP -MF"Core/Src/main.d" -MT"Core/Src/main.o" --specs=nano.specs -mfpu=fpv5-d16 -mfloat-abi=hard -mthumb -o "Core/Src/main.o"
../Core/Src/main.c: In function 'main':
../Core/Src/main.c:109:15: warning: variable 'temp_celsius' set but not used [-Wunused-but-set-variable]
  109 |         float temp_celsius = 0;
      |               ^~~~~~~~~~~~
arm-none-eabi-gcc -o "TMP1075_temp_i2c.elf" @"objects.list"   -mcpu=cortex-m7 -T"C:\Users\bakra\Desktop\STM32F767ZI\TMP1075_temp_i2c\STM32F767ZITX_FLASH.ld" --specs=nosys.specs -Wl,-Map="TMP1075_temp_i2c.map" -Wl,--gc-sections -static --specs=nano.specs -mfpu=fpv5-d16 -mfloat-abi=hard -mthumb -Wl,--start-group -lc -lm -Wl,--end-group
Finished building target: TMP1075_temp_i2c.elf
 
arm-none-eabi-size  TMP1075_temp_i2c.elf 
arm-none-eabi-objdump -h -S TMP1075_temp_i2c.elf  > "TMP1075_temp_i2c.list"
   text	   data	    bss	    dec	    hex	filename
   9716	     12	   1652	  11380	   2c74	TMP1075_temp_i2c.elf
Finished building: default.size.stdout
 
Finished building: TMP1075_temp_i2c.list
 
15:41:23 **** Incremental Build of configuration Debug for project TMP1075_temp_i2c ****
make -j16 all 
arm-none-eabi-gcc "../Core/Src/main.c" -mcpu=cortex-m7 -std=gnu11 -g3 -DDEBUG -DUSE_HAL_DRIVER -DSTM32F767xx -c -I../Core/Inc -I../Drivers/STM32F7xx_HAL_Driver/Inc -I../Drivers/STM32F7xx_HAL_Driver/Inc/Legacy -I../Drivers/CMSIS/Device/ST/STM32F7xx/Include -I../Drivers/CMSIS/Include -O0 -ffunction-sections -fdata-sections -Wall -fstack-usage -fcyclomatic-complexity -MMD -MP -MF"Core/Src/main.d" -MT"Core/Src/main.o" --specs=nano.specs -mfpu=fpv5-d16 -mfloat-abi=hard -mthumb -o "Core/Src/main.o"
../Core/Src/main.c: In function 'main':
../Core/Src/main.c:116:9: warning: variable 'temp' set but not used [-Wunused-but-set-variable]
  116 |   float temp = 0;
      |         ^~~~
arm-none-eabi-gcc -o "TMP1075_temp_i2c.elf" @"objects.list"   -mcpu=cortex-m7 -T"C:\Users\bakra\Desktop\STM32F767ZI\TMP1075_temp_i2c\STM32F767ZITX_FLASH.ld" --specs=nosys.specs -Wl,-Map="TMP1075_temp_i2c.map" -Wl,--gc-sections -static --specs=nano.specs -mfpu=fpv5-d16 -mfloat-abi=hard -mthumb -Wl,--start-group -lc -lm -Wl,--end-group
Finished building target: TMP1075_temp_i2c.elf
 
arm-none-eabi-size  TMP1075_temp_i2c.elf 
arm-none-eabi-objdump -h -S TMP1075_temp_i2c.elf  > "TMP1075_temp_i2c.list"
   text	   data	    bss	    dec	    hex	filename
  11592	     12	   1652	  13256	   33c8	TMP1075_temp_i2c.elf
Finished building: default.size.stdout
 
Finished building: TMP1075_temp_i2c.list
 
15:41:54 **** Incremental Build of configuration Debug for project TMP1075_temp_i2c ****
make -j16 all 
arm-none-eabi-size  TMP1075_temp_i2c.elf 
   text	   data	    bss	    dec	    hex	filename
  11592	     12	   1652	  13256	   33c8	TMP1075_temp_i2c.elf
Finished building: default.size.stdout
 
15:43:41 **** Incremental Build of configuration Debug for project TMP1075_temp_i2c ****
make -j16 all 
arm-none-eabi-gcc "../Core/Src/main.c" -mcpu=cortex-m7 -std=gnu11 -g3 -DDEBUG -DUSE_HAL_DRIVER -DSTM32F767xx -c -I../Core/Inc -I../Drivers/STM32F7xx_HAL_Driver/Inc -I../Drivers/STM32F7xx_HAL_Driver/Inc/Legacy -I../Drivers/CMSIS/Device/ST/STM32F7xx/Include -I../Drivers/CMSIS/Include -O0 -ffunction-sections -fdata-sections -Wall -fstack-usage -fcyclomatic-complexity -MMD -MP -MF"Core/Src/main.d" -MT"Core/Src/main.o" --specs=nano.specs -mfpu=fpv5-d16 -mfloat-abi=hard -mthumb -o "Core/Src/main.o"
../Core/Src/main.c: In function 'main':
../Core/Src/main.c:109:15: warning: variable 'temp_celsius' set but not used [-Wunused-but-set-variable]
  109 |         float temp_celsius = 0;
      |               ^~~~~~~~~~~~
arm-none-eabi-gcc -o "TMP1075_temp_i2c.elf" @"objects.list"   -mcpu=cortex-m7 -T"C:\Users\bakra\Desktop\STM32F767ZI\TMP1075_temp_i2c\STM32F767ZITX_FLASH.ld" --specs=nosys.specs -Wl,-Map="TMP1075_temp_i2c.map" -Wl,--gc-sections -static --specs=nano.specs -mfpu=fpv5-d16 -mfloat-abi=hard -mthumb -Wl,--start-group -lc -lm -Wl,--end-group
Finished building target: TMP1075_temp_i2c.elf
 
arm-none-eabi-size  TMP1075_temp_i2c.elf 
arm-none-eabi-objdump -h -S TMP1075_temp_i2c.elf  > "TMP1075_temp_i2c.list"
   text	   data	    bss	    dec	    hex	filename
   9716	     12	   1652	  11380	   2c74	TMP1075_temp_i2c.elf
Finished building: default.size.stdout
 
Finished building: TMP1075_temp_i2c.list
 
15:44:06 **** Incremental Build of configuration Debug for project TMP1075_temp_i2c ****
make -j16 all 
arm-none-eabi-gcc "../Core/Src/main.c" -mcpu=cortex-m7 -std=gnu11 -g3 -DDEBUG -DUSE_HAL_DRIVER -DSTM32F767xx -c -I../Core/Inc -I../Drivers/STM32F7xx_HAL_Driver/Inc -I../Drivers/STM32F7xx_HAL_Driver/Inc/Legacy -I../Drivers/CMSIS/Device/ST/STM32F7xx/Include -I../Drivers/CMSIS/Include -O0 -ffunction-sections -fdata-sections -Wall -fstack-usage -fcyclomatic-complexity -MMD -MP -MF"Core/Src/main.d" -MT"Core/Src/main.o" --specs=nano.specs -mfpu=fpv5-d16 -mfloat-abi=hard -mthumb -o "Core/Src/main.o"
../Core/Src/main.c: In function 'main':
../Core/Src/main.c:109:15: warning: variable 'temp_celsius' set but not used [-Wunused-but-set-variable]
  109 |         float temp_celsius = 0;
      |               ^~~~~~~~~~~~
arm-none-eabi-gcc -o "TMP1075_temp_i2c.elf" @"objects.list"   -mcpu=cortex-m7 -T"C:\Users\bakra\Desktop\STM32F767ZI\TMP1075_temp_i2c\STM32F767ZITX_FLASH.ld" --specs=nosys.specs -Wl,-Map="TMP1075_temp_i2c.map" -Wl,--gc-sections -static --specs=nano.specs -mfpu=fpv5-d16 -mfloat-abi=hard -mthumb -Wl,--start-group -lc -lm -Wl,--end-group
Finished building target: TMP1075_temp_i2c.elf
 
arm-none-eabi-size  TMP1075_temp_i2c.elf 
arm-none-eabi-objdump -h -S TMP1075_temp_i2c.elf  > "TMP1075_temp_i2c.list"
   text	   data	    bss	    dec	    hex	filename
  11552	     12	   1652	  13216	   33a0	TMP1075_temp_i2c.elf
Finished building: default.size.stdout
 
Finished building: TMP1075_temp_i2c.list
 
15:51:43 **** Incremental Build of configuration Debug for project TMP1075_temp_i2c ****
make -j16 all 
arm-none-eabi-gcc "../Core/Src/main.c" -mcpu=cortex-m7 -std=gnu11 -g3 -DDEBUG -DUSE_HAL_DRIVER -DSTM32F767xx -c -I../Core/Inc -I../Drivers/STM32F7xx_HAL_Driver/Inc -I../Drivers/STM32F7xx_HAL_Driver/Inc/Legacy -I../Drivers/CMSIS/Device/ST/STM32F7xx/Include -I../Drivers/CMSIS/Include -O0 -ffunction-sections -fdata-sections -Wall -fstack-usage -fcyclomatic-complexity -MMD -MP -MF"Core/Src/main.d" -MT"Core/Src/main.o" --specs=nano.specs -mfpu=fpv5-d16 -mfloat-abi=hard -mthumb -o "Core/Src/main.o"
../Core/Src/main.c: In function 'main':
../Core/Src/main.c:134:23: warning: unused variable 'temp_celsius' [-Wunused-variable]
  134 |                 float temp_celsius = read_temp();
      |                       ^~~~~~~~~~~~
../Core/Src/main.c:113:17: warning: unused variable 'read_data' [-Wunused-variable]
  113 |         uint8_t read_data[2] = { 0 };
      |                 ^~~~~~~~~
arm-none-eabi-gcc -o "TMP1075_temp_i2c.elf" @"objects.list"   -mcpu=cortex-m7 -T"C:\Users\bakra\Desktop\STM32F767ZI\TMP1075_temp_i2c\STM32F767ZITX_FLASH.ld" --specs=nosys.specs -Wl,-Map="TMP1075_temp_i2c.map" -Wl,--gc-sections -static --specs=nano.specs -mfpu=fpv5-d16 -mfloat-abi=hard -mthumb -Wl,--start-group -lc -lm -Wl,--end-group
Finished building target: TMP1075_temp_i2c.elf
 
arm-none-eabi-size  TMP1075_temp_i2c.elf 
arm-none-eabi-objdump -h -S TMP1075_temp_i2c.elf  > "TMP1075_temp_i2c.list"
   text	   data	    bss	    dec	    hex	filename
  11592	     12	   1652	  13256	   33c8	TMP1075_temp_i2c.elf
Finished building: default.size.stdout
 
Finished building: TMP1075_temp_i2c.list
 
15:53:18 **** Incremental Build of configuration Debug for project TMP1075_temp_i2c ****
make -j16 all 
arm-none-eabi-gcc "../Core/Src/main.c" -mcpu=cortex-m7 -std=gnu11 -g3 -DDEBUG -DUSE_HAL_DRIVER -DSTM32F767xx -c -I../Core/Inc -I../Drivers/STM32F7xx_HAL_Driver/Inc -I../Drivers/STM32F7xx_HAL_Driver/Inc/Legacy -I../Drivers/CMSIS/Device/ST/STM32F7xx/Include -I../Drivers/CMSIS/Include -O0 -ffunction-sections -fdata-sections -Wall -fstack-usage -fcyclomatic-complexity -MMD -MP -MF"Core/Src/main.d" -MT"Core/Src/main.o" --specs=nano.specs -mfpu=fpv5-d16 -mfloat-abi=hard -mthumb -o "Core/Src/main.o"
../Core/Src/main.c: In function 'main':
../Core/Src/main.c:115:23: warning: unused variable 'temp_celsius' [-Wunused-variable]
  115 |                 float temp_celsius = read_temp();
      |                       ^~~~~~~~~~~~
arm-none-eabi-gcc -o "TMP1075_temp_i2c.elf" @"objects.list"   -mcpu=cortex-m7 -T"C:\Users\bakra\Desktop\STM32F767ZI\TMP1075_temp_i2c\STM32F767ZITX_FLASH.ld" --specs=nosys.specs -Wl,-Map="TMP1075_temp_i2c.map" -Wl,--gc-sections -static --specs=nano.specs -mfpu=fpv5-d16 -mfloat-abi=hard -mthumb -Wl,--start-group -lc -lm -Wl,--end-group
Finished building target: TMP1075_temp_i2c.elf
 
arm-none-eabi-size  TMP1075_temp_i2c.elf 
arm-none-eabi-objdump -h -S TMP1075_temp_i2c.elf  > "TMP1075_temp_i2c.list"
   text	   data	    bss	    dec	    hex	filename
  11588	     12	   1652	  13252	   33c4	TMP1075_temp_i2c.elf
Finished building: default.size.stdout
 
Finished building: TMP1075_temp_i2c.list
 
15:54:53 **** Incremental Build of configuration Debug for project TMP1075_temp_i2c ****
make -j16 all 
arm-none-eabi-gcc "../Core/Src/main.c" -mcpu=cortex-m7 -std=gnu11 -g3 -DDEBUG -DUSE_HAL_DRIVER -DSTM32F767xx -c -I../Core/Inc -I../Drivers/STM32F7xx_HAL_Driver/Inc -I../Drivers/STM32F7xx_HAL_Driver/Inc/Legacy -I../Drivers/CMSIS/Device/ST/STM32F7xx/Include -I../Drivers/CMSIS/Include -O0 -ffunction-sections -fdata-sections -Wall -fstack-usage -fcyclomatic-complexity -MMD -MP -MF"Core/Src/main.d" -MT"Core/Src/main.o" --specs=nano.specs -mfpu=fpv5-d16 -mfloat-abi=hard -mthumb -o "Core/Src/main.o"
../Core/Src/main.c: In function 'main':
../Core/Src/main.c:117:23: warning: unused variable 'temp_celsius' [-Wunused-variable]
  117 |                 float temp_celsius = read_temp();
      |                       ^~~~~~~~~~~~
arm-none-eabi-gcc -o "TMP1075_temp_i2c.elf" @"objects.list"   -mcpu=cortex-m7 -T"C:\Users\bakra\Desktop\STM32F767ZI\TMP1075_temp_i2c\STM32F767ZITX_FLASH.ld" --specs=nosys.specs -Wl,-Map="TMP1075_temp_i2c.map" -Wl,--gc-sections -static --specs=nano.specs -mfpu=fpv5-d16 -mfloat-abi=hard -mthumb -Wl,--start-group -lc -lm -Wl,--end-group
Finished building target: TMP1075_temp_i2c.elf
 
arm-none-eabi-size  TMP1075_temp_i2c.elf 
arm-none-eabi-objdump -h -S TMP1075_temp_i2c.elf  > "TMP1075_temp_i2c.list"
   text	   data	    bss	    dec	    hex	filename
  11588	     12	   1652	  13252	   33c4	TMP1075_temp_i2c.elf
Finished building: default.size.stdout
 
Finished building: TMP1075_temp_i2c.list
 
16:03:43 **** Incremental Build of configuration Debug for project TMP1075_temp_i2c ****
make -j16 all 
arm-none-eabi-gcc "../Core/Src/main.c" -mcpu=cortex-m7 -std=gnu11 -g3 -DDEBUG -DUSE_HAL_DRIVER -DSTM32F767xx -c -I../Core/Inc -I../Drivers/STM32F7xx_HAL_Driver/Inc -I../Drivers/STM32F7xx_HAL_Driver/Inc/Legacy -I../Drivers/CMSIS/Device/ST/STM32F7xx/Include -I../Drivers/CMSIS/Include -O0 -ffunction-sections -fdata-sections -Wall -fstack-usage -fcyclomatic-complexity -MMD -MP -MF"Core/Src/main.d" -MT"Core/Src/main.o" --specs=nano.specs -mfpu=fpv5-d16 -mfloat-abi=hard -mthumb -o "Core/Src/main.o"
arm-none-eabi-gcc -o "TMP1075_temp_i2c.elf" @"objects.list"   -mcpu=cortex-m7 -T"C:\Users\bakra\Desktop\STM32F767ZI\TMP1075_temp_i2c\STM32F767ZITX_FLASH.ld" --specs=nosys.specs -Wl,-Map="TMP1075_temp_i2c.map" -Wl,--gc-sections -static --specs=nano.specs -mfpu=fpv5-d16 -mfloat-abi=hard -mthumb -Wl,--start-group -lc -lm -Wl,--end-group
Finished building target: TMP1075_temp_i2c.elf
 
arm-none-eabi-size  TMP1075_temp_i2c.elf 
arm-none-eabi-objdump -h -S TMP1075_temp_i2c.elf  > "TMP1075_temp_i2c.list"
   text	   data	    bss	    dec	    hex	filename
  11448	     12	   1652	  13112	   3338	TMP1075_temp_i2c.elf
Finished building: default.size.stdout
 
Finished building: TMP1075_temp_i2c.list
 
16:15:14 **** Incremental Build of configuration Debug for project TMP1075_temp_i2c ****
make -j16 all 
arm-none-eabi-gcc "../Core/Src/main.c" -mcpu=cortex-m7 -std=gnu11 -g3 -DDEBUG -DUSE_HAL_DRIVER -DSTM32F767xx -c -I../Core/Inc -I../Drivers/STM32F7xx_HAL_Driver/Inc -I../Drivers/STM32F7xx_HAL_Driver/Inc/Legacy -I../Drivers/CMSIS/Device/ST/STM32F7xx/Include -I../Drivers/CMSIS/Include -O0 -ffunction-sections -fdata-sections -Wall -fstack-usage -fcyclomatic-complexity -MMD -MP -MF"Core/Src/main.d" -MT"Core/Src/main.o" --specs=nano.specs -mfpu=fpv5-d16 -mfloat-abi=hard -mthumb -o "Core/Src/main.o"
arm-none-eabi-gcc -o "TMP1075_temp_i2c.elf" @"objects.list"   -mcpu=cortex-m7 -T"C:\Users\bakra\Desktop\STM32F767ZI\TMP1075_temp_i2c\STM32F767ZITX_FLASH.ld" --specs=nosys.specs -Wl,-Map="TMP1075_temp_i2c.map" -Wl,--gc-sections -static --specs=nano.specs -mfpu=fpv5-d16 -mfloat-abi=hard -mthumb -Wl,--start-group -lc -lm -Wl,--end-group
Finished building target: TMP1075_temp_i2c.elf
 
arm-none-eabi-size  TMP1075_temp_i2c.elf 
arm-none-eabi-objdump -h -S TMP1075_temp_i2c.elf  > "TMP1075_temp_i2c.list"
   text	   data	    bss	    dec	    hex	filename
  11448	     12	   1652	  13112	   3338	TMP1075_temp_i2c.elf
Finished building: default.size.stdout
 
Finished building: TMP1075_temp_i2c.list
 
16:18:03 **** Incremental Build of configuration Debug for project TMP1075_temp_i2c ****
make -j16 all 
arm-none-eabi-gcc "../Core/Src/main.c" -mcpu=cortex-m7 -std=gnu11 -g3 -DDEBUG -DUSE_HAL_DRIVER -DSTM32F767xx -c -I../Core/Inc -I../Drivers/STM32F7xx_HAL_Driver/Inc -I../Drivers/STM32F7xx_HAL_Driver/Inc/Legacy -I../Drivers/CMSIS/Device/ST/STM32F7xx/Include -I../Drivers/CMSIS/Include -O0 -ffunction-sections -fdata-sections -Wall -fstack-usage -fcyclomatic-complexity -MMD -MP -MF"Core/Src/main.d" -MT"Core/Src/main.o" --specs=nano.specs -mfpu=fpv5-d16 -mfloat-abi=hard -mthumb -o "Core/Src/main.o"
arm-none-eabi-gcc -o "TMP1075_temp_i2c.elf" @"objects.list"   -mcpu=cortex-m7 -T"C:\Users\bakra\Desktop\STM32F767ZI\TMP1075_temp_i2c\STM32F767ZITX_FLASH.ld" --specs=nosys.specs -Wl,-Map="TMP1075_temp_i2c.map" -Wl,--gc-sections -static --specs=nano.specs -mfpu=fpv5-d16 -mfloat-abi=hard -mthumb -Wl,--start-group -lc -lm -Wl,--end-group
Finished building target: TMP1075_temp_i2c.elf
 
arm-none-eabi-size  TMP1075_temp_i2c.elf 
arm-none-eabi-objdump -h -S TMP1075_temp_i2c.elf  > "TMP1075_temp_i2c.list"
   text	   data	    bss	    dec	    hex	filename
  11448	     12	   1652	  13112	   3338	TMP1075_temp_i2c.elf
Finished building: default.size.stdout
 
Finished building: TMP1075_temp_i2c.list
 
16:18:42 **** Incremental Build of configuration Debug for project TMP1075_temp_i2c ****
make -j16 all 
arm-none-eabi-size  TMP1075_temp_i2c.elf 
   text	   data	    bss	    dec	    hex	filename
  11448	     12	   1652	  13112	   3338	TMP1075_temp_i2c.elf
Finished building: default.size.stdout
 
16:27:50 **** Incremental Build of configuration Debug for project TMP1075_temp_i2c ****
make -j16 all 
arm-none-eabi-gcc "../Core/Src/main.c" -mcpu=cortex-m7 -std=gnu11 -g3 -DDEBUG -DUSE_HAL_DRIVER -DSTM32F767xx -c -I../Core/Inc -I../Drivers/STM32F7xx_HAL_Driver/Inc -I../Drivers/STM32F7xx_HAL_Driver/Inc/Legacy -I../Drivers/CMSIS/Device/ST/STM32F7xx/Include -I../Drivers/CMSIS/Include -O0 -ffunction-sections -fdata-sections -Wall -fstack-usage -fcyclomatic-complexity -MMD -MP -MF"Core/Src/main.d" -MT"Core/Src/main.o" --specs=nano.specs -mfpu=fpv5-d16 -mfloat-abi=hard -mthumb -o "Core/Src/main.o"
../Core/Src/main.c: In function 'main':
../Core/Src/main.c:120:13: error: 'chars' undeclared (first use in this function); did you mean 'char'?
  120 |             chars[0] |= (1);
      |             ^~~~~
      |             char
../Core/Src/main.c:120:13: note: each undeclared identifier is reported only once for each function it appears in
make: *** [Core/Src/subdir.mk:34: Core/Src/main.o] Error 1
"make -j16 all" terminated with exit code 2. Build might be incomplete.
16:28:15 **** Incremental Build of configuration Debug for project TMP1075_temp_i2c ****
make -j16 all 
arm-none-eabi-gcc "../Core/Src/main.c" -mcpu=cortex-m7 -std=gnu11 -g3 -DDEBUG -DUSE_HAL_DRIVER -DSTM32F767xx -c -I../Core/Inc -I../Drivers/STM32F7xx_HAL_Driver/Inc -I../Drivers/STM32F7xx_HAL_Driver/Inc/Legacy -I../Drivers/CMSIS/Device/ST/STM32F7xx/Include -I../Drivers/CMSIS/Include -O0 -ffunction-sections -fdata-sections -Wall -fstack-usage -fcyclomatic-complexity -MMD -MP -MF"Core/Src/main.d" -MT"Core/Src/main.o" --specs=nano.specs -mfpu=fpv5-d16 -mfloat-abi=hard -mthumb -o "Core/Src/main.o"
../Core/Src/main.c: In function 'main':
../Core/Src/main.c:120:13: error: 'conf_registers' undeclared (first use in this function); did you mean 'conf_register'?
  120 |             conf_registers[0] |= (1);
      |             ^~~~~~~~~~~~~~
      |             conf_register
../Core/Src/main.c:120:13: note: each undeclared identifier is reported only once for each function it appears in
make: *** [Core/Src/subdir.mk:34: Core/Src/main.o] Error 1
"make -j16 all" terminated with exit code 2. Build might be incomplete.
16:28:31 **** Incremental Build of configuration Debug for project TMP1075_temp_i2c ****
make -j16 all 
arm-none-eabi-gcc "../Core/Src/main.c" -mcpu=cortex-m7 -std=gnu11 -g3 -DDEBUG -DUSE_HAL_DRIVER -DSTM32F767xx -c -I../Core/Inc -I../Drivers/STM32F7xx_HAL_Driver/Inc -I../Drivers/STM32F7xx_HAL_Driver/Inc/Legacy -I../Drivers/CMSIS/Device/ST/STM32F7xx/Include -I../Drivers/CMSIS/Include -O0 -ffunction-sections -fdata-sections -Wall -fstack-usage -fcyclomatic-complexity -MMD -MP -MF"Core/Src/main.d" -MT"Core/Src/main.o" --specs=nano.specs -mfpu=fpv5-d16 -mfloat-abi=hard -mthumb -o "Core/Src/main.o"
arm-none-eabi-gcc -o "TMP1075_temp_i2c.elf" @"objects.list"   -mcpu=cortex-m7 -T"C:\Users\bakra\Desktop\STM32F767ZI\TMP1075_temp_i2c\STM32F767ZITX_FLASH.ld" --specs=nosys.specs -Wl,-Map="TMP1075_temp_i2c.map" -Wl,--gc-sections -static --specs=nano.specs -mfpu=fpv5-d16 -mfloat-abi=hard -mthumb -Wl,--start-group -lc -lm -Wl,--end-group
Finished building target: TMP1075_temp_i2c.elf
 
arm-none-eabi-size  TMP1075_temp_i2c.elf 
arm-none-eabi-objdump -h -S TMP1075_temp_i2c.elf  > "TMP1075_temp_i2c.list"
   text	   data	    bss	    dec	    hex	filename
  11456	     12	   1652	  13120	   3340	TMP1075_temp_i2c.elf
Finished building: default.size.stdout
 
Finished building: TMP1075_temp_i2c.list
 
16:31:09 **** Incremental Build of configuration Debug for project TMP1075_temp_i2c ****
make -j16 all 
arm-none-eabi-gcc "../Core/Src/main.c" -mcpu=cortex-m7 -std=gnu11 -g3 -DDEBUG -DUSE_HAL_DRIVER -DSTM32F767xx -c -I../Core/Inc -I../Drivers/STM32F7xx_HAL_Driver/Inc -I../Drivers/STM32F7xx_HAL_Driver/Inc/Legacy -I../Drivers/CMSIS/Device/ST/STM32F7xx/Include -I../Drivers/CMSIS/Include -O0 -ffunction-sections -fdata-sections -Wall -fstack-usage -fcyclomatic-complexity -MMD -MP -MF"Core/Src/main.d" -MT"Core/Src/main.o" --specs=nano.specs -mfpu=fpv5-d16 -mfloat-abi=hard -mthumb -o "Core/Src/main.o"
arm-none-eabi-gcc -o "TMP1075_temp_i2c.elf" @"objects.list"   -mcpu=cortex-m7 -T"C:\Users\bakra\Desktop\STM32F767ZI\TMP1075_temp_i2c\STM32F767ZITX_FLASH.ld" --specs=nosys.specs -Wl,-Map="TMP1075_temp_i2c.map" -Wl,--gc-sections -static --specs=nano.specs -mfpu=fpv5-d16 -mfloat-abi=hard -mthumb -Wl,--start-group -lc -lm -Wl,--end-group
Finished building target: TMP1075_temp_i2c.elf
 
arm-none-eabi-size  TMP1075_temp_i2c.elf 
arm-none-eabi-objdump -h -S TMP1075_temp_i2c.elf  > "TMP1075_temp_i2c.list"
   text	   data	    bss	    dec	    hex	filename
  12228	     12	   1652	  13892	   3644	TMP1075_temp_i2c.elf
Finished building: default.size.stdout
 
Finished building: TMP1075_temp_i2c.list
 
16:33:42 **** Incremental Build of configuration Debug for project TMP1075_temp_i2c ****
make -j16 all 
arm-none-eabi-size  TMP1075_temp_i2c.elf 
   text	   data	    bss	    dec	    hex	filename
  12228	     12	   1652	  13892	   3644	TMP1075_temp_i2c.elf
Finished building: default.size.stdout
 
16:40:01 **** Incremental Build of configuration Debug for project TMP1075_temp_i2c ****
make -j16 all 
arm-none-eabi-gcc "../Core/Src/main.c" -mcpu=cortex-m7 -std=gnu11 -g3 -DDEBUG -DUSE_HAL_DRIVER -DSTM32F767xx -c -I../Core/Inc -I../Drivers/STM32F7xx_HAL_Driver/Inc -I../Drivers/STM32F7xx_HAL_Driver/Inc/Legacy -I../Drivers/CMSIS/Device/ST/STM32F7xx/Include -I../Drivers/CMSIS/Include -O0 -ffunction-sections -fdata-sections -Wall -fstack-usage -fcyclomatic-complexity -MMD -MP -MF"Core/Src/main.d" -MT"Core/Src/main.o" --specs=nano.specs -mfpu=fpv5-d16 -mfloat-abi=hard -mthumb -o "Core/Src/main.o"
arm-none-eabi-gcc -o "TMP1075_temp_i2c.elf" @"objects.list"   -mcpu=cortex-m7 -T"C:\Users\bakra\Desktop\STM32F767ZI\TMP1075_temp_i2c\STM32F767ZITX_FLASH.ld" --specs=nosys.specs -Wl,-Map="TMP1075_temp_i2c.map" -Wl,--gc-sections -static --specs=nano.specs -mfpu=fpv5-d16 -mfloat-abi=hard -mthumb -Wl,--start-group -lc -lm -Wl,--end-group
Finished building target: TMP1075_temp_i2c.elf
 
arm-none-eabi-size  TMP1075_temp_i2c.elf 
arm-none-eabi-objdump -h -S TMP1075_temp_i2c.elf  > "TMP1075_temp_i2c.list"
   text	   data	    bss	    dec	    hex	filename
  12244	     12	   1652	  13908	   3654	TMP1075_temp_i2c.elf
Finished building: default.size.stdout
 
Finished building: TMP1075_temp_i2c.list
 
16:43:43 **** Incremental Build of configuration Debug for project TMP1075_temp_i2c ****
make -j16 all 
arm-none-eabi-gcc "../Core/Src/main.c" -mcpu=cortex-m7 -std=gnu11 -g3 -DDEBUG -DUSE_HAL_DRIVER -DSTM32F767xx -c -I../Core/Inc -I../Drivers/STM32F7xx_HAL_Driver/Inc -I../Drivers/STM32F7xx_HAL_Driver/Inc/Legacy -I../Drivers/CMSIS/Device/ST/STM32F7xx/Include -I../Drivers/CMSIS/Include -O0 -ffunction-sections -fdata-sections -Wall -fstack-usage -fcyclomatic-complexity -MMD -MP -MF"Core/Src/main.d" -MT"Core/Src/main.o" --specs=nano.specs -mfpu=fpv5-d16 -mfloat-abi=hard -mthumb -o "Core/Src/main.o"
../Core/Src/main.c: In function 'main':
../Core/Src/main.c:131:23: warning: unused variable 'temp_celsius' [-Wunused-variable]
  131 |                 float temp_celsius = read_temp();
      |                       ^~~~~~~~~~~~
arm-none-eabi-gcc -o "TMP1075_temp_i2c.elf" @"objects.list"   -mcpu=cortex-m7 -T"C:\Users\bakra\Desktop\STM32F767ZI\TMP1075_temp_i2c\STM32F767ZITX_FLASH.ld" --specs=nosys.specs -Wl,-Map="TMP1075_temp_i2c.map" -Wl,--gc-sections -static --specs=nano.specs -mfpu=fpv5-d16 -mfloat-abi=hard -mthumb -Wl,--start-group -lc -lm -Wl,--end-group
Finished building target: TMP1075_temp_i2c.elf
 
arm-none-eabi-size  TMP1075_temp_i2c.elf 
arm-none-eabi-objdump -h -S TMP1075_temp_i2c.elf  > "TMP1075_temp_i2c.list"
   text	   data	    bss	    dec	    hex	filename
  11588	     12	   1652	  13252	   33c4	TMP1075_temp_i2c.elf
Finished building: default.size.stdout
 
Finished building: TMP1075_temp_i2c.list
 
16:48:23 **** Incremental Build of configuration Debug for project TMP1075_temp_i2c ****
make -j16 all 
arm-none-eabi-size  TMP1075_temp_i2c.elf 
   text	   data	    bss	    dec	    hex	filename
  11588	     12	   1652	  13252	   33c4	TMP1075_temp_i2c.elf
Finished building: default.size.stdout
 
16:49:59 **** Incremental Build of configuration Debug for project TMP1075_temp_i2c ****
make -j16 all 
arm-none-eabi-size  TMP1075_temp_i2c.elf 
   text	   data	    bss	    dec	    hex	filename
  11588	     12	   1652	  13252	   33c4	TMP1075_temp_i2c.elf
Finished building: default.size.stdout
 
16:51:14 **** Incremental Build of configuration Debug for project TMP1075_temp_i2c ****
make -j16 all 
arm-none-eabi-gcc "../Core/Src/main.c" -mcpu=cortex-m7 -std=gnu11 -g3 -DDEBUG -DUSE_HAL_DRIVER -DSTM32F767xx -c -I../Core/Inc -I../Drivers/STM32F7xx_HAL_Driver/Inc -I../Drivers/STM32F7xx_HAL_Driver/Inc/Legacy -I../Drivers/CMSIS/Device/ST/STM32F7xx/Include -I../Drivers/CMSIS/Include -O0 -ffunction-sections -fdata-sections -Wall -fstack-usage -fcyclomatic-complexity -MMD -MP -MF"Core/Src/main.d" -MT"Core/Src/main.o" --specs=nano.specs -mfpu=fpv5-d16 -mfloat-abi=hard -mthumb -o "Core/Src/main.o"
../Core/Src/main.c: In function 'main':
../Core/Src/main.c:133:23: warning: unused variable 'temp_celsius' [-Wunused-variable]
  133 |                 float temp_celsius = read_temp();
      |                       ^~~~~~~~~~~~
arm-none-eabi-gcc -o "TMP1075_temp_i2c.elf" @"objects.list"   -mcpu=cortex-m7 -T"C:\Users\bakra\Desktop\STM32F767ZI\TMP1075_temp_i2c\STM32F767ZITX_FLASH.ld" --specs=nosys.specs -Wl,-Map="TMP1075_temp_i2c.map" -Wl,--gc-sections -static --specs=nano.specs -mfpu=fpv5-d16 -mfloat-abi=hard -mthumb -Wl,--start-group -lc -lm -Wl,--end-group
Finished building target: TMP1075_temp_i2c.elf
 
arm-none-eabi-size  TMP1075_temp_i2c.elf 
arm-none-eabi-objdump -h -S TMP1075_temp_i2c.elf  > "TMP1075_temp_i2c.list"
   text	   data	    bss	    dec	    hex	filename
  11588	     12	   1652	  13252	   33c4	TMP1075_temp_i2c.elf
Finished building: default.size.stdout
 
Finished building: TMP1075_temp_i2c.list
 
16:54:33 **** Incremental Build of configuration Debug for project TMP1075_temp_i2c ****
make -j16 all 
arm-none-eabi-size  TMP1075_temp_i2c.elf 
   text	   data	    bss	    dec	    hex	filename
  11588	     12	   1652	  13252	   33c4	TMP1075_temp_i2c.elf
Finished building: default.size.stdout
 
16:57:27 **** Incremental Build of configuration Debug for project TMP1075_temp_i2c ****
make -j16 all 
arm-none-eabi-gcc "../Core/Src/main.c" -mcpu=cortex-m7 -std=gnu11 -g3 -DDEBUG -DUSE_HAL_DRIVER -DSTM32F767xx -c -I../Core/Inc -I../Drivers/STM32F7xx_HAL_Driver/Inc -I../Drivers/STM32F7xx_HAL_Driver/Inc/Legacy -I../Drivers/CMSIS/Device/ST/STM32F7xx/Include -I../Drivers/CMSIS/Include -O0 -ffunction-sections -fdata-sections -Wall -fstack-usage -fcyclomatic-complexity -MMD -MP -MF"Core/Src/main.d" -MT"Core/Src/main.o" --specs=nano.specs -mfpu=fpv5-d16 -mfloat-abi=hard -mthumb -o "Core/Src/main.o"
../Core/Src/main.c: In function 'main':
../Core/Src/main.c:133:23: warning: unused variable 'temp_celsius' [-Wunused-variable]
  133 |                 float temp_celsius = read_temp();
      |                       ^~~~~~~~~~~~
arm-none-eabi-gcc -o "TMP1075_temp_i2c.elf" @"objects.list"   -mcpu=cortex-m7 -T"C:\Users\bakra\Desktop\STM32F767ZI\TMP1075_temp_i2c\STM32F767ZITX_FLASH.ld" --specs=nosys.specs -Wl,-Map="TMP1075_temp_i2c.map" -Wl,--gc-sections -static --specs=nano.specs -mfpu=fpv5-d16 -mfloat-abi=hard -mthumb -Wl,--start-group -lc -lm -Wl,--end-group
Finished building target: TMP1075_temp_i2c.elf
 
arm-none-eabi-size  TMP1075_temp_i2c.elf 
arm-none-eabi-objdump -h -S TMP1075_temp_i2c.elf  > "TMP1075_temp_i2c.list"
   text	   data	    bss	    dec	    hex	filename
  12420	     12	   1652	  14084	   3704	TMP1075_temp_i2c.elf
Finished building: default.size.stdout
 
Finished building: TMP1075_temp_i2c.list
 
17:26:44 **** Incremental Build of configuration Debug for project TMP1075_temp_i2c ****
make -j16 all 
arm-none-eabi-gcc "../Core/Src/main.c" -mcpu=cortex-m7 -std=gnu11 -g3 -DDEBUG -DUSE_HAL_DRIVER -DSTM32F767xx -c -I../Core/Inc -I../Drivers/STM32F7xx_HAL_Driver/Inc -I../Drivers/STM32F7xx_HAL_Driver/Inc/Legacy -I../Drivers/CMSIS/Device/ST/STM32F7xx/Include -I../Drivers/CMSIS/Include -O0 -ffunction-sections -fdata-sections -Wall -fstack-usage -fcyclomatic-complexity -MMD -MP -MF"Core/Src/main.d" -MT"Core/Src/main.o" --specs=nano.specs -mfpu=fpv5-d16 -mfloat-abi=hard -mthumb -o "Core/Src/main.o"
../Core/Src/main.c: In function 'main':
../Core/Src/main.c:146:23: warning: unused variable 'temp_celsius' [-Wunused-variable]
  146 |                 float temp_celsius = read_temp();
      |                       ^~~~~~~~~~~~
arm-none-eabi-gcc -o "TMP1075_temp_i2c.elf" @"objects.list"   -mcpu=cortex-m7 -T"C:\Users\bakra\Desktop\STM32F767ZI\TMP1075_temp_i2c\STM32F767ZITX_FLASH.ld" --specs=nosys.specs -Wl,-Map="TMP1075_temp_i2c.map" -Wl,--gc-sections -static --specs=nano.specs -mfpu=fpv5-d16 -mfloat-abi=hard -mthumb -Wl,--start-group -lc -lm -Wl,--end-group
Finished building target: TMP1075_temp_i2c.elf
 
arm-none-eabi-size  TMP1075_temp_i2c.elf 
arm-none-eabi-objdump -h -S TMP1075_temp_i2c.elf  > "TMP1075_temp_i2c.list"
   text	   data	    bss	    dec	    hex	filename
  12504	     12	   1652	  14168	   3758	TMP1075_temp_i2c.elf
Finished building: default.size.stdout
 
Finished building: TMP1075_temp_i2c.list
 
17:32:55 **** Incremental Build of configuration Debug for project TMP1075_temp_i2c ****
make -j16 all 
arm-none-eabi-gcc "../Core/Src/main.c" -mcpu=cortex-m7 -std=gnu11 -g3 -DDEBUG -DUSE_HAL_DRIVER -DSTM32F767xx -c -I../Core/Inc -I../Drivers/STM32F7xx_HAL_Driver/Inc -I../Drivers/STM32F7xx_HAL_Driver/Inc/Legacy -I../Drivers/CMSIS/Device/ST/STM32F7xx/Include -I../Drivers/CMSIS/Include -O0 -ffunction-sections -fdata-sections -Wall -fstack-usage -fcyclomatic-complexity -MMD -MP -MF"Core/Src/main.d" -MT"Core/Src/main.o" --specs=nano.specs -mfpu=fpv5-d16 -mfloat-abi=hard -mthumb -o "Core/Src/main.o"
../Core/Src/main.c: In function 'main':
../Core/Src/main.c:146:23: warning: unused variable 'temp_celsius' [-Wunused-variable]
  146 |                 float temp_celsius = read_temp();
      |                       ^~~~~~~~~~~~
arm-none-eabi-gcc -o "TMP1075_temp_i2c.elf" @"objects.list"   -mcpu=cortex-m7 -T"C:\Users\bakra\Desktop\STM32F767ZI\TMP1075_temp_i2c\STM32F767ZITX_FLASH.ld" --specs=nosys.specs -Wl,-Map="TMP1075_temp_i2c.map" -Wl,--gc-sections -static --specs=nano.specs -mfpu=fpv5-d16 -mfloat-abi=hard -mthumb -Wl,--start-group -lc -lm -Wl,--end-group
Finished building target: TMP1075_temp_i2c.elf
 
arm-none-eabi-size  TMP1075_temp_i2c.elf 
arm-none-eabi-objdump -h -S TMP1075_temp_i2c.elf  > "TMP1075_temp_i2c.list"
   text	   data	    bss	    dec	    hex	filename
  12420	     12	   1652	  14084	   3704	TMP1075_temp_i2c.elf
Finished building: default.size.stdout
 
Finished building: TMP1075_temp_i2c.list
 
17:39:37 **** Incremental Build of configuration Debug for project TMP1075_temp_i2c ****
make -j16 all 
arm-none-eabi-gcc "../Core/Src/main.c" -mcpu=cortex-m7 -std=gnu11 -g3 -DDEBUG -DUSE_HAL_DRIVER -DSTM32F767xx -c -I../Core/Inc -I../Drivers/STM32F7xx_HAL_Driver/Inc -I../Drivers/STM32F7xx_HAL_Driver/Inc/Legacy -I../Drivers/CMSIS/Device/ST/STM32F7xx/Include -I../Drivers/CMSIS/Include -O0 -ffunction-sections -fdata-sections -Wall -fstack-usage -fcyclomatic-complexity -MMD -MP -MF"Core/Src/main.d" -MT"Core/Src/main.o" --specs=nano.specs -mfpu=fpv5-d16 -mfloat-abi=hard -mthumb -o "Core/Src/main.o"
../Core/Src/main.c: In function 'main':
../Core/Src/main.c:146:23: warning: unused variable 'temp_celsius' [-Wunused-variable]
  146 |                 float temp_celsius = read_temp();
      |                       ^~~~~~~~~~~~
arm-none-eabi-gcc -o "TMP1075_temp_i2c.elf" @"objects.list"   -mcpu=cortex-m7 -T"C:\Users\bakra\Desktop\STM32F767ZI\TMP1075_temp_i2c\STM32F767ZITX_FLASH.ld" --specs=nosys.specs -Wl,-Map="TMP1075_temp_i2c.map" -Wl,--gc-sections -static --specs=nano.specs -mfpu=fpv5-d16 -mfloat-abi=hard -mthumb -Wl,--start-group -lc -lm -Wl,--end-group
Finished building target: TMP1075_temp_i2c.elf
 
arm-none-eabi-size  TMP1075_temp_i2c.elf 
arm-none-eabi-objdump -h -S TMP1075_temp_i2c.elf  > "TMP1075_temp_i2c.list"
   text	   data	    bss	    dec	    hex	filename
  12504	     12	   1652	  14168	   3758	TMP1075_temp_i2c.elf
Finished building: default.size.stdout
 
Finished building: TMP1075_temp_i2c.list
 
17:45:55 **** Incremental Build of configuration Debug for project TMP1075_temp_i2c ****
make -j16 all 
arm-none-eabi-gcc "../Core/Src/main.c" -mcpu=cortex-m7 -std=gnu11 -g3 -DDEBUG -DUSE_HAL_DRIVER -DSTM32F767xx -c -I../Core/Inc -I../Drivers/STM32F7xx_HAL_Driver/Inc -I../Drivers/STM32F7xx_HAL_Driver/Inc/Legacy -I../Drivers/CMSIS/Device/ST/STM32F7xx/Include -I../Drivers/CMSIS/Include -O0 -ffunction-sections -fdata-sections -Wall -fstack-usage -fcyclomatic-complexity -MMD -MP -MF"Core/Src/main.d" -MT"Core/Src/main.o" --specs=nano.specs -mfpu=fpv5-d16 -mfloat-abi=hard -mthumb -o "Core/Src/main.o"
../Core/Src/main.c: In function 'main':
../Core/Src/main.c:147:23: warning: unused variable 'temp_celsius' [-Wunused-variable]
  147 |                 float temp_celsius = read_temp();
      |                       ^~~~~~~~~~~~
arm-none-eabi-gcc -o "TMP1075_temp_i2c.elf" @"objects.list"   -mcpu=cortex-m7 -T"C:\Users\bakra\Desktop\STM32F767ZI\TMP1075_temp_i2c\STM32F767ZITX_FLASH.ld" --specs=nosys.specs -Wl,-Map="TMP1075_temp_i2c.map" -Wl,--gc-sections -static --specs=nano.specs -mfpu=fpv5-d16 -mfloat-abi=hard -mthumb -Wl,--start-group -lc -lm -Wl,--end-group
Finished building target: TMP1075_temp_i2c.elf
 
arm-none-eabi-size  TMP1075_temp_i2c.elf 
arm-none-eabi-objdump -h -S TMP1075_temp_i2c.elf  > "TMP1075_temp_i2c.list"
   text	   data	    bss	    dec	    hex	filename
  12504	     12	   1652	  14168	   3758	TMP1075_temp_i2c.elf
Finished building: default.size.stdout
 
Finished building: TMP1075_temp_i2c.list
 
17:50:22 **** Incremental Build of configuration Debug for project TMP1075_temp_i2c ****
make -j16 all 
arm-none-eabi-gcc "../Core/Src/main.c" -mcpu=cortex-m7 -std=gnu11 -g3 -DDEBUG -DUSE_HAL_DRIVER -DSTM32F767xx -c -I../Core/Inc -I../Drivers/STM32F7xx_HAL_Driver/Inc -I../Drivers/STM32F7xx_HAL_Driver/Inc/Legacy -I../Drivers/CMSIS/Device/ST/STM32F7xx/Include -I../Drivers/CMSIS/Include -O0 -ffunction-sections -fdata-sections -Wall -fstack-usage -fcyclomatic-complexity -MMD -MP -MF"Core/Src/main.d" -MT"Core/Src/main.o" --specs=nano.specs -mfpu=fpv5-d16 -mfloat-abi=hard -mthumb -o "Core/Src/main.o"
../Core/Src/main.c: In function 'main':
../Core/Src/main.c:147:23: warning: unused variable 'temp_celsius' [-Wunused-variable]
  147 |                 float temp_celsius = read_temp();
      |                       ^~~~~~~~~~~~
arm-none-eabi-gcc -o "TMP1075_temp_i2c.elf" @"objects.list"   -mcpu=cortex-m7 -T"C:\Users\bakra\Desktop\STM32F767ZI\TMP1075_temp_i2c\STM32F767ZITX_FLASH.ld" --specs=nosys.specs -Wl,-Map="TMP1075_temp_i2c.map" -Wl,--gc-sections -static --specs=nano.specs -mfpu=fpv5-d16 -mfloat-abi=hard -mthumb -Wl,--start-group -lc -lm -Wl,--end-group
Finished building target: TMP1075_temp_i2c.elf
 
arm-none-eabi-size  TMP1075_temp_i2c.elf 
arm-none-eabi-objdump -h -S TMP1075_temp_i2c.elf  > "TMP1075_temp_i2c.list"
   text	   data	    bss	    dec	    hex	filename
  12504	     12	   1652	  14168	   3758	TMP1075_temp_i2c.elf
Finished building: default.size.stdout
 
Finished building: TMP1075_temp_i2c.list
 
17:53:17 **** Incremental Build of configuration Debug for project TMP1075_temp_i2c ****
make -j16 all 
arm-none-eabi-size  TMP1075_temp_i2c.elf 
   text	   data	    bss	    dec	    hex	filename
  12504	     12	   1652	  14168	   3758	TMP1075_temp_i2c.elf
Finished building: default.size.stdout
 
17:54:04 **** Incremental Build of configuration Debug for project TMP1075_temp_i2c ****
make -j16 all 
arm-none-eabi-gcc "../Core/Src/main.c" -mcpu=cortex-m7 -std=gnu11 -g3 -DDEBUG -DUSE_HAL_DRIVER -DSTM32F767xx -c -I../Core/Inc -I../Drivers/STM32F7xx_HAL_Driver/Inc -I../Drivers/STM32F7xx_HAL_Driver/Inc/Legacy -I../Drivers/CMSIS/Device/ST/STM32F7xx/Include -I../Drivers/CMSIS/Include -O0 -ffunction-sections -fdata-sections -Wall -fstack-usage -fcyclomatic-complexity -MMD -MP -MF"Core/Src/main.d" -MT"Core/Src/main.o" --specs=nano.specs -mfpu=fpv5-d16 -mfloat-abi=hard -mthumb -o "Core/Src/main.o"
../Core/Src/main.c: In function 'main':
../Core/Src/main.c:147:23: warning: unused variable 'temp_celsius' [-Wunused-variable]
  147 |                 float temp_celsius = read_temp();
      |                       ^~~~~~~~~~~~
arm-none-eabi-gcc -o "TMP1075_temp_i2c.elf" @"objects.list"   -mcpu=cortex-m7 -T"C:\Users\bakra\Desktop\STM32F767ZI\TMP1075_temp_i2c\STM32F767ZITX_FLASH.ld" --specs=nosys.specs -Wl,-Map="TMP1075_temp_i2c.map" -Wl,--gc-sections -static --specs=nano.specs -mfpu=fpv5-d16 -mfloat-abi=hard -mthumb -Wl,--start-group -lc -lm -Wl,--end-group
Finished building target: TMP1075_temp_i2c.elf
 
arm-none-eabi-size  TMP1075_temp_i2c.elf 
arm-none-eabi-objdump -h -S TMP1075_temp_i2c.elf  > "TMP1075_temp_i2c.list"
   text	   data	    bss	    dec	    hex	filename
  12420	     12	   1652	  14084	   3704	TMP1075_temp_i2c.elf
Finished building: default.size.stdout
 
Finished building: TMP1075_temp_i2c.list
 
17:58:17 **** Incremental Build of configuration Debug for project TMP1075_temp_i2c ****
make -j16 all 
arm-none-eabi-gcc "../Core/Src/main.c" -mcpu=cortex-m7 -std=gnu11 -g3 -DDEBUG -DUSE_HAL_DRIVER -DSTM32F767xx -c -I../Core/Inc -I../Drivers/STM32F7xx_HAL_Driver/Inc -I../Drivers/STM32F7xx_HAL_Driver/Inc/Legacy -I../Drivers/CMSIS/Device/ST/STM32F7xx/Include -I../Drivers/CMSIS/Include -O0 -ffunction-sections -fdata-sections -Wall -fstack-usage -fcyclomatic-complexity -MMD -MP -MF"Core/Src/main.d" -MT"Core/Src/main.o" --specs=nano.specs -mfpu=fpv5-d16 -mfloat-abi=hard -mthumb -o "Core/Src/main.o"
../Core/Src/main.c: In function 'main':
../Core/Src/main.c:147:23: warning: unused variable 'temp_celsius' [-Wunused-variable]
  147 |                 float temp_celsius = read_temp();
      |                       ^~~~~~~~~~~~
arm-none-eabi-gcc -o "TMP1075_temp_i2c.elf" @"objects.list"   -mcpu=cortex-m7 -T"C:\Users\bakra\Desktop\STM32F767ZI\TMP1075_temp_i2c\STM32F767ZITX_FLASH.ld" --specs=nosys.specs -Wl,-Map="TMP1075_temp_i2c.map" -Wl,--gc-sections -static --specs=nano.specs -mfpu=fpv5-d16 -mfloat-abi=hard -mthumb -Wl,--start-group -lc -lm -Wl,--end-group
Finished building target: TMP1075_temp_i2c.elf
 
arm-none-eabi-size  TMP1075_temp_i2c.elf 
arm-none-eabi-objdump -h -S TMP1075_temp_i2c.elf  > "TMP1075_temp_i2c.list"
   text	   data	    bss	    dec	    hex	filename
  12504	     12	   1652	  14168	   3758	TMP1075_temp_i2c.elf
Finished building: default.size.stdout
 
Finished building: TMP1075_temp_i2c.list
 
18:30:13 **** Incremental Build of configuration Debug for project TMP1075_temp_i2c ****
make -j16 all 
arm-none-eabi-gcc "../Core/Src/main.c" -mcpu=cortex-m7 -std=gnu11 -g3 -DDEBUG -DUSE_HAL_DRIVER -DSTM32F767xx -c -I../Core/Inc -I../Drivers/STM32F7xx_HAL_Driver/Inc -I../Drivers/STM32F7xx_HAL_Driver/Inc/Legacy -I../Drivers/CMSIS/Device/ST/STM32F7xx/Include -I../Drivers/CMSIS/Include -O0 -ffunction-sections -fdata-sections -Wall -fstack-usage -fcyclomatic-complexity -MMD -MP -MF"Core/Src/main.d" -MT"Core/Src/main.o" --specs=nano.specs -mfpu=fpv5-d16 -mfloat-abi=hard -mthumb -o "Core/Src/main.o"
../Core/Src/main.c: In function 'main':
../Core/Src/main.c:155:23: warning: unused variable 'temp_celsius' [-Wunused-variable]
  155 |                 float temp_celsius = read_temp();
      |                       ^~~~~~~~~~~~
arm-none-eabi-gcc -o "TMP1075_temp_i2c.elf" @"objects.list"   -mcpu=cortex-m7 -T"C:\Users\bakra\Desktop\STM32F767ZI\TMP1075_temp_i2c\STM32F767ZITX_FLASH.ld" --specs=nosys.specs -Wl,-Map="TMP1075_temp_i2c.map" -Wl,--gc-sections -static --specs=nano.specs -mfpu=fpv5-d16 -mfloat-abi=hard -mthumb -Wl,--start-group -lc -lm -Wl,--end-group
Finished building target: TMP1075_temp_i2c.elf
 
arm-none-eabi-size  TMP1075_temp_i2c.elf 
arm-none-eabi-objdump -h -S TMP1075_temp_i2c.elf  > "TMP1075_temp_i2c.list"
   text	   data	    bss	    dec	    hex	filename
  12476	     12	   1652	  14140	   373c	TMP1075_temp_i2c.elf
Finished building: default.size.stdout
 
Finished building: TMP1075_temp_i2c.list
 
18:30:46 **** Incremental Build of configuration Debug for project TMP1075_temp_i2c ****
make -j16 all 
arm-none-eabi-gcc "../Core/Src/main.c" -mcpu=cortex-m7 -std=gnu11 -g3 -DDEBUG -DUSE_HAL_DRIVER -DSTM32F767xx -c -I../Core/Inc -I../Drivers/STM32F7xx_HAL_Driver/Inc -I../Drivers/STM32F7xx_HAL_Driver/Inc/Legacy -I../Drivers/CMSIS/Device/ST/STM32F7xx/Include -I../Drivers/CMSIS/Include -O0 -ffunction-sections -fdata-sections -Wall -fstack-usage -fcyclomatic-complexity -MMD -MP -MF"Core/Src/main.d" -MT"Core/Src/main.o" --specs=nano.specs -mfpu=fpv5-d16 -mfloat-abi=hard -mthumb -o "Core/Src/main.o"
../Core/Src/main.c: In function 'main':
../Core/Src/main.c:155:23: warning: unused variable 'temp_celsius' [-Wunused-variable]
  155 |                 float temp_celsius = read_temp();
      |                       ^~~~~~~~~~~~
arm-none-eabi-gcc -o "TMP1075_temp_i2c.elf" @"objects.list"   -mcpu=cortex-m7 -T"C:\Users\bakra\Desktop\STM32F767ZI\TMP1075_temp_i2c\STM32F767ZITX_FLASH.ld" --specs=nosys.specs -Wl,-Map="TMP1075_temp_i2c.map" -Wl,--gc-sections -static --specs=nano.specs -mfpu=fpv5-d16 -mfloat-abi=hard -mthumb -Wl,--start-group -lc -lm -Wl,--end-group
Finished building target: TMP1075_temp_i2c.elf
 
arm-none-eabi-size  TMP1075_temp_i2c.elf 
arm-none-eabi-objdump -h -S TMP1075_temp_i2c.elf  > "TMP1075_temp_i2c.list"
   text	   data	    bss	    dec	    hex	filename
  12476	     12	   1652	  14140	   373c	TMP1075_temp_i2c.elf
Finished building: default.size.stdout
 
Finished building: TMP1075_temp_i2c.list
 
18:32:05 **** Incremental Build of configuration Debug for project TMP1075_temp_i2c ****
make -j16 all 
arm-none-eabi-gcc "../Core/Src/main.c" -mcpu=cortex-m7 -std=gnu11 -g3 -DDEBUG -DUSE_HAL_DRIVER -DSTM32F767xx -c -I../Core/Inc -I../Drivers/STM32F7xx_HAL_Driver/Inc -I../Drivers/STM32F7xx_HAL_Driver/Inc/Legacy -I../Drivers/CMSIS/Device/ST/STM32F7xx/Include -I../Drivers/CMSIS/Include -O0 -ffunction-sections -fdata-sections -Wall -fstack-usage -fcyclomatic-complexity -MMD -MP -MF"Core/Src/main.d" -MT"Core/Src/main.o" --specs=nano.specs -mfpu=fpv5-d16 -mfloat-abi=hard -mthumb -o "Core/Src/main.o"
../Core/Src/main.c: In function 'main':
../Core/Src/main.c:155:23: warning: unused variable 'temp_celsius' [-Wunused-variable]
  155 |                 float temp_celsius = read_temp();
      |                       ^~~~~~~~~~~~
arm-none-eabi-gcc -o "TMP1075_temp_i2c.elf" @"objects.list"   -mcpu=cortex-m7 -T"C:\Users\bakra\Desktop\STM32F767ZI\TMP1075_temp_i2c\STM32F767ZITX_FLASH.ld" --specs=nosys.specs -Wl,-Map="TMP1075_temp_i2c.map" -Wl,--gc-sections -static --specs=nano.specs -mfpu=fpv5-d16 -mfloat-abi=hard -mthumb -Wl,--start-group -lc -lm -Wl,--end-group
Finished building target: TMP1075_temp_i2c.elf
 
arm-none-eabi-size  TMP1075_temp_i2c.elf 
arm-none-eabi-objdump -h -S TMP1075_temp_i2c.elf  > "TMP1075_temp_i2c.list"
   text	   data	    bss	    dec	    hex	filename
  12476	     12	   1652	  14140	   373c	TMP1075_temp_i2c.elf
Finished building: default.size.stdout
 
Finished building: TMP1075_temp_i2c.list
 
18:32:45 **** Incremental Build of configuration Debug for project TMP1075_temp_i2c ****
make -j16 all 
arm-none-eabi-gcc "../Core/Src/main.c" -mcpu=cortex-m7 -std=gnu11 -g3 -DDEBUG -DUSE_HAL_DRIVER -DSTM32F767xx -c -I../Core/Inc -I../Drivers/STM32F7xx_HAL_Driver/Inc -I../Drivers/STM32F7xx_HAL_Driver/Inc/Legacy -I../Drivers/CMSIS/Device/ST/STM32F7xx/Include -I../Drivers/CMSIS/Include -O0 -ffunction-sections -fdata-sections -Wall -fstack-usage -fcyclomatic-complexity -MMD -MP -MF"Core/Src/main.d" -MT"Core/Src/main.o" --specs=nano.specs -mfpu=fpv5-d16 -mfloat-abi=hard -mthumb -o "Core/Src/main.o"
../Core/Src/main.c: In function 'main':
../Core/Src/main.c:155:23: warning: unused variable 'temp_celsius' [-Wunused-variable]
  155 |                 float temp_celsius = read_temp();
      |                       ^~~~~~~~~~~~
arm-none-eabi-gcc -o "TMP1075_temp_i2c.elf" @"objects.list"   -mcpu=cortex-m7 -T"C:\Users\bakra\Desktop\STM32F767ZI\TMP1075_temp_i2c\STM32F767ZITX_FLASH.ld" --specs=nosys.specs -Wl,-Map="TMP1075_temp_i2c.map" -Wl,--gc-sections -static --specs=nano.specs -mfpu=fpv5-d16 -mfloat-abi=hard -mthumb -Wl,--start-group -lc -lm -Wl,--end-group
Finished building target: TMP1075_temp_i2c.elf
 
arm-none-eabi-size  TMP1075_temp_i2c.elf 
arm-none-eabi-objdump -h -S TMP1075_temp_i2c.elf  > "TMP1075_temp_i2c.list"
   text	   data	    bss	    dec	    hex	filename
  12476	     12	   1652	  14140	   373c	TMP1075_temp_i2c.elf
Finished building: default.size.stdout
 
Finished building: TMP1075_temp_i2c.list
 
18:33:39 **** Incremental Build of configuration Debug for project TMP1075_temp_i2c ****
make -j16 all 
arm-none-eabi-size  TMP1075_temp_i2c.elf 
   text	   data	    bss	    dec	    hex	filename
  12476	     12	   1652	  14140	   373c	TMP1075_temp_i2c.elf
Finished building: default.size.stdout
 
19:10:45 **** Incremental Build of configuration Debug for project TMP1075_temp_i2c ****
make -j16 all 
arm-none-eabi-gcc "../Core/Src/main.c" -mcpu=cortex-m7 -std=gnu11 -g3 -DDEBUG -DUSE_HAL_DRIVER -DSTM32F767xx -c -I../Core/Inc -I../Drivers/STM32F7xx_HAL_Driver/Inc -I../Drivers/STM32F7xx_HAL_Driver/Inc/Legacy -I../Drivers/CMSIS/Device/ST/STM32F7xx/Include -I../Drivers/CMSIS/Include -O0 -ffunction-sections -fdata-sections -Wall -fstack-usage -fcyclomatic-complexity -MMD -MP -MF"Core/Src/main.d" -MT"Core/Src/main.o" --specs=nano.specs -mfpu=fpv5-d16 -mfloat-abi=hard -mthumb -o "Core/Src/main.o"
../Core/Src/main.c: In function 'main':
../Core/Src/main.c:154:23: warning: unused variable 'temp_celsius' [-Wunused-variable]
  154 |                 float temp_celsius = read_temp();
      |                       ^~~~~~~~~~~~
arm-none-eabi-gcc -o "TMP1075_temp_i2c.elf" @"objects.list"   -mcpu=cortex-m7 -T"C:\Users\bakra\Desktop\STM32F767ZI\TMP1075_temp_i2c\STM32F767ZITX_FLASH.ld" --specs=nosys.specs -Wl,-Map="TMP1075_temp_i2c.map" -Wl,--gc-sections -static --specs=nano.specs -mfpu=fpv5-d16 -mfloat-abi=hard -mthumb -Wl,--start-group -lc -lm -Wl,--end-group
Finished building target: TMP1075_temp_i2c.elf
 
arm-none-eabi-size  TMP1075_temp_i2c.elf 
arm-none-eabi-objdump -h -S TMP1075_temp_i2c.elf  > "TMP1075_temp_i2c.list"
   text	   data	    bss	    dec	    hex	filename
   9752	     12	   1652	  11416	   2c98	TMP1075_temp_i2c.elf
Finished building: default.size.stdout
 
Finished building: TMP1075_temp_i2c.list
 
19:11:52 **** Incremental Build of configuration Debug for project TMP1075_temp_i2c ****
make -j16 all 
arm-none-eabi-size  TMP1075_temp_i2c.elf 
   text	   data	    bss	    dec	    hex	filename
   9752	     12	   1652	  11416	   2c98	TMP1075_temp_i2c.elf
Finished building: default.size.stdout
 
19:12:53 **** Incremental Build of configuration Debug for project TMP1075_temp_i2c ****
make -j16 all 
arm-none-eabi-gcc "../Core/Src/main.c" -mcpu=cortex-m7 -std=gnu11 -g3 -DDEBUG -DUSE_HAL_DRIVER -DSTM32F767xx -c -I../Core/Inc -I../Drivers/STM32F7xx_HAL_Driver/Inc -I../Drivers/STM32F7xx_HAL_Driver/Inc/Legacy -I../Drivers/CMSIS/Device/ST/STM32F7xx/Include -I../Drivers/CMSIS/Include -O0 -ffunction-sections -fdata-sections -Wall -fstack-usage -fcyclomatic-complexity -MMD -MP -MF"Core/Src/main.d" -MT"Core/Src/main.o" --specs=nano.specs -mfpu=fpv5-d16 -mfloat-abi=hard -mthumb -o "Core/Src/main.o"
../Core/Src/main.c: In function 'main':
../Core/Src/main.c:154:23: warning: unused variable 'temp_celsius' [-Wunused-variable]
  154 |                 float temp_celsius = read_temp();
      |                       ^~~~~~~~~~~~
arm-none-eabi-gcc -o "TMP1075_temp_i2c.elf" @"objects.list"   -mcpu=cortex-m7 -T"C:\Users\bakra\Desktop\STM32F767ZI\TMP1075_temp_i2c\STM32F767ZITX_FLASH.ld" --specs=nosys.specs -Wl,-Map="TMP1075_temp_i2c.map" -Wl,--gc-sections -static --specs=nano.specs -mfpu=fpv5-d16 -mfloat-abi=hard -mthumb -Wl,--start-group -lc -lm -Wl,--end-group
Finished building target: TMP1075_temp_i2c.elf
 
arm-none-eabi-size  TMP1075_temp_i2c.elf 
arm-none-eabi-objdump -h -S TMP1075_temp_i2c.elf  > "TMP1075_temp_i2c.list"
   text	   data	    bss	    dec	    hex	filename
  11588	     12	   1652	  13252	   33c4	TMP1075_temp_i2c.elf
Finished building: default.size.stdout
 
Finished building: TMP1075_temp_i2c.list
 
19:19:20 **** Incremental Build of configuration Debug for project TMP1075_temp_i2c ****
make -j16 all 
arm-none-eabi-size  TMP1075_temp_i2c.elf 
   text	   data	    bss	    dec	    hex	filename
  11588	     12	   1652	  13252	   33c4	TMP1075_temp_i2c.elf
Finished building: default.size.stdout
 
19:22:48 **** Incremental Build of configuration Debug for project TMP1075_temp_i2c ****
make -j16 all 
arm-none-eabi-gcc "../Core/Src/main.c" -mcpu=cortex-m7 -std=gnu11 -g3 -DDEBUG -DUSE_HAL_DRIVER -DSTM32F767xx -c -I../Core/Inc -I../Drivers/STM32F7xx_HAL_Driver/Inc -I../Drivers/STM32F7xx_HAL_Driver/Inc/Legacy -I../Drivers/CMSIS/Device/ST/STM32F7xx/Include -I../Drivers/CMSIS/Include -O0 -ffunction-sections -fdata-sections -Wall -fstack-usage -fcyclomatic-complexity -MMD -MP -MF"Core/Src/main.d" -MT"Core/Src/main.o" --specs=nano.specs -mfpu=fpv5-d16 -mfloat-abi=hard -mthumb -o "Core/Src/main.o"
../Core/Src/main.c: In function 'main':
../Core/Src/main.c:154:23: warning: unused variable 'temp_celsius' [-Wunused-variable]
  154 |                 float temp_celsius = read_temp();
      |                       ^~~~~~~~~~~~
arm-none-eabi-gcc -o "TMP1075_temp_i2c.elf" @"objects.list"   -mcpu=cortex-m7 -T"C:\Users\bakra\Desktop\STM32F767ZI\TMP1075_temp_i2c\STM32F767ZITX_FLASH.ld" --specs=nosys.specs -Wl,-Map="TMP1075_temp_i2c.map" -Wl,--gc-sections -static --specs=nano.specs -mfpu=fpv5-d16 -mfloat-abi=hard -mthumb -Wl,--start-group -lc -lm -Wl,--end-group
Finished building target: TMP1075_temp_i2c.elf
 
arm-none-eabi-size  TMP1075_temp_i2c.elf 
arm-none-eabi-objdump -h -S TMP1075_temp_i2c.elf  > "TMP1075_temp_i2c.list"
   text	   data	    bss	    dec	    hex	filename
  12420	     12	   1652	  14084	   3704	TMP1075_temp_i2c.elf
Finished building: default.size.stdout
 
Finished building: TMP1075_temp_i2c.list
 
19:31:11 **** Incremental Build of configuration Debug for project TMP1075_temp_i2c ****
make -j16 all 
arm-none-eabi-gcc "../Core/Src/main.c" -mcpu=cortex-m7 -std=gnu11 -g3 -DDEBUG -DUSE_HAL_DRIVER -DSTM32F767xx -c -I../Core/Inc -I../Drivers/STM32F7xx_HAL_Driver/Inc -I../Drivers/STM32F7xx_HAL_Driver/Inc/Legacy -I../Drivers/CMSIS/Device/ST/STM32F7xx/Include -I../Drivers/CMSIS/Include -O0 -ffunction-sections -fdata-sections -Wall -fstack-usage -fcyclomatic-complexity -MMD -MP -MF"Core/Src/main.d" -MT"Core/Src/main.o" --specs=nano.specs -mfpu=fpv5-d16 -mfloat-abi=hard -mthumb -o "Core/Src/main.o"
../Core/Src/main.c: In function 'main':
../Core/Src/main.c:154:23: warning: unused variable 'temp_celsius' [-Wunused-variable]
  154 |                 float temp_celsius = read_temp();
      |                       ^~~~~~~~~~~~
arm-none-eabi-gcc -o "TMP1075_temp_i2c.elf" @"objects.list"   -mcpu=cortex-m7 -T"C:\Users\bakra\Desktop\STM32F767ZI\TMP1075_temp_i2c\STM32F767ZITX_FLASH.ld" --specs=nosys.specs -Wl,-Map="TMP1075_temp_i2c.map" -Wl,--gc-sections -static --specs=nano.specs -mfpu=fpv5-d16 -mfloat-abi=hard -mthumb -Wl,--start-group -lc -lm -Wl,--end-group
Finished building target: TMP1075_temp_i2c.elf
 
arm-none-eabi-size  TMP1075_temp_i2c.elf 
arm-none-eabi-objdump -h -S TMP1075_temp_i2c.elf  > "TMP1075_temp_i2c.list"
   text	   data	    bss	    dec	    hex	filename
  12504	     12	   1652	  14168	   3758	TMP1075_temp_i2c.elf
Finished building: default.size.stdout
 
Finished building: TMP1075_temp_i2c.list
 
12:26:06 **** Incremental Build of configuration Debug for project TMP1075_temp_i2c ****
make -j16 all 
arm-none-eabi-size  TMP1075_temp_i2c.elf 
   text	   data	    bss	    dec	    hex	filename
  12504	     12	   1652	  14168	   3758	TMP1075_temp_i2c.elf
Finished building: default.size.stdout
 
12:26:07 **** Build of configuration Debug for project mpu ****
make -j16 all 
arm-none-eabi-gcc "../Drivers/STM32F7xx_HAL_Driver/Src/stm32f7xx_hal.c" -mcpu=cortex-m7 -std=gnu11 -g3 -DDEBUG -DUSE_HAL_DRIVER -DSTM32F767xx -c -I../Core/Inc -I../Drivers/STM32F7xx_HAL_Driver/Inc -I../Drivers/STM32F7xx_HAL_Driver/Inc/Legacy -I../Drivers/CMSIS/Device/ST/STM32F7xx/Include -I../Drivers/CMSIS/Include -O0 -ffunction-sections -fdata-sections -Wall -fstack-usage -fcyclomatic-complexity -MMD -MP -MF"Drivers/STM32F7xx_HAL_Driver/Src/stm32f7xx_hal.d" -MT"Drivers/STM32F7xx_HAL_Driver/Src/stm32f7xx_hal.o" --specs=nano.specs -mfpu=fpv5-d16 -mfloat-abi=hard -mthumb -o "Drivers/STM32F7xx_HAL_Driver/Src/stm32f7xx_hal.o"
arm-none-eabi-gcc "../Drivers/STM32F7xx_HAL_Driver/Src/stm32f7xx_hal_cortex.c" -mcpu=cortex-m7 -std=gnu11 -g3 -DDEBUG -DUSE_HAL_DRIVER -DSTM32F767xx -c -I../Core/Inc -I../Drivers/STM32F7xx_HAL_Driver/Inc -I../Drivers/STM32F7xx_HAL_Driver/Inc/Legacy -I../Drivers/CMSIS/Device/ST/STM32F7xx/Include -I../Drivers/CMSIS/Include -O0 -ffunction-sections -fdata-sections -Wall -fstack-usage -fcyclomatic-complexity -MMD -MP -MF"Drivers/STM32F7xx_HAL_Driver/Src/stm32f7xx_hal_cortex.d" -MT"Drivers/STM32F7xx_HAL_Driver/Src/stm32f7xx_hal_cortex.o" --specs=nano.specs -mfpu=fpv5-d16 -mfloat-abi=hard -mthumb -o "Drivers/STM32F7xx_HAL_Driver/Src/stm32f7xx_hal_cortex.o"
arm-none-eabi-gcc "../Drivers/STM32F7xx_HAL_Driver/Src/stm32f7xx_hal_dma.c" -mcpu=cortex-m7 -std=gnu11 -g3 -DDEBUG -DUSE_HAL_DRIVER -DSTM32F767xx -c -I../Core/Inc -I../Drivers/STM32F7xx_HAL_Driver/Inc -I../Drivers/STM32F7xx_HAL_Driver/Inc/Legacy -I../Drivers/CMSIS/Device/ST/STM32F7xx/Include -I../Drivers/CMSIS/Include -O0 -ffunction-sections -fdata-sections -Wall -fstack-usage -fcyclomatic-complexity -MMD -MP -MF"Drivers/STM32F7xx_HAL_Driver/Src/stm32f7xx_hal_dma.d" -MT"Drivers/STM32F7xx_HAL_Driver/Src/stm32f7xx_hal_dma.o" --specs=nano.specs -mfpu=fpv5-d16 -mfloat-abi=hard -mthumb -o "Drivers/STM32F7xx_HAL_Driver/Src/stm32f7xx_hal_dma.o"
arm-none-eabi-gcc "../Drivers/STM32F7xx_HAL_Driver/Src/stm32f7xx_hal_dma_ex.c" -mcpu=cortex-m7 -std=gnu11 -g3 -DDEBUG -DUSE_HAL_DRIVER -DSTM32F767xx -c -I../Core/Inc -I../Drivers/STM32F7xx_HAL_Driver/Inc -I../Drivers/STM32F7xx_HAL_Driver/Inc/Legacy -I../Drivers/CMSIS/Device/ST/STM32F7xx/Include -I../Drivers/CMSIS/Include -O0 -ffunction-sections -fdata-sections -Wall -fstack-usage -fcyclomatic-complexity -MMD -MP -MF"Drivers/STM32F7xx_HAL_Driver/Src/stm32f7xx_hal_dma_ex.d" -MT"Drivers/STM32F7xx_HAL_Driver/Src/stm32f7xx_hal_dma_ex.o" --specs=nano.specs -mfpu=fpv5-d16 -mfloat-abi=hard -mthumb -o "Drivers/STM32F7xx_HAL_Driver/Src/stm32f7xx_hal_dma_ex.o"
arm-none-eabi-gcc "../Drivers/STM32F7xx_HAL_Driver/Src/stm32f7xx_hal_eth.c" -mcpu=cortex-m7 -std=gnu11 -g3 -DDEBUG -DUSE_HAL_DRIVER -DSTM32F767xx -c -I../Core/Inc -I../Drivers/STM32F7xx_HAL_Driver/Inc -I../Drivers/STM32F7xx_HAL_Driver/Inc/Legacy -I../Drivers/CMSIS/Device/ST/STM32F7xx/Include -I../Drivers/CMSIS/Include -O0 -ffunction-sections -fdata-sections -Wall -fstack-usage -fcyclomatic-complexity -MMD -MP -MF"Drivers/STM32F7xx_HAL_Driver/Src/stm32f7xx_hal_eth.d" -MT"Drivers/STM32F7xx_HAL_Driver/Src/stm32f7xx_hal_eth.o" --specs=nano.specs -mfpu=fpv5-d16 -mfloat-abi=hard -mthumb -o "Drivers/STM32F7xx_HAL_Driver/Src/stm32f7xx_hal_eth.o"
arm-none-eabi-gcc "../Drivers/STM32F7xx_HAL_Driver/Src/stm32f7xx_hal_exti.c" -mcpu=cortex-m7 -std=gnu11 -g3 -DDEBUG -DUSE_HAL_DRIVER -DSTM32F767xx -c -I../Core/Inc -I../Drivers/STM32F7xx_HAL_Driver/Inc -I../Drivers/STM32F7xx_HAL_Driver/Inc/Legacy -I../Drivers/CMSIS/Device/ST/STM32F7xx/Include -I../Drivers/CMSIS/Include -O0 -ffunction-sections -fdata-sections -Wall -fstack-usage -fcyclomatic-complexity -MMD -MP -MF"Drivers/STM32F7xx_HAL_Driver/Src/stm32f7xx_hal_exti.d" -MT"Drivers/STM32F7xx_HAL_Driver/Src/stm32f7xx_hal_exti.o" --specs=nano.specs -mfpu=fpv5-d16 -mfloat-abi=hard -mthumb -o "Drivers/STM32F7xx_HAL_Driver/Src/stm32f7xx_hal_exti.o"
arm-none-eabi-gcc "../Drivers/STM32F7xx_HAL_Driver/Src/stm32f7xx_hal_flash.c" -mcpu=cortex-m7 -std=gnu11 -g3 -DDEBUG -DUSE_HAL_DRIVER -DSTM32F767xx -c -I../Core/Inc -I../Drivers/STM32F7xx_HAL_Driver/Inc -I../Drivers/STM32F7xx_HAL_Driver/Inc/Legacy -I../Drivers/CMSIS/Device/ST/STM32F7xx/Include -I../Drivers/CMSIS/Include -O0 -ffunction-sections -fdata-sections -Wall -fstack-usage -fcyclomatic-complexity -MMD -MP -MF"Drivers/STM32F7xx_HAL_Driver/Src/stm32f7xx_hal_flash.d" -MT"Drivers/STM32F7xx_HAL_Driver/Src/stm32f7xx_hal_flash.o" --specs=nano.specs -mfpu=fpv5-d16 -mfloat-abi=hard -mthumb -o "Drivers/STM32F7xx_HAL_Driver/Src/stm32f7xx_hal_flash.o"
arm-none-eabi-gcc "../Drivers/STM32F7xx_HAL_Driver/Src/stm32f7xx_hal_flash_ex.c" -mcpu=cortex-m7 -std=gnu11 -g3 -DDEBUG -DUSE_HAL_DRIVER -DSTM32F767xx -c -I../Core/Inc -I../Drivers/STM32F7xx_HAL_Driver/Inc -I../Drivers/STM32F7xx_HAL_Driver/Inc/Legacy -I../Drivers/CMSIS/Device/ST/STM32F7xx/Include -I../Drivers/CMSIS/Include -O0 -ffunction-sections -fdata-sections -Wall -fstack-usage -fcyclomatic-complexity -MMD -MP -MF"Drivers/STM32F7xx_HAL_Driver/Src/stm32f7xx_hal_flash_ex.d" -MT"Drivers/STM32F7xx_HAL_Driver/Src/stm32f7xx_hal_flash_ex.o" --specs=nano.specs -mfpu=fpv5-d16 -mfloat-abi=hard -mthumb -o "Drivers/STM32F7xx_HAL_Driver/Src/stm32f7xx_hal_flash_ex.o"
arm-none-eabi-gcc "../Drivers/STM32F7xx_HAL_Driver/Src/stm32f7xx_hal_gpio.c" -mcpu=cortex-m7 -std=gnu11 -g3 -DDEBUG -DUSE_HAL_DRIVER -DSTM32F767xx -c -I../Core/Inc -I../Drivers/STM32F7xx_HAL_Driver/Inc -I../Drivers/STM32F7xx_HAL_Driver/Inc/Legacy -I../Drivers/CMSIS/Device/ST/STM32F7xx/Include -I../Drivers/CMSIS/Include -O0 -ffunction-sections -fdata-sections -Wall -fstack-usage -fcyclomatic-complexity -MMD -MP -MF"Drivers/STM32F7xx_HAL_Driver/Src/stm32f7xx_hal_gpio.d" -MT"Drivers/STM32F7xx_HAL_Driver/Src/stm32f7xx_hal_gpio.o" --specs=nano.specs -mfpu=fpv5-d16 -mfloat-abi=hard -mthumb -o "Drivers/STM32F7xx_HAL_Driver/Src/stm32f7xx_hal_gpio.o"
arm-none-eabi-gcc "../Drivers/STM32F7xx_HAL_Driver/Src/stm32f7xx_hal_i2c.c" -mcpu=cortex-m7 -std=gnu11 -g3 -DDEBUG -DUSE_HAL_DRIVER -DSTM32F767xx -c -I../Core/Inc -I../Drivers/STM32F7xx_HAL_Driver/Inc -I../Drivers/STM32F7xx_HAL_Driver/Inc/Legacy -I../Drivers/CMSIS/Device/ST/STM32F7xx/Include -I../Drivers/CMSIS/Include -O0 -ffunction-sections -fdata-sections -Wall -fstack-usage -fcyclomatic-complexity -MMD -MP -MF"Drivers/STM32F7xx_HAL_Driver/Src/stm32f7xx_hal_i2c.d" -MT"Drivers/STM32F7xx_HAL_Driver/Src/stm32f7xx_hal_i2c.o" --specs=nano.specs -mfpu=fpv5-d16 -mfloat-abi=hard -mthumb -o "Drivers/STM32F7xx_HAL_Driver/Src/stm32f7xx_hal_i2c.o"
arm-none-eabi-gcc "../Drivers/STM32F7xx_HAL_Driver/Src/stm32f7xx_hal_i2c_ex.c" -mcpu=cortex-m7 -std=gnu11 -g3 -DDEBUG -DUSE_HAL_DRIVER -DSTM32F767xx -c -I../Core/Inc -I../Drivers/STM32F7xx_HAL_Driver/Inc -I../Drivers/STM32F7xx_HAL_Driver/Inc/Legacy -I../Drivers/CMSIS/Device/ST/STM32F7xx/Include -I../Drivers/CMSIS/Include -O0 -ffunction-sections -fdata-sections -Wall -fstack-usage -fcyclomatic-complexity -MMD -MP -MF"Drivers/STM32F7xx_HAL_Driver/Src/stm32f7xx_hal_i2c_ex.d" -MT"Drivers/STM32F7xx_HAL_Driver/Src/stm32f7xx_hal_i2c_ex.o" --specs=nano.specs -mfpu=fpv5-d16 -mfloat-abi=hard -mthumb -o "Drivers/STM32F7xx_HAL_Driver/Src/stm32f7xx_hal_i2c_ex.o"
arm-none-eabi-gcc "../Drivers/STM32F7xx_HAL_Driver/Src/stm32f7xx_hal_pcd.c" -mcpu=cortex-m7 -std=gnu11 -g3 -DDEBUG -DUSE_HAL_DRIVER -DSTM32F767xx -c -I../Core/Inc -I../Drivers/STM32F7xx_HAL_Driver/Inc -I../Drivers/STM32F7xx_HAL_Driver/Inc/Legacy -I../Drivers/CMSIS/Device/ST/STM32F7xx/Include -I../Drivers/CMSIS/Include -O0 -ffunction-sections -fdata-sections -Wall -fstack-usage -fcyclomatic-complexity -MMD -MP -MF"Drivers/STM32F7xx_HAL_Driver/Src/stm32f7xx_hal_pcd.d" -MT"Drivers/STM32F7xx_HAL_Driver/Src/stm32f7xx_hal_pcd.o" --specs=nano.specs -mfpu=fpv5-d16 -mfloat-abi=hard -mthumb -o "Drivers/STM32F7xx_HAL_Driver/Src/stm32f7xx_hal_pcd.o"
arm-none-eabi-gcc "../Drivers/STM32F7xx_HAL_Driver/Src/stm32f7xx_hal_pcd_ex.c" -mcpu=cortex-m7 -std=gnu11 -g3 -DDEBUG -DUSE_HAL_DRIVER -DSTM32F767xx -c -I../Core/Inc -I../Drivers/STM32F7xx_HAL_Driver/Inc -I../Drivers/STM32F7xx_HAL_Driver/Inc/Legacy -I../Drivers/CMSIS/Device/ST/STM32F7xx/Include -I../Drivers/CMSIS/Include -O0 -ffunction-sections -fdata-sections -Wall -fstack-usage -fcyclomatic-complexity -MMD -MP -MF"Drivers/STM32F7xx_HAL_Driver/Src/stm32f7xx_hal_pcd_ex.d" -MT"Drivers/STM32F7xx_HAL_Driver/Src/stm32f7xx_hal_pcd_ex.o" --specs=nano.specs -mfpu=fpv5-d16 -mfloat-abi=hard -mthumb -o "Drivers/STM32F7xx_HAL_Driver/Src/stm32f7xx_hal_pcd_ex.o"
arm-none-eabi-gcc "../Drivers/STM32F7xx_HAL_Driver/Src/stm32f7xx_hal_pwr.c" -mcpu=cortex-m7 -std=gnu11 -g3 -DDEBUG -DUSE_HAL_DRIVER -DSTM32F767xx -c -I../Core/Inc -I../Drivers/STM32F7xx_HAL_Driver/Inc -I../Drivers/STM32F7xx_HAL_Driver/Inc/Legacy -I../Drivers/CMSIS/Device/ST/STM32F7xx/Include -I../Drivers/CMSIS/Include -O0 -ffunction-sections -fdata-sections -Wall -fstack-usage -fcyclomatic-complexity -MMD -MP -MF"Drivers/STM32F7xx_HAL_Driver/Src/stm32f7xx_hal_pwr.d" -MT"Drivers/STM32F7xx_HAL_Driver/Src/stm32f7xx_hal_pwr.o" --specs=nano.specs -mfpu=fpv5-d16 -mfloat-abi=hard -mthumb -o "Drivers/STM32F7xx_HAL_Driver/Src/stm32f7xx_hal_pwr.o"
arm-none-eabi-gcc "../Drivers/STM32F7xx_HAL_Driver/Src/stm32f7xx_hal_pwr_ex.c" -mcpu=cortex-m7 -std=gnu11 -g3 -DDEBUG -DUSE_HAL_DRIVER -DSTM32F767xx -c -I../Core/Inc -I../Drivers/STM32F7xx_HAL_Driver/Inc -I../Drivers/STM32F7xx_HAL_Driver/Inc/Legacy -I../Drivers/CMSIS/Device/ST/STM32F7xx/Include -I../Drivers/CMSIS/Include -O0 -ffunction-sections -fdata-sections -Wall -fstack-usage -fcyclomatic-complexity -MMD -MP -MF"Drivers/STM32F7xx_HAL_Driver/Src/stm32f7xx_hal_pwr_ex.d" -MT"Drivers/STM32F7xx_HAL_Driver/Src/stm32f7xx_hal_pwr_ex.o" --specs=nano.specs -mfpu=fpv5-d16 -mfloat-abi=hard -mthumb -o "Drivers/STM32F7xx_HAL_Driver/Src/stm32f7xx_hal_pwr_ex.o"
arm-none-eabi-gcc "../Drivers/STM32F7xx_HAL_Driver/Src/stm32f7xx_hal_rcc.c" -mcpu=cortex-m7 -std=gnu11 -g3 -DDEBUG -DUSE_HAL_DRIVER -DSTM32F767xx -c -I../Core/Inc -I../Drivers/STM32F7xx_HAL_Driver/Inc -I../Drivers/STM32F7xx_HAL_Driver/Inc/Legacy -I../Drivers/CMSIS/Device/ST/STM32F7xx/Include -I../Drivers/CMSIS/Include -O0 -ffunction-sections -fdata-sections -Wall -fstack-usage -fcyclomatic-complexity -MMD -MP -MF"Drivers/STM32F7xx_HAL_Driver/Src/stm32f7xx_hal_rcc.d" -MT"Drivers/STM32F7xx_HAL_Driver/Src/stm32f7xx_hal_rcc.o" --specs=nano.specs -mfpu=fpv5-d16 -mfloat-abi=hard -mthumb -o "Drivers/STM32F7xx_HAL_Driver/Src/stm32f7xx_hal_rcc.o"
arm-none-eabi-gcc "../Drivers/STM32F7xx_HAL_Driver/Src/stm32f7xx_hal_rcc_ex.c" -mcpu=cortex-m7 -std=gnu11 -g3 -DDEBUG -DUSE_HAL_DRIVER -DSTM32F767xx -c -I../Core/Inc -I../Drivers/STM32F7xx_HAL_Driver/Inc -I../Drivers/STM32F7xx_HAL_Driver/Inc/Legacy -I../Drivers/CMSIS/Device/ST/STM32F7xx/Include -I../Drivers/CMSIS/Include -O0 -ffunction-sections -fdata-sections -Wall -fstack-usage -fcyclomatic-complexity -MMD -MP -MF"Drivers/STM32F7xx_HAL_Driver/Src/stm32f7xx_hal_rcc_ex.d" -MT"Drivers/STM32F7xx_HAL_Driver/Src/stm32f7xx_hal_rcc_ex.o" --specs=nano.specs -mfpu=fpv5-d16 -mfloat-abi=hard -mthumb -o "Drivers/STM32F7xx_HAL_Driver/Src/stm32f7xx_hal_rcc_ex.o"
arm-none-eabi-gcc "../Drivers/STM32F7xx_HAL_Driver/Src/stm32f7xx_hal_uart.c" -mcpu=cortex-m7 -std=gnu11 -g3 -DDEBUG -DUSE_HAL_DRIVER -DSTM32F767xx -c -I../Core/Inc -I../Drivers/STM32F7xx_HAL_Driver/Inc -I../Drivers/STM32F7xx_HAL_Driver/Inc/Legacy -I../Drivers/CMSIS/Device/ST/STM32F7xx/Include -I../Drivers/CMSIS/Include -O0 -ffunction-sections -fdata-sections -Wall -fstack-usage -fcyclomatic-complexity -MMD -MP -MF"Drivers/STM32F7xx_HAL_Driver/Src/stm32f7xx_hal_uart.d" -MT"Drivers/STM32F7xx_HAL_Driver/Src/stm32f7xx_hal_uart.o" --specs=nano.specs -mfpu=fpv5-d16 -mfloat-abi=hard -mthumb -o "Drivers/STM32F7xx_HAL_Driver/Src/stm32f7xx_hal_uart.o"
arm-none-eabi-gcc "../Drivers/STM32F7xx_HAL_Driver/Src/stm32f7xx_hal_uart_ex.c" -mcpu=cortex-m7 -std=gnu11 -g3 -DDEBUG -DUSE_HAL_DRIVER -DSTM32F767xx -c -I../Core/Inc -I../Drivers/STM32F7xx_HAL_Driver/Inc -I../Drivers/STM32F7xx_HAL_Driver/Inc/Legacy -I../Drivers/CMSIS/Device/ST/STM32F7xx/Include -I../Drivers/CMSIS/Include -O0 -ffunction-sections -fdata-sections -Wall -fstack-usage -fcyclomatic-complexity -MMD -MP -MF"Drivers/STM32F7xx_HAL_Driver/Src/stm32f7xx_hal_uart_ex.d" -MT"Drivers/STM32F7xx_HAL_Driver/Src/stm32f7xx_hal_uart_ex.o" --specs=nano.specs -mfpu=fpv5-d16 -mfloat-abi=hard -mthumb -o "Drivers/STM32F7xx_HAL_Driver/Src/stm32f7xx_hal_uart_ex.o"
arm-none-eabi-gcc "../Drivers/STM32F7xx_HAL_Driver/Src/stm32f7xx_ll_usb.c" -mcpu=cortex-m7 -std=gnu11 -g3 -DDEBUG -DUSE_HAL_DRIVER -DSTM32F767xx -c -I../Core/Inc -I../Drivers/STM32F7xx_HAL_Driver/Inc -I../Drivers/STM32F7xx_HAL_Driver/Inc/Legacy -I../Drivers/CMSIS/Device/ST/STM32F7xx/Include -I../Drivers/CMSIS/Include -O0 -ffunction-sections -fdata-sections -Wall -fstack-usage -fcyclomatic-complexity -MMD -MP -MF"Drivers/STM32F7xx_HAL_Driver/Src/stm32f7xx_ll_usb.d" -MT"Drivers/STM32F7xx_HAL_Driver/Src/stm32f7xx_ll_usb.o" --specs=nano.specs -mfpu=fpv5-d16 -mfloat-abi=hard -mthumb -o "Drivers/STM32F7xx_HAL_Driver/Src/stm32f7xx_ll_usb.o"
arm-none-eabi-gcc -mcpu=cortex-m7 -g3 -DDEBUG -c -x assembler-with-cpp -MMD -MP -MF"Core/Startup/startup_stm32f767zitx.d" -MT"Core/Startup/startup_stm32f767zitx.o" --specs=nano.specs -mfpu=fpv5-d16 -mfloat-abi=hard -mthumb -o "Core/Startup/startup_stm32f767zitx.o" "../Core/Startup/startup_stm32f767zitx.s"
arm-none-eabi-gcc "../Core/Src/main.c" -mcpu=cortex-m7 -std=gnu11 -g3 -DDEBUG -DUSE_HAL_DRIVER -DSTM32F767xx -c -I../Core/Inc -I../Drivers/STM32F7xx_HAL_Driver/Inc -I../Drivers/STM32F7xx_HAL_Driver/Inc/Legacy -I../Drivers/CMSIS/Device/ST/STM32F7xx/Include -I../Drivers/CMSIS/Include -O0 -ffunction-sections -fdata-sections -Wall -fstack-usage -fcyclomatic-complexity -MMD -MP -MF"Core/Src/main.d" -MT"Core/Src/main.o" --specs=nano.specs -mfpu=fpv5-d16 -mfloat-abi=hard -mthumb -o "Core/Src/main.o"
arm-none-eabi-gcc "../Core/Src/stm32f7xx_hal_msp.c" -mcpu=cortex-m7 -std=gnu11 -g3 -DDEBUG -DUSE_HAL_DRIVER -DSTM32F767xx -c -I../Core/Inc -I../Drivers/STM32F7xx_HAL_Driver/Inc -I../Drivers/STM32F7xx_HAL_Driver/Inc/Legacy -I../Drivers/CMSIS/Device/ST/STM32F7xx/Include -I../Drivers/CMSIS/Include -O0 -ffunction-sections -fdata-sections -Wall -fstack-usage -fcyclomatic-complexity -MMD -MP -MF"Core/Src/stm32f7xx_hal_msp.d" -MT"Core/Src/stm32f7xx_hal_msp.o" --specs=nano.specs -mfpu=fpv5-d16 -mfloat-abi=hard -mthumb -o "Core/Src/stm32f7xx_hal_msp.o"
arm-none-eabi-gcc "../Core/Src/stm32f7xx_it.c" -mcpu=cortex-m7 -std=gnu11 -g3 -DDEBUG -DUSE_HAL_DRIVER -DSTM32F767xx -c -I../Core/Inc -I../Drivers/STM32F7xx_HAL_Driver/Inc -I../Drivers/STM32F7xx_HAL_Driver/Inc/Legacy -I../Drivers/CMSIS/Device/ST/STM32F7xx/Include -I../Drivers/CMSIS/Include -O0 -ffunction-sections -fdata-sections -Wall -fstack-usage -fcyclomatic-complexity -MMD -MP -MF"Core/Src/stm32f7xx_it.d" -MT"Core/Src/stm32f7xx_it.o" --specs=nano.specs -mfpu=fpv5-d16 -mfloat-abi=hard -mthumb -o "Core/Src/stm32f7xx_it.o"
[...]
../Core/Src/main.c:96:12: warning: unused variable 'control_register' [-Wunused-variable]
   96 |   uint32_t control_register = __get_CONTROL();
      |            ^~~~~~~~~~~~~~~~
arm-none-eabi-gcc -o "user_button_demo.elf" @"objects.list"   -mcpu=cortex-m7 -T"C:\Users\bakra\Desktop\STM32F767ZI\user_button_demo\STM32F767ZITX_FLASH.ld" --specs=nosys.specs -Wl,-Map="user_button_demo.map" -Wl,--gc-sections -static --specs=nano.specs -mfpu=fpv5-d16 -mfloat-abi=hard -mthumb -Wl,--start-group -lc -lm -Wl,--end-group
C:/ST/STM32CubeIDE_1.11.2/STM32CubeIDE/plugins/com.st.stm32cube.ide.mcu.externaltools.gnu-tools-for-stm32.12.3.rel1.win32_1.1.0.202410251130/tools/bin/../lib/gcc/arm-none-eabi/12.3.1/../../../../arm-none-eabi/bin/ld.exe: warning: user_button_demo.elf has a LOAD segment with RWX permissions
Finished building target: user_button_demo.elf
 
arm-none-eabi-size  user_button_demo.elf 
arm-none-eabi-objdump -h -S user_button_demo.elf  > "user_button_demo.list"
   text	   data	    bss	    dec	    hex	filename
   6804	     20	   1580	   8404	   20d4	user_button_demo.elf
Finished building: default.size.stdout
 
Finished building: user_button_demo.list
 
20:41:04 **** Incremental Build of configuration Debug for project user_button_demo ****
make -j16 all 
arm-none-eabi-gcc "../Core/Src/main.c" -mcpu=cortex-m7 -std=gnu11 -g3 -DDEBUG -DUSE_HAL_DRIVER -DSTM32F767xx -c -I../Core/Inc -I../Drivers/STM32F7xx_HAL_Driver/Inc -I../Drivers/STM32F7xx_HAL_Driver/Inc/Legacy -I../Drivers/CMSIS/Device/ST/STM32F7xx/Include -I../Drivers/CMSIS/Include -O0 -ffunction-sections -fdata-sections -Wall -fstack-usage -fcyclomatic-complexity -MMD -MP -MF"Core/Src/main.d" -MT"Core/Src/main.o" --specs=nano.specs -mfpu=fpv5-d16 -mfloat-abi=hard -mthumb -o "Core/Src/main.o"
../Core/Src/main.c: In function 'main':
../Core/Src/main.c:95:12: warning: unused variable 'control_register' [-Wunused-variable]
   95 |   uint32_t control_register = __get_CONTROL();
      |            ^~~~~~~~~~~~~~~~
../Core/Src/main.c: In function 'HAL_GPIO_EXTI_Callback':
../Core/Src/main.c:271:9: error: 'control_register' undeclared (first use in this function)
  271 |         control_register = __get_CONTROL();
      |         ^~~~~~~~~~~~~~~~
../Core/Src/main.c:271:9: note: each undeclared identifier is reported only once for each function it appears in
make: *** [Core/Src/subdir.mk:34: Core/Src/main.o] Error 1
"make -j16 all" terminated with exit code 2. Build might be incomplete.
20:42:13 **** Incremental Build of configuration Debug for project user_button_demo ****
make -j16 all 
arm-none-eabi-gcc "../Core/Src/main.c" -mcpu=cortex-m7 -std=gnu11 -g3 -DDEBUG -DUSE_HAL_DRIVER -DSTM32F767xx -c -I../Core/Inc -I../Drivers/STM32F7xx_HAL_Driver/Inc -I../Drivers/STM32F7xx_HAL_Driver/Inc/Legacy -I../Drivers/CMSIS/Device/ST/STM32F7xx/Include -I../Drivers/CMSIS/Include -O0 -ffunction-sections -fdata-sections -Wall -fstack-usage -fcyclomatic-complexity -MMD -MP -MF"Core/Src/main.d" -MT"Core/Src/main.o" --specs=nano.specs -mfpu=fpv5-d16 -mfloat-abi=hard -mthumb -o "Core/Src/main.o"
../Core/Src/main.c: In function 'main':
../Core/Src/main.c:95:12: warning: unused variable 'control_register' [-Wunused-variable]
   95 |   uint32_t control_register = __get_CONTROL();
      |            ^~~~~~~~~~~~~~~~
arm-none-eabi-gcc -o "user_button_demo.elf" @"objects.list"   -mcpu=cortex-m7 -T"C:\Users\bakra\Desktop\STM32F767ZI\user_button_demo\STM32F767ZITX_FLASH.ld" --specs=nosys.specs -Wl,-Map="user_button_demo.map" -Wl,--gc-sections -static --specs=nano.specs -mfpu=fpv5-d16 -mfloat-abi=hard -mthumb -Wl,--start-group -lc -lm -Wl,--end-group
C:/ST/STM32CubeIDE_1.11.2/STM32CubeIDE/plugins/com.st.stm32cube.ide.mcu.externaltools.gnu-tools-for-stm32.12.3.rel1.win32_1.1.0.202410251130/tools/bin/../lib/gcc/arm-none-eabi/12.3.1/../../../../arm-none-eabi/bin/ld.exe: warning: user_button_demo.elf has a LOAD segment with RWX permissions
Finished building target: user_button_demo.elf
 
arm-none-eabi-size  user_button_demo.elf 
arm-none-eabi-objdump -h -S user_button_demo.elf  > "user_button_demo.list"
   text	   data	    bss	    dec	    hex	filename
   6788	     20	   1572	   8380	   20bc	user_button_demo.elf
Finished building: default.size.stdout
 
Finished building: user_button_demo.list
 
20:42:49 **** Incremental Build of configuration Debug for project user_button_demo ****
make -j16 all 
arm-none-eabi-size  user_button_demo.elf 
   text	   data	    bss	    dec	    hex	filename
   6788	     20	   1572	   8380	   20bc	user_button_demo.elf
Finished building: default.size.stdout
 
20:48:03 **** Incremental Build of configuration Debug for project user_button_demo ****
make -j16 all 
arm-none-eabi-size  user_button_demo.elf 
   text	   data	    bss	    dec	    hex	filename
   6788	     20	   1572	   8380	   20bc	user_button_demo.elf
Finished building: default.size.stdout
 
20:51:19 **** Incremental Build of configuration Debug for project mpu ****
make -j16 all 
arm-none-eabi-size  mpu.elf 
   text	   data	    bss	    dec	    hex	filename
  16352	    332	   3196	  19880	   4da8	mpu.elf
Finished building: default.size.stdout
 
21:04:53 **** Incremental Build of configuration Debug for project user_button_demo ****
make -j16 all 
arm-none-eabi-gcc "../Core/Src/main.c" -mcpu=cortex-m7 -std=gnu11 -g3 -DDEBUG -DUSE_HAL_DRIVER -DSTM32F767xx -c -I../Core/Inc -I../Drivers/STM32F7xx_HAL_Driver/Inc -I../Drivers/STM32F7xx_HAL_Driver/Inc/Legacy -I../Drivers/CMSIS/Device/ST/STM32F7xx/Include -I../Drivers/CMSIS/Include -O0 -ffunction-sections -fdata-sections -Wall -fstack-usage -fcyclomatic-complexity -MMD -MP -MF"Core/Src/main.d" -MT"Core/Src/main.o" --specs=nano.specs -mfpu=fpv5-d16 -mfloat-abi=hard -mthumb -o "Core/Src/main.o"
../Core/Src/main.c: In function 'main':
../Core/Src/main.c:96:12: warning: unused variable 'control_register' [-Wunused-variable]
   96 |   uint32_t control_register = __get_CONTROL();
      |            ^~~~~~~~~~~~~~~~
arm-none-eabi-gcc -o "user_button_demo.elf" @"objects.list"   -mcpu=cortex-m7 -T"C:\Users\bakra\Desktop\STM32F767ZI\user_button_demo\STM32F767ZITX_FLASH.ld" --specs=nosys.specs -Wl,-Map="user_button_demo.map" -Wl,--gc-sections -static --specs=nano.specs -mfpu=fpv5-d16 -mfloat-abi=hard -mthumb -Wl,--start-group -lc -lm -Wl,--end-group
C:/ST/STM32CubeIDE_1.11.2/STM32CubeIDE/plugins/com.st.stm32cube.ide.mcu.externaltools.gnu-tools-for-stm32.12.3.rel1.win32_1.1.0.202410251130/tools/bin/../lib/gcc/arm-none-eabi/12.3.1/../../../../arm-none-eabi/bin/ld.exe: warning: user_button_demo.elf has a LOAD segment with RWX permissions
Finished building target: user_button_demo.elf
 
arm-none-eabi-size  user_button_demo.elf 
arm-none-eabi-objdump -h -S user_button_demo.elf  > "user_button_demo.list"
   text	   data	    bss	    dec	    hex	filename
   6800	     20	   1572	   8392	   20c8	user_button_demo.elf
Finished building: default.size.stdout
 
Finished building: user_button_demo.list
 
21:05:33 **** Incremental Build of configuration Debug for project user_button_demo ****
make -j16 all 
arm-none-eabi-gcc "../Core/Src/main.c" -mcpu=cortex-m7 -std=gnu11 -g3 -DDEBUG -DUSE_HAL_DRIVER -DSTM32F767xx -c -I../Core/Inc -I../Drivers/STM32F7xx_HAL_Driver/Inc -I../Drivers/STM32F7xx_HAL_Driver/Inc/Legacy -I../Drivers/CMSIS/Device/ST/STM32F7xx/Include -I../Drivers/CMSIS/Include -O0 -ffunction-sections -fdata-sections -Wall -fstack-usage -fcyclomatic-complexity -MMD -MP -MF"Core/Src/main.d" -MT"Core/Src/main.o" --specs=nano.specs -mfpu=fpv5-d16 -mfloat-abi=hard -mthumb -o "Core/Src/main.o"
../Core/Src/main.c: In function 'main':
../Core/Src/main.c:97:12: warning: unused variable 'control_register' [-Wunused-variable]
   97 |   uint32_t control_register = __get_CONTROL();
      |            ^~~~~~~~~~~~~~~~
arm-none-eabi-gcc -o "user_button_demo.elf" @"objects.list"   -mcpu=cortex-m7 -T"C:\Users\bakra\Desktop\STM32F767ZI\user_button_demo\STM32F767ZITX_FLASH.ld" --specs=nosys.specs -Wl,-Map="user_button_demo.map" -Wl,--gc-sections -static --specs=nano.specs -mfpu=fpv5-d16 -mfloat-abi=hard -mthumb -Wl,--start-group -lc -lm -Wl,--end-group
C:/ST/STM32CubeIDE_1.11.2/STM32CubeIDE/plugins/com.st.stm32cube.ide.mcu.externaltools.gnu-tools-for-stm32.12.3.rel1.win32_1.1.0.202410251130/tools/bin/../lib/gcc/arm-none-eabi/12.3.1/../../../../arm-none-eabi/bin/ld.exe: warning: user_button_demo.elf has a LOAD segment with RWX permissions
Finished building target: user_button_demo.elf
 
arm-none-eabi-size  user_button_demo.elf 
arm-none-eabi-objdump -h -S user_button_demo.elf  > "user_button_demo.list"
   text	   data	    bss	    dec	    hex	filename
   6812	     20	   1572	   8404	   20d4	user_button_demo.elf
Finished building: default.size.stdout
 
Finished building: user_button_demo.list
 
21:05:53 **** Incremental Build of configuration Debug for project user_button_demo ****
make -j16 all 
arm-none-eabi-size  user_button_demo.elf 
   text	   data	    bss	    dec	    hex	filename
   6812	     20	   1572	   8404	   20d4	user_button_demo.elf
Finished building: default.size.stdout
 
21:07:18 **** Incremental Build of configuration Debug for project user_button_demo ****
make -j16 all 
arm-none-eabi-gcc "../Core/Src/main.c" -mcpu=cortex-m7 -std=gnu11 -g3 -DDEBUG -DUSE_HAL_DRIVER -DSTM32F767xx -c -I../Core/Inc -I../Drivers/STM32F7xx_HAL_Driver/Inc -I../Drivers/STM32F7xx_HAL_Driver/Inc/Legacy -I../Drivers/CMSIS/Device/ST/STM32F7xx/Include -I../Drivers/CMSIS/Include -O0 -ffunction-sections -fdata-sections -Wall -fstack-usage -fcyclomatic-complexity -MMD -MP -MF"Core/Src/main.d" -MT"Core/Src/main.o" --specs=nano.specs -mfpu=fpv5-d16 -mfloat-abi=hard -mthumb -o "Core/Src/main.o"
../Core/Src/main.c: In function 'main':
../Core/Src/main.c:97:12: warning: unused variable 'control_register' [-Wunused-variable]
   97 |   uint32_t control_register = __get_CONTROL();
      |            ^~~~~~~~~~~~~~~~
arm-none-eabi-gcc -o "user_button_demo.elf" @"objects.list"   -mcpu=cortex-m7 -T"C:\Users\bakra\Desktop\STM32F767ZI\user_button_demo\STM32F767ZITX_FLASH.ld" --specs=nosys.specs -Wl,-Map="user_button_demo.map" -Wl,--gc-sections -static --specs=nano.specs -mfpu=fpv5-d16 -mfloat-abi=hard -mthumb -Wl,--start-group -lc -lm -Wl,--end-group
C:/ST/STM32CubeIDE_1.11.2/STM32CubeIDE/plugins/com.st.stm32cube.ide.mcu.externaltools.gnu-tools-for-stm32.12.3.rel1.win32_1.1.0.202410251130/tools/bin/../lib/gcc/arm-none-eabi/12.3.1/../../../../arm-none-eabi/bin/ld.exe: warning: user_button_demo.elf has a LOAD segment with RWX permissions
Finished building target: user_button_demo.elf
 
arm-none-eabi-size  user_button_demo.elf 
arm-none-eabi-objdump -h -S user_button_demo.elf  > "user_button_demo.list"
   text	   data	    bss	    dec	    hex	filename
   6812	     20	   1572	   8404	   20d4	user_button_demo.elf
Finished building: default.size.stdout
 
Finished building: user_button_demo.list
 
21:07:53 **** Incremental Build of configuration Debug for project user_button_demo ****
make -j16 all 
arm-none-eabi-gcc "../Core/Src/main.c" -mcpu=cortex-m7 -std=gnu11 -g3 -DDEBUG -DUSE_HAL_DRIVER -DSTM32F767xx -c -I../Core/Inc -I../Drivers/STM32F7xx_HAL_Driver/Inc -I../Drivers/STM32F7xx_HAL_Driver/Inc/Legacy -I../Drivers/CMSIS/Device/ST/STM32F7xx/Include -I../Drivers/CMSIS/Include -O0 -ffunction-sections -fdata-sections -Wall -fstack-usage -fcyclomatic-complexity -MMD -MP -MF"Core/Src/main.d" -MT"Core/Src/main.o" --specs=nano.specs -mfpu=fpv5-d16 -mfloat-abi=hard -mthumb -o "Core/Src/main.o"
../Core/Src/main.c: In function 'main':
../Core/Src/main.c:97:12: warning: unused variable 'control_register' [-Wunused-variable]
   97 |   uint32_t control_register = __get_CONTROL();
      |            ^~~~~~~~~~~~~~~~
arm-none-eabi-gcc -o "user_button_demo.elf" @"objects.list"   -mcpu=cortex-m7 -T"C:\Users\bakra\Desktop\STM32F767ZI\user_button_demo\STM32F767ZITX_FLASH.ld" --specs=nosys.specs -Wl,-Map="user_button_demo.map" -Wl,--gc-sections -static --specs=nano.specs -mfpu=fpv5-d16 -mfloat-abi=hard -mthumb -Wl,--start-group -lc -lm -Wl,--end-group
C:/ST/STM32CubeIDE_1.11.2/STM32CubeIDE/plugins/com.st.stm32cube.ide.mcu.externaltools.gnu-tools-for-stm32.12.3.rel1.win32_1.1.0.202410251130/tools/bin/../lib/gcc/arm-none-eabi/12.3.1/../../../../arm-none-eabi/bin/ld.exe: warning: user_button_demo.elf has a LOAD segment with RWX permissions
Finished building target: user_button_demo.elf
 
arm-none-eabi-size  user_button_demo.elf 
arm-none-eabi-objdump -h -S user_button_demo.elf  > "user_button_demo.list"
   text	   data	    bss	    dec	    hex	filename
   6800	     20	   1572	   8392	   20c8	user_button_demo.elf
Finished building: default.size.stdout
 
Finished building: user_button_demo.list
 
21:09:06 **** Incremental Build of configuration Debug for project user_button_demo ****
make -j16 all 
arm-none-eabi-gcc "../Core/Src/main.c" -mcpu=cortex-m7 -std=gnu11 -g3 -DDEBUG -DUSE_HAL_DRIVER -DSTM32F767xx -c -I../Core/Inc -I../Drivers/STM32F7xx_HAL_Driver/Inc -I../Drivers/STM32F7xx_HAL_Driver/Inc/Legacy -I../Drivers/CMSIS/Device/ST/STM32F7xx/Include -I../Drivers/CMSIS/Include -O0 -ffunction-sections -fdata-sections -Wall -fstack-usage -fcyclomatic-complexity -MMD -MP -MF"Core/Src/main.d" -MT"Core/Src/main.o" --specs=nano.specs -mfpu=fpv5-d16 -mfloat-abi=hard -mthumb -o "Core/Src/main.o"
../Core/Src/main.c: In function 'main':
../Core/Src/main.c:97:12: warning: unused variable 'control_register' [-Wunused-variable]
   97 |   uint32_t control_register = __get_CONTROL();
      |            ^~~~~~~~~~~~~~~~
arm-none-eabi-gcc -o "user_button_demo.elf" @"objects.list"   -mcpu=cortex-m7 -T"C:\Users\bakra\Desktop\STM32F767ZI\user_button_demo\STM32F767ZITX_FLASH.ld" --specs=nosys.specs -Wl,-Map="user_button_demo.map" -Wl,--gc-sections -static --specs=nano.specs -mfpu=fpv5-d16 -mfloat-abi=hard -mthumb -Wl,--start-group -lc -lm -Wl,--end-group
C:/ST/STM32CubeIDE_1.11.2/STM32CubeIDE/plugins/com.st.stm32cube.ide.mcu.externaltools.gnu-tools-for-stm32.12.3.rel1.win32_1.1.0.202410251130/tools/bin/../lib/gcc/arm-none-eabi/12.3.1/../../../../arm-none-eabi/bin/ld.exe: warning: user_button_demo.elf has a LOAD segment with RWX permissions
Finished building target: user_button_demo.elf
 
arm-none-eabi-size  user_button_demo.elf 
arm-none-eabi-objdump -h -S user_button_demo.elf  > "user_button_demo.list"
   text	   data	    bss	    dec	    hex	filename
   6812	     20	   1572	   8404	   20d4	user_button_demo.elf
Finished building: default.size.stdout
 
Finished building: user_button_demo.list
 
21:10:05 **** Incremental Build of configuration Debug for project user_button_demo ****
make -j16 all 
arm-none-eabi-gcc "../Core/Src/main.c" -mcpu=cortex-m7 -std=gnu11 -g3 -DDEBUG -DUSE_HAL_DRIVER -DSTM32F767xx -c -I../Core/Inc -I../Drivers/STM32F7xx_HAL_Driver/Inc -I../Drivers/STM32F7xx_HAL_Driver/Inc/Legacy -I../Drivers/CMSIS/Device/ST/STM32F7xx/Include -I../Drivers/CMSIS/Include -O0 -ffunction-sections -fdata-sections -Wall -fstack-usage -fcyclomatic-complexity -MMD -MP -MF"Core/Src/main.d" -MT"Core/Src/main.o" --specs=nano.specs -mfpu=fpv5-d16 -mfloat-abi=hard -mthumb -o "Core/Src/main.o"
../Core/Src/main.c: In function 'main':
../Core/Src/main.c:97:12: warning: unused variable 'control_register' [-Wunused-variable]
   97 |   uint32_t control_register = __get_CONTROL();
      |            ^~~~~~~~~~~~~~~~
arm-none-eabi-gcc -o "user_button_demo.elf" @"objects.list"   -mcpu=cortex-m7 -T"C:\Users\bakra\Desktop\STM32F767ZI\user_button_demo\STM32F767ZITX_FLASH.ld" --specs=nosys.specs -Wl,-Map="user_button_demo.map" -Wl,--gc-sections -static --specs=nano.specs -mfpu=fpv5-d16 -mfloat-abi=hard -mthumb -Wl,--start-group -lc -lm -Wl,--end-group
C:/ST/STM32CubeIDE_1.11.2/STM32CubeIDE/plugins/com.st.stm32cube.ide.mcu.externaltools.gnu-tools-for-stm32.12.3.rel1.win32_1.1.0.202410251130/tools/bin/../lib/gcc/arm-none-eabi/12.3.1/../../../../arm-none-eabi/bin/ld.exe: warning: user_button_demo.elf has a LOAD segment with RWX permissions
Finished building target: user_button_demo.elf
 
arm-none-eabi-size  user_button_demo.elf 
arm-none-eabi-objdump -h -S user_button_demo.elf  > "user_button_demo.list"
   text	   data	    bss	    dec	    hex	filename
   6800	     20	   1572	   8392	   20c8	user_button_demo.elf
Finished building: default.size.stdout
 
Finished building: user_button_demo.list
 
21:12:43 **** Incremental Build of configuration Debug for project user_button_demo ****
make -j16 all 
arm-none-eabi-size  user_button_demo.elf 
   text	   data	    bss	    dec	    hex	filename
   6800	     20	   1572	   8392	   20c8	user_button_demo.elf
Finished building: default.size.stdout
 
21:14:31 **** Incremental Build of configuration Debug for project user_button_demo ****
make -j16 all 
arm-none-eabi-gcc "../Core/Src/main.c" -mcpu=cortex-m7 -std=gnu11 -g3 -DDEBUG -DUSE_HAL_DRIVER -DSTM32F767xx -c -I../Core/Inc -I../Drivers/STM32F7xx_HAL_Driver/Inc -I../Drivers/STM32F7xx_HAL_Driver/Inc/Legacy -I../Drivers/CMSIS/Device/ST/STM32F7xx/Include -I../Drivers/CMSIS/Include -O0 -ffunction-sections -fdata-sections -Wall -fstack-usage -fcyclomatic-complexity -MMD -MP -MF"Core/Src/main.d" -MT"Core/Src/main.o" --specs=nano.specs -mfpu=fpv5-d16 -mfloat-abi=hard -mthumb -o "Core/Src/main.o"
../Core/Src/main.c: In function 'main':
../Core/Src/main.c:97:12: warning: unused variable 'control_register' [-Wunused-variable]
   97 |   uint32_t control_register = __get_CONTROL();
      |            ^~~~~~~~~~~~~~~~
arm-none-eabi-gcc -o "user_button_demo.elf" @"objects.list"   -mcpu=cortex-m7 -T"C:\Users\bakra\Desktop\STM32F767ZI\user_button_demo\STM32F767ZITX_FLASH.ld" --specs=nosys.specs -Wl,-Map="user_button_demo.map" -Wl,--gc-sections -static --specs=nano.specs -mfpu=fpv5-d16 -mfloat-abi=hard -mthumb -Wl,--start-group -lc -lm -Wl,--end-group
C:/ST/STM32CubeIDE_1.11.2/STM32CubeIDE/plugins/com.st.stm32cube.ide.mcu.externaltools.gnu-tools-for-stm32.12.3.rel1.win32_1.1.0.202410251130/tools/bin/../lib/gcc/arm-none-eabi/12.3.1/../../../../arm-none-eabi/bin/ld.exe: warning: user_button_demo.elf has a LOAD segment with RWX permissions
Finished building target: user_button_demo.elf
 
arm-none-eabi-size  user_button_demo.elf 
arm-none-eabi-objdump -h -S user_button_demo.elf  > "user_button_demo.list"
   text	   data	    bss	    dec	    hex	filename
   6812	     20	   1572	   8404	   20d4	user_button_demo.elf
Finished building: default.size.stdout
 
Finished building: user_button_demo.list
 
21:15:10 **** Incremental Build of configuration Debug for project user_button_demo ****
make -j16 all 
arm-none-eabi-gcc "../Core/Src/main.c" -mcpu=cortex-m7 -std=gnu11 -g3 -DDEBUG -DUSE_HAL_DRIVER -DSTM32F767xx -c -I../Core/Inc -I../Drivers/STM32F7xx_HAL_Driver/Inc -I../Drivers/STM32F7xx_HAL_Driver/Inc/Legacy -I../Drivers/CMSIS/Device/ST/STM32F7xx/Include -I../Drivers/CMSIS/Include -O0 -ffunction-sections -fdata-sections -Wall -fstack-usage -fcyclomatic-complexity -MMD -MP -MF"Core/Src/main.d" -MT"Core/Src/main.o" --specs=nano.specs -mfpu=fpv5-d16 -mfloat-abi=hard -mthumb -o "Core/Src/main.o"
arm-none-eabi-gcc -o "user_button_demo.elf" @"objects.list"   -mcpu=cortex-m7 -T"C:\Users\bakra\Desktop\STM32F767ZI\user_button_demo\STM32F767ZITX_FLASH.ld" --specs=nosys.specs -Wl,-Map="user_button_demo.map" -Wl,--gc-sections -static --specs=nano.specs -mfpu=fpv5-d16 -mfloat-abi=hard -mthumb -Wl,--start-group -lc -lm -Wl,--end-group
C:/ST/STM32CubeIDE_1.11.2/STM32CubeIDE/plugins/com.st.stm32cube.ide.mcu.externaltools.gnu-tools-for-stm32.12.3.rel1.win32_1.1.0.202410251130/tools/bin/../lib/gcc/arm-none-eabi/12.3.1/../../../../arm-none-eabi/bin/ld.exe: warning: user_button_demo.elf has a LOAD segment with RWX permissions
Finished building target: user_button_demo.elf
 
arm-none-eabi-size  user_button_demo.elf 
arm-none-eabi-objdump -h -S user_button_demo.elf  > "user_button_demo.list"
   text	   data	    bss	    dec	    hex	filename
   6776	     20	   1572	   8368	   20b0	user_button_demo.elf
Finished building: default.size.stdout
 
Finished building: user_button_demo.list
 
