20:50:03 **** Incremental Build of configuration Debug for project TMP1075_temp_i2c ****
make -j16 all 
arm-none-eabi-gcc "../Drivers/STM32F7xx_HAL_Driver/Src/stm32f7xx_hal_i2c.c" -mcpu=cortex-m7 -std=gnu11 -g3 -DDEBUG -DUSE_HAL_DRIVER -DSTM32F767xx -c -I../Core/Inc -I../Drivers/STM32F7xx_HAL_Driver/Inc -I../Drivers/STM32F7xx_HAL_Driver/Inc/Legacy -I../Drivers/CMSIS/Device/ST/STM32F7xx/Include -I../Drivers/CMSIS/Include -O0 -ffunction-sections -fdata-sections -Wall -fstack-usage -fcyclomatic-complexity -MMD -MP -MF"Drivers/STM32F7xx_HAL_Driver/Src/stm32f7xx_hal_i2c.d" -MT"Drivers/STM32F7xx_HAL_Driver/Src/stm32f7xx_hal_i2c.o" --specs=nano.specs -mfpu=fpv5-d16 -mfloat-abi=hard -mthumb -o "Drivers/STM32F7xx_HAL_Driver/Src/stm32f7xx_hal_i2c.o"
arm-none-eabi-gcc "../Core/Src/main.c" -mcpu=cortex-m7 -std=gnu11 -g3 -DDEBUG -DUSE_HAL_DRIVER -DSTM32F767xx -c -I../Core/Inc -I../Drivers/STM32F7xx_HAL_Driver/Inc -I../Drivers/STM32F7xx_HAL_Driver/Inc/Legacy -I../Drivers/CMSIS/Device/ST/STM32F7xx/Include -I../Drivers/CMSIS/Include -O0 -ffunction-sections -fdata-sections -Wall -fstack-usage -fcyclomatic-complexity -MMD -MP -MF"Core/Src/main.d" -MT"Core/Src/main.o" --specs=nano.specs -mfpu=fpv5-d16 -mfloat-abi=hard -mthumb -o "Core/Src/main.o"
../Core/Src/main.c: In function 'main':
../Core/Src/main.c:106:15: warning: unused variable 'temp_farenheit' [-Wunused-variable]
  106 |         float temp_farenheit = temp_celsius * 1.8 + 32;
      |               ^~~~~~~~~~~~~~
arm-none-eabi-gcc -o "TMP1075_temp_i2c.elf" @"objects.list"   -mcpu=cortex-m7 -T"C:\Users\bakra\Desktop\STM32F767ZI\TMP1075_temp_i2c\STM32F767ZITX_FLASH.ld" --specs=nosys.specs -Wl,-Map="TMP1075_temp_i2c.map" -Wl,--gc-sections -static --specs=nano.specs -mfpu=fpv5-d16 -mfloat-abi=hard -mthumb -Wl,--start-group -lc -lm -Wl,--end-group
Finished building target: TMP1075_temp_i2c.elf
 
arm-none-eabi-size  TMP1075_temp_i2c.elf 
arm-none-eabi-objdump -h -S TMP1075_temp_i2c.elf  > "TMP1075_temp_i2c.list"
   text	   data	    bss	    dec	    hex	filename
  11552	     12	   1652	  13216	   33a0	TMP1075_temp_i2c.elf
Finished building: default.size.stdout
 
Finished building: TMP1075_temp_i2c.list
 
20:50:26 **** Incremental Build of configuration Debug for project TMP1075_temp_i2c ****
make -j16 all 
arm-none-eabi-size  TMP1075_temp_i2c.elf 
   text	   data	    bss	    dec	    hex	filename
  11552	     12	   1652	  13216	   33a0	TMP1075_temp_i2c.elf
Finished building: default.size.stdout
 
20:52:13 **** Incremental Build of configuration Debug for project TMP1075_temp_i2c ****
make -j16 all 
arm-none-eabi-gcc "../Core/Src/main.c" -mcpu=cortex-m7 -std=gnu11 -g3 -DDEBUG -DUSE_HAL_DRIVER -DSTM32F767xx -c -I../Core/Inc -I../Drivers/STM32F7xx_HAL_Driver/Inc -I../Drivers/STM32F7xx_HAL_Driver/Inc/Legacy -I../Drivers/CMSIS/Device/ST/STM32F7xx/Include -I../Drivers/CMSIS/Include -O0 -ffunction-sections -fdata-sections -Wall -fstack-usage -fcyclomatic-complexity -MMD -MP -MF"Core/Src/main.d" -MT"Core/Src/main.o" --specs=nano.specs -mfpu=fpv5-d16 -mfloat-abi=hard -mthumb -o "Core/Src/main.o"
../Core/Src/main.c: In function 'main':
../Core/Src/main.c:106:15: warning: unused variable 'temp_farenheit' [-Wunused-variable]
  106 |         float temp_farenheit = temp_celsius * 1.8 + 32;
      |               ^~~~~~~~~~~~~~
arm-none-eabi-gcc -o "TMP1075_temp_i2c.elf" @"objects.list"   -mcpu=cortex-m7 -T"C:\Users\bakra\Desktop\STM32F767ZI\TMP1075_temp_i2c\STM32F767ZITX_FLASH.ld" --specs=nosys.specs -Wl,-Map="TMP1075_temp_i2c.map" -Wl,--gc-sections -static --specs=nano.specs -mfpu=fpv5-d16 -mfloat-abi=hard -mthumb -Wl,--start-group -lc -lm -Wl,--end-group
Finished building target: TMP1075_temp_i2c.elf
 
arm-none-eabi-size  TMP1075_temp_i2c.elf 
arm-none-eabi-objdump -h -S TMP1075_temp_i2c.elf  > "TMP1075_temp_i2c.list"
   text	   data	    bss	    dec	    hex	filename
  11552	     12	   1652	  13216	   33a0	TMP1075_temp_i2c.elf
Finished building: default.size.stdout
 
Finished building: TMP1075_temp_i2c.list
 
22:20:12 **** Incremental Build of configuration Debug for project TMP1075_temp_i2c ****
make -j16 all 
arm-none-eabi-gcc "../Core/Src/main.c" -mcpu=cortex-m7 -std=gnu11 -g3 -DDEBUG -DUSE_HAL_DRIVER -DSTM32F767xx -c -I../Core/Inc -I../Drivers/STM32F7xx_HAL_Driver/Inc -I../Drivers/STM32F7xx_HAL_Driver/Inc/Legacy -I../Drivers/CMSIS/Device/ST/STM32F7xx/Include -I../Drivers/CMSIS/Include -O0 -ffunction-sections -fdata-sections -Wall -fstack-usage -fcyclomatic-complexity -MMD -MP -MF"Core/Src/main.d" -MT"Core/Src/main.o" --specs=nano.specs -mfpu=fpv5-d16 -mfloat-abi=hard -mthumb -o "Core/Src/main.o"
../Core/Src/main.c: In function 'main':
../Core/Src/main.c:106:15: warning: unused variable 'temp_farenheit' [-Wunused-variable]
  106 |         float temp_farenheit = temp_celsius * 1.8 + 32;
      |               ^~~~~~~~~~~~~~
arm-none-eabi-gcc -o "TMP1075_temp_i2c.elf" @"objects.list"   -mcpu=cortex-m7 -T"C:\Users\bakra\Desktop\STM32F767ZI\TMP1075_temp_i2c\STM32F767ZITX_FLASH.ld" --specs=nosys.specs -Wl,-Map="TMP1075_temp_i2c.map" -Wl,--gc-sections -static --specs=nano.specs -mfpu=fpv5-d16 -mfloat-abi=hard -mthumb -Wl,--start-group -lc -lm -Wl,--end-group
Finished building target: TMP1075_temp_i2c.elf
 
arm-none-eabi-size  TMP1075_temp_i2c.elf 
arm-none-eabi-objdump -h -S TMP1075_temp_i2c.elf  > "TMP1075_temp_i2c.list"
   text	   data	    bss	    dec	    hex	filename
  12304	     12	   1652	  13968	   3690	TMP1075_temp_i2c.elf
Finished building: default.size.stdout
 
Finished building: TMP1075_temp_i2c.list
 
22:20:46 **** Incremental Build of configuration Debug for project TMP1075_temp_i2c ****
make -j16 all 
arm-none-eabi-size  TMP1075_temp_i2c.elf 
   text	   data	    bss	    dec	    hex	filename
  12304	     12	   1652	  13968	   3690	TMP1075_temp_i2c.elf
Finished building: default.size.stdout
 
21:17:05 **** Incremental Build of configuration Debug for project TMP1075_temp_i2c ****
make -j16 all 
arm-none-eabi-gcc "../Core/Src/main.c" -mcpu=cortex-m7 -std=gnu11 -g3 -DDEBUG -DUSE_HAL_DRIVER -DSTM32F767xx -c -I../Core/Inc -I../Drivers/STM32F7xx_HAL_Driver/Inc -I../Drivers/STM32F7xx_HAL_Driver/Inc/Legacy -I../Drivers/CMSIS/Device/ST/STM32F7xx/Include -I../Drivers/CMSIS/Include -O0 -ffunction-sections -fdata-sections -Wall -fstack-usage -fcyclomatic-complexity -MMD -MP -MF"Core/Src/main.d" -MT"Core/Src/main.o" --specs=nano.specs -mfpu=fpv5-d16 -mfloat-abi=hard -mthumb -o "Core/Src/main.o"
../Core/Src/main.c: In function 'main':
../Core/Src/main.c:106:15: warning: unused variable 'temp_farenheit' [-Wunused-variable]
  106 |         float temp_farenheit = temp_celsius * 1.8 + 32;
      |               ^~~~~~~~~~~~~~
arm-none-eabi-gcc -o "TMP1075_temp_i2c.elf" @"objects.list"   -mcpu=cortex-m7 -T"C:\Users\bakra\Desktop\STM32F767ZI\TMP1075_temp_i2c\STM32F767ZITX_FLASH.ld" --specs=nosys.specs -Wl,-Map="TMP1075_temp_i2c.map" -Wl,--gc-sections -static --specs=nano.specs -mfpu=fpv5-d16 -mfloat-abi=hard -mthumb -Wl,--start-group -lc -lm -Wl,--end-group
Finished building target: TMP1075_temp_i2c.elf
 
arm-none-eabi-size  TMP1075_temp_i2c.elf 
arm-none-eabi-objdump -h -S TMP1075_temp_i2c.elf  > "TMP1075_temp_i2c.list"
   text	   data	    bss	    dec	    hex	filename
  11552	     12	   1652	  13216	   33a0	TMP1075_temp_i2c.elf
Finished building: default.size.stdout
 
Finished building: TMP1075_temp_i2c.list
 
21:29:53 **** Incremental Build of configuration Debug for project TMP1075_temp_i2c ****
make -j16 all 
arm-none-eabi-gcc "../Core/Src/main.c" -mcpu=cortex-m7 -std=gnu11 -g3 -DDEBUG -DUSE_HAL_DRIVER -DSTM32F767xx -c -I../Core/Inc -I../Drivers/STM32F7xx_HAL_Driver/Inc -I../Drivers/STM32F7xx_HAL_Driver/Inc/Legacy -I../Drivers/CMSIS/Device/ST/STM32F7xx/Include -I../Drivers/CMSIS/Include -O0 -ffunction-sections -fdata-sections -Wall -fstack-usage -fcyclomatic-complexity -MMD -MP -MF"Core/Src/main.d" -MT"Core/Src/main.o" --specs=nano.specs -mfpu=fpv5-d16 -mfloat-abi=hard -mthumb -o "Core/Src/main.o"
../Core/Src/main.c: In function 'main':
../Core/Src/main.c:118:17: error: 'temp' undeclared (first use in this function)
  118 |                 temp = read_binary * .0625;
      |                 ^~~~
../Core/Src/main.c:118:17: note: each undeclared identifier is reported only once for each function it appears in
../Core/Src/main.c:109:15: warning: variable 'temp_celsius' set but not used [-Wunused-but-set-variable]
  109 |         float temp_celsius = 0;
      |               ^~~~~~~~~~~~
make: *** [Core/Src/subdir.mk:34: Core/Src/main.o] Error 1
"make -j16 all" terminated with exit code 2. Build might be incomplete.
21:30:31 **** Incremental Build of configuration Debug for project TMP1075_temp_i2c ****
make -j16 all 
arm-none-eabi-gcc "../Core/Src/main.c" -mcpu=cortex-m7 -std=gnu11 -g3 -DDEBUG -DUSE_HAL_DRIVER -DSTM32F767xx -c -I../Core/Inc -I../Drivers/STM32F7xx_HAL_Driver/Inc -I../Drivers/STM32F7xx_HAL_Driver/Inc/Legacy -I../Drivers/CMSIS/Device/ST/STM32F7xx/Include -I../Drivers/CMSIS/Include -O0 -ffunction-sections -fdata-sections -Wall -fstack-usage -fcyclomatic-complexity -MMD -MP -MF"Core/Src/main.d" -MT"Core/Src/main.o" --specs=nano.specs -mfpu=fpv5-d16 -mfloat-abi=hard -mthumb -o "Core/Src/main.o"
../Core/Src/main.c: In function 'main':
../Core/Src/main.c:109:15: warning: variable 'temp_celsius' set but not used [-Wunused-but-set-variable]
  109 |         float temp_celsius = 0;
      |               ^~~~~~~~~~~~
arm-none-eabi-gcc -o "TMP1075_temp_i2c.elf" @"objects.list"   -mcpu=cortex-m7 -T"C:\Users\bakra\Desktop\STM32F767ZI\TMP1075_temp_i2c\STM32F767ZITX_FLASH.ld" --specs=nosys.specs -Wl,-Map="TMP1075_temp_i2c.map" -Wl,--gc-sections -static --specs=nano.specs -mfpu=fpv5-d16 -mfloat-abi=hard -mthumb -Wl,--start-group -lc -lm -Wl,--end-group
Finished building target: TMP1075_temp_i2c.elf
 
arm-none-eabi-size  TMP1075_temp_i2c.elf 
arm-none-eabi-objdump -h -S TMP1075_temp_i2c.elf  > "TMP1075_temp_i2c.list"
   text	   data	    bss	    dec	    hex	filename
  11552	     12	   1652	  13216	   33a0	TMP1075_temp_i2c.elf
Finished building: default.size.stdout
 
Finished building: TMP1075_temp_i2c.list
 
21:53:47 **** Incremental Build of configuration Debug for project TMP1075_temp_i2c ****
make -j16 all 
arm-none-eabi-size  TMP1075_temp_i2c.elf 
   text	   data	    bss	    dec	    hex	filename
  11552	     12	   1652	  13216	   33a0	TMP1075_temp_i2c.elf
Finished building: default.size.stdout
 
21:58:11 **** Incremental Build of configuration Debug for project TMP1075_temp_i2c ****
make -j16 all 
arm-none-eabi-gcc "../Core/Src/main.c" -mcpu=cortex-m7 -std=gnu11 -g3 -DDEBUG -DUSE_HAL_DRIVER -DSTM32F767xx -c -I../Core/Inc -I../Drivers/STM32F7xx_HAL_Driver/Inc -I../Drivers/STM32F7xx_HAL_Driver/Inc/Legacy -I../Drivers/CMSIS/Device/ST/STM32F7xx/Include -I../Drivers/CMSIS/Include -O0 -ffunction-sections -fdata-sections -Wall -fstack-usage -fcyclomatic-complexity -MMD -MP -MF"Core/Src/main.d" -MT"Core/Src/main.o" --specs=nano.specs -mfpu=fpv5-d16 -mfloat-abi=hard -mthumb -o "Core/Src/main.o"
../Core/Src/main.c: In function 'main':
../Core/Src/main.c:109:15: warning: variable 'temp_celsius' set but not used [-Wunused-but-set-variable]
  109 |         float temp_celsius = 0;
      |               ^~~~~~~~~~~~
arm-none-eabi-gcc -o "TMP1075_temp_i2c.elf" @"objects.list"   -mcpu=cortex-m7 -T"C:\Users\bakra\Desktop\STM32F767ZI\TMP1075_temp_i2c\STM32F767ZITX_FLASH.ld" --specs=nosys.specs -Wl,-Map="TMP1075_temp_i2c.map" -Wl,--gc-sections -static --specs=nano.specs -mfpu=fpv5-d16 -mfloat-abi=hard -mthumb -Wl,--start-group -lc -lm -Wl,--end-group
Finished building target: TMP1075_temp_i2c.elf
 
arm-none-eabi-size  TMP1075_temp_i2c.elf 
arm-none-eabi-objdump -h -S TMP1075_temp_i2c.elf  > "TMP1075_temp_i2c.list"
   text	   data	    bss	    dec	    hex	filename
   9716	     12	   1652	  11380	   2c74	TMP1075_temp_i2c.elf
Finished building: default.size.stdout
 
Finished building: TMP1075_temp_i2c.list
 
22:00:22 **** Incremental Build of configuration Debug for project TMP1075_temp_i2c ****
make -j16 all 
arm-none-eabi-gcc "../Core/Src/main.c" -mcpu=cortex-m7 -std=gnu11 -g3 -DDEBUG -DUSE_HAL_DRIVER -DSTM32F767xx -c -I../Core/Inc -I../Drivers/STM32F7xx_HAL_Driver/Inc -I../Drivers/STM32F7xx_HAL_Driver/Inc/Legacy -I../Drivers/CMSIS/Device/ST/STM32F7xx/Include -I../Drivers/CMSIS/Include -O0 -ffunction-sections -fdata-sections -Wall -fstack-usage -fcyclomatic-complexity -MMD -MP -MF"Core/Src/main.d" -MT"Core/Src/main.o" --specs=nano.specs -mfpu=fpv5-d16 -mfloat-abi=hard -mthumb -o "Core/Src/main.o"
../Core/Src/main.c: In function 'main':
../Core/Src/main.c:109:15: warning: variable 'temp_celsius' set but not used [-Wunused-but-set-variable]
  109 |         float temp_celsius = 0;
      |               ^~~~~~~~~~~~
arm-none-eabi-gcc -o "TMP1075_temp_i2c.elf" @"objects.list"   -mcpu=cortex-m7 -T"C:\Users\bakra\Desktop\STM32F767ZI\TMP1075_temp_i2c\STM32F767ZITX_FLASH.ld" --specs=nosys.specs -Wl,-Map="TMP1075_temp_i2c.map" -Wl,--gc-sections -static --specs=nano.specs -mfpu=fpv5-d16 -mfloat-abi=hard -mthumb -Wl,--start-group -lc -lm -Wl,--end-group
Finished building target: TMP1075_temp_i2c.elf
 
arm-none-eabi-size  TMP1075_temp_i2c.elf 
arm-none-eabi-objdump -h -S TMP1075_temp_i2c.elf  > "TMP1075_temp_i2c.list"
   text	   data	    bss	    dec	    hex	filename
   9716	     12	   1652	  11380	   2c74	TMP1075_temp_i2c.elf
Finished building: default.size.stdout
 
Finished building: TMP1075_temp_i2c.list
 
22:02:17 **** Incremental Build of configuration Debug for project TMP1075_temp_i2c ****
make -j16 all 
arm-none-eabi-gcc "../Core/Src/main.c" -mcpu=cortex-m7 -std=gnu11 -g3 -DDEBUG -DUSE_HAL_DRIVER -DSTM32F767xx -c -I../Core/Inc -I../Drivers/STM32F7xx_HAL_Driver/Inc -I../Drivers/STM32F7xx_HAL_Driver/Inc/Legacy -I../Drivers/CMSIS/Device/ST/STM32F7xx/Include -I../Drivers/CMSIS/Include -O0 -ffunction-sections -fdata-sections -Wall -fstack-usage -fcyclomatic-complexity -MMD -MP -MF"Core/Src/main.d" -MT"Core/Src/main.o" --specs=nano.specs -mfpu=fpv5-d16 -mfloat-abi=hard -mthumb -o "Core/Src/main.o"
../Core/Src/main.c: In function 'main':
../Core/Src/main.c:109:15: warning: variable 'temp_celsius' set but not used [-Wunused-but-set-variable]
  109 |         float temp_celsius = 0;
      |               ^~~~~~~~~~~~
arm-none-eabi-gcc -o "TMP1075_temp_i2c.elf" @"objects.list"   -mcpu=cortex-m7 -T"C:\Users\bakra\Desktop\STM32F767ZI\TMP1075_temp_i2c\STM32F767ZITX_FLASH.ld" --specs=nosys.specs -Wl,-Map="TMP1075_temp_i2c.map" -Wl,--gc-sections -static --specs=nano.specs -mfpu=fpv5-d16 -mfloat-abi=hard -mthumb -Wl,--start-group -lc -lm -Wl,--end-group
Finished building target: TMP1075_temp_i2c.elf
 
arm-none-eabi-size  TMP1075_temp_i2c.elf 
arm-none-eabi-objdump -h -S TMP1075_temp_i2c.elf  > "TMP1075_temp_i2c.list"
   text	   data	    bss	    dec	    hex	filename
   9716	     12	   1652	  11380	   2c74	TMP1075_temp_i2c.elf
Finished building: default.size.stdout
 
Finished building: TMP1075_temp_i2c.list
 
