18:40:56 **** Incremental Build of configuration Debug for project mpu ****
make -j16 all 
arm-none-eabi-gcc "../Core/Src/main.c" -mcpu=cortex-m7 -std=gnu11 -g3 -DDEBUG -DUSE_HAL_DRIVER -DSTM32F767xx -c -I../Core/Inc -I../Drivers/STM32F7xx_HAL_Driver/Inc -I../Drivers/STM32F7xx_HAL_Driver/Inc/Legacy -I../Drivers/CMSIS/Device/ST/STM32F7xx/Include -I../Drivers/CMSIS/Include -I../Middlewares/Third_Party/FreeRTOS/Source/include -I../Middlewares/Third_Party/FreeRTOS/Source/CMSIS_RTOS_V2 -I../Middlewares/Third_Party/FreeRTOS/Source/portable/GCC/ARM_CM7/r0p1 -O0 -ffunction-sections -fdata-sections -Wall -fstack-usage -fcyclomatic-complexity -MMD -MP -MF"Core/Src/main.d" -MT"Core/Src/main.o" --specs=nano.specs -mfpu=fpv5-d16 -mfloat-abi=hard -mthumb -o "Core/Src/main.o"
../Core/Src/main.c: In function 'main':
../Core/Src/main.c:134:12: warning: unused variable 'a' [-Wunused-variable]
  134 |   uint32_t a =__get_IPSR();
      |            ^
../Core/Src/main.c: In function 'StartDefaultTask':
../Core/Src/main.c:319:12: warning: unused variable 'b' [-Wunused-variable]
  319 |   uint32_t b =__get_IPSR();
      |            ^
arm-none-eabi-gcc -o "mpu.elf" @"objects.list"   -mcpu=cortex-m7 -T"C:\Users\bakra\Desktop\STM32F767ZI\mpu\STM32F767ZITX_FLASH.ld" --specs=nosys.specs -Wl,-Map="mpu.map" -Wl,--gc-sections -static --specs=nano.specs -mfpu=fpv5-d16 -mfloat-abi=hard -mthumb -Wl,--start-group -lc -lm -Wl,--end-group
Finished building target: mpu.elf
 
arm-none-eabi-size  mpu.elf 
arm-none-eabi-objdump -h -S mpu.elf  > "mpu.list"
   text	   data	    bss	    dec	    hex	filename
  17944	     16	  20336	  38296	   9598	mpu.elf
Finished building: default.size.stdout
 
Finished building: mpu.list
 

18:40:57 Build Finished. 0 errors, 2 warnings. (took 1s.20ms)

