15:46:25 **** Incremental Build of configuration Debug for project rw_flash ****
make -j16 all 
arm-none-eabi-gcc "../Core/Src/stm32f7xx_hal_msp.c" -mcpu=cortex-m7 -std=gnu11 -g3 -DDEBUG -DUSE_HAL_DRIVER -DSTM32F767xx -c -I../Core/Inc -I../Drivers/STM32F7xx_HAL_Driver/Inc -I../Drivers/STM32F7xx_HAL_Driver/Inc/Legacy -I../Drivers/CMSIS/Device/ST/STM32F7xx/Include -I../Drivers/CMSIS/Include -O0 -ffunction-sections -fdata-sections -Wall -fstack-usage -fcyclomatic-complexity -MMD -MP -MF"Core/Src/stm32f7xx_hal_msp.d" -MT"Core/Src/stm32f7xx_hal_msp.o" --specs=nano.specs -mfpu=fpv5-d16 -mfloat-abi=hard -mthumb -o "Core/Src/stm32f7xx_hal_msp.o"
arm-none-eabi-gcc -o "rw_flash.elf" @"objects.list"   -mcpu=cortex-m7 -T"C:\Users\bakra\Desktop\STM32F767ZI\rw_flash\STM32F767ZITX_FLASH.ld" --specs=nosys.specs -Wl,-Map="rw_flash.map" -Wl,--gc-sections -static --specs=nano.specs -mfpu=fpv5-d16 -mfloat-abi=hard -mthumb -Wl,--start-group -lc -lm -Wl,--end-group
Finished building target: rw_flash.elf
 
arm-none-eabi-size  rw_flash.elf 
arm-none-eabi-objdump -h -S rw_flash.elf  > "rw_flash.list"
   text	   data	    bss	    dec	    hex	filename
   7480	     12	   1596	   9088	   2380	rw_flash.elf
Finished building: default.size.stdout
 
Finished building: rw_flash.list
 

15:46:27 Build Finished. 0 errors, 0 warnings. (took 2s.86ms)

