20:48:02 **** Incremental Build of configuration Debug for project spi_dma_rcpt ****
make -j16 all 
arm-none-eabi-gcc "../Core/Src/main.c" -mcpu=cortex-m7 -std=gnu11 -g3 -DDEBUG -DUSE_HAL_DRIVER -DSTM32F767xx -c -I../Core/Inc -I../Drivers/STM32F7xx_HAL_Driver/Inc -I../Drivers/STM32F7xx_HAL_Driver/Inc/Legacy -I../Drivers/CMSIS/Device/ST/STM32F7xx/Include -I../Drivers/CMSIS/Include -O0 -ffunction-sections -fdata-sections -Wall -fstack-usage -fcyclomatic-complexity -MMD -MP -MF"Core/Src/main.d" -MT"Core/Src/main.o" --specs=nano.specs -mfpu=fpv5-d16 -mfloat-abi=hard -mthumb -o "Core/Src/main.o"
../Core/Src/main.c: In function 'print_to_uart':
../Core/Src/main.c:64:41: warning: implicit declaration of function 'strlen' [-Wimplicit-function-declaration]
   64 |         HAL_UART_Transmit(&huart4, str, strlen(str), 500);
      |                                         ^~~~~~
../Core/Src/main.c:21:1: note: include '<string.h>' or provide a declaration of 'strlen'
   20 | #include "main.h"
  +++ |+#include <string.h>
   21 | 
../Core/Src/main.c:64:41: warning: incompatible implicit declaration of built-in function 'strlen' [-Wbuiltin-declaration-mismatch]
   64 |         HAL_UART_Transmit(&huart4, str, strlen(str), 500);
      |                                         ^~~~~~
../Core/Src/main.c:64:41: note: include '<string.h>' or provide a declaration of 'strlen'
../Core/Src/main.c:64:48: warning: pointer targets in passing argument 1 of 'strlen' differ in signedness [-Wpointer-sign]
   64 |         HAL_UART_Transmit(&huart4, str, strlen(str), 500);
      |                                                ^~~
      |                                                |
      |                                                uint8_t * {aka unsigned char *}
../Core/Src/main.c:64:48: note: expected 'const char *' but argument is of type 'uint8_t *' {aka 'unsigned char *'}
../Core/Src/main.c:65:36: warning: pointer targets in passing argument 2 of 'HAL_UART_Transmit' differ in signedness [-Wpointer-sign]
   65 |         HAL_UART_Transmit(&huart4, "\r\n", 2, 500);
      |                                    ^~~~~~
      |                                    |
      |                                    char *
In file included from ../Core/Inc/stm32f7xx_hal_conf.h:415,
                 from ../Drivers/STM32F7xx_HAL_Driver/Inc/stm32f7xx_hal.h:29,
                 from ../Core/Inc/main.h:30,
                 from ../Core/Src/main.c:20:
../Drivers/STM32F7xx_HAL_Driver/Inc/stm32f7xx_hal_uart.h:1553:79: note: expected 'const uint8_t *' {aka 'const unsigned char *'} but argument is of type 'char *'
 1553 | HAL_StatusTypeDef HAL_UART_Transmit(UART_HandleTypeDef *huart, const uint8_t *pData, uint16_t Size, uint32_t Timeout);
      |                                                                ~~~~~~~~~~~~~~~^~~~~
../Core/Src/main.c: In function 'main':
../Core/Src/main.c:108:23: warning: passing argument 1 of 'print_to_uart' from incompatible pointer type [-Wincompatible-pointer-types]
  108 |         print_to_uart(&test);
      |                       ^~~~~
      |                       |
      |                       uint8_t (*)[100] {aka unsigned char (*)[100]}
../Core/Src/main.c:63:29: note: expected 'uint8_t *' {aka 'unsigned char *'} but argument is of type 'uint8_t (*)[100]' {aka 'unsigned char (*)[100]'}
   63 | void print_to_uart(uint8_t* str){
      |                    ~~~~~~~~~^~~
arm-none-eabi-gcc -o "spi_dma_rcpt.elf" @"objects.list"   -mcpu=cortex-m7 -T"C:\Users\bakra\Desktop\STM32F767ZI\spi_dma_rcpt\STM32F767ZITX_FLASH.ld" --specs=nosys.specs -Wl,-Map="spi_dma_rcpt.map" -Wl,--gc-sections -static --specs=nano.specs -mfpu=fpv5-d16 -mfloat-abi=hard -mthumb -Wl,--start-group -lc -lm -Wl,--end-group
Finished building target: spi_dma_rcpt.elf
 
arm-none-eabi-size  spi_dma_rcpt.elf 
arm-none-eabi-objdump -h -S spi_dma_rcpt.elf  > "spi_dma_rcpt.list"
   text	   data	    bss	    dec	    hex	filename
  13200	     12	   1804	  15016	   3aa8	spi_dma_rcpt.elf
Finished building: default.size.stdout
 
Finished building: spi_dma_rcpt.list
 

20:48:03 Build Finished. 0 errors, 5 warnings. (took 697ms)

