21:15:10 **** Incremental Build of configuration Debug for project user_button_demo ****
make -j16 all 
arm-none-eabi-gcc "../Core/Src/main.c" -mcpu=cortex-m7 -std=gnu11 -g3 -DDEBUG -DUSE_HAL_DRIVER -DSTM32F767xx -c -I../Core/Inc -I../Drivers/STM32F7xx_HAL_Driver/Inc -I../Drivers/STM32F7xx_HAL_Driver/Inc/Legacy -I../Drivers/CMSIS/Device/ST/STM32F7xx/Include -I../Drivers/CMSIS/Include -O0 -ffunction-sections -fdata-sections -Wall -fstack-usage -fcyclomatic-complexity -MMD -MP -MF"Core/Src/main.d" -MT"Core/Src/main.o" --specs=nano.specs -mfpu=fpv5-d16 -mfloat-abi=hard -mthumb -o "Core/Src/main.o"
arm-none-eabi-gcc -o "user_button_demo.elf" @"objects.list"   -mcpu=cortex-m7 -T"C:\Users\bakra\Desktop\STM32F767ZI\user_button_demo\STM32F767ZITX_FLASH.ld" --specs=nosys.specs -Wl,-Map="user_button_demo.map" -Wl,--gc-sections -static --specs=nano.specs -mfpu=fpv5-d16 -mfloat-abi=hard -mthumb -Wl,--start-group -lc -lm -Wl,--end-group
C:/ST/STM32CubeIDE_1.11.2/STM32CubeIDE/plugins/com.st.stm32cube.ide.mcu.externaltools.gnu-tools-for-stm32.12.3.rel1.win32_1.1.0.202410251130/tools/bin/../lib/gcc/arm-none-eabi/12.3.1/../../../../arm-none-eabi/bin/ld.exe: warning: user_button_demo.elf has a LOAD segment with RWX permissions
Finished building target: user_button_demo.elf
 
arm-none-eabi-size  user_button_demo.elf 
arm-none-eabi-objdump -h -S user_button_demo.elf  > "user_button_demo.list"
   text	   data	    bss	    dec	    hex	filename
   6776	     20	   1572	   8368	   20b0	user_button_demo.elf
Finished building: default.size.stdout
 
Finished building: user_button_demo.list
 

21:15:11 Build Finished. 0 errors, 1 warnings. (took 696ms)

