Archive member included to satisfy reference by file (symbol)

/home/ben/arm-gnu-toolchain-14.2.rel1-x86_64-arm-none-eabi/bin/../lib/gcc/arm-none-eabi/14.2.1/thumb/v7e-m/nofp/libgcc.a(_arm_addsubsf3.o)
                              main_app.o (__aeabi_ui2f)
/home/ben/arm-gnu-toolchain-14.2.rel1-x86_64-arm-none-eabi/bin/../lib/gcc/arm-none-eabi/14.2.1/../../../../arm-none-eabi/lib/thumb/v7e-m/nofp/libg_nano.a(libc_a-exit.o)
                              /home/ben/arm-gnu-toolchain-14.2.rel1-x86_64-arm-none-eabi/bin/../lib/gcc/arm-none-eabi/14.2.1/../../../../arm-none-eabi/lib/thumb/v7e-m/nofp/crt0.o (exit)
/home/ben/arm-gnu-toolchain-14.2.rel1-x86_64-arm-none-eabi/bin/../lib/gcc/arm-none-eabi/14.2.1/../../../../arm-none-eabi/lib/thumb/v7e-m/nofp/libg_nano.a(libc_a-nano-vfprintf_float.o)
                              (_printf_float)
/home/ben/arm-gnu-toolchain-14.2.rel1-x86_64-arm-none-eabi/bin/../lib/gcc/arm-none-eabi/14.2.1/../../../../arm-none-eabi/lib/thumb/v7e-m/nofp/libg_nano.a(libc_a-nano-vfprintf_i.o)
                              /home/ben/arm-gnu-toolchain-14.2.rel1-x86_64-arm-none-eabi/bin/../lib/gcc/arm-none-eabi/14.2.1/../../../../arm-none-eabi/lib/thumb/v7e-m/nofp/libg_nano.a(libc_a-nano-vfprintf_float.o) (_printf_common)
/home/ben/arm-gnu-toolchain-14.2.rel1-x86_64-arm-none-eabi/bin/../lib/gcc/arm-none-eabi/14.2.1/../../../../arm-none-eabi/lib/thumb/v7e-m/nofp/libg_nano.a(libc_a-findfp.o)
                              /home/ben/arm-gnu-toolchain-14.2.rel1-x86_64-arm-none-eabi/bin/../lib/gcc/arm-none-eabi/14.2.1/../../../../arm-none-eabi/lib/thumb/v7e-m/nofp/libg_nano.a(libc_a-exit.o) (__stdio_exit_handler)
/home/ben/arm-gnu-toolchain-14.2.rel1-x86_64-arm-none-eabi/bin/../lib/gcc/arm-none-eabi/14.2.1/../../../../arm-none-eabi/lib/thumb/v7e-m/nofp/libg_nano.a(libc_a-fwalk.o)
                              /home/ben/arm-gnu-toolchain-14.2.rel1-x86_64-arm-none-eabi/bin/../lib/gcc/arm-none-eabi/14.2.1/../../../../arm-none-eabi/lib/thumb/v7e-m/nofp/libg_nano.a(libc_a-findfp.o) (_fwalk_sglue)
/home/ben/arm-gnu-toolchain-14.2.rel1-x86_64-arm-none-eabi/bin/../lib/gcc/arm-none-eabi/14.2.1/../../../../arm-none-eabi/lib/thumb/v7e-m/nofp/libg_nano.a(libc_a-printf.o)
                              main_app.o (printf)
/home/ben/arm-gnu-toolchain-14.2.rel1-x86_64-arm-none-eabi/bin/../lib/gcc/arm-none-eabi/14.2.1/../../../../arm-none-eabi/lib/thumb/v7e-m/nofp/libg_nano.a(libc_a-puts.o)
                              main_app.o (puts)
/home/ben/arm-gnu-toolchain-14.2.rel1-x86_64-arm-none-eabi/bin/../lib/gcc/arm-none-eabi/14.2.1/../../../../arm-none-eabi/lib/thumb/v7e-m/nofp/libg_nano.a(libc_a-stdio.o)
                              /home/ben/arm-gnu-toolchain-14.2.rel1-x86_64-arm-none-eabi/bin/../lib/gcc/arm-none-eabi/14.2.1/../../../../arm-none-eabi/lib/thumb/v7e-m/nofp/libg_nano.a(libc_a-findfp.o) (__sread)
/home/ben/arm-gnu-toolchain-14.2.rel1-x86_64-arm-none-eabi/bin/../lib/gcc/arm-none-eabi/14.2.1/../../../../arm-none-eabi/lib/thumb/v7e-m/nofp/libg_nano.a(libc_a-wbuf.o)
                              /home/ben/arm-gnu-toolchain-14.2.rel1-x86_64-arm-none-eabi/bin/../lib/gcc/arm-none-eabi/14.2.1/../../../../arm-none-eabi/lib/thumb/v7e-m/nofp/libg_nano.a(libc_a-puts.o) (__swbuf_r)
/home/ben/arm-gnu-toolchain-14.2.rel1-x86_64-arm-none-eabi/bin/../lib/gcc/arm-none-eabi/14.2.1/../../../../arm-none-eabi/lib/thumb/v7e-m/nofp/libg_nano.a(libc_a-wsetup.o)
                              /home/ben/arm-gnu-toolchain-14.2.rel1-x86_64-arm-none-eabi/bin/../lib/gcc/arm-none-eabi/14.2.1/../../../../arm-none-eabi/lib/thumb/v7e-m/nofp/libg_nano.a(libc_a-puts.o) (__swsetup_r)
/home/ben/arm-gnu-toolchain-14.2.rel1-x86_64-arm-none-eabi/bin/../lib/gcc/arm-none-eabi/14.2.1/../../../../arm-none-eabi/lib/thumb/v7e-m/nofp/libg_nano.a(libc_a-memset.o)
                              /home/ben/arm-gnu-toolchain-14.2.rel1-x86_64-arm-none-eabi/bin/../lib/gcc/arm-none-eabi/14.2.1/../../../../arm-none-eabi/lib/thumb/v7e-m/nofp/crt0.o (memset)
/home/ben/arm-gnu-toolchain-14.2.rel1-x86_64-arm-none-eabi/bin/../lib/gcc/arm-none-eabi/14.2.1/../../../../arm-none-eabi/lib/thumb/v7e-m/nofp/libg_nano.a(libc_a-localeconv.o)
                              /home/ben/arm-gnu-toolchain-14.2.rel1-x86_64-arm-none-eabi/bin/../lib/gcc/arm-none-eabi/14.2.1/../../../../arm-none-eabi/lib/thumb/v7e-m/nofp/libg_nano.a(libc_a-nano-vfprintf_float.o) (_localeconv_r)
/home/ben/arm-gnu-toolchain-14.2.rel1-x86_64-arm-none-eabi/bin/../lib/gcc/arm-none-eabi/14.2.1/../../../../arm-none-eabi/lib/thumb/v7e-m/nofp/libg_nano.a(libc_a-closer.o)
                              /home/ben/arm-gnu-toolchain-14.2.rel1-x86_64-arm-none-eabi/bin/../lib/gcc/arm-none-eabi/14.2.1/../../../../arm-none-eabi/lib/thumb/v7e-m/nofp/libg_nano.a(libc_a-stdio.o) (_close_r)
/home/ben/arm-gnu-toolchain-14.2.rel1-x86_64-arm-none-eabi/bin/../lib/gcc/arm-none-eabi/14.2.1/../../../../arm-none-eabi/lib/thumb/v7e-m/nofp/libg_nano.a(libc_a-reent.o)
                              src/syscalls.o (errno)
[...]
Memory Configuration

Name             Origin             Length             Attributes
SRAM             0x20000000         0x00080000         xrw
FLASH_BOOT       0x08000000         0x00008000         xr
FLASH_APP        0x08008000         0x001f8000         xr
NOINIT           0x40024000         0x00001000         xrw
*default*        0x00000000         0xffffffff

Linker script and memory map

LOAD /home/ben/arm-gnu-toolchain-14.2.rel1-x86_64-arm-none-eabi/bin/../lib/gcc/arm-none-eabi/14.2.1/thumb/v7e-m/nofp/crti.o
LOAD /home/ben/arm-gnu-toolchain-14.2.rel1-x86_64-arm-none-eabi/bin/../lib/gcc/arm-none-eabi/14.2.1/thumb/v7e-m/nofp/crtbegin.o
LOAD /home/ben/arm-gnu-toolchain-14.2.rel1-x86_64-arm-none-eabi/bin/../lib/gcc/arm-none-eabi/14.2.1/../../../../arm-none-eabi/lib/thumb/v7e-m/nofp/crt0.o
LOAD main_app.o
LOAD src/startup.o
LOAD vendor/system_stm32f7xx.o
LOAD src/syscalls.o
LOAD src/usart.o
LOAD src/dma.o
LOAD src/spi.o
LOAD src/exti_gpio_irq.o
START GROUP
LOAD /home/ben/arm-gnu-toolchain-14.2.rel1-x86_64-arm-none-eabi/bin/../lib/gcc/arm-none-eabi/14.2.1/thumb/v7e-m/nofp/libgcc.a
LOAD /home/ben/arm-gnu-toolchain-14.2.rel1-x86_64-arm-none-eabi/bin/../lib/gcc/arm-none-eabi/14.2.1/../../../../arm-none-eabi/lib/thumb/v7e-m/nofp/libg_nano.a
LOAD /home/ben/arm-gnu-toolchain-14.2.rel1-x86_64-arm-none-eabi/bin/../lib/gcc/arm-none-eabi/14.2.1/../../../../arm-none-eabi/lib/thumb/v7e-m/nofp/libc_nano.a
END GROUP
START GROUP
LOAD /home/ben/arm-gnu-toolchain-14.2.rel1-x86_64-arm-none-eabi/bin/../lib/gcc/arm-none-eabi/14.2.1/thumb/v7e-m/nofp/libgcc.a
LOAD /home/ben/arm-gnu-toolchain-14.2.rel1-x86_64-arm-none-eabi/bin/../lib/gcc/arm-none-eabi/14.2.1/../../../../arm-none-eabi/lib/thumb/v7e-m/nofp/libc_nano.a
END GROUP
LOAD /home/ben/arm-gnu-toolchain-14.2.rel1-x86_64-arm-none-eabi/bin/../lib/gcc/arm-none-eabi/14.2.1/thumb/v7e-m/nofp/crtend.o
LOAD /home/ben/arm-gnu-toolchain-14.2.rel1-x86_64-arm-none-eabi/bin/../lib/gcc/arm-none-eabi/14.2.1/thumb/v7e-m/nofp/crtn.o
                0x08000000                        __flash_boot_start__ = ORIGIN (FLASH_BOOT)
                0x00008000                        __flash_boot_size__ = LENGTH (FLASH_BOOT)
                0x08008000                        __flash_app_start__ = ORIGIN (FLASH_APP)
                0x001f8000                        __flash_app_size__ = LENGTH (FLASH_APP)

.isr_vector     0x08008000      0x1f8
                0x08008000                        _sisr_vector = .
 *(.isr_vector)
 .isr_vector    0x08008000      0x1f8 src/startup.o
                0x08008000                isr_vector

.text           0x08008200     0x5274
                0x08008200                        . = ALIGN (0x4)
 *(.text)
 .text          0x08008200        0x0 /home/ben/arm-gnu-toolchain-14.2.rel1-x86_64-arm-none-eabi/bin/../lib/gcc/arm-none-eabi/14.2.1/thumb/v7e-m/nofp/crti.o
 .text          0x08008200        0x0 /home/ben/arm-gnu-toolchain-14.2.rel1-x86_64-arm-none-eabi/bin/../lib/gcc/arm-none-eabi/14.2.1/thumb/v7e-m/nofp/crtbegin.o
 .text          0x08008200       0x7c /home/ben/arm-gnu-toolchain-14.2.rel1-x86_64-arm-none-eabi/bin/../lib/gcc/arm-none-eabi/14.2.1/../../../../arm-none-eabi/lib/thumb/v7e-m/nofp/crt0.o
                0x08008200                _stack_init
                0x08008208                _mainCRTStartup
                0x08008208                _start
 .text          0x0800827c      0x330 main_app.o
                0x08008314                systick_handler
                0x08008330                delay_ms
                0x08008378                blink
                0x08008394                clock_init
                0x08008458                GPIOB_init
                0x08008484                using_spi
                0x080084b4                init_BKPSRAM
                0x080084ec                divider
                0x08008508                main
 .text          0x080085ac       0xa8 src/startup.o
                0x080085ac                exti0_handler
                0x080085ac                svcall_handler
                0x080085ac                exti3_handler
                0x080085ac                usage_fault_handler
                0x080085ac                exti1_handler
                0x080085ac                default_handler
                0x080085ac                hard_fault_handler
                0x080085ac                debug_monitor_handler
                0x080085ac                pendsv_handler
                0x080085ac                mem_manage_handler
                0x080085ac                exti2_handler
                0x080085ac                nmi_handler
                0x080085ac                exti4_handler
                0x080085ac                bus_fault_handler
                0x080085b4                reset_handler
 .text          0x08008654      0x10c vendor/system_stm32f7xx.o
                0x08008654                SystemInit
                0x08008660                SystemCoreClockUpdate
 .text          0x08008760      0x24c src/syscalls.o
                0x08008760                _exit
                0x0800876c                _close
                0x08008782                execve
                0x080087a8                fork
                0x080087c4                _fstat
                0x080087e2                _getpid
                0x080087f0                _isatty
                0x08008804                _kill
                0x08008828                link
                0x0800884c                _lseek
                0x08008864                open
                0x0800887e                _read
                0x080088a8                _sbrk
                0x080088f8                _stat
                0x08008916                times
                0x0800892c                unlink
                0x0800894c                wait
                0x0800896c                _write
 .text          0x080089ac       0xcc src/usart.o
                0x080089ac                USART3_init
                0x08008a20                usart_write
                0x08008a4c                usart_read
 .text          0x08008a78      0x104 src/dma.o
                0x08008a78                DMA2_channel_init
                0x08008a94                DMA2_transfer
                0x08008b00                using_dma
 .text          0x08008b7c      0x138 src/spi.o
                0x08008b7c                SPI_init
                0x08008c24                SPI_write
 .text          0x08008cb4       0x90 src/exti_gpio_irq.o
                0x08008cb4                exti_init
                0x08008d18                exti15_10_handler
 .text          0x08008d44      0x21c /home/ben/arm-gnu-toolchain-14.2.rel1-x86_64-arm-none-eabi/bin/../lib/gcc/arm-none-eabi/14.2.1/thumb/v7e-m/nofp/libgcc.a(_arm_addsubsf3.o)
                0x08008d44                __aeabi_frsub
                0x08008d4c                __subsf3
                0x08008d4c                __aeabi_fsub
                0x08008d50                __aeabi_fadd
                0x08008d50                __addsf3
                0x08008eb0                __aeabi_ui2f
                0x08008eb0                __floatunsisf
                0x08008eb8                __aeabi_i2f
                0x08008eb8                __floatsisf
                0x08008ed4                __floatundisf
                0x08008ed4                __aeabi_ul2f
                0x08008ee4                __floatdisf
                0x08008ee4                __aeabi_l2f
 .text          0x08008f60        0x0 /home/ben/arm-gnu-toolchain-14.2.rel1-x86_64-arm-none-eabi/bin/../lib/gcc/arm-none-eabi/14.2.1/../../../../arm-none-eabi/lib/thumb/v7e-m/nofp/libg_nano.a(libc_a-exit.o)
 .text          0x08008f60        0x0 /home/ben/arm-gnu-toolchain-14.2.rel1-x86_64-arm-none-eabi/bin/../lib/gcc/arm-none-eabi/14.2.1/../../../../arm-none-eabi/lib/thumb/v7e-m/nofp/libg_nano.a(libc_a-nano-vfprintf_float.o)
 .text          0x08008f60        0x0 /home/ben/arm-gnu-toolchain-14.2.rel1-x86_64-arm-none-eabi/bin/../lib/gcc/arm-none-eabi/14.2.1/../../../../arm-none-eabi/lib/thumb/v7e-m/nofp/libg_nano.a(libc_a-nano-vfprintf_i.o)
 .text          0x08008f60        0x0 /home/ben/arm-gnu-toolchain-14.2.rel1-x86_64-arm-none-eabi/bin/../lib/gcc/arm-none-eabi/14.2.1/../../../../arm-none-eabi/lib/thumb/v7e-m/nofp/libg_nano.a(libc_a-findfp.o)
 .text          0x08008f60        0x0 /home/ben/arm-gnu-toolchain-14.2.rel1-x86_64-arm-none-eabi/bin/../lib/gcc/arm-none-eabi/14.2.1/../../../../arm-none-eabi/lib/thumb/v7e-m/nofp/libg_nano.a(libc_a-fwalk.o)
 .text          0x08008f60        0x0 /home/ben/arm-gnu-toolchain-14.2.rel1-x86_64-arm-none-eabi/bin/../lib/gcc/arm-none-eabi/14.2.1/../../../../arm-none-eabi/lib/thumb/v7e-m/nofp/libg_nano.a(libc_a-printf.o)
 .text          0x08008f60        0x0 /home/ben/arm-gnu-toolchain-14.2.rel1-x86_64-arm-none-eabi/bin/../lib/gcc/arm-none-eabi/14.2.1/../../../../arm-none-eabi/lib/thumb/v7e-m/nofp/libg_nano.a(libc_a-puts.o)
 .text          0x08008f60        0x0 /home/ben/arm-gnu-toolchain-14.2.rel1-x86_64-arm-none-eabi/bin/../lib/gcc/arm-none-eabi/14.2.1/../../../../arm-none-eabi/lib/thumb/v7e-m/nofp/libg_nano.a(libc_a-stdio.o)
 .text          0x08008f60        0x0 /home/ben/arm-gnu-toolchain-14.2.rel1-x86_64-arm-none-eabi/bin/../lib/gcc/arm-none-eabi/14.2.1/../../../../arm-none-eabi/lib/thumb/v7e-m/nofp/libg_nano.a(libc_a-wbuf.o)
 .text          0x08008f60        0x0 /home/ben/arm-gnu-toolchain-14.2.rel1-x86_64-arm-none-eabi/bin/../lib/gcc/arm-none-eabi/14.2.1/../../../../arm-none-eabi/lib/thumb/v7e-m/nofp/libg_nano.a(libc_a-wsetup.o)
 .text          0x08008f60        0x0 /home/ben/arm-gnu-toolchain-14.2.rel1-x86_64-arm-none-eabi/bin/../lib/gcc/arm-none-eabi/14.2.1/../../../../arm-none-eabi/lib/thumb/v7e-m/nofp/libg_nano.a(libc_a-memset.o)
 .text          0x08008f60        0x0 /home/ben/arm-gnu-toolchain-14.2.rel1-x86_64-arm-none-eabi/bin/../lib/gcc/arm-none-eabi/14.2.1/../../../../arm-none-eabi/lib/thumb/v7e-m/nofp/libg_nano.a(libc_a-localeconv.o)
 .text          0x08008f60        0x0 /home/ben/arm-gnu-toolchain-14.2.rel1-x86_64-arm-none-eabi/bin/../lib/gcc/arm-none-eabi/14.2.1/../../../../arm-none-eabi/lib/thumb/v7e-m/nofp/libg_nano.a(libc_a-closer.o)
 .text          0x08008f60        0x0 /home/ben/arm-gnu-toolchain-14.2.rel1-x86_64-arm-none-eabi/bin/../lib/gcc/arm-none-eabi/14.2.1/../../../../arm-none-eabi/lib/thumb/v7e-m/nofp/libg_nano.a(libc_a-reent.o)
 .text          0x08008f60        0x0 /home/ben/arm-gnu-toolchain-14.2.rel1-x86_64-arm-none-eabi/bin/../lib/gcc/arm-none-eabi/14.2.1/../../../../arm-none-eabi/lib/thumb/v7e-m/nofp/libg_nano.a(libc_a-impure.o)
 .text          0x08008f60        0x0 /home/ben/arm-gnu-toolchain-14.2.rel1-x86_64-arm-none-eabi/bin/../lib/gcc/arm-none-eabi/14.2.1/../../../../arm-none-eabi/lib/thumb/v7e-m/nofp/libg_nano.a(libc_a-lseekr.o)
 .text          0x08008f60        0x0 /home/ben/arm-gnu-toolchain-14.2.rel1-x86_64-arm-none-eabi/bin/../lib/gcc/arm-none-eabi/14.2.1/../../../../arm-none-eabi/lib/thumb/v7e-m/nofp/libg_nano.a(libc_a-readr.o)
 .text          0x08008f60        0x0 /home/ben/arm-gnu-toolchain-14.2.rel1-x86_64-arm-none-eabi/bin/../lib/gcc/arm-none-eabi/14.2.1/../../../../arm-none-eabi/lib/thumb/v7e-m/nofp/libg_nano.a(libc_a-writer.o)
 .text          0x08008f60        0x0 /home/ben/arm-gnu-toolchain-14.2.rel1-x86_64-arm-none-eabi/bin/../lib/gcc/arm-none-eabi/14.2.1/../../../../arm-none-eabi/lib/thumb/v7e-m/nofp/libg_nano.a(libc_a-init.o)
 .text          0x08008f60        0x0 /home/ben/arm-gnu-toolchain-14.2.rel1-x86_64-arm-none-eabi/bin/../lib/gcc/arm-none-eabi/14.2.1/../../../../arm-none-eabi/lib/thumb/v7e-m/nofp/libg_nano.a(libc_a-lock.o)
 .text          0x08008f60       0xa0 /home/ben/arm-gnu-toolchain-14.2.rel1-x86_64-arm-none-eabi/bin/../lib/gcc/arm-none-eabi/14.2.1/../../../../arm-none-eabi/lib/thumb/v7e-m/nofp/libg_nano.a(libc_a-memchr.o)
                0x08008f60                memchr
 .text          0x08009000       0x10 /home/ben/arm-gnu-toolchain-14.2.rel1-x86_64-arm-none-eabi/bin/../lib/gcc/arm-none-eabi/14.2.1/../../../../arm-none-eabi/lib/thumb/v7e-m/nofp/libg_nano.a(libc_a-strlen.o)
                0x08009000                strlen
 .text          0x08009010        0x0 /home/ben/arm-gnu-toolchain-14.2.rel1-x86_64-arm-none-eabi/bin/../lib/gcc/arm-none-eabi/14.2.1/../../../../arm-none-eabi/lib/thumb/v7e-m/nofp/libg_nano.a(libc_a-dtoa.o)
 .text          0x08009010        0x0 /home/ben/arm-gnu-toolchain-14.2.rel1-x86_64-arm-none-eabi/bin/../lib/gcc/arm-none-eabi/14.2.1/../../../../arm-none-eabi/lib/thumb/v7e-m/nofp/libg_nano.a(libc_a-freer.o)
 .text          0x08009010        0x0 /home/ben/arm-gnu-toolchain-14.2.rel1-x86_64-arm-none-eabi/bin/../lib/gcc/arm-none-eabi/14.2.1/../../../../arm-none-eabi/lib/thumb/v7e-m/nofp/libg_nano.a(libc_a-malloc.o)
 .text          0x08009010        0x0 /home/ben/arm-gnu-toolchain-14.2.rel1-x86_64-arm-none-eabi/bin/../lib/gcc/arm-none-eabi/14.2.1/../../../../arm-none-eabi/lib/thumb/v7e-m/nofp/libg_nano.a(libc_a-mallocr.o)
 .text          0x08009010        0x0 /home/ben/arm-gnu-toolchain-14.2.rel1-x86_64-arm-none-eabi/bin/../lib/gcc/arm-none-eabi/14.2.1/../../../../arm-none-eabi/lib/thumb/v7e-m/nofp/libg_nano.a(libc_a-mlock.o)
 .text          0x08009010        0x0 /home/ben/arm-gnu-toolchain-14.2.rel1-x86_64-arm-none-eabi/bin/../lib/gcc/arm-none-eabi/14.2.1/../../../../arm-none-eabi/lib/thumb/v7e-m/nofp/libg_nano.a(libc_a-mprec.o)
 .text          0x08009010        0x0 /home/ben/arm-gnu-toolchain-14.2.rel1-x86_64-arm-none-eabi/bin/../lib/gcc/arm-none-eabi/14.2.1/../../../../arm-none-eabi/lib/thumb/v7e-m/nofp/libg_nano.a(libc_a-nano-vfprintf.o)
 .text          0x08009010        0x0 /home/ben/arm-gnu-toolchain-14.2.rel1-x86_64-arm-none-eabi/bin/../lib/gcc/arm-none-eabi/14.2.1/../../../../arm-none-eabi/lib/thumb/v7e-m/nofp/libg_nano.a(libc_a-fflush.o)
 .text          0x08009010        0x0 /home/ben/arm-gnu-toolchain-14.2.rel1-x86_64-arm-none-eabi/bin/../lib/gcc/arm-none-eabi/14.2.1/../../../../arm-none-eabi/lib/thumb/v7e-m/nofp/libg_nano.a(libc_a-fvwrite.o)
 .text          0x08009010        0x0 /home/ben/arm-gnu-toolchain-14.2.rel1-x86_64-arm-none-eabi/bin/../lib/gcc/arm-none-eabi/14.2.1/../../../../arm-none-eabi/lib/thumb/v7e-m/nofp/libg_nano.a(libc_a-makebuf.o)
 .text          0x08009010        0x0 /home/ben/arm-gnu-toolchain-14.2.rel1-x86_64-arm-none-eabi/bin/../lib/gcc/arm-none-eabi/14.2.1/../../../../arm-none-eabi/lib/thumb/v7e-m/nofp/libg_nano.a(libc_a-memmove.o)
 .text          0x08009010        0x0 /home/ben/arm-gnu-toolchain-14.2.rel1-x86_64-arm-none-eabi/bin/../lib/gcc/arm-none-eabi/14.2.1/../../../../arm-none-eabi/lib/thumb/v7e-m/nofp/libg_nano.a(libc_a-locale.o)
 .text          0x08009010        0x0 /home/ben/arm-gnu-toolchain-14.2.rel1-x86_64-arm-none-eabi/bin/../lib/gcc/arm-none-eabi/14.2.1/../../../../arm-none-eabi/lib/thumb/v7e-m/nofp/libg_nano.a(libc_a-fstatr.o)
 .text          0x08009010        0x0 /home/ben/arm-gnu-toolchain-14.2.rel1-x86_64-arm-none-eabi/bin/../lib/gcc/arm-none-eabi/14.2.1/../../../../arm-none-eabi/lib/thumb/v7e-m/nofp/libg_nano.a(libc_a-isattyr.o)
 .text          0x08009010        0x0 /home/ben/arm-gnu-toolchain-14.2.rel1-x86_64-arm-none-eabi/bin/../lib/gcc/arm-none-eabi/14.2.1/../../../../arm-none-eabi/lib/thumb/v7e-m/nofp/libg_nano.a(libc_a-sbrkr.o)
 .text          0x08009010       0x14 /home/ben/arm-gnu-toolchain-14.2.rel1-x86_64-arm-none-eabi/bin/../lib/gcc/arm-none-eabi/14.2.1/../../../../arm-none-eabi/lib/thumb/v7e-m/nofp/libg_nano.a(libc_a-strcmp.o)
                0x08009010                strcmp
 .text          0x08009024        0x0 /home/ben/arm-gnu-toolchain-14.2.rel1-x86_64-arm-none-eabi/bin/../lib/gcc/arm-none-eabi/14.2.1/../../../../arm-none-eabi/lib/thumb/v7e-m/nofp/libg_nano.a(libc_a-memcpy-stub.o)
 .text          0x08009024        0x0 /home/ben/arm-gnu-toolchain-14.2.rel1-x86_64-arm-none-eabi/bin/../lib/gcc/arm-none-eabi/14.2.1/../../../../arm-none-eabi/lib/thumb/v7e-m/nofp/libg_nano.a(libc_a-assert.o)
 .text          0x08009024        0x0 /home/ben/arm-gnu-toolchain-14.2.rel1-x86_64-arm-none-eabi/bin/../lib/gcc/arm-none-eabi/14.2.1/../../../../arm-none-eabi/lib/thumb/v7e-m/nofp/libg_nano.a(libc_a-callocr.o)
 .text          0x08009024        0x0 /home/ben/arm-gnu-toolchain-14.2.rel1-x86_64-arm-none-eabi/bin/../lib/gcc/arm-none-eabi/14.2.1/../../../../arm-none-eabi/lib/thumb/v7e-m/nofp/libg_nano.a(libc_a-mbtowc_r.o)
 .text          0x08009024        0x0 /home/ben/arm-gnu-toolchain-14.2.rel1-x86_64-arm-none-eabi/bin/../lib/gcc/arm-none-eabi/14.2.1/../../../../arm-none-eabi/lib/thumb/v7e-m/nofp/libg_nano.a(libc_a-reallocr.o)
 .text          0x08009024        0x0 /home/ben/arm-gnu-toolchain-14.2.rel1-x86_64-arm-none-eabi/bin/../lib/gcc/arm-none-eabi/14.2.1/../../../../arm-none-eabi/lib/thumb/v7e-m/nofp/libg_nano.a(libc_a-wctomb_r.o)
 .text          0x08009024        0x0 /home/ben/arm-gnu-toolchain-14.2.rel1-x86_64-arm-none-eabi/bin/../lib/gcc/arm-none-eabi/14.2.1/../../../../arm-none-eabi/lib/thumb/v7e-m/nofp/libg_nano.a(libc_a-ctype_.o)
 .text          0x08009024        0x0 /home/ben/arm-gnu-toolchain-14.2.rel1-x86_64-arm-none-eabi/bin/../lib/gcc/arm-none-eabi/14.2.1/../../../../arm-none-eabi/lib/thumb/v7e-m/nofp/libg_nano.a(libc_a-fprintf.o)
 .text          0x08009024        0x0 /home/ben/arm-gnu-toolchain-14.2.rel1-x86_64-arm-none-eabi/bin/../lib/gcc/arm-none-eabi/14.2.1/../../../../arm-none-eabi/lib/thumb/v7e-m/nofp/libg_nano.a(libc_a-abort.o)
 .text          0x08009024        0x0 /home/ben/arm-gnu-toolchain-14.2.rel1-x86_64-arm-none-eabi/bin/../lib/gcc/arm-none-eabi/14.2.1/../../../../arm-none-eabi/lib/thumb/v7e-m/nofp/libg_nano.a(libc_a-msizer.o)
 .text          0x08009024        0x0 /home/ben/arm-gnu-toolchain-14.2.rel1-x86_64-arm-none-eabi/bin/../lib/gcc/arm-none-eabi/14.2.1/../../../../arm-none-eabi/lib/thumb/v7e-m/nofp/libg_nano.a(libc_a-signal.o)
 .text          0x08009024        0x0 /home/ben/arm-gnu-toolchain-14.2.rel1-x86_64-arm-none-eabi/bin/../lib/gcc/arm-none-eabi/14.2.1/../../../../arm-none-eabi/lib/thumb/v7e-m/nofp/libg_nano.a(libc_a-signalr.o)
 .text          0x08009024      0x254 /home/ben/arm-gnu-toolchain-14.2.rel1-x86_64-arm-none-eabi/bin/../lib/gcc/arm-none-eabi/14.2.1/thumb/v7e-m/nofp/libgcc.a(_arm_muldf3.o)
 .text          0x08009278      0x378 /home/ben/arm-gnu-toolchain-14.2.rel1-x86_64-arm-none-eabi/bin/../lib/gcc/arm-none-eabi/14.2.1/thumb/v7e-m/nofp/libgcc.a(_arm_addsubdf3.o)
                0x08009278                __aeabi_drsub
                0x08009280                __aeabi_dsub
                0x08009280                __subdf3
                0x08009284                __adddf3
                0x08009284                __aeabi_dadd
                0x080094fc                __aeabi_ui2d
                0x080094fc                __floatunsidf
                0x0800951c                __floatsidf
                0x0800951c                __aeabi_i2d
                0x08009540                __extendsfdf2
                0x08009540                __aeabi_f2d
                0x08009584                __aeabi_ul2d
                0x08009584                __floatundidf
                0x08009594                __floatdidf
                0x08009594                __aeabi_l2d
 .text          0x080095f0      0x424 /home/ben/arm-gnu-toolchain-14.2.rel1-x86_64-arm-none-eabi/bin/../lib/gcc/arm-none-eabi/14.2.1/thumb/v7e-m/nofp/libgcc.a(_arm_muldivdf3.o)
                0x080095f0                __aeabi_dmul
                0x080095f0                __muldf3
                0x08009844                __aeabi_ddiv
                0x08009844                __divdf3
 .text          0x08009a14      0x110 /home/ben/arm-gnu-toolchain-14.2.rel1-x86_64-arm-none-eabi/bin/../lib/gcc/arm-none-eabi/14.2.1/thumb/v7e-m/nofp/libgcc.a(_arm_cmpdf2.o)
                0x08009a14                __gtdf2
                0x08009a14                __gedf2
                0x08009a1c                __ltdf2
                0x08009a1c                __ledf2
                0x08009a24                __cmpdf2
                0x08009a24                __eqdf2
                0x08009a24                __nedf2
                0x08009aa0                __aeabi_cdrcmple
                0x08009ab0                __aeabi_cdcmple
                0x08009ab0                __aeabi_cdcmpeq
                0x08009ac0                __aeabi_dcmpeq
                0x08009ad4                __aeabi_dcmplt
                0x08009ae8                __aeabi_dcmple
                0x08009afc                __aeabi_dcmpge
                0x08009b10                __aeabi_dcmpgt
 .text          0x08009b24       0x2c /home/ben/arm-gnu-toolchain-14.2.rel1-x86_64-arm-none-eabi/bin/../lib/gcc/arm-none-eabi/14.2.1/thumb/v7e-m/nofp/libgcc.a(_arm_unorddf2.o)
                0x08009b24                __aeabi_dcmpun
                0x08009b24                __unorddf2
 .text          0x08009b50       0x50 /home/ben/arm-gnu-toolchain-14.2.rel1-x86_64-arm-none-eabi/bin/../lib/gcc/arm-none-eabi/14.2.1/thumb/v7e-m/nofp/libgcc.a(_arm_fixdfsi.o)
                0x08009b50                __fixdfsi
                0x08009b50                __aeabi_d2iz
 .text          0x08009ba0        0x0 /home/ben/arm-gnu-toolchain-14.2.rel1-x86_64-arm-none-eabi/bin/../lib/gcc/arm-none-eabi/14.2.1/thumb/v7e-m/nofp/crtend.o
 .text          0x08009ba0        0x0 /home/ben/arm-gnu-toolchain-14.2.rel1-x86_64-arm-none-eabi/bin/../lib/gcc/arm-none-eabi/14.2.1/thumb/v7e-m/nofp/crtn.o
 *(.text.*)
 .text.deregister_tm_clones
                0x08009ba0       0x1c /home/ben/arm-gnu-toolchain-14.2.rel1-x86_64-arm-none-eabi/bin/../lib/gcc/arm-none-eabi/14.2.1/thumb/v7e-m/nofp/crtbegin.o
 .text.register_tm_clones
                0x08009bbc       0x24 /home/ben/arm-gnu-toolchain-14.2.rel1-x86_64-arm-none-eabi/bin/../lib/gcc/arm-none-eabi/14.2.1/thumb/v7e-m/nofp/crtbegin.o
 .text.__do_global_dtors_aux
                0x08009be0       0x28 /home/ben/arm-gnu-toolchain-14.2.rel1-x86_64-arm-none-eabi/bin/../lib/gcc/arm-none-eabi/14.2.1/thumb/v7e-m/nofp/crtbegin.o
 .text.frame_dummy
                0x08009c08       0x24 /home/ben/arm-gnu-toolchain-14.2.rel1-x86_64-arm-none-eabi/bin/../lib/gcc/arm-none-eabi/14.2.1/thumb/v7e-m/nofp/crtbegin.o
 .text.exit     0x08009c2c       0x24 /home/ben/arm-gnu-toolchain-14.2.rel1-x86_64-arm-none-eabi/bin/../lib/gcc/arm-none-eabi/14.2.1/../../../../arm-none-eabi/lib/thumb/v7e-m/nofp/libg_nano.a(libc_a-exit.o)
                0x08009c2c                exit
 .text.__cvt    0x08009c50       0xc8 /home/ben/arm-gnu-toolchain-14.2.rel1-x86_64-arm-none-eabi/bin/../lib/gcc/arm-none-eabi/14.2.1/../../../../arm-none-eabi/lib/thumb/v7e-m/nofp/libg_nano.a(libc_a-nano-vfprintf_float.o)
                0x08009c50                __cvt
 .text.__exponent
                0x08009d18       0x74 /home/ben/arm-gnu-toolchain-14.2.rel1-x86_64-arm-none-eabi/bin/../lib/gcc/arm-none-eabi/14.2.1/../../../../arm-none-eabi/lib/thumb/v7e-m/nofp/libg_nano.a(libc_a-nano-vfprintf_float.o)
                0x08009d18                __exponent
 .text._printf_float
                0x08009d8c      0x458 /home/ben/arm-gnu-toolchain-14.2.rel1-x86_64-arm-none-eabi/bin/../lib/gcc/arm-none-eabi/14.2.1/../../../../arm-none-eabi/lib/thumb/v7e-m/nofp/libg_nano.a(libc_a-nano-vfprintf_float.o)
                0x08009d8c                _printf_float
 .text._printf_common
                0x0800a1e4       0xda /home/ben/arm-gnu-toolchain-14.2.rel1-x86_64-arm-none-eabi/bin/../lib/gcc/arm-none-eabi/14.2.1/../../../../arm-none-eabi/lib/thumb/v7e-m/nofp/libg_nano.a(libc_a-nano-vfprintf_i.o)
                0x0800a1e4                _printf_common
 *fill*         0x0800a2be        0x2 
 .text._printf_i
                0x0800a2c0      0x240 /home/ben/arm-gnu-toolchain-14.2.rel1-x86_64-arm-none-eabi/bin/../lib/gcc/arm-none-eabi/14.2.1/../../../../arm-none-eabi/lib/thumb/v7e-m/nofp/libg_nano.a(libc_a-nano-vfprintf_i.o)
                0x0800a2c0                _printf_i
 .text.std      0x0800a500       0x6c /home/ben/arm-gnu-toolchain-14.2.rel1-x86_64-arm-none-eabi/bin/../lib/gcc/arm-none-eabi/14.2.1/../../../../arm-none-eabi/lib/thumb/v7e-m/nofp/libg_nano.a(libc_a-findfp.o)
 .text.stdio_exit_handler
                0x0800a56c       0x18 /home/ben/arm-gnu-toolchain-14.2.rel1-x86_64-arm-none-eabi/bin/../lib/gcc/arm-none-eabi/14.2.1/../../../../arm-none-eabi/lib/thumb/v7e-m/nofp/libg_nano.a(libc_a-findfp.o)
 .text.cleanup_stdio
                0x0800a584       0x40 /home/ben/arm-gnu-toolchain-14.2.rel1-x86_64-arm-none-eabi/bin/../lib/gcc/arm-none-eabi/14.2.1/../../../../arm-none-eabi/lib/thumb/v7e-m/nofp/libg_nano.a(libc_a-findfp.o)
 .text.__fp_lock
                0x0800a5c4       0x18 /home/ben/arm-gnu-toolchain-14.2.rel1-x86_64-arm-none-eabi/bin/../lib/gcc/arm-none-eabi/14.2.1/../../../../arm-none-eabi/lib/thumb/v7e-m/nofp/libg_nano.a(libc_a-findfp.o)
 .text.__fp_unlock
                0x0800a5dc       0x18 /home/ben/arm-gnu-toolchain-14.2.rel1-x86_64-arm-none-eabi/bin/../lib/gcc/arm-none-eabi/14.2.1/../../../../arm-none-eabi/lib/thumb/v7e-m/nofp/libg_nano.a(libc_a-findfp.o)
 .text.global_stdio_init.part.0
                0x0800a5f4       0x40 /home/ben/arm-gnu-toolchain-14.2.rel1-x86_64-arm-none-eabi/bin/../lib/gcc/arm-none-eabi/14.2.1/../../../../arm-none-eabi/lib/thumb/v7e-m/nofp/libg_nano.a(libc_a-findfp.o)
 .text.__sfp_lock_acquire
                0x0800a634        0xc /home/ben/arm-gnu-toolchain-14.2.rel1-x86_64-arm-none-eabi/bin/../lib/gcc/arm-none-eabi/14.2.1/../../../../arm-none-eabi/lib/thumb/v7e-m/nofp/libg_nano.a(libc_a-findfp.o)
                0x0800a634                __sfp_lock_acquire
 .text.__sfp_lock_release
                0x0800a640        0xc /home/ben/arm-gnu-toolchain-14.2.rel1-x86_64-arm-none-eabi/bin/../lib/gcc/arm-none-eabi/14.2.1/../../../../arm-none-eabi/lib/thumb/v7e-m/nofp/libg_nano.a(libc_a-findfp.o)
                0x0800a640                __sfp_lock_release
 .text.__sfp    0x0800a64c       0xa4 /home/ben/arm-gnu-toolchain-14.2.rel1-x86_64-arm-none-eabi/bin/../lib/gcc/arm-none-eabi/14.2.1/../../../../arm-none-eabi/lib/thumb/v7e-m/nofp/libg_nano.a(libc_a-findfp.o)
                0x0800a64c                __sfp
 .text.__sinit  0x0800a6f0       0x30 /home/ben/arm-gnu-toolchain-14.2.rel1-x86_64-arm-none-eabi/bin/../lib/gcc/arm-none-eabi/14.2.1/../../../../arm-none-eabi/lib/thumb/v7e-m/nofp/libg_nano.a(libc_a-findfp.o)
                0x0800a6f0                __sinit
 .text.__fp_lock_all
                0x0800a720       0x1c /home/ben/arm-gnu-toolchain-14.2.rel1-x86_64-arm-none-eabi/bin/../lib/gcc/arm-none-eabi/14.2.1/../../../../arm-none-eabi/lib/thumb/v7e-m/nofp/libg_nano.a(libc_a-findfp.o)
                0x0800a720                __fp_lock_all
 .text.__fp_unlock_all
                0x0800a73c       0x1c /home/ben/arm-gnu-toolchain-14.2.rel1-x86_64-arm-none-eabi/bin/../lib/gcc/arm-none-eabi/14.2.1/../../../../arm-none-eabi/lib/thumb/v7e-m/nofp/libg_nano.a(libc_a-findfp.o)
                0x0800a73c                __fp_unlock_all
 .text._fwalk_sglue
                0x0800a758       0x3c /home/ben/arm-gnu-toolchain-14.2.rel1-x86_64-arm-none-eabi/bin/../lib/gcc/arm-none-eabi/14.2.1/../../../../arm-none-eabi/lib/thumb/v7e-m/nofp/libg_nano.a(libc_a-fwalk.o)
                0x0800a758                _fwalk_sglue
 .text._printf_r
                0x0800a794       0x1c /home/ben/arm-gnu-toolchain-14.2.rel1-x86_64-arm-none-eabi/bin/../lib/gcc/arm-none-eabi/14.2.1/../../../../arm-none-eabi/lib/thumb/v7e-m/nofp/libg_nano.a(libc_a-printf.o)
                0x0800a794                _printf_r
                0x0800a794                _iprintf_r
 .text.printf   0x0800a7b0       0x24 /home/ben/arm-gnu-toolchain-14.2.rel1-x86_64-arm-none-eabi/bin/../lib/gcc/arm-none-eabi/14.2.1/../../../../arm-none-eabi/lib/thumb/v7e-m/nofp/libg_nano.a(libc_a-printf.o)
                0x0800a7b0                printf
                0x0800a7b0                iprintf
 .text._puts_r  0x0800a7d4       0xaa /home/ben/arm-gnu-toolchain-14.2.rel1-x86_64-arm-none-eabi/bin/../lib/gcc/arm-none-eabi/14.2.1/../../../../arm-none-eabi/lib/thumb/v7e-m/nofp/libg_nano.a(libc_a-puts.o)
                0x0800a7d4                _puts_r
 *fill*         0x0800a87e        0x2 
 .text.puts     0x0800a880       0x10 /home/ben/arm-gnu-toolchain-14.2.rel1-x86_64-arm-none-eabi/bin/../lib/gcc/arm-none-eabi/14.2.1/../../../../arm-none-eabi/lib/thumb/v7e-m/nofp/libg_nano.a(libc_a-puts.o)
                0x0800a880                puts
 .text.__sread  0x0800a890       0x22 /home/ben/arm-gnu-toolchain-14.2.rel1-x86_64-arm-none-eabi/bin/../lib/gcc/arm-none-eabi/14.2.1/../../../../arm-none-eabi/lib/thumb/v7e-m/nofp/libg_nano.a(libc_a-stdio.o)
                0x0800a890                __sread
 .text.__seofread
                0x0800a8b2        0x4 /home/ben/arm-gnu-toolchain-14.2.rel1-x86_64-arm-none-eabi/bin/../lib/gcc/arm-none-eabi/14.2.1/../../../../arm-none-eabi/lib/thumb/v7e-m/nofp/libg_nano.a(libc_a-stdio.o)
                0x0800a8b2                __seofread
 .text.__swrite
                0x0800a8b6       0x38 /home/ben/arm-gnu-toolchain-14.2.rel1-x86_64-arm-none-eabi/bin/../lib/gcc/arm-none-eabi/14.2.1/../../../../arm-none-eabi/lib/thumb/v7e-m/nofp/libg_nano.a(libc_a-stdio.o)
                0x0800a8b6                __swrite
 .text.__sseek  0x0800a8ee       0x26 /home/ben/arm-gnu-toolchain-14.2.rel1-x86_64-arm-none-eabi/bin/../lib/gcc/arm-none-eabi/14.2.1/../../../../arm-none-eabi/lib/thumb/v7e-m/nofp/libg_nano.a(libc_a-stdio.o)
                0x0800a8ee                __sseek
 .text.__sclose
                0x0800a914        0x8 /home/ben/arm-gnu-toolchain-14.2.rel1-x86_64-arm-none-eabi/bin/../lib/gcc/arm-none-eabi/14.2.1/../../../../arm-none-eabi/lib/thumb/v7e-m/nofp/libg_nano.a(libc_a-stdio.o)
                0x0800a914                __sclose
 .text.__swbuf_r
                0x0800a91c       0x7c /home/ben/arm-gnu-toolchain-14.2.rel1-x86_64-arm-none-eabi/bin/../lib/gcc/arm-none-eabi/14.2.1/../../../../arm-none-eabi/lib/thumb/v7e-m/nofp/libg_nano.a(libc_a-wbuf.o)
                0x0800a91c                __swbuf_r
 .text.__swbuf  0x0800a998       0x10 /home/ben/arm-gnu-toolchain-14.2.rel1-x86_64-arm-none-eabi/bin/../lib/gcc/arm-none-eabi/14.2.1/../../../../arm-none-eabi/lib/thumb/v7e-m/nofp/libg_nano.a(libc_a-wbuf.o)
                0x0800a998                __swbuf
 .text.__swsetup_r
                0x0800a9a8       0xa8 /home/ben/arm-gnu-toolchain-14.2.rel1-x86_64-arm-none-eabi/bin/../lib/gcc/arm-none-eabi/14.2.1/../../../../arm-none-eabi/lib/thumb/v7e-m/nofp/libg_nano.a(libc_a-wsetup.o)
                0x0800a9a8                __swsetup_r
 .text.memset   0x0800aa50       0x10 /home/ben/arm-gnu-toolchain-14.2.rel1-x86_64-arm-none-eabi/bin/../lib/gcc/arm-none-eabi/14.2.1/../../../../arm-none-eabi/lib/thumb/v7e-m/nofp/libg_nano.a(libc_a-memset.o)
                0x0800aa50                memset
 .text.__localeconv_l
                0x0800aa60        0x4 /home/ben/arm-gnu-toolchain-14.2.rel1-x86_64-arm-none-eabi/bin/../lib/gcc/arm-none-eabi/14.2.1/../../../../arm-none-eabi/lib/thumb/v7e-m/nofp/libg_nano.a(libc_a-localeconv.o)
                0x0800aa60                __localeconv_l
 .text._localeconv_r
                0x0800aa64        0x8 /home/ben/arm-gnu-toolchain-14.2.rel1-x86_64-arm-none-eabi/bin/../lib/gcc/arm-none-eabi/14.2.1/../../../../arm-none-eabi/lib/thumb/v7e-m/nofp/libg_nano.a(libc_a-localeconv.o)
                0x0800aa64                _localeconv_r
 .text.localeconv
                0x0800aa6c        0x8 /home/ben/arm-gnu-toolchain-14.2.rel1-x86_64-arm-none-eabi/bin/../lib/gcc/arm-none-eabi/14.2.1/../../../../arm-none-eabi/lib/thumb/v7e-m/nofp/libg_nano.a(libc_a-localeconv.o)
                0x0800aa6c                localeconv
 .text._close_r
                0x0800aa74       0x20 /home/ben/arm-gnu-toolchain-14.2.rel1-x86_64-arm-none-eabi/bin/../lib/gcc/arm-none-eabi/14.2.1/../../../../arm-none-eabi/lib/thumb/v7e-m/nofp/libg_nano.a(libc_a-closer.o)
                0x0800aa74                _close_r
 .text._reclaim_reent
                0x0800aa94       0xbc /home/ben/arm-gnu-toolchain-14.2.rel1-x86_64-arm-none-eabi/bin/../lib/gcc/arm-none-eabi/14.2.1/../../../../arm-none-eabi/lib/thumb/v7e-m/nofp/libg_nano.a(libc_a-reent.o)
                0x0800aa94                _reclaim_reent
 .text._lseek_r
                0x0800ab50       0x24 /home/ben/arm-gnu-toolchain-14.2.rel1-x86_64-arm-none-eabi/bin/../lib/gcc/arm-none-eabi/14.2.1/../../../../arm-none-eabi/lib/thumb/v7e-m/nofp/libg_nano.a(libc_a-lseekr.o)
                0x0800ab50                _lseek_r
 .text._read_r  0x0800ab74       0x24 /home/ben/arm-gnu-toolchain-14.2.rel1-x86_64-arm-none-eabi/bin/../lib/gcc/arm-none-eabi/14.2.1/../../../../arm-none-eabi/lib/thumb/v7e-m/nofp/libg_nano.a(libc_a-readr.o)
                0x0800ab74                _read_r
 .text._write_r
                0x0800ab98       0x24 /home/ben/arm-gnu-toolchain-14.2.rel1-x86_64-arm-none-eabi/bin/../lib/gcc/arm-none-eabi/14.2.1/../../../../arm-none-eabi/lib/thumb/v7e-m/nofp/libg_nano.a(libc_a-writer.o)
                0x0800ab98                _write_r
 .text.__libc_init_array
                0x0800abbc       0x48 /home/ben/arm-gnu-toolchain-14.2.rel1-x86_64-arm-none-eabi/bin/../lib/gcc/arm-none-eabi/14.2.1/../../../../arm-none-eabi/lib/thumb/v7e-m/nofp/libg_nano.a(libc_a-init.o)
                0x0800abbc                __libc_init_array
 .text.__retarget_lock_init
                0x0800ac04        0x2 /home/ben/arm-gnu-toolchain-14.2.rel1-x86_64-arm-none-eabi/bin/../lib/gcc/arm-none-eabi/14.2.1/../../../../arm-none-eabi/lib/thumb/v7e-m/nofp/libg_nano.a(libc_a-lock.o)
                0x0800ac04                __retarget_lock_init
 .text.__retarget_lock_init_recursive
                0x0800ac06        0x2 /home/ben/arm-gnu-toolchain-14.2.rel1-x86_64-arm-none-eabi/bin/../lib/gcc/arm-none-eabi/14.2.1/../../../../arm-none-eabi/lib/thumb/v7e-m/nofp/libg_nano.a(libc_a-lock.o)
                0x0800ac06                __retarget_lock_init_recursive
 .text.__retarget_lock_close
                0x0800ac08        0x2 /home/ben/arm-gnu-toolchain-14.2.rel1-x86_64-arm-none-eabi/bin/../lib/gcc/arm-none-eabi/14.2.1/../../../../arm-none-eabi/lib/thumb/v7e-m/nofp/libg_nano.a(libc_a-lock.o)
                0x0800ac08                __retarget_lock_close
 .text.__retarget_lock_close_recursive
                0x0800ac0a        0x2 /home/ben/arm-gnu-toolchain-14.2.rel1-x86_64-arm-none-eabi/bin/../lib/gcc/arm-none-eabi/14.2.1/../../../../arm-none-eabi/lib/thumb/v7e-m/nofp/libg_nano.a(libc_a-lock.o)
                0x0800ac0a                __retarget_lock_close_recursive
 .text.__retarget_lock_acquire
                0x0800ac0c        0x2 /home/ben/arm-gnu-toolchain-14.2.rel1-x86_64-arm-none-eabi/bin/../lib/gcc/arm-none-eabi/14.2.1/../../../../arm-none-eabi/lib/thumb/v7e-m/nofp/libg_nano.a(libc_a-lock.o)
                0x0800ac0c                __retarget_lock_acquire
 .text.__retarget_lock_acquire_recursive
                0x0800ac0e        0x2 /home/ben/arm-gnu-toolchain-14.2.rel1-x86_64-arm-none-eabi/bin/../lib/gcc/arm-none-eabi/14.2.1/../../../../arm-none-eabi/lib/thumb/v7e-m/nofp/libg_nano.a(libc_a-lock.o)
                0x0800ac0e                __retarget_lock_acquire_recursive
 .text.__retarget_lock_try_acquire
                0x0800ac10        0x4 /home/ben/arm-gnu-toolchain-14.2.rel1-x86_64-arm-none-eabi/bin/../lib/gcc/arm-none-eabi/14.2.1/../../../../arm-none-eabi/lib/thumb/v7e-m/nofp/libg_nano.a(libc_a-lock.o)
                0x0800ac10                __retarget_lock_try_acquire
 .text.__retarget_lock_try_acquire_recursive
                0x0800ac14        0x4 /home/ben/arm-gnu-toolchain-14.2.rel1-x86_64-arm-none-eabi/bin/../lib/gcc/arm-none-eabi/14.2.1/../../../../arm-none-eabi/lib/thumb/v7e-m/nofp/libg_nano.a(libc_a-lock.o)
                0x0800ac14                __retarget_lock_try_acquire_recursive
 .text.__retarget_lock_release
                0x0800ac18        0x2 /home/ben/arm-gnu-toolchain-14.2.rel1-x86_64-arm-none-eabi/bin/../lib/gcc/arm-none-eabi/14.2.1/../../../../arm-none-eabi/lib/thumb/v7e-m/nofp/libg_nano.a(libc_a-lock.o)
                0x0800ac18                __retarget_lock_release
 .text.__retarget_lock_release_recursive
                0x0800ac1a        0x2 /home/ben/arm-gnu-toolchain-14.2.rel1-x86_64-arm-none-eabi/bin/../lib/gcc/arm-none-eabi/14.2.1/../../../../arm-none-eabi/lib/thumb/v7e-m/nofp/libg_nano.a(libc_a-lock.o)
                0x0800ac1a                __retarget_lock_release_recursive
 .text.quorem   0x0800ac1c      0x110 /home/ben/arm-gnu-toolchain-14.2.rel1-x86_64-arm-none-eabi/bin/../lib/gcc/arm-none-eabi/14.2.1/../../../../arm-none-eabi/lib/thumb/v7e-m/nofp/libg_nano.a(libc_a-dtoa.o)
 *fill*         0x0800ad2c        0x4 
 .text._dtoa_r  0x0800ad30      0xbc8 /home/ben/arm-gnu-toolchain-14.2.rel1-x86_64-arm-none-eabi/bin/../lib/gcc/arm-none-eabi/14.2.1/../../../../arm-none-eabi/lib/thumb/v7e-m/nofp/libg_nano.a(libc_a-dtoa.o)
                0x0800ad30                _dtoa_r
 .text._free_r  0x0800b8f8       0x94 /home/ben/arm-gnu-toolchain-14.2.rel1-x86_64-arm-none-eabi/bin/../lib/gcc/arm-none-eabi/14.2.1/../../../../arm-none-eabi/lib/thumb/v7e-m/nofp/libg_nano.a(libc_a-freer.o)
                0x0800b8f8                _free_r
 .text.malloc   0x0800b98c       0x10 /home/ben/arm-gnu-toolchain-14.2.rel1-x86_64-arm-none-eabi/bin/../lib/gcc/arm-none-eabi/14.2.1/../../../../arm-none-eabi/lib/thumb/v7e-m/nofp/libg_nano.a(libc_a-malloc.o)
                0x0800b98c                malloc
 .text.free     0x0800b99c       0x10 /home/ben/arm-gnu-toolchain-14.2.rel1-x86_64-arm-none-eabi/bin/../lib/gcc/arm-none-eabi/14.2.1/../../../../arm-none-eabi/lib/thumb/v7e-m/nofp/libg_nano.a(libc_a-malloc.o)
                0x0800b99c                free
 .text.sbrk_aligned
                0x0800b9ac       0x44 /home/ben/arm-gnu-toolchain-14.2.rel1-x86_64-arm-none-eabi/bin/../lib/gcc/arm-none-eabi/14.2.1/../../../../arm-none-eabi/lib/thumb/v7e-m/nofp/libg_nano.a(libc_a-mallocr.o)
 .text._malloc_r
                0x0800b9f0      0x100 /home/ben/arm-gnu-toolchain-14.2.rel1-x86_64-arm-none-eabi/bin/../lib/gcc/arm-none-eabi/14.2.1/../../../../arm-none-eabi/lib/thumb/v7e-m/nofp/libg_nano.a(libc_a-mallocr.o)
                0x0800b9f0                _malloc_r
 .text.__malloc_lock
                0x0800baf0        0xc /home/ben/arm-gnu-toolchain-14.2.rel1-x86_64-arm-none-eabi/bin/../lib/gcc/arm-none-eabi/14.2.1/../../../../arm-none-eabi/lib/thumb/v7e-m/nofp/libg_nano.a(libc_a-mlock.o)
                0x0800baf0                __malloc_lock
 .text.__malloc_unlock
                0x0800bafc        0xc /home/ben/arm-gnu-toolchain-14.2.rel1-x86_64-arm-none-eabi/bin/../lib/gcc/arm-none-eabi/14.2.1/../../../../arm-none-eabi/lib/thumb/v7e-m/nofp/libg_nano.a(libc_a-mlock.o)
                0x0800bafc                __malloc_unlock
 .text._Balloc  0x0800bb08       0x7c /home/ben/arm-gnu-toolchain-14.2.rel1-x86_64-arm-none-eabi/bin/../lib/gcc/arm-none-eabi/14.2.1/../../../../arm-none-eabi/lib/thumb/v7e-m/nofp/libg_nano.a(libc_a-mprec.o)
                0x0800bb08                _Balloc
 .text._Bfree   0x0800bb84       0x44 /home/ben/arm-gnu-toolchain-14.2.rel1-x86_64-arm-none-eabi/bin/../lib/gcc/arm-none-eabi/14.2.1/../../../../arm-none-eabi/lib/thumb/v7e-m/nofp/libg_nano.a(libc_a-mprec.o)
                0x0800bb84                _Bfree
 .text.__multadd
                0x0800bbc8       0x8c /home/ben/arm-gnu-toolchain-14.2.rel1-x86_64-arm-none-eabi/bin/../lib/gcc/arm-none-eabi/14.2.1/../../../../arm-none-eabi/lib/thumb/v7e-m/nofp/libg_nano.a(libc_a-mprec.o)
                0x0800bbc8                __multadd
 .text.__s2b    0x0800bc54       0x94 /home/ben/arm-gnu-toolchain-14.2.rel1-x86_64-arm-none-eabi/bin/../lib/gcc/arm-none-eabi/14.2.1/../../../../arm-none-eabi/lib/thumb/v7e-m/nofp/libg_nano.a(libc_a-mprec.o)
                0x0800bc54                __s2b
 .text.__hi0bits
                0x0800bce8       0x3e /home/ben/arm-gnu-toolchain-14.2.rel1-x86_64-arm-none-eabi/bin/../lib/gcc/arm-none-eabi/14.2.1/../../../../arm-none-eabi/lib/thumb/v7e-m/nofp/libg_nano.a(libc_a-mprec.o)
                0x0800bce8                __hi0bits
 .text.__lo0bits
                0x0800bd26       0x5a /home/ben/arm-gnu-toolchain-14.2.rel1-x86_64-arm-none-eabi/bin/../lib/gcc/arm-none-eabi/14.2.1/../../../../arm-none-eabi/lib/thumb/v7e-m/nofp/libg_nano.a(libc_a-mprec.o)
                0x0800bd26                __lo0bits
 .text.__i2b    0x0800bd80       0x2c /home/ben/arm-gnu-toolchain-14.2.rel1-x86_64-arm-none-eabi/bin/../lib/gcc/arm-none-eabi/14.2.1/../../../../arm-none-eabi/lib/thumb/v7e-m/nofp/libg_nano.a(libc_a-mprec.o)
                0x0800bd80                __i2b
 .text.__multiply
                0x0800bdac      0x150 /home/ben/arm-gnu-toolchain-14.2.rel1-x86_64-arm-none-eabi/bin/../lib/gcc/arm-none-eabi/14.2.1/../../../../arm-none-eabi/lib/thumb/v7e-m/nofp/libg_nano.a(libc_a-mprec.o)
                0x0800bdac                __multiply
 .text.__pow5mult
                0x0800befc       0xb8 /home/ben/arm-gnu-toolchain-14.2.rel1-x86_64-arm-none-eabi/bin/../lib/gcc/arm-none-eabi/14.2.1/../../../../arm-none-eabi/lib/thumb/v7e-m/nofp/libg_nano.a(libc_a-mprec.o)
                0x0800befc                __pow5mult
 .text.__lshift
                0x0800bfb4       0xdc /home/ben/arm-gnu-toolchain-14.2.rel1-x86_64-arm-none-eabi/bin/../lib/gcc/arm-none-eabi/14.2.1/../../../../arm-none-eabi/lib/thumb/v7e-m/nofp/libg_nano.a(libc_a-mprec.o)
                0x0800bfb4                __lshift
 .text.__mcmp   0x0800c090       0x36 /home/ben/arm-gnu-toolchain-14.2.rel1-x86_64-arm-none-eabi/bin/../lib/gcc/arm-none-eabi/14.2.1/../../../../arm-none-eabi/lib/thumb/v7e-m/nofp/libg_nano.a(libc_a-mprec.o)
                0x0800c090                __mcmp
 *fill*         0x0800c0c6        0x2 
 .text.__mdiff  0x0800c0c8      0x130 /home/ben/arm-gnu-toolchain-14.2.rel1-x86_64-arm-none-eabi/bin/../lib/gcc/arm-none-eabi/14.2.1/../../../../arm-none-eabi/lib/thumb/v7e-m/nofp/libg_nano.a(libc_a-mprec.o)
                0x0800c0c8                __mdiff
 .text.__ulp    0x0800c1f8       0x40 /home/ben/arm-gnu-toolchain-14.2.rel1-x86_64-arm-none-eabi/bin/../lib/gcc/arm-none-eabi/14.2.1/../../../../arm-none-eabi/lib/thumb/v7e-m/nofp/libg_nano.a(libc_a-mprec.o)
                0x0800c1f8                __ulp
 .text.__b2d    0x0800c238       0x94 /home/ben/arm-gnu-toolchain-14.2.rel1-x86_64-arm-none-eabi/bin/../lib/gcc/arm-none-eabi/14.2.1/../../../../arm-none-eabi/lib/thumb/v7e-m/nofp/libg_nano.a(libc_a-mprec.o)
                0x0800c238                __b2d
 .text.__d2b    0x0800c2cc       0xb0 /home/ben/arm-gnu-toolchain-14.2.rel1-x86_64-arm-none-eabi/bin/../lib/gcc/arm-none-eabi/14.2.1/../../../../arm-none-eabi/lib/thumb/v7e-m/nofp/libg_nano.a(libc_a-mprec.o)
                0x0800c2cc                __d2b
 .text.__ratio  0x0800c37c       0x60 /home/ben/arm-gnu-toolchain-14.2.rel1-x86_64-arm-none-eabi/bin/../lib/gcc/arm-none-eabi/14.2.1/../../../../arm-none-eabi/lib/thumb/v7e-m/nofp/libg_nano.a(libc_a-mprec.o)
                0x0800c37c                __ratio
 .text._mprec_log10
                0x0800c3dc       0x38 /home/ben/arm-gnu-toolchain-14.2.rel1-x86_64-arm-none-eabi/bin/../lib/gcc/arm-none-eabi/14.2.1/../../../../arm-none-eabi/lib/thumb/v7e-m/nofp/libg_nano.a(libc_a-mprec.o)
                0x0800c3dc                _mprec_log10
 .text.__copybits
                0x0800c414       0x46 /home/ben/arm-gnu-toolchain-14.2.rel1-x86_64-arm-none-eabi/bin/../lib/gcc/arm-none-eabi/14.2.1/../../../../arm-none-eabi/lib/thumb/v7e-m/nofp/libg_nano.a(libc_a-mprec.o)
                0x0800c414                __copybits
 .text.__any_on
                0x0800c45a       0x42 /home/ben/arm-gnu-toolchain-14.2.rel1-x86_64-arm-none-eabi/bin/../lib/gcc/arm-none-eabi/14.2.1/../../../../arm-none-eabi/lib/thumb/v7e-m/nofp/libg_nano.a(libc_a-mprec.o)
                0x0800c45a                __any_on
 .text.__sfputc_r
                0x0800c49c       0x2a /home/ben/arm-gnu-toolchain-14.2.rel1-x86_64-arm-none-eabi/bin/../lib/gcc/arm-none-eabi/14.2.1/../../../../arm-none-eabi/lib/thumb/v7e-m/nofp/libg_nano.a(libc_a-nano-vfprintf.o)
 .text.__sfputs_r
                0x0800c4c6       0x24 /home/ben/arm-gnu-toolchain-14.2.rel1-x86_64-arm-none-eabi/bin/../lib/gcc/arm-none-eabi/14.2.1/../../../../arm-none-eabi/lib/thumb/v7e-m/nofp/libg_nano.a(libc_a-nano-vfprintf.o)
                0x0800c4c6                __sfputs_r
 .text.__sprint_r
                0x0800c4ea       0x1a /home/ben/arm-gnu-toolchain-14.2.rel1-x86_64-arm-none-eabi/bin/../lib/gcc/arm-none-eabi/14.2.1/../../../../arm-none-eabi/lib/thumb/v7e-m/nofp/libg_nano.a(libc_a-nano-vfprintf.o)
                0x0800c4ea                __sprint_r
 .text._vfprintf_r
                0x0800c504      0x230 /home/ben/arm-gnu-toolchain-14.2.rel1-x86_64-arm-none-eabi/bin/../lib/gcc/arm-none-eabi/14.2.1/../../../../arm-none-eabi/lib/thumb/v7e-m/nofp/libg_nano.a(libc_a-nano-vfprintf.o)
                0x0800c504                _vfiprintf_r
                0x0800c504                _vfprintf_r
 .text.vfprintf
                0x0800c734       0x14 /home/ben/arm-gnu-toolchain-14.2.rel1-x86_64-arm-none-eabi/bin/../lib/gcc/arm-none-eabi/14.2.1/../../../../arm-none-eabi/lib/thumb/v7e-m/nofp/libg_nano.a(libc_a-nano-vfprintf.o)
                0x0800c734                vfiprintf
                0x0800c734                vfprintf
 .text.__sflush_r
                0x0800c748       0xfc /home/ben/arm-gnu-toolchain-14.2.rel1-x86_64-arm-none-eabi/bin/../lib/gcc/arm-none-eabi/14.2.1/../../../../arm-none-eabi/lib/thumb/v7e-m/nofp/libg_nano.a(libc_a-fflush.o)
                0x0800c748                __sflush_r
 .text._fflush_r
                0x0800c844       0x50 /home/ben/arm-gnu-toolchain-14.2.rel1-x86_64-arm-none-eabi/bin/../lib/gcc/arm-none-eabi/14.2.1/../../../../arm-none-eabi/lib/thumb/v7e-m/nofp/libg_nano.a(libc_a-fflush.o)
                0x0800c844                _fflush_r
 .text.fflush   0x0800c894       0x28 /home/ben/arm-gnu-toolchain-14.2.rel1-x86_64-arm-none-eabi/bin/../lib/gcc/arm-none-eabi/14.2.1/../../../../arm-none-eabi/lib/thumb/v7e-m/nofp/libg_nano.a(libc_a-fflush.o)
                0x0800c894                fflush
 .text.__sfvwrite_r
                0x0800c8bc      0x2a4 /home/ben/arm-gnu-toolchain-14.2.rel1-x86_64-arm-none-eabi/bin/../lib/gcc/arm-none-eabi/14.2.1/../../../../arm-none-eabi/lib/thumb/v7e-m/nofp/libg_nano.a(libc_a-fvwrite.o)
                0x0800c8bc                __sfvwrite_r
 .text.__swhatbuf_r
                0x0800cb60       0x48 /home/ben/arm-gnu-toolchain-14.2.rel1-x86_64-arm-none-eabi/bin/../lib/gcc/arm-none-eabi/14.2.1/../../../../arm-none-eabi/lib/thumb/v7e-m/nofp/libg_nano.a(libc_a-makebuf.o)
                0x0800cb60                __swhatbuf_r
 .text.__smakebuf_r
                0x0800cba8       0x72 /home/ben/arm-gnu-toolchain-14.2.rel1-x86_64-arm-none-eabi/bin/../lib/gcc/arm-none-eabi/14.2.1/../../../../arm-none-eabi/lib/thumb/v7e-m/nofp/libg_nano.a(libc_a-makebuf.o)
                0x0800cba8                __smakebuf_r
 .text.memmove  0x0800cc1a       0x32 /home/ben/arm-gnu-toolchain-14.2.rel1-x86_64-arm-none-eabi/bin/../lib/gcc/arm-none-eabi/14.2.1/../../../../arm-none-eabi/lib/thumb/v7e-m/nofp/libg_nano.a(libc_a-memmove.o)
                0x0800cc1a                memmove
 .text._setlocale_r
                0x0800cc4c       0x3c /home/ben/arm-gnu-toolchain-14.2.rel1-x86_64-arm-none-eabi/bin/../lib/gcc/arm-none-eabi/14.2.1/../../../../arm-none-eabi/lib/thumb/v7e-m/nofp/libg_nano.a(libc_a-locale.o)
                0x0800cc4c                _setlocale_r
 .text.__locale_mb_cur_max
                0x0800cc88        0xc /home/ben/arm-gnu-toolchain-14.2.rel1-x86_64-arm-none-eabi/bin/../lib/gcc/arm-none-eabi/14.2.1/../../../../arm-none-eabi/lib/thumb/v7e-m/nofp/libg_nano.a(libc_a-locale.o)
                0x0800cc88                __locale_mb_cur_max
 .text.setlocale
                0x0800cc94       0x10 /home/ben/arm-gnu-toolchain-14.2.rel1-x86_64-arm-none-eabi/bin/../lib/gcc/arm-none-eabi/14.2.1/../../../../arm-none-eabi/lib/thumb/v7e-m/nofp/libg_nano.a(libc_a-locale.o)
                0x0800cc94                setlocale
 .text._fstat_r
                0x0800cca4       0x24 /home/ben/arm-gnu-toolchain-14.2.rel1-x86_64-arm-none-eabi/bin/../lib/gcc/arm-none-eabi/14.2.1/../../../../arm-none-eabi/lib/thumb/v7e-m/nofp/libg_nano.a(libc_a-fstatr.o)
                0x0800cca4                _fstat_r
 .text._isatty_r
                0x0800ccc8       0x20 /home/ben/arm-gnu-toolchain-14.2.rel1-x86_64-arm-none-eabi/bin/../lib/gcc/arm-none-eabi/14.2.1/../../../../arm-none-eabi/lib/thumb/v7e-m/nofp/libg_nano.a(libc_a-isattyr.o)
                0x0800ccc8                _isatty_r
 .text._sbrk_r  0x0800cce8       0x20 /home/ben/arm-gnu-toolchain-14.2.rel1-x86_64-arm-none-eabi/bin/../lib/gcc/arm-none-eabi/14.2.1/../../../../arm-none-eabi/lib/thumb/v7e-m/nofp/libg_nano.a(libc_a-sbrkr.o)
                0x0800cce8                _sbrk_r
 .text.memcpy   0x0800cd08       0x1c /home/ben/arm-gnu-toolchain-14.2.rel1-x86_64-arm-none-eabi/bin/../lib/gcc/arm-none-eabi/14.2.1/../../../../arm-none-eabi/lib/thumb/v7e-m/nofp/libg_nano.a(libc_a-memcpy-stub.o)
                0x0800cd08                memcpy
 .text.__assert_func
                0x0800cd24       0x3c /home/ben/arm-gnu-toolchain-14.2.rel1-x86_64-arm-none-eabi/bin/../lib/gcc/arm-none-eabi/14.2.1/../../../../arm-none-eabi/lib/thumb/v7e-m/nofp/libg_nano.a(libc_a-assert.o)
                0x0800cd24                __assert_func
 .text.__assert
                0x0800cd60        0xa /home/ben/arm-gnu-toolchain-14.2.rel1-x86_64-arm-none-eabi/bin/../lib/gcc/arm-none-eabi/14.2.1/../../../../arm-none-eabi/lib/thumb/v7e-m/nofp/libg_nano.a(libc_a-assert.o)
                0x0800cd60                __assert
 .text._calloc_r
                0x0800cd6a       0x28 /home/ben/arm-gnu-toolchain-14.2.rel1-x86_64-arm-none-eabi/bin/../lib/gcc/arm-none-eabi/14.2.1/../../../../arm-none-eabi/lib/thumb/v7e-m/nofp/libg_nano.a(libc_a-callocr.o)
                0x0800cd6a                _calloc_r
 *fill*         0x0800cd92        0x2 
 .text._mbtowc_r
                0x0800cd94       0x14 /home/ben/arm-gnu-toolchain-14.2.rel1-x86_64-arm-none-eabi/bin/../lib/gcc/arm-none-eabi/14.2.1/../../../../arm-none-eabi/lib/thumb/v7e-m/nofp/libg_nano.a(libc_a-mbtowc_r.o)
                0x0800cd94                _mbtowc_r
 .text.__ascii_mbtowc
                0x0800cda8       0x24 /home/ben/arm-gnu-toolchain-14.2.rel1-x86_64-arm-none-eabi/bin/../lib/gcc/arm-none-eabi/14.2.1/../../../../arm-none-eabi/lib/thumb/v7e-m/nofp/libg_nano.a(libc_a-mbtowc_r.o)
                0x0800cda8                __ascii_mbtowc
 .text._realloc_r
                0x0800cdcc       0x5c /home/ben/arm-gnu-toolchain-14.2.rel1-x86_64-arm-none-eabi/bin/../lib/gcc/arm-none-eabi/14.2.1/../../../../arm-none-eabi/lib/thumb/v7e-m/nofp/libg_nano.a(libc_a-reallocr.o)
                0x0800cdcc                _realloc_r
 .text._wctomb_r
                0x0800ce28       0x14 /home/ben/arm-gnu-toolchain-14.2.rel1-x86_64-arm-none-eabi/bin/../lib/gcc/arm-none-eabi/14.2.1/../../../../arm-none-eabi/lib/thumb/v7e-m/nofp/libg_nano.a(libc_a-wctomb_r.o)
                0x0800ce28                _wctomb_r
 .text.__ascii_wctomb
                0x0800ce3c       0x1a /home/ben/arm-gnu-toolchain-14.2.rel1-x86_64-arm-none-eabi/bin/../lib/gcc/arm-none-eabi/14.2.1/../../../../arm-none-eabi/lib/thumb/v7e-m/nofp/libg_nano.a(libc_a-wctomb_r.o)
                0x0800ce3c                __ascii_wctomb
 .text._fprintf_r
                0x0800ce56       0x1a /home/ben/arm-gnu-toolchain-14.2.rel1-x86_64-arm-none-eabi/bin/../lib/gcc/arm-none-eabi/14.2.1/../../../../arm-none-eabi/lib/thumb/v7e-m/nofp/libg_nano.a(libc_a-fprintf.o)
                0x0800ce56                _fprintf_r
                0x0800ce56                _fiprintf_r
 .text.fprintf  0x0800ce70       0x24 /home/ben/arm-gnu-toolchain-14.2.rel1-x86_64-arm-none-eabi/bin/../lib/gcc/arm-none-eabi/14.2.1/../../../../arm-none-eabi/lib/thumb/v7e-m/nofp/libg_nano.a(libc_a-fprintf.o)
                0x0800ce70                fprintf
                0x0800ce70                fiprintf
 .text.abort    0x0800ce94        0xe /home/ben/arm-gnu-toolchain-14.2.rel1-x86_64-arm-none-eabi/bin/../lib/gcc/arm-none-eabi/14.2.1/../../../../arm-none-eabi/lib/thumb/v7e-m/nofp/libg_nano.a(libc_a-abort.o)
                0x0800ce94                abort
 .text._malloc_usable_size_r
                0x0800cea2       0x10 /home/ben/arm-gnu-toolchain-14.2.rel1-x86_64-arm-none-eabi/bin/../lib/gcc/arm-none-eabi/14.2.1/../../../../arm-none-eabi/lib/thumb/v7e-m/nofp/libg_nano.a(libc_a-msizer.o)
                0x0800cea2                _malloc_usable_size_r
 .text._init_signal_r
                0x0800ceb2       0x28 /home/ben/arm-gnu-toolchain-14.2.rel1-x86_64-arm-none-eabi/bin/../lib/gcc/arm-none-eabi/14.2.1/../../../../arm-none-eabi/lib/thumb/v7e-m/nofp/libg_nano.a(libc_a-signal.o)
                0x0800ceb2                _init_signal_r
 .text._signal_r
                0x0800ceda       0x30 /home/ben/arm-gnu-toolchain-14.2.rel1-x86_64-arm-none-eabi/bin/../lib/gcc/arm-none-eabi/14.2.1/../../../../arm-none-eabi/lib/thumb/v7e-m/nofp/libg_nano.a(libc_a-signal.o)
                0x0800ceda                _signal_r
 .text._raise_r
                0x0800cf0a       0x50 /home/ben/arm-gnu-toolchain-14.2.rel1-x86_64-arm-none-eabi/bin/../lib/gcc/arm-none-eabi/14.2.1/../../../../arm-none-eabi/lib/thumb/v7e-m/nofp/libg_nano.a(libc_a-signal.o)
                0x0800cf0a                _raise_r
 .text.__sigtramp_r
                0x0800cf5a       0x48 /home/ben/arm-gnu-toolchain-14.2.rel1-x86_64-arm-none-eabi/bin/../lib/gcc/arm-none-eabi/14.2.1/../../../../arm-none-eabi/lib/thumb/v7e-m/nofp/libg_nano.a(libc_a-signal.o)
                0x0800cf5a                __sigtramp_r
 *fill*         0x0800cfa2        0x2 
 .text.raise    0x0800cfa4       0x10 /home/ben/arm-gnu-toolchain-14.2.rel1-x86_64-arm-none-eabi/bin/../lib/gcc/arm-none-eabi/14.2.1/../../../../arm-none-eabi/lib/thumb/v7e-m/nofp/libg_nano.a(libc_a-signal.o)
                0x0800cfa4                raise
 .text.signal   0x0800cfb4       0x10 /home/ben/arm-gnu-toolchain-14.2.rel1-x86_64-arm-none-eabi/bin/../lib/gcc/arm-none-eabi/14.2.1/../../../../arm-none-eabi/lib/thumb/v7e-m/nofp/libg_nano.a(libc_a-signal.o)
                0x0800cfb4                signal
 .text._init_signal
                0x0800cfc4        0xc /home/ben/arm-gnu-toolchain-14.2.rel1-x86_64-arm-none-eabi/bin/../lib/gcc/arm-none-eabi/14.2.1/../../../../arm-none-eabi/lib/thumb/v7e-m/nofp/libg_nano.a(libc_a-signal.o)
                0x0800cfc4                _init_signal
 .text.__sigtramp
                0x0800cfd0       0x10 /home/ben/arm-gnu-toolchain-14.2.rel1-x86_64-arm-none-eabi/bin/../lib/gcc/arm-none-eabi/14.2.1/../../../../arm-none-eabi/lib/thumb/v7e-m/nofp/libg_nano.a(libc_a-signal.o)
                0x0800cfd0                __sigtramp
 .text._kill_r  0x0800cfe0       0x24 /home/ben/arm-gnu-toolchain-14.2.rel1-x86_64-arm-none-eabi/bin/../lib/gcc/arm-none-eabi/14.2.1/../../../../arm-none-eabi/lib/thumb/v7e-m/nofp/libg_nano.a(libc_a-signalr.o)
                0x0800cfe0                _kill_r
 .text._getpid_r
                0x0800d004        0x4 /home/ben/arm-gnu-toolchain-14.2.rel1-x86_64-arm-none-eabi/bin/../lib/gcc/arm-none-eabi/14.2.1/../../../../arm-none-eabi/lib/thumb/v7e-m/nofp/libg_nano.a(libc_a-signalr.o)
                0x0800d004                _getpid_r
 *(.rodata)
 .rodata        0x0800d008       0x1a main_app.o
 *fill*         0x0800d022        0x2 
 .rodata        0x0800d024       0x18 vendor/system_stm32f7xx.o
                0x0800d024                AHBPrescTable
                0x0800d034                APBPrescTable
 .rodata        0x0800d03c       0x25 src/dma.o
 *fill*         0x0800d061        0x3 
 .rodata        0x0800d064        0x6 src/spi.o
 *(.rodata.*)
 *fill*         0x0800d06a        0x2 
 .rodata.all_implied_fbits
                0x0800d06c       0x24 /home/ben/arm-gnu-toolchain-14.2.rel1-x86_64-arm-none-eabi/bin/../lib/gcc/arm-none-eabi/14.2.1/thumb/v7e-m/nofp/crtbegin.o
 .rodata._printf_float.str1.1
                0x0800d090      0x173 /home/ben/arm-gnu-toolchain-14.2.rel1-x86_64-arm-none-eabi/bin/../lib/gcc/arm-none-eabi/14.2.1/../../../../arm-none-eabi/lib/thumb/v7e-m/nofp/libg_nano.a(libc_a-nano-vfprintf_float.o)
                                 0x12 (size before relaxing)
 .rodata._printf_i.str1.1
                0x0800d203       0x22 /home/ben/arm-gnu-toolchain-14.2.rel1-x86_64-arm-none-eabi/bin/../lib/gcc/arm-none-eabi/14.2.1/../../../../arm-none-eabi/lib/thumb/v7e-m/nofp/libg_nano.a(libc_a-nano-vfprintf_i.o)
 .rodata._dtoa_r.str1.1
                0x0800d203       0x90 /home/ben/arm-gnu-toolchain-14.2.rel1-x86_64-arm-none-eabi/bin/../lib/gcc/arm-none-eabi/14.2.1/../../../../arm-none-eabi/lib/thumb/v7e-m/nofp/libg_nano.a(libc_a-dtoa.o)
 .rodata._Balloc.str1.1
                0x0800d203       0x71 /home/ben/arm-gnu-toolchain-14.2.rel1-x86_64-arm-none-eabi/bin/../lib/gcc/arm-none-eabi/14.2.1/../../../../arm-none-eabi/lib/thumb/v7e-m/nofp/libg_nano.a(libc_a-mprec.o)
 .rodata.__multadd.str1.1
                0x0800d203       0x11 /home/ben/arm-gnu-toolchain-14.2.rel1-x86_64-arm-none-eabi/bin/../lib/gcc/arm-none-eabi/14.2.1/../../../../arm-none-eabi/lib/thumb/v7e-m/nofp/libg_nano.a(libc_a-mprec.o)
 *fill*         0x0800d203        0x1 
 .rodata.p05.0  0x0800d204        0xc /home/ben/arm-gnu-toolchain-14.2.rel1-x86_64-arm-none-eabi/bin/../lib/gcc/arm-none-eabi/14.2.1/../../../../arm-none-eabi/lib/thumb/v7e-m/nofp/libg_nano.a(libc_a-mprec.o)
 .rodata.__mprec_tinytens
                0x0800d210       0x28 /home/ben/arm-gnu-toolchain-14.2.rel1-x86_64-arm-none-eabi/bin/../lib/gcc/arm-none-eabi/14.2.1/../../../../arm-none-eabi/lib/thumb/v7e-m/nofp/libg_nano.a(libc_a-mprec.o)
                0x0800d210                __mprec_tinytens
 .rodata.__mprec_bigtens
                0x0800d238       0x28 /home/ben/arm-gnu-toolchain-14.2.rel1-x86_64-arm-none-eabi/bin/../lib/gcc/arm-none-eabi/14.2.1/../../../../arm-none-eabi/lib/thumb/v7e-m/nofp/libg_nano.a(libc_a-mprec.o)
                0x0800d238                __mprec_bigtens
 .rodata.__mprec_tens
                0x0800d260       0xc8 /home/ben/arm-gnu-toolchain-14.2.rel1-x86_64-arm-none-eabi/bin/../lib/gcc/arm-none-eabi/14.2.1/../../../../arm-none-eabi/lib/thumb/v7e-m/nofp/libg_nano.a(libc_a-mprec.o)
                0x0800d260                __mprec_tens
 .rodata._vfprintf_r.str1.1
                0x0800d328       0x11 /home/ben/arm-gnu-toolchain-14.2.rel1-x86_64-arm-none-eabi/bin/../lib/gcc/arm-none-eabi/14.2.1/../../../../arm-none-eabi/lib/thumb/v7e-m/nofp/libg_nano.a(libc_a-nano-vfprintf.o)
 .rodata._setlocale_r.str1.1
                0x0800d328        0x9 /home/ben/arm-gnu-toolchain-14.2.rel1-x86_64-arm-none-eabi/bin/../lib/gcc/arm-none-eabi/14.2.1/../../../../arm-none-eabi/lib/thumb/v7e-m/nofp/libg_nano.a(libc_a-locale.o)
 .rodata.str1.1
                0x0800d328        0x2 /home/ben/arm-gnu-toolchain-14.2.rel1-x86_64-arm-none-eabi/bin/../lib/gcc/arm-none-eabi/14.2.1/../../../../arm-none-eabi/lib/thumb/v7e-m/nofp/libg_nano.a(libc_a-locale.o)
 .rodata.__assert_func.str1.1
                0x0800d328       0x3d /home/ben/arm-gnu-toolchain-14.2.rel1-x86_64-arm-none-eabi/bin/../lib/gcc/arm-none-eabi/14.2.1/../../../../arm-none-eabi/lib/thumb/v7e-m/nofp/libg_nano.a(libc_a-assert.o)
 .rodata._ctype_
                0x0800d328      0x101 /home/ben/arm-gnu-toolchain-14.2.rel1-x86_64-arm-none-eabi/bin/../lib/gcc/arm-none-eabi/14.2.1/../../../../arm-none-eabi/lib/thumb/v7e-m/nofp/libg_nano.a(libc_a-ctype_.o)
                0x0800d328                _ctype_
 *fill*         0x0800d429        0x3 
 .rodata.all_implied_fbits
                0x0800d42c       0x24 /home/ben/arm-gnu-toolchain-14.2.rel1-x86_64-arm-none-eabi/bin/../lib/gcc/arm-none-eabi/14.2.1/thumb/v7e-m/nofp/crtend.o
 *(.init)
 .init          0x0800d450        0x4 /home/ben/arm-gnu-toolchain-14.2.rel1-x86_64-arm-none-eabi/bin/../lib/gcc/arm-none-eabi/14.2.1/thumb/v7e-m/nofp/crti.o
                0x0800d450                _init
 .init          0x0800d454        0x8 /home/ben/arm-gnu-toolchain-14.2.rel1-x86_64-arm-none-eabi/bin/../lib/gcc/arm-none-eabi/14.2.1/thumb/v7e-m/nofp/crtn.o
 *(.fini)
 .fini          0x0800d45c        0x4 /home/ben/arm-gnu-toolchain-14.2.rel1-x86_64-arm-none-eabi/bin/../lib/gcc/arm-none-eabi/14.2.1/thumb/v7e-m/nofp/crti.o
                0x0800d45c                _fini
 .fini          0x0800d460        0x8 /home/ben/arm-gnu-toolchain-14.2.rel1-x86_64-arm-none-eabi/bin/../lib/gcc/arm-none-eabi/14.2.1/thumb/v7e-m/nofp/crtn.o
 *(.eh_frame)
 .eh_frame      0x0800d468        0x0 /home/ben/arm-gnu-toolchain-14.2.rel1-x86_64-arm-none-eabi/bin/../lib/gcc/arm-none-eabi/14.2.1/thumb/v7e-m/nofp/crtbegin.o
 .eh_frame      0x0800d468        0x4 /home/ben/arm-gnu-toolchain-14.2.rel1-x86_64-arm-none-eabi/bin/../lib/gcc/arm-none-eabi/14.2.1/thumb/v7e-m/nofp/crtend.o
 *(.ARM.exidx)
 .ARM.exidx     0x0800d46c        0x8 /home/ben/arm-gnu-toolchain-14.2.rel1-x86_64-arm-none-eabi/bin/../lib/gcc/arm-none-eabi/14.2.1/../../../../arm-none-eabi/lib/thumb/v7e-m/nofp/crt0.o
                                 0x10 (size before relaxing)
 .ARM.exidx     0x0800d474        0x0 /home/ben/arm-gnu-toolchain-14.2.rel1-x86_64-arm-none-eabi/bin/../lib/gcc/arm-none-eabi/14.2.1/../../../../arm-none-eabi/lib/thumb/v7e-m/nofp/libg_nano.a(libc_a-memchr.o)
                                  0x8 (size before relaxing)
 .ARM.exidx     0x0800d474        0x0 /home/ben/arm-gnu-toolchain-14.2.rel1-x86_64-arm-none-eabi/bin/../lib/gcc/arm-none-eabi/14.2.1/../../../../arm-none-eabi/lib/thumb/v7e-m/nofp/libg_nano.a(libc_a-strlen.o)
                                  0x8 (size before relaxing)
 .ARM.exidx     0x0800d474        0x0 /home/ben/arm-gnu-toolchain-14.2.rel1-x86_64-arm-none-eabi/bin/../lib/gcc/arm-none-eabi/14.2.1/../../../../arm-none-eabi/lib/thumb/v7e-m/nofp/libg_nano.a(libc_a-strcmp.o)
                                  0x8 (size before relaxing)
                0x0800d474                        . = ALIGN (0x4)
                0x0800d474                        _etext = .
                0x0800d474                        _sidata = LOADADDR (.data)

.ARM.extab      0x0800d474        0x0
 .ARM.extab     0x0800d474        0x0 /home/ben/arm-gnu-toolchain-14.2.rel1-x86_64-arm-none-eabi/bin/../lib/gcc/arm-none-eabi/14.2.1/../../../../arm-none-eabi/lib/thumb/v7e-m/nofp/crt0.o
 .ARM.extab     0x0800d474        0x0 /home/ben/arm-gnu-toolchain-14.2.rel1-x86_64-arm-none-eabi/bin/../lib/gcc/arm-none-eabi/14.2.1/../../../../arm-none-eabi/lib/thumb/v7e-m/nofp/libg_nano.a(libc_a-memchr.o)
 .ARM.extab     0x0800d474        0x0 /home/ben/arm-gnu-toolchain-14.2.rel1-x86_64-arm-none-eabi/bin/../lib/gcc/arm-none-eabi/14.2.1/../../../../arm-none-eabi/lib/thumb/v7e-m/nofp/libg_nano.a(libc_a-strlen.o)
 .ARM.extab     0x0800d474        0x0 /home/ben/arm-gnu-toolchain-14.2.rel1-x86_64-arm-none-eabi/bin/../lib/gcc/arm-none-eabi/14.2.1/../../../../arm-none-eabi/lib/thumb/v7e-m/nofp/libg_nano.a(libc_a-strcmp.o)

.glue_7         0x0800d474        0x0
 .glue_7        0x0800d474        0x0 linker stubs

.glue_7t        0x0800d474        0x0
 .glue_7t       0x0800d474        0x0 linker stubs

.vfp11_veneer   0x0800d474        0x0
 .vfp11_veneer  0x0800d474        0x0 linker stubs

.v4_bx          0x0800d474        0x0
 .v4_bx         0x0800d474        0x0 linker stubs

.iplt           0x0800d474        0x0
 .iplt          0x0800d474        0x0 /home/ben/arm-gnu-toolchain-14.2.rel1-x86_64-arm-none-eabi/bin/../lib/gcc/arm-none-eabi/14.2.1/thumb/v7e-m/nofp/crtbegin.o

.rel.dyn        0x0800d474        0x0
 .rel.iplt      0x0800d474        0x0 /home/ben/arm-gnu-toolchain-14.2.rel1-x86_64-arm-none-eabi/bin/../lib/gcc/arm-none-eabi/14.2.1/thumb/v7e-m/nofp/crtbegin.o

.data           0x20000000      0x1e0 load address 0x0800d474
                0x20000000                        . = ALIGN (0x4)
                0x20000000                        _sdata = .
 *(.data)
 .data          0x20000000        0x0 /home/ben/arm-gnu-toolchain-14.2.rel1-x86_64-arm-none-eabi/bin/../lib/gcc/arm-none-eabi/14.2.1/thumb/v7e-m/nofp/crti.o
 .data          0x20000000        0x0 /home/ben/arm-gnu-toolchain-14.2.rel1-x86_64-arm-none-eabi/bin/../lib/gcc/arm-none-eabi/14.2.1/thumb/v7e-m/nofp/crtbegin.o
 .data          0x20000000        0x0 /home/ben/arm-gnu-toolchain-14.2.rel1-x86_64-arm-none-eabi/bin/../lib/gcc/arm-none-eabi/14.2.1/../../../../arm-none-eabi/lib/thumb/v7e-m/nofp/crt0.o
 .data          0x20000000        0x4 main_app.o
                0x20000000                datavar
 .data          0x20000004        0x0 src/startup.o
 .data          0x20000004        0x4 vendor/system_stm32f7xx.o
                0x20000004                SystemCoreClock
 .data          0x20000008        0x4 src/syscalls.o
                0x20000008                environ
 .data          0x2000000c        0x0 src/usart.o
 .data          0x2000000c        0x0 src/dma.o
 .data          0x2000000c        0x0 src/spi.o
 .data          0x2000000c        0x0 src/exti_gpio_irq.o
 .data          0x2000000c        0x0 /home/ben/arm-gnu-toolchain-14.2.rel1-x86_64-arm-none-eabi/bin/../lib/gcc/arm-none-eabi/14.2.1/thumb/v7e-m/nofp/libgcc.a(_arm_addsubsf3.o)
 .data          0x2000000c        0x0 /home/ben/arm-gnu-toolchain-14.2.rel1-x86_64-arm-none-eabi/bin/../lib/gcc/arm-none-eabi/14.2.1/../../../../arm-none-eabi/lib/thumb/v7e-m/nofp/libg_nano.a(libc_a-exit.o)
 .data          0x2000000c        0x0 /home/ben/arm-gnu-toolchain-14.2.rel1-x86_64-arm-none-eabi/bin/../lib/gcc/arm-none-eabi/14.2.1/../../../../arm-none-eabi/lib/thumb/v7e-m/nofp/libg_nano.a(libc_a-nano-vfprintf_float.o)
 .data          0x2000000c        0x0 /home/ben/arm-gnu-toolchain-14.2.rel1-x86_64-arm-none-eabi/bin/../lib/gcc/arm-none-eabi/14.2.1/../../../../arm-none-eabi/lib/thumb/v7e-m/nofp/libg_nano.a(libc_a-nano-vfprintf_i.o)
 .data          0x2000000c        0x0 /home/ben/arm-gnu-toolchain-14.2.rel1-x86_64-arm-none-eabi/bin/../lib/gcc/arm-none-eabi/14.2.1/../../../../arm-none-eabi/lib/thumb/v7e-m/nofp/libg_nano.a(libc_a-findfp.o)
 .data          0x2000000c        0x0 /home/ben/arm-gnu-toolchain-14.2.rel1-x86_64-arm-none-eabi/bin/../lib/gcc/arm-none-eabi/14.2.1/../../../../arm-none-eabi/lib/thumb/v7e-m/nofp/libg_nano.a(libc_a-fwalk.o)
 .data          0x2000000c        0x0 /home/ben/arm-gnu-toolchain-14.2.rel1-x86_64-arm-none-eabi/bin/../lib/gcc/arm-none-eabi/14.2.1/../../../../arm-none-eabi/lib/thumb/v7e-m/nofp/libg_nano.a(libc_a-printf.o)
 .data          0x2000000c        0x0 /home/ben/arm-gnu-toolchain-14.2.rel1-x86_64-arm-none-eabi/bin/../lib/gcc/arm-none-eabi/14.2.1/../../../../arm-none-eabi/lib/thumb/v7e-m/nofp/libg_nano.a(libc_a-puts.o)
 .data          0x2000000c        0x0 /home/ben/arm-gnu-toolchain-14.2.rel1-x86_64-arm-none-eabi/bin/../lib/gcc/arm-none-eabi/14.2.1/../../../../arm-none-eabi/lib/thumb/v7e-m/nofp/libg_nano.a(libc_a-stdio.o)
 .data          0x2000000c        0x0 /home/ben/arm-gnu-toolchain-14.2.rel1-x86_64-arm-none-eabi/bin/../lib/gcc/arm-none-eabi/14.2.1/../../../../arm-none-eabi/lib/thumb/v7e-m/nofp/libg_nano.a(libc_a-wbuf.o)
 .data          0x2000000c        0x0 /home/ben/arm-gnu-toolchain-14.2.rel1-x86_64-arm-none-eabi/bin/../lib/gcc/arm-none-eabi/14.2.1/../../../../arm-none-eabi/lib/thumb/v7e-m/nofp/libg_nano.a(libc_a-wsetup.o)
 .data          0x2000000c        0x0 /home/ben/arm-gnu-toolchain-14.2.rel1-x86_64-arm-none-eabi/bin/../lib/gcc/arm-none-eabi/14.2.1/../../../../arm-none-eabi/lib/thumb/v7e-m/nofp/libg_nano.a(libc_a-memset.o)
 .data          0x2000000c        0x0 /home/ben/arm-gnu-toolchain-14.2.rel1-x86_64-arm-none-eabi/bin/../lib/gcc/arm-none-eabi/14.2.1/../../../../arm-none-eabi/lib/thumb/v7e-m/nofp/libg_nano.a(libc_a-localeconv.o)
 .data          0x2000000c        0x0 /home/ben/arm-gnu-toolchain-14.2.rel1-x86_64-arm-none-eabi/bin/../lib/gcc/arm-none-eabi/14.2.1/../../../../arm-none-eabi/lib/thumb/v7e-m/nofp/libg_nano.a(libc_a-closer.o)
 .data          0x2000000c        0x0 /home/ben/arm-gnu-toolchain-14.2.rel1-x86_64-arm-none-eabi/bin/../lib/gcc/arm-none-eabi/14.2.1/../../../../arm-none-eabi/lib/thumb/v7e-m/nofp/libg_nano.a(libc_a-reent.o)
 .data          0x2000000c        0x0 /home/ben/arm-gnu-toolchain-14.2.rel1-x86_64-arm-none-eabi/bin/../lib/gcc/arm-none-eabi/14.2.1/../../../../arm-none-eabi/lib/thumb/v7e-m/nofp/libg_nano.a(libc_a-impure.o)
 .data          0x2000000c        0x0 /home/ben/arm-gnu-toolchain-14.2.rel1-x86_64-arm-none-eabi/bin/../lib/gcc/arm-none-eabi/14.2.1/../../../../arm-none-eabi/lib/thumb/v7e-m/nofp/libg_nano.a(libc_a-lseekr.o)
 .data          0x2000000c        0x0 /home/ben/arm-gnu-toolchain-14.2.rel1-x86_64-arm-none-eabi/bin/../lib/gcc/arm-none-eabi/14.2.1/../../../../arm-none-eabi/lib/thumb/v7e-m/nofp/libg_nano.a(libc_a-readr.o)
 .data          0x2000000c        0x0 /home/ben/arm-gnu-toolchain-14.2.rel1-x86_64-arm-none-eabi/bin/../lib/gcc/arm-none-eabi/14.2.1/../../../../arm-none-eabi/lib/thumb/v7e-m/nofp/libg_nano.a(libc_a-writer.o)
 .data          0x2000000c        0x0 /home/ben/arm-gnu-toolchain-14.2.rel1-x86_64-arm-none-eabi/bin/../lib/gcc/arm-none-eabi/14.2.1/../../../../arm-none-eabi/lib/thumb/v7e-m/nofp/libg_nano.a(libc_a-init.o)
 .data          0x2000000c        0x0 /home/ben/arm-gnu-toolchain-14.2.rel1-x86_64-arm-none-eabi/bin/../lib/gcc/arm-none-eabi/14.2.1/../../../../arm-none-eabi/lib/thumb/v7e-m/nofp/libg_nano.a(libc_a-lock.o)
 .data          0x2000000c        0x0 /home/ben/arm-gnu-toolchain-14.2.rel1-x86_64-arm-none-eabi/bin/../lib/gcc/arm-none-eabi/14.2.1/../../../../arm-none-eabi/lib/thumb/v7e-m/nofp/libg_nano.a(libc_a-memchr.o)
 .data          0x2000000c        0x0 /home/ben/arm-gnu-toolchain-14.2.rel1-x86_64-arm-none-eabi/bin/../lib/gcc/arm-none-eabi/14.2.1/../../../../arm-none-eabi/lib/thumb/v7e-m/nofp/libg_nano.a(libc_a-strlen.o)
 .data          0x2000000c        0x0 /home/ben/arm-gnu-toolchain-14.2.rel1-x86_64-arm-none-eabi/bin/../lib/gcc/arm-none-eabi/14.2.1/../../../../arm-none-eabi/lib/thumb/v7e-m/nofp/libg_nano.a(libc_a-dtoa.o)
 .data          0x2000000c        0x0 /home/ben/arm-gnu-toolchain-14.2.rel1-x86_64-arm-none-eabi/bin/../lib/gcc/arm-none-eabi/14.2.1/../../../../arm-none-eabi/lib/thumb/v7e-m/nofp/libg_nano.a(libc_a-freer.o)
 .data          0x2000000c        0x0 /home/ben/arm-gnu-toolchain-14.2.rel1-x86_64-arm-none-eabi/bin/../lib/gcc/arm-none-eabi/14.2.1/../../../../arm-none-eabi/lib/thumb/v7e-m/nofp/libg_nano.a(libc_a-malloc.o)
 .data          0x2000000c        0x0 /home/ben/arm-gnu-toolchain-14.2.rel1-x86_64-arm-none-eabi/bin/../lib/gcc/arm-none-eabi/14.2.1/../../../../arm-none-eabi/lib/thumb/v7e-m/nofp/libg_nano.a(libc_a-mallocr.o)
 .data          0x2000000c        0x0 /home/ben/arm-gnu-toolchain-14.2.rel1-x86_64-arm-none-eabi/bin/../lib/gcc/arm-none-eabi/14.2.1/../../../../arm-none-eabi/lib/thumb/v7e-m/nofp/libg_nano.a(libc_a-mlock.o)
 .data          0x2000000c        0x0 /home/ben/arm-gnu-toolchain-14.2.rel1-x86_64-arm-none-eabi/bin/../lib/gcc/arm-none-eabi/14.2.1/../../../../arm-none-eabi/lib/thumb/v7e-m/nofp/libg_nano.a(libc_a-mprec.o)
 .data          0x2000000c        0x0 /home/ben/arm-gnu-toolchain-14.2.rel1-x86_64-arm-none-eabi/bin/../lib/gcc/arm-none-eabi/14.2.1/../../../../arm-none-eabi/lib/thumb/v7e-m/nofp/libg_nano.a(libc_a-nano-vfprintf.o)
 .data          0x2000000c        0x0 /home/ben/arm-gnu-toolchain-14.2.rel1-x86_64-arm-none-eabi/bin/../lib/gcc/arm-none-eabi/14.2.1/../../../../arm-none-eabi/lib/thumb/v7e-m/nofp/libg_nano.a(libc_a-fflush.o)
 .data          0x2000000c        0x0 /home/ben/arm-gnu-toolchain-14.2.rel1-x86_64-arm-none-eabi/bin/../lib/gcc/arm-none-eabi/14.2.1/../../../../arm-none-eabi/lib/thumb/v7e-m/nofp/libg_nano.a(libc_a-fvwrite.o)
 .data          0x2000000c        0x0 /home/ben/arm-gnu-toolchain-14.2.rel1-x86_64-arm-none-eabi/bin/../lib/gcc/arm-none-eabi/14.2.1/../../../../arm-none-eabi/lib/thumb/v7e-m/nofp/libg_nano.a(libc_a-makebuf.o)
 .data          0x2000000c        0x0 /home/ben/arm-gnu-toolchain-14.2.rel1-x86_64-arm-none-eabi/bin/../lib/gcc/arm-none-eabi/14.2.1/../../../../arm-none-eabi/lib/thumb/v7e-m/nofp/libg_nano.a(libc_a-memmove.o)
 .data          0x2000000c        0x0 /home/ben/arm-gnu-toolchain-14.2.rel1-x86_64-arm-none-eabi/bin/../lib/gcc/arm-none-eabi/14.2.1/../../../../arm-none-eabi/lib/thumb/v7e-m/nofp/libg_nano.a(libc_a-locale.o)
 .data          0x2000000c        0x0 /home/ben/arm-gnu-toolchain-14.2.rel1-x86_64-arm-none-eabi/bin/../lib/gcc/arm-none-eabi/14.2.1/../../../../arm-none-eabi/lib/thumb/v7e-m/nofp/libg_nano.a(libc_a-fstatr.o)
 .data          0x2000000c        0x0 /home/ben/arm-gnu-toolchain-14.2.rel1-x86_64-arm-none-eabi/bin/../lib/gcc/arm-none-eabi/14.2.1/../../../../arm-none-eabi/lib/thumb/v7e-m/nofp/libg_nano.a(libc_a-isattyr.o)
 .data          0x2000000c        0x0 /home/ben/arm-gnu-toolchain-14.2.rel1-x86_64-arm-none-eabi/bin/../lib/gcc/arm-none-eabi/14.2.1/../../../../arm-none-eabi/lib/thumb/v7e-m/nofp/libg_nano.a(libc_a-sbrkr.o)
 .data          0x2000000c        0x0 /home/ben/arm-gnu-toolchain-14.2.rel1-x86_64-arm-none-eabi/bin/../lib/gcc/arm-none-eabi/14.2.1/../../../../arm-none-eabi/lib/thumb/v7e-m/nofp/libg_nano.a(libc_a-strcmp.o)
 .data          0x2000000c        0x0 /home/ben/arm-gnu-toolchain-14.2.rel1-x86_64-arm-none-eabi/bin/../lib/gcc/arm-none-eabi/14.2.1/../../../../arm-none-eabi/lib/thumb/v7e-m/nofp/libg_nano.a(libc_a-memcpy-stub.o)
 .data          0x2000000c        0x0 /home/ben/arm-gnu-toolchain-14.2.rel1-x86_64-arm-none-eabi/bin/../lib/gcc/arm-none-eabi/14.2.1/../../../../arm-none-eabi/lib/thumb/v7e-m/nofp/libg_nano.a(libc_a-assert.o)
 .data          0x2000000c        0x0 /home/ben/arm-gnu-toolchain-14.2.rel1-x86_64-arm-none-eabi/bin/../lib/gcc/arm-none-eabi/14.2.1/../../../../arm-none-eabi/lib/thumb/v7e-m/nofp/libg_nano.a(libc_a-callocr.o)
 .data          0x2000000c        0x0 /home/ben/arm-gnu-toolchain-14.2.rel1-x86_64-arm-none-eabi/bin/../lib/gcc/arm-none-eabi/14.2.1/../../../../arm-none-eabi/lib/thumb/v7e-m/nofp/libg_nano.a(libc_a-mbtowc_r.o)
 .data          0x2000000c        0x0 /home/ben/arm-gnu-toolchain-14.2.rel1-x86_64-arm-none-eabi/bin/../lib/gcc/arm-none-eabi/14.2.1/../../../../arm-none-eabi/lib/thumb/v7e-m/nofp/libg_nano.a(libc_a-reallocr.o)
 .data          0x2000000c        0x0 /home/ben/arm-gnu-toolchain-14.2.rel1-x86_64-arm-none-eabi/bin/../lib/gcc/arm-none-eabi/14.2.1/../../../../arm-none-eabi/lib/thumb/v7e-m/nofp/libg_nano.a(libc_a-wctomb_r.o)
 .data          0x2000000c        0x0 /home/ben/arm-gnu-toolchain-14.2.rel1-x86_64-arm-none-eabi/bin/../lib/gcc/arm-none-eabi/14.2.1/../../../../arm-none-eabi/lib/thumb/v7e-m/nofp/libg_nano.a(libc_a-ctype_.o)
 .data          0x2000000c        0x0 /home/ben/arm-gnu-toolchain-14.2.rel1-x86_64-arm-none-eabi/bin/../lib/gcc/arm-none-eabi/14.2.1/../../../../arm-none-eabi/lib/thumb/v7e-m/nofp/libg_nano.a(libc_a-fprintf.o)
 .data          0x2000000c        0x0 /home/ben/arm-gnu-toolchain-14.2.rel1-x86_64-arm-none-eabi/bin/../lib/gcc/arm-none-eabi/14.2.1/../../../../arm-none-eabi/lib/thumb/v7e-m/nofp/libg_nano.a(libc_a-abort.o)
 .data          0x2000000c        0x0 /home/ben/arm-gnu-toolchain-14.2.rel1-x86_64-arm-none-eabi/bin/../lib/gcc/arm-none-eabi/14.2.1/../../../../arm-none-eabi/lib/thumb/v7e-m/nofp/libg_nano.a(libc_a-msizer.o)
 .data          0x2000000c        0x0 /home/ben/arm-gnu-toolchain-14.2.rel1-x86_64-arm-none-eabi/bin/../lib/gcc/arm-none-eabi/14.2.1/../../../../arm-none-eabi/lib/thumb/v7e-m/nofp/libg_nano.a(libc_a-signal.o)
 .data          0x2000000c        0x0 /home/ben/arm-gnu-toolchain-14.2.rel1-x86_64-arm-none-eabi/bin/../lib/gcc/arm-none-eabi/14.2.1/../../../../arm-none-eabi/lib/thumb/v7e-m/nofp/libg_nano.a(libc_a-signalr.o)
 .data          0x2000000c        0x0 /home/ben/arm-gnu-toolchain-14.2.rel1-x86_64-arm-none-eabi/bin/../lib/gcc/arm-none-eabi/14.2.1/thumb/v7e-m/nofp/libgcc.a(_arm_muldf3.o)
 .data          0x2000000c        0x0 /home/ben/arm-gnu-toolchain-14.2.rel1-x86_64-arm-none-eabi/bin/../lib/gcc/arm-none-eabi/14.2.1/thumb/v7e-m/nofp/libgcc.a(_arm_addsubdf3.o)
 .data          0x2000000c        0x0 /home/ben/arm-gnu-toolchain-14.2.rel1-x86_64-arm-none-eabi/bin/../lib/gcc/arm-none-eabi/14.2.1/thumb/v7e-m/nofp/libgcc.a(_arm_muldivdf3.o)
 .data          0x2000000c        0x0 /home/ben/arm-gnu-toolchain-14.2.rel1-x86_64-arm-none-eabi/bin/../lib/gcc/arm-none-eabi/14.2.1/thumb/v7e-m/nofp/libgcc.a(_arm_cmpdf2.o)
 .data          0x2000000c        0x0 /home/ben/arm-gnu-toolchain-14.2.rel1-x86_64-arm-none-eabi/bin/../lib/gcc/arm-none-eabi/14.2.1/thumb/v7e-m/nofp/libgcc.a(_arm_unorddf2.o)
 .data          0x2000000c        0x0 /home/ben/arm-gnu-toolchain-14.2.rel1-x86_64-arm-none-eabi/bin/../lib/gcc/arm-none-eabi/14.2.1/thumb/v7e-m/nofp/libgcc.a(_arm_fixdfsi.o)
 .data          0x2000000c        0x0 /home/ben/arm-gnu-toolchain-14.2.rel1-x86_64-arm-none-eabi/bin/../lib/gcc/arm-none-eabi/14.2.1/thumb/v7e-m/nofp/crtend.o
 .data          0x2000000c        0x0 /home/ben/arm-gnu-toolchain-14.2.rel1-x86_64-arm-none-eabi/bin/../lib/gcc/arm-none-eabi/14.2.1/thumb/v7e-m/nofp/crtn.o
 *(.data.*)
 .data.__dso_handle
                0x2000000c        0x4 /home/ben/arm-gnu-toolchain-14.2.rel1-x86_64-arm-none-eabi/bin/../lib/gcc/arm-none-eabi/14.2.1/thumb/v7e-m/nofp/crtbegin.o
                0x2000000c                __dso_handle
 .data.__sglue  0x20000010        0xc /home/ben/arm-gnu-toolchain-14.2.rel1-x86_64-arm-none-eabi/bin/../lib/gcc/arm-none-eabi/14.2.1/../../../../arm-none-eabi/lib/thumb/v7e-m/nofp/libg_nano.a(libc_a-findfp.o)
                0x20000010                __sglue
 .data._impure_ptr
                0x2000001c        0x4 /home/ben/arm-gnu-toolchain-14.2.rel1-x86_64-arm-none-eabi/bin/../lib/gcc/arm-none-eabi/14.2.1/../../../../arm-none-eabi/lib/thumb/v7e-m/nofp/libg_nano.a(libc_a-impure.o)
                0x2000001c                _impure_ptr
 .data._impure_data
                0x20000020       0x4c /home/ben/arm-gnu-toolchain-14.2.rel1-x86_64-arm-none-eabi/bin/../lib/gcc/arm-none-eabi/14.2.1/../../../../arm-none-eabi/lib/thumb/v7e-m/nofp/libg_nano.a(libc_a-impure.o)
                0x20000020                _impure_data
 .data.__global_locale
                0x2000006c      0x16c /home/ben/arm-gnu-toolchain-14.2.rel1-x86_64-arm-none-eabi/bin/../lib/gcc/arm-none-eabi/14.2.1/../../../../arm-none-eabi/lib/thumb/v7e-m/nofp/libg_nano.a(libc_a-locale.o)
                0x2000006c                __global_locale
 *(.init_array)
 .init_array    0x200001d8        0x4 /home/ben/arm-gnu-toolchain-14.2.rel1-x86_64-arm-none-eabi/bin/../lib/gcc/arm-none-eabi/14.2.1/thumb/v7e-m/nofp/crtbegin.o
 *(.fini_array)
 .fini_array    0x200001dc        0x4 /home/ben/arm-gnu-toolchain-14.2.rel1-x86_64-arm-none-eabi/bin/../lib/gcc/arm-none-eabi/14.2.1/thumb/v7e-m/nofp/crtbegin.o
                0x200001e0                        . = ALIGN (0x4)
                0x200001e0                        _edata = .

.tm_clone_table
                0x200001e0        0x0 load address 0x0800d654
 .tm_clone_table
                0x200001e0        0x0 /home/ben/arm-gnu-toolchain-14.2.rel1-x86_64-arm-none-eabi/bin/../lib/gcc/arm-none-eabi/14.2.1/thumb/v7e-m/nofp/crtbegin.o
 .tm_clone_table
                0x200001e0        0x0 /home/ben/arm-gnu-toolchain-14.2.rel1-x86_64-arm-none-eabi/bin/../lib/gcc/arm-none-eabi/14.2.1/thumb/v7e-m/nofp/crtend.o

.igot.plt       0x200001e0        0x0 load address 0x0800d654
 .igot.plt      0x200001e0        0x0 /home/ben/arm-gnu-toolchain-14.2.rel1-x86_64-arm-none-eabi/bin/../lib/gcc/arm-none-eabi/14.2.1/thumb/v7e-m/nofp/crtbegin.o

.bss            0x200001e0      0x17c load address 0x0800d654
                0x200001e0                        . = ALIGN (0x4)
                0x200001e0                        _sbss = .
                0x200001e0                        __bss_start__ = _sbss
 *(.bss)
 .bss           0x200001e0        0x0 /home/ben/arm-gnu-toolchain-14.2.rel1-x86_64-arm-none-eabi/bin/../lib/gcc/arm-none-eabi/14.2.1/thumb/v7e-m/nofp/crti.o
 .bss           0x200001e0        0x0 /home/ben/arm-gnu-toolchain-14.2.rel1-x86_64-arm-none-eabi/bin/../lib/gcc/arm-none-eabi/14.2.1/thumb/v7e-m/nofp/crtbegin.o
 .bss           0x200001e0        0x0 /home/ben/arm-gnu-toolchain-14.2.rel1-x86_64-arm-none-eabi/bin/../lib/gcc/arm-none-eabi/14.2.1/../../../../arm-none-eabi/lib/thumb/v7e-m/nofp/crt0.o
 .bss           0x200001e0        0x4 main_app.o
                0x200001e0                ticks
 .bss           0x200001e4        0x0 src/startup.o
 .bss           0x200001e4        0x0 vendor/system_stm32f7xx.o
 .bss           0x200001e4        0x8 src/syscalls.o
                0x200001e4                __env
 .bss           0x200001ec        0x0 src/usart.o
 .bss           0x200001ec        0x0 src/dma.o
 .bss           0x200001ec        0x0 src/spi.o
 .bss           0x200001ec        0x0 src/exti_gpio_irq.o
 .bss           0x200001ec        0x0 /home/ben/arm-gnu-toolchain-14.2.rel1-x86_64-arm-none-eabi/bin/../lib/gcc/arm-none-eabi/14.2.1/thumb/v7e-m/nofp/libgcc.a(_arm_addsubsf3.o)
 .bss           0x200001ec        0x0 /home/ben/arm-gnu-toolchain-14.2.rel1-x86_64-arm-none-eabi/bin/../lib/gcc/arm-none-eabi/14.2.1/../../../../arm-none-eabi/lib/thumb/v7e-m/nofp/libg_nano.a(libc_a-exit.o)
 .bss           0x200001ec        0x0 /home/ben/arm-gnu-toolchain-14.2.rel1-x86_64-arm-none-eabi/bin/../lib/gcc/arm-none-eabi/14.2.1/../../../../arm-none-eabi/lib/thumb/v7e-m/nofp/libg_nano.a(libc_a-nano-vfprintf_float.o)
 .bss           0x200001ec        0x0 /home/ben/arm-gnu-toolchain-14.2.rel1-x86_64-arm-none-eabi/bin/../lib/gcc/arm-none-eabi/14.2.1/../../../../arm-none-eabi/lib/thumb/v7e-m/nofp/libg_nano.a(libc_a-nano-vfprintf_i.o)
 .bss           0x200001ec        0x0 /home/ben/arm-gnu-toolchain-14.2.rel1-x86_64-arm-none-eabi/bin/../lib/gcc/arm-none-eabi/14.2.1/../../../../arm-none-eabi/lib/thumb/v7e-m/nofp/libg_nano.a(libc_a-findfp.o)
 .bss           0x200001ec        0x0 /home/ben/arm-gnu-toolchain-14.2.rel1-x86_64-arm-none-eabi/bin/../lib/gcc/arm-none-eabi/14.2.1/../../../../arm-none-eabi/lib/thumb/v7e-m/nofp/libg_nano.a(libc_a-fwalk.o)
 .bss           0x200001ec        0x0 /home/ben/arm-gnu-toolchain-14.2.rel1-x86_64-arm-none-eabi/bin/../lib/gcc/arm-none-eabi/14.2.1/../../../../arm-none-eabi/lib/thumb/v7e-m/nofp/libg_nano.a(libc_a-printf.o)
 .bss           0x200001ec        0x0 /home/ben/arm-gnu-toolchain-14.2.rel1-x86_64-arm-none-eabi/bin/../lib/gcc/arm-none-eabi/14.2.1/../../../../arm-none-eabi/lib/thumb/v7e-m/nofp/libg_nano.a(libc_a-puts.o)
 .bss           0x200001ec        0x0 /home/ben/arm-gnu-toolchain-14.2.rel1-x86_64-arm-none-eabi/bin/../lib/gcc/arm-none-eabi/14.2.1/../../../../arm-none-eabi/lib/thumb/v7e-m/nofp/libg_nano.a(libc_a-stdio.o)
 .bss           0x200001ec        0x0 /home/ben/arm-gnu-toolchain-14.2.rel1-x86_64-arm-none-eabi/bin/../lib/gcc/arm-none-eabi/14.2.1/../../../../arm-none-eabi/lib/thumb/v7e-m/nofp/libg_nano.a(libc_a-wbuf.o)
 .bss           0x200001ec        0x0 /home/ben/arm-gnu-toolchain-14.2.rel1-x86_64-arm-none-eabi/bin/../lib/gcc/arm-none-eabi/14.2.1/../../../../arm-none-eabi/lib/thumb/v7e-m/nofp/libg_nano.a(libc_a-wsetup.o)
 .bss           0x200001ec        0x0 /home/ben/arm-gnu-toolchain-14.2.rel1-x86_64-arm-none-eabi/bin/../lib/gcc/arm-none-eabi/14.2.1/../../../../arm-none-eabi/lib/thumb/v7e-m/nofp/libg_nano.a(libc_a-memset.o)
 .bss           0x200001ec        0x0 /home/ben/arm-gnu-toolchain-14.2.rel1-x86_64-arm-none-eabi/bin/../lib/gcc/arm-none-eabi/14.2.1/../../../../arm-none-eabi/lib/thumb/v7e-m/nofp/libg_nano.a(libc_a-localeconv.o)
 .bss           0x200001ec        0x0 /home/ben/arm-gnu-toolchain-14.2.rel1-x86_64-arm-none-eabi/bin/../lib/gcc/arm-none-eabi/14.2.1/../../../../arm-none-eabi/lib/thumb/v7e-m/nofp/libg_nano.a(libc_a-closer.o)
 .bss           0x200001ec        0x0 /home/ben/arm-gnu-toolchain-14.2.rel1-x86_64-arm-none-eabi/bin/../lib/gcc/arm-none-eabi/14.2.1/../../../../arm-none-eabi/lib/thumb/v7e-m/nofp/libg_nano.a(libc_a-reent.o)
 .bss           0x200001ec        0x0 /home/ben/arm-gnu-toolchain-14.2.rel1-x86_64-arm-none-eabi/bin/../lib/gcc/arm-none-eabi/14.2.1/../../../../arm-none-eabi/lib/thumb/v7e-m/nofp/libg_nano.a(libc_a-impure.o)
 .bss           0x200001ec        0x0 /home/ben/arm-gnu-toolchain-14.2.rel1-x86_64-arm-none-eabi/bin/../lib/gcc/arm-none-eabi/14.2.1/../../../../arm-none-eabi/lib/thumb/v7e-m/nofp/libg_nano.a(libc_a-lseekr.o)
 .bss           0x200001ec        0x0 /home/ben/arm-gnu-toolchain-14.2.rel1-x86_64-arm-none-eabi/bin/../lib/gcc/arm-none-eabi/14.2.1/../../../../arm-none-eabi/lib/thumb/v7e-m/nofp/libg_nano.a(libc_a-readr.o)
 .bss           0x200001ec        0x0 /home/ben/arm-gnu-toolchain-14.2.rel1-x86_64-arm-none-eabi/bin/../lib/gcc/arm-none-eabi/14.2.1/../../../../arm-none-eabi/lib/thumb/v7e-m/nofp/libg_nano.a(libc_a-writer.o)
 .bss           0x200001ec        0x0 /home/ben/arm-gnu-toolchain-14.2.rel1-x86_64-arm-none-eabi/bin/../lib/gcc/arm-none-eabi/14.2.1/../../../../arm-none-eabi/lib/thumb/v7e-m/nofp/libg_nano.a(libc_a-init.o)
 .bss           0x200001ec        0x0 /home/ben/arm-gnu-toolchain-14.2.rel1-x86_64-arm-none-eabi/bin/../lib/gcc/arm-none-eabi/14.2.1/../../../../arm-none-eabi/lib/thumb/v7e-m/nofp/libg_nano.a(libc_a-lock.o)
 .bss           0x200001ec        0x0 /home/ben/arm-gnu-toolchain-14.2.rel1-x86_64-arm-none-eabi/bin/../lib/gcc/arm-none-eabi/14.2.1/../../../../arm-none-eabi/lib/thumb/v7e-m/nofp/libg_nano.a(libc_a-memchr.o)
 .bss           0x200001ec        0x0 /home/ben/arm-gnu-toolchain-14.2.rel1-x86_64-arm-none-eabi/bin/../lib/gcc/arm-none-eabi/14.2.1/../../../../arm-none-eabi/lib/thumb/v7e-m/nofp/libg_nano.a(libc_a-strlen.o)
 .bss           0x200001ec        0x0 /home/ben/arm-gnu-toolchain-14.2.rel1-x86_64-arm-none-eabi/bin/../lib/gcc/arm-none-eabi/14.2.1/../../../../arm-none-eabi/lib/thumb/v7e-m/nofp/libg_nano.a(libc_a-dtoa.o)
 .bss           0x200001ec        0x0 /home/ben/arm-gnu-toolchain-14.2.rel1-x86_64-arm-none-eabi/bin/../lib/gcc/arm-none-eabi/14.2.1/../../../../arm-none-eabi/lib/thumb/v7e-m/nofp/libg_nano.a(libc_a-freer.o)
 .bss           0x200001ec        0x0 /home/ben/arm-gnu-toolchain-14.2.rel1-x86_64-arm-none-eabi/bin/../lib/gcc/arm-none-eabi/14.2.1/../../../../arm-none-eabi/lib/thumb/v7e-m/nofp/libg_nano.a(libc_a-malloc.o)
 .bss           0x200001ec        0x0 /home/ben/arm-gnu-toolchain-14.2.rel1-x86_64-arm-none-eabi/bin/../lib/gcc/arm-none-eabi/14.2.1/../../../../arm-none-eabi/lib/thumb/v7e-m/nofp/libg_nano.a(libc_a-mallocr.o)
 .bss           0x200001ec        0x0 /home/ben/arm-gnu-toolchain-14.2.rel1-x86_64-arm-none-eabi/bin/../lib/gcc/arm-none-eabi/14.2.1/../../../../arm-none-eabi/lib/thumb/v7e-m/nofp/libg_nano.a(libc_a-mlock.o)
 .bss           0x200001ec        0x0 /home/ben/arm-gnu-toolchain-14.2.rel1-x86_64-arm-none-eabi/bin/../lib/gcc/arm-none-eabi/14.2.1/../../../../arm-none-eabi/lib/thumb/v7e-m/nofp/libg_nano.a(libc_a-mprec.o)
 .bss           0x200001ec        0x0 /home/ben/arm-gnu-toolchain-14.2.rel1-x86_64-arm-none-eabi/bin/../lib/gcc/arm-none-eabi/14.2.1/../../../../arm-none-eabi/lib/thumb/v7e-m/nofp/libg_nano.a(libc_a-nano-vfprintf.o)
 .bss           0x200001ec        0x0 /home/ben/arm-gnu-toolchain-14.2.rel1-x86_64-arm-none-eabi/bin/../lib/gcc/arm-none-eabi/14.2.1/../../../../arm-none-eabi/lib/thumb/v7e-m/nofp/libg_nano.a(libc_a-fflush.o)
 .bss           0x200001ec        0x0 /home/ben/arm-gnu-toolchain-14.2.rel1-x86_64-arm-none-eabi/bin/../lib/gcc/arm-none-eabi/14.2.1/../../../../arm-none-eabi/lib/thumb/v7e-m/nofp/libg_nano.a(libc_a-fvwrite.o)
 .bss           0x200001ec        0x0 /home/ben/arm-gnu-toolchain-14.2.rel1-x86_64-arm-none-eabi/bin/../lib/gcc/arm-none-eabi/14.2.1/../../../../arm-none-eabi/lib/thumb/v7e-m/nofp/libg_nano.a(libc_a-makebuf.o)
 .bss           0x200001ec        0x0 /home/ben/arm-gnu-toolchain-14.2.rel1-x86_64-arm-none-eabi/bin/../lib/gcc/arm-none-eabi/14.2.1/../../../../arm-none-eabi/lib/thumb/v7e-m/nofp/libg_nano.a(libc_a-memmove.o)
 .bss           0x200001ec        0x0 /home/ben/arm-gnu-toolchain-14.2.rel1-x86_64-arm-none-eabi/bin/../lib/gcc/arm-none-eabi/14.2.1/../../../../arm-none-eabi/lib/thumb/v7e-m/nofp/libg_nano.a(libc_a-locale.o)
 .bss           0x200001ec        0x0 /home/ben/arm-gnu-toolchain-14.2.rel1-x86_64-arm-none-eabi/bin/../lib/gcc/arm-none-eabi/14.2.1/../../../../arm-none-eabi/lib/thumb/v7e-m/nofp/libg_nano.a(libc_a-fstatr.o)
 .bss           0x200001ec        0x0 /home/ben/arm-gnu-toolchain-14.2.rel1-x86_64-arm-none-eabi/bin/../lib/gcc/arm-none-eabi/14.2.1/../../../../arm-none-eabi/lib/thumb/v7e-m/nofp/libg_nano.a(libc_a-isattyr.o)
 .bss           0x200001ec        0x0 /home/ben/arm-gnu-toolchain-14.2.rel1-x86_64-arm-none-eabi/bin/../lib/gcc/arm-none-eabi/14.2.1/../../../../arm-none-eabi/lib/thumb/v7e-m/nofp/libg_nano.a(libc_a-sbrkr.o)
 .bss           0x200001ec        0x0 /home/ben/arm-gnu-toolchain-14.2.rel1-x86_64-arm-none-eabi/bin/../lib/gcc/arm-none-eabi/14.2.1/../../../../arm-none-eabi/lib/thumb/v7e-m/nofp/libg_nano.a(libc_a-strcmp.o)
 .bss           0x200001ec        0x0 /home/ben/arm-gnu-toolchain-14.2.rel1-x86_64-arm-none-eabi/bin/../lib/gcc/arm-none-eabi/14.2.1/../../../../arm-none-eabi/lib/thumb/v7e-m/nofp/libg_nano.a(libc_a-memcpy-stub.o)
 .bss           0x200001ec        0x0 /home/ben/arm-gnu-toolchain-14.2.rel1-x86_64-arm-none-eabi/bin/../lib/gcc/arm-none-eabi/14.2.1/../../../../arm-none-eabi/lib/thumb/v7e-m/nofp/libg_nano.a(libc_a-assert.o)
 .bss           0x200001ec        0x0 /home/ben/arm-gnu-toolchain-14.2.rel1-x86_64-arm-none-eabi/bin/../lib/gcc/arm-none-eabi/14.2.1/../../../../arm-none-eabi/lib/thumb/v7e-m/nofp/libg_nano.a(libc_a-callocr.o)
 .bss           0x200001ec        0x0 /home/ben/arm-gnu-toolchain-14.2.rel1-x86_64-arm-none-eabi/bin/../lib/gcc/arm-none-eabi/14.2.1/../../../../arm-none-eabi/lib/thumb/v7e-m/nofp/libg_nano.a(libc_a-mbtowc_r.o)
 .bss           0x200001ec        0x0 /home/ben/arm-gnu-toolchain-14.2.rel1-x86_64-arm-none-eabi/bin/../lib/gcc/arm-none-eabi/14.2.1/../../../../arm-none-eabi/lib/thumb/v7e-m/nofp/libg_nano.a(libc_a-reallocr.o)
 .bss           0x200001ec        0x0 /home/ben/arm-gnu-toolchain-14.2.rel1-x86_64-arm-none-eabi/bin/../lib/gcc/arm-none-eabi/14.2.1/../../../../arm-none-eabi/lib/thumb/v7e-m/nofp/libg_nano.a(libc_a-wctomb_r.o)
 .bss           0x200001ec        0x0 /home/ben/arm-gnu-toolchain-14.2.rel1-x86_64-arm-none-eabi/bin/../lib/gcc/arm-none-eabi/14.2.1/../../../../arm-none-eabi/lib/thumb/v7e-m/nofp/libg_nano.a(libc_a-ctype_.o)
 .bss           0x200001ec        0x0 /home/ben/arm-gnu-toolchain-14.2.rel1-x86_64-arm-none-eabi/bin/../lib/gcc/arm-none-eabi/14.2.1/../../../../arm-none-eabi/lib/thumb/v7e-m/nofp/libg_nano.a(libc_a-fprintf.o)
 .bss           0x200001ec        0x0 /home/ben/arm-gnu-toolchain-14.2.rel1-x86_64-arm-none-eabi/bin/../lib/gcc/arm-none-eabi/14.2.1/../../../../arm-none-eabi/lib/thumb/v7e-m/nofp/libg_nano.a(libc_a-abort.o)
 .bss           0x200001ec        0x0 /home/ben/arm-gnu-toolchain-14.2.rel1-x86_64-arm-none-eabi/bin/../lib/gcc/arm-none-eabi/14.2.1/../../../../arm-none-eabi/lib/thumb/v7e-m/nofp/libg_nano.a(libc_a-msizer.o)
 .bss           0x200001ec        0x0 /home/ben/arm-gnu-toolchain-14.2.rel1-x86_64-arm-none-eabi/bin/../lib/gcc/arm-none-eabi/14.2.1/../../../../arm-none-eabi/lib/thumb/v7e-m/nofp/libg_nano.a(libc_a-signal.o)
 .bss           0x200001ec        0x0 /home/ben/arm-gnu-toolchain-14.2.rel1-x86_64-arm-none-eabi/bin/../lib/gcc/arm-none-eabi/14.2.1/../../../../arm-none-eabi/lib/thumb/v7e-m/nofp/libg_nano.a(libc_a-signalr.o)
 .bss           0x200001ec        0x0 /home/ben/arm-gnu-toolchain-14.2.rel1-x86_64-arm-none-eabi/bin/../lib/gcc/arm-none-eabi/14.2.1/thumb/v7e-m/nofp/libgcc.a(_arm_muldf3.o)
 .bss           0x200001ec        0x0 /home/ben/arm-gnu-toolchain-14.2.rel1-x86_64-arm-none-eabi/bin/../lib/gcc/arm-none-eabi/14.2.1/thumb/v7e-m/nofp/libgcc.a(_arm_addsubdf3.o)
 .bss           0x200001ec        0x0 /home/ben/arm-gnu-toolchain-14.2.rel1-x86_64-arm-none-eabi/bin/../lib/gcc/arm-none-eabi/14.2.1/thumb/v7e-m/nofp/libgcc.a(_arm_muldivdf3.o)
 .bss           0x200001ec        0x0 /home/ben/arm-gnu-toolchain-14.2.rel1-x86_64-arm-none-eabi/bin/../lib/gcc/arm-none-eabi/14.2.1/thumb/v7e-m/nofp/libgcc.a(_arm_cmpdf2.o)
 .bss           0x200001ec        0x0 /home/ben/arm-gnu-toolchain-14.2.rel1-x86_64-arm-none-eabi/bin/../lib/gcc/arm-none-eabi/14.2.1/thumb/v7e-m/nofp/libgcc.a(_arm_unorddf2.o)
 .bss           0x200001ec        0x0 /home/ben/arm-gnu-toolchain-14.2.rel1-x86_64-arm-none-eabi/bin/../lib/gcc/arm-none-eabi/14.2.1/thumb/v7e-m/nofp/libgcc.a(_arm_fixdfsi.o)
 .bss           0x200001ec        0x0 /home/ben/arm-gnu-toolchain-14.2.rel1-x86_64-arm-none-eabi/bin/../lib/gcc/arm-none-eabi/14.2.1/thumb/v7e-m/nofp/crtend.o
 .bss           0x200001ec        0x0 /home/ben/arm-gnu-toolchain-14.2.rel1-x86_64-arm-none-eabi/bin/../lib/gcc/arm-none-eabi/14.2.1/thumb/v7e-m/nofp/crtn.o
 *(.bss.*)
 .bss.completed.1
                0x200001ec        0x1 /home/ben/arm-gnu-toolchain-14.2.rel1-x86_64-arm-none-eabi/bin/../lib/gcc/arm-none-eabi/14.2.1/thumb/v7e-m/nofp/crtbegin.o
 *fill*         0x200001ed        0x3 
 .bss.object.0  0x200001f0       0x18 /home/ben/arm-gnu-toolchain-14.2.rel1-x86_64-arm-none-eabi/bin/../lib/gcc/arm-none-eabi/14.2.1/thumb/v7e-m/nofp/crtbegin.o
 .bss.__sf      0x20000208      0x138 /home/ben/arm-gnu-toolchain-14.2.rel1-x86_64-arm-none-eabi/bin/../lib/gcc/arm-none-eabi/14.2.1/../../../../arm-none-eabi/lib/thumb/v7e-m/nofp/libg_nano.a(libc_a-findfp.o)
                0x20000208                __sf
 .bss.__stdio_exit_handler
                0x20000340        0x4 /home/ben/arm-gnu-toolchain-14.2.rel1-x86_64-arm-none-eabi/bin/../lib/gcc/arm-none-eabi/14.2.1/../../../../arm-none-eabi/lib/thumb/v7e-m/nofp/libg_nano.a(libc_a-findfp.o)
                0x20000340                __stdio_exit_handler
 .bss.errno     0x20000344        0x4 /home/ben/arm-gnu-toolchain-14.2.rel1-x86_64-arm-none-eabi/bin/../lib/gcc/arm-none-eabi/14.2.1/../../../../arm-none-eabi/lib/thumb/v7e-m/nofp/libg_nano.a(libc_a-reent.o)
                0x20000344                errno
 .bss.__lock___arc4random_mutex
                0x20000348        0x1 /home/ben/arm-gnu-toolchain-14.2.rel1-x86_64-arm-none-eabi/bin/../lib/gcc/arm-none-eabi/14.2.1/../../../../arm-none-eabi/lib/thumb/v7e-m/nofp/libg_nano.a(libc_a-lock.o)
                0x20000348                __lock___arc4random_mutex
 .bss.__lock___dd_hash_mutex