Archive member included to satisfy reference by file (symbol)

/home/ben/arm-gnu-toolchain-13.3.rel1-x86_64-arm-none-eabi/bin/../lib/gcc/arm-none-eabi/13.3.1/../../../../arm-none-eabi/lib/thumb/v7e-m/nofp/libc_nano.a(libc_a-exit.o)
                              /home/ben/arm-gnu-toolchain-13.3.rel1-x86_64-arm-none-eabi/bin/../lib/gcc/arm-none-eabi/13.3.1/../../../../arm-none-eabi/lib/thumb/v7e-m/nofp/crt0.o (exit)
/home/ben/arm-gnu-toolchain-13.3.rel1-x86_64-arm-none-eabi/bin/../lib/gcc/arm-none-eabi/13.3.1/../../../../arm-none-eabi/lib/thumb/v7e-m/nofp/libc_nano.a(libc_a-init.o)
                              /home/ben/arm-gnu-toolchain-13.3.rel1-x86_64-arm-none-eabi/bin/../lib/gcc/arm-none-eabi/13.3.1/../../../../arm-none-eabi/lib/thumb/v7e-m/nofp/crt0.o (__libc_init_array)
/home/ben/arm-gnu-toolchain-13.3.rel1-x86_64-arm-none-eabi/bin/../lib/gcc/arm-none-eabi/13.3.1/../../../../arm-none-eabi/lib/thumb/v7e-m/nofp/libc_nano.a(libc_a-nano-vfprintf_float.o)
                              (_printf_float)
/home/ben/arm-gnu-toolchain-13.3.rel1-x86_64-arm-none-eabi/bin/../lib/gcc/arm-none-eabi/13.3.1/../../../../arm-none-eabi/lib/thumb/v7e-m/nofp/libc_nano.a(libc_a-printf.o)
                              main_app.o (printf)
/home/ben/arm-gnu-toolchain-13.3.rel1-x86_64-arm-none-eabi/bin/../lib/gcc/arm-none-eabi/13.3.1/../../../../arm-none-eabi/lib/thumb/v7e-m/nofp/libc_nano.a(libc_a-nano-vfprintf.o)
                              /home/ben/arm-gnu-toolchain-13.3.rel1-x86_64-arm-none-eabi/bin/../lib/gcc/arm-none-eabi/13.3.1/../../../../arm-none-eabi/lib/thumb/v7e-m/nofp/libc_nano.a(libc_a-printf.o) (_vfprintf_r)
/home/ben/arm-gnu-toolchain-13.3.rel1-x86_64-arm-none-eabi/bin/../lib/gcc/arm-none-eabi/13.3.1/../../../../arm-none-eabi/lib/thumb/v7e-m/nofp/libc_nano.a(libc_a-memset.o)
                              /home/ben/arm-gnu-toolchain-13.3.rel1-x86_64-arm-none-eabi/bin/../lib/gcc/arm-none-eabi/13.3.1/../../../../arm-none-eabi/lib/thumb/v7e-m/nofp/crt0.o (memset)
/home/ben/arm-gnu-toolchain-13.3.rel1-x86_64-arm-none-eabi/bin/../lib/gcc/arm-none-eabi/13.3.1/../../../../arm-none-eabi/lib/thumb/v7e-m/nofp/libc_nano.a(libc_a-wsetup.o)
                              /home/ben/arm-gnu-toolchain-13.3.rel1-x86_64-arm-none-eabi/bin/../lib/gcc/arm-none-eabi/13.3.1/../../../../arm-none-eabi/lib/thumb/v7e-m/nofp/libc_nano.a(libc_a-nano-vfprintf.o) (__swsetup_r)
/home/ben/arm-gnu-toolchain-13.3.rel1-x86_64-arm-none-eabi/bin/../lib/gcc/arm-none-eabi/13.3.1/../../../../arm-none-eabi/lib/thumb/v7e-m/nofp/libc_nano.a(libc_a-localeconv.o)
                              /home/ben/arm-gnu-toolchain-13.3.rel1-x86_64-arm-none-eabi/bin/../lib/gcc/arm-none-eabi/13.3.1/../../../../arm-none-eabi/lib/thumb/v7e-m/nofp/libc_nano.a(libc_a-nano-vfprintf_float.o) (_localeconv_r)
/home/ben/arm-gnu-toolchain-13.3.rel1-x86_64-arm-none-eabi/bin/../lib/gcc/arm-none-eabi/13.3.1/../../../../arm-none-eabi/lib/thumb/v7e-m/nofp/libc_nano.a(libc_a-lock.o)
                              /home/ben/arm-gnu-toolchain-13.3.rel1-x86_64-arm-none-eabi/bin/../lib/gcc/arm-none-eabi/13.3.1/../../../../arm-none-eabi/lib/thumb/v7e-m/nofp/libc_nano.a(libc_a-nano-vfprintf.o) (__retarget_lock_acquire_recursive)
/home/ben/arm-gnu-toolchain-13.3.rel1-x86_64-arm-none-eabi/bin/../lib/gcc/arm-none-eabi/13.3.1/../../../../arm-none-eabi/lib/thumb/v7e-m/nofp/libc_nano.a(libc_a-nano-vfprintf_i.o)
                              /home/ben/arm-gnu-toolchain-13.3.rel1-x86_64-arm-none-eabi/bin/../lib/gcc/arm-none-eabi/13.3.1/../../../../arm-none-eabi/lib/thumb/v7e-m/nofp/libc_nano.a(libc_a-nano-vfprintf_float.o) (_printf_common)
/home/ben/arm-gnu-toolchain-13.3.rel1-x86_64-arm-none-eabi/bin/../lib/gcc/arm-none-eabi/13.3.1/../../../../arm-none-eabi/lib/thumb/v7e-m/nofp/libc_nano.a(libc_a-reent.o)
                              syscalls.o (errno)
/home/ben/arm-gnu-toolchain-13.3.rel1-x86_64-arm-none-eabi/bin/../lib/gcc/arm-none-eabi/13.3.1/../../../../arm-none-eabi/lib/thumb/v7e-m/nofp/libc_nano.a(libc_a-impure.o)
                              /home/ben/arm-gnu-toolchain-13.3.rel1-x86_64-arm-none-eabi/bin/../lib/gcc/arm-none-eabi/13.3.1/../../../../arm-none-eabi/lib/thumb/v7e-m/nofp/libc_nano.a(libc_a-printf.o) (_impure_ptr)
/home/ben/arm-gnu-toolchain-13.3.rel1-x86_64-arm-none-eabi/bin/../lib/gcc/arm-none-eabi/13.3.1/../../../../arm-none-eabi/lib/thumb/v7e-m/nofp/libc_nano.a(libc_a-memchr.o)
                              /home/ben/arm-gnu-toolchain-13.3.rel1-x86_64-arm-none-eabi/bin/../lib/gcc/arm-none-eabi/13.3.1/../../../../arm-none-eabi/lib/thumb/v7e-m/nofp/libc_nano.a(libc_a-nano-vfprintf.o) (memchr)
/home/ben/arm-gnu-toolchain-13.3.rel1-x86_64-arm-none-eabi/bin/../lib/gcc/arm-none-eabi/13.3.1/../../../../arm-none-eabi/lib/thumb/v7e-m/nofp/libc_nano.a(libc_a-strlen.o)
                              /home/ben/arm-gnu-toolchain-13.3.rel1-x86_64-arm-none-eabi/bin/../lib/gcc/arm-none-eabi/13.3.1/../../../../arm-none-eabi/lib/thumb/v7e-m/nofp/libc_nano.a(libc_a-nano-vfprintf_float.o) (strlen)
[...]
Memory Configuration

Name             Origin             Length             Attributes
SRAM             0x20000000         0x00080000         xrw
FLASH_BOOT       0x08000000         0x00008000         xr
FLASH_APP        0x08008000         0x001f8000         xr
*default*        0x00000000         0xffffffff

Linker script and memory map

LOAD /home/ben/arm-gnu-toolchain-13.3.rel1-x86_64-arm-none-eabi/bin/../lib/gcc/arm-none-eabi/13.3.1/thumb/v7e-m/nofp/crti.o
LOAD /home/ben/arm-gnu-toolchain-13.3.rel1-x86_64-arm-none-eabi/bin/../lib/gcc/arm-none-eabi/13.3.1/thumb/v7e-m/nofp/crtbegin.o
LOAD /home/ben/arm-gnu-toolchain-13.3.rel1-x86_64-arm-none-eabi/bin/../lib/gcc/arm-none-eabi/13.3.1/../../../../arm-none-eabi/lib/thumb/v7e-m/nofp/crt0.o
LOAD main_app.o
LOAD startup.o
LOAD system_stm32f7xx.o
LOAD syscalls.o
LOAD usart.o
START GROUP
LOAD /home/ben/arm-gnu-toolchain-13.3.rel1-x86_64-arm-none-eabi/bin/../lib/gcc/arm-none-eabi/13.3.1/thumb/v7e-m/nofp/libgcc.a
LOAD /home/ben/arm-gnu-toolchain-13.3.rel1-x86_64-arm-none-eabi/bin/../lib/gcc/arm-none-eabi/13.3.1/../../../../arm-none-eabi/lib/thumb/v7e-m/nofp/libc_nano.a
END GROUP
START GROUP
LOAD /home/ben/arm-gnu-toolchain-13.3.rel1-x86_64-arm-none-eabi/bin/../lib/gcc/arm-none-eabi/13.3.1/thumb/v7e-m/nofp/libgcc.a
LOAD /home/ben/arm-gnu-toolchain-13.3.rel1-x86_64-arm-none-eabi/bin/../lib/gcc/arm-none-eabi/13.3.1/../../../../arm-none-eabi/lib/thumb/v7e-m/nofp/libc_nano.a
END GROUP
LOAD /home/ben/arm-gnu-toolchain-13.3.rel1-x86_64-arm-none-eabi/bin/../lib/gcc/arm-none-eabi/13.3.1/thumb/v7e-m/nofp/crtend.o
LOAD /home/ben/arm-gnu-toolchain-13.3.rel1-x86_64-arm-none-eabi/bin/../lib/gcc/arm-none-eabi/13.3.1/thumb/v7e-m/nofp/crtn.o
                0x08000000                        __flash_boot_start__ = ORIGIN (FLASH_BOOT)
                0x00008000                        __flash_boot_size__ = LENGTH (FLASH_BOOT)
                0x08008000                        __flash_app_start__ = ORIGIN (FLASH_APP)
                0x001f8000                        __flash_app_size__ = LENGTH (FLASH_APP)

.isr_vector     0x08008000      0x1f8
                0x08008000                        _sisr_vector = .
 *(.isr_vector)
 .isr_vector    0x08008000      0x1f8 startup.o
                0x08008000                isr_vector

.text           0x08008200     0x4d44
                0x08008200                        . = ALIGN (0x4)
 *(.text)
 .text          0x08008200        0x0 /home/ben/arm-gnu-toolchain-13.3.rel1-x86_64-arm-none-eabi/bin/../lib/gcc/arm-none-eabi/13.3.1/thumb/v7e-m/nofp/crti.o
 .text          0x08008200        0x0 /home/ben/arm-gnu-toolchain-13.3.rel1-x86_64-arm-none-eabi/bin/../lib/gcc/arm-none-eabi/13.3.1/thumb/v7e-m/nofp/crtbegin.o
 .text          0x08008200       0x7c /home/ben/arm-gnu-toolchain-13.3.rel1-x86_64-arm-none-eabi/bin/../lib/gcc/arm-none-eabi/13.3.1/../../../../arm-none-eabi/lib/thumb/v7e-m/nofp/crt0.o
                0x08008200                _stack_init
                0x08008208                _mainCRTStartup
                0x08008208                _start
 .text          0x0800827c      0x3b8 main_app.o
                0x08008314                systick_handler
                0x08008330                delay_ms
                0x08008378                blink
                0x08008394                clock_init
                0x08008458                GPIOB_init
                0x08008484                SPI_init
                0x0800852c                SPI_write
                0x080085bc                main
 .text          0x08008634       0xa8 startup.o
                0x08008634                svcall_handler
                0x08008634                usage_fault_handler
                0x08008634                default_handler
                0x08008634                hard_fault_handler
                0x08008634                debug_monitor_handler
                0x08008634                pendsv_handler
                0x08008634                mem_manage_handler
                0x08008634                nmi_handler
                0x08008634                bus_fault_handler
                0x0800863a                reset_handler
 .text          0x080086dc      0x10c system_stm32f7xx.o
                0x080086dc                SystemInit
                0x080086e8                SystemCoreClockUpdate
 .text          0x080087e8      0x244 syscalls.o
                0x080087e8                _exit
                0x080087f2                _close
                0x08008808                execve
                0x0800882c                fork
                0x08008848                _fstat
                0x08008866                _getpid
                0x08008874                _isatty
                0x08008888                _kill
                0x080088ac                link
                0x080088d0                _lseek
                0x080088e8                open
                0x08008902                _read
                0x0800892c                _sbrk
                0x08008978                _stat
                0x08008996                times
                0x080089ac                unlink
                0x080089cc                wait
                0x080089ec                _write
 .text          0x08008a2c       0xcc usart.o
                0x08008a2c                USART3_init
                0x08008aa0                usart_write
                0x08008acc                usart_read
 .text          0x08008af8        0x0 /home/ben/arm-gnu-toolchain-13.3.rel1-x86_64-arm-none-eabi/bin/../lib/gcc/arm-none-eabi/13.3.1/../../../../arm-none-eabi/lib/thumb/v7e-m/nofp/libc_nano.a(libc_a-exit.o)
 .text          0x08008af8        0x0 /home/ben/arm-gnu-toolchain-13.3.rel1-x86_64-arm-none-eabi/bin/../lib/gcc/arm-none-eabi/13.3.1/../../../../arm-none-eabi/lib/thumb/v7e-m/nofp/libc_nano.a(libc_a-init.o)
 .text          0x08008af8        0x0 /home/ben/arm-gnu-toolchain-13.3.rel1-x86_64-arm-none-eabi/bin/../lib/gcc/arm-none-eabi/13.3.1/../../../../arm-none-eabi/lib/thumb/v7e-m/nofp/libc_nano.a(libc_a-nano-vfprintf_float.o)
 .text          0x08008af8        0x0 /home/ben/arm-gnu-toolchain-13.3.rel1-x86_64-arm-none-eabi/bin/../lib/gcc/arm-none-eabi/13.3.1/../../../../arm-none-eabi/lib/thumb/v7e-m/nofp/libc_nano.a(libc_a-printf.o)
 .text          0x08008af8        0x0 /home/ben/arm-gnu-toolchain-13.3.rel1-x86_64-arm-none-eabi/bin/../lib/gcc/arm-none-eabi/13.3.1/../../../../arm-none-eabi/lib/thumb/v7e-m/nofp/libc_nano.a(libc_a-nano-vfprintf.o)
 .text          0x08008af8        0x0 /home/ben/arm-gnu-toolchain-13.3.rel1-x86_64-arm-none-eabi/bin/../lib/gcc/arm-none-eabi/13.3.1/../../../../arm-none-eabi/lib/thumb/v7e-m/nofp/libc_nano.a(libc_a-memset.o)
 .text          0x08008af8        0x0 /home/ben/arm-gnu-toolchain-13.3.rel1-x86_64-arm-none-eabi/bin/../lib/gcc/arm-none-eabi/13.3.1/../../../../arm-none-eabi/lib/thumb/v7e-m/nofp/libc_nano.a(libc_a-wsetup.o)
 .text          0x08008af8        0x0 /home/ben/arm-gnu-toolchain-13.3.rel1-x86_64-arm-none-eabi/bin/../lib/gcc/arm-none-eabi/13.3.1/../../../../arm-none-eabi/lib/thumb/v7e-m/nofp/libc_nano.a(libc_a-localeconv.o)
 .text          0x08008af8        0x0 /home/ben/arm-gnu-toolchain-13.3.rel1-x86_64-arm-none-eabi/bin/../lib/gcc/arm-none-eabi/13.3.1/../../../../arm-none-eabi/lib/thumb/v7e-m/nofp/libc_nano.a(libc_a-lock.o)
 .text          0x08008af8        0x0 /home/ben/arm-gnu-toolchain-13.3.rel1-x86_64-arm-none-eabi/bin/../lib/gcc/arm-none-eabi/13.3.1/../../../../arm-none-eabi/lib/thumb/v7e-m/nofp/libc_nano.a(libc_a-nano-vfprintf_i.o)
 .text          0x08008af8        0x0 /home/ben/arm-gnu-toolchain-13.3.rel1-x86_64-arm-none-eabi/bin/../lib/gcc/arm-none-eabi/13.3.1/../../../../arm-none-eabi/lib/thumb/v7e-m/nofp/libc_nano.a(libc_a-reent.o)
 .text          0x08008af8        0x0 /home/ben/arm-gnu-toolchain-13.3.rel1-x86_64-arm-none-eabi/bin/../lib/gcc/arm-none-eabi/13.3.1/../../../../arm-none-eabi/lib/thumb/v7e-m/nofp/libc_nano.a(libc_a-impure.o)
 *fill*         0x08008af8        0x8 
 .text          0x08008b00       0xa0 /home/ben/arm-gnu-toolchain-13.3.rel1-x86_64-arm-none-eabi/bin/../lib/gcc/arm-none-eabi/13.3.1/../../../../arm-none-eabi/lib/thumb/v7e-m/nofp/libc_nano.a(libc_a-memchr.o)
                0x08008b00                memchr
 .text          0x08008ba0       0x10 /home/ben/arm-gnu-toolchain-13.3.rel1-x86_64-arm-none-eabi/bin/../lib/gcc/arm-none-eabi/13.3.1/../../../../arm-none-eabi/lib/thumb/v7e-m/nofp/libc_nano.a(libc_a-strlen.o)
                0x08008ba0                strlen
 .text          0x08008bb0        0x0 /home/ben/arm-gnu-toolchain-13.3.rel1-x86_64-arm-none-eabi/bin/../lib/gcc/arm-none-eabi/13.3.1/../../../../arm-none-eabi/lib/thumb/v7e-m/nofp/libc_nano.a(libc_a-findfp.o)
 .text          0x08008bb0        0x0 /home/ben/arm-gnu-toolchain-13.3.rel1-x86_64-arm-none-eabi/bin/../lib/gcc/arm-none-eabi/13.3.1/../../../../arm-none-eabi/lib/thumb/v7e-m/nofp/libc_nano.a(libc_a-stdio.o)
 .text          0x08008bb0        0x0 /home/ben/arm-gnu-toolchain-13.3.rel1-x86_64-arm-none-eabi/bin/../lib/gcc/arm-none-eabi/13.3.1/../../../../arm-none-eabi/lib/thumb/v7e-m/nofp/libc_nano.a(libc_a-dtoa.o)
 .text          0x08008bb0        0x0 /home/ben/arm-gnu-toolchain-13.3.rel1-x86_64-arm-none-eabi/bin/../lib/gcc/arm-none-eabi/13.3.1/../../../../arm-none-eabi/lib/thumb/v7e-m/nofp/libc_nano.a(libc_a-lseekr.o)
 .text          0x08008bb0        0x0 /home/ben/arm-gnu-toolchain-13.3.rel1-x86_64-arm-none-eabi/bin/../lib/gcc/arm-none-eabi/13.3.1/../../../../arm-none-eabi/lib/thumb/v7e-m/nofp/libc_nano.a(libc_a-readr.o)
 .text          0x08008bb0        0x0 /home/ben/arm-gnu-toolchain-13.3.rel1-x86_64-arm-none-eabi/bin/../lib/gcc/arm-none-eabi/13.3.1/../../../../arm-none-eabi/lib/thumb/v7e-m/nofp/libc_nano.a(libc_a-fvwrite.o)
 .text          0x08008bb0        0x0 /home/ben/arm-gnu-toolchain-13.3.rel1-x86_64-arm-none-eabi/bin/../lib/gcc/arm-none-eabi/13.3.1/../../../../arm-none-eabi/lib/thumb/v7e-m/nofp/libc_nano.a(libc_a-fwalk.o)
 .text          0x08008bb0        0x0 /home/ben/arm-gnu-toolchain-13.3.rel1-x86_64-arm-none-eabi/bin/../lib/gcc/arm-none-eabi/13.3.1/../../../../arm-none-eabi/lib/thumb/v7e-m/nofp/libc_nano.a(libc_a-wbuf.o)
 .text          0x08008bb0        0x0 /home/ben/arm-gnu-toolchain-13.3.rel1-x86_64-arm-none-eabi/bin/../lib/gcc/arm-none-eabi/13.3.1/../../../../arm-none-eabi/lib/thumb/v7e-m/nofp/libc_nano.a(libc_a-reallocr.o)
 .text          0x08008bb0        0x0 /home/ben/arm-gnu-toolchain-13.3.rel1-x86_64-arm-none-eabi/bin/../lib/gcc/arm-none-eabi/13.3.1/../../../../arm-none-eabi/lib/thumb/v7e-m/nofp/libc_nano.a(libc_a-freer.o)
 .text          0x08008bb0        0x0 /home/ben/arm-gnu-toolchain-13.3.rel1-x86_64-arm-none-eabi/bin/../lib/gcc/arm-none-eabi/13.3.1/../../../../arm-none-eabi/lib/thumb/v7e-m/nofp/libc_nano.a(libc_a-locale.o)
 .text          0x08008bb0        0x0 /home/ben/arm-gnu-toolchain-13.3.rel1-x86_64-arm-none-eabi/bin/../lib/gcc/arm-none-eabi/13.3.1/../../../../arm-none-eabi/lib/thumb/v7e-m/nofp/libc_nano.a(libc_a-writer.o)
 .text          0x08008bb0        0x0 /home/ben/arm-gnu-toolchain-13.3.rel1-x86_64-arm-none-eabi/bin/../lib/gcc/arm-none-eabi/13.3.1/../../../../arm-none-eabi/lib/thumb/v7e-m/nofp/libc_nano.a(libc_a-makebuf.o)
 .text          0x08008bb0        0x0 /home/ben/arm-gnu-toolchain-13.3.rel1-x86_64-arm-none-eabi/bin/../lib/gcc/arm-none-eabi/13.3.1/../../../../arm-none-eabi/lib/thumb/v7e-m/nofp/libc_nano.a(libc_a-memmove.o)
 .text          0x08008bb0        0x0 /home/ben/arm-gnu-toolchain-13.3.rel1-x86_64-arm-none-eabi/bin/../lib/gcc/arm-none-eabi/13.3.1/../../../../arm-none-eabi/lib/thumb/v7e-m/nofp/libc_nano.a(libc_a-wctomb_r.o)
 .text          0x08008bb0       0x14 /home/ben/arm-gnu-toolchain-13.3.rel1-x86_64-arm-none-eabi/bin/../lib/gcc/arm-none-eabi/13.3.1/../../../../arm-none-eabi/lib/thumb/v7e-m/nofp/libc_nano.a(libc_a-strcmp.o)
                0x08008bb0                strcmp
 .text          0x08008bc4        0x0 /home/ben/arm-gnu-toolchain-13.3.rel1-x86_64-arm-none-eabi/bin/../lib/gcc/arm-none-eabi/13.3.1/../../../../arm-none-eabi/lib/thumb/v7e-m/nofp/libc_nano.a(libc_a-fflush.o)
 .text          0x08008bc4        0x0 /home/ben/arm-gnu-toolchain-13.3.rel1-x86_64-arm-none-eabi/bin/../lib/gcc/arm-none-eabi/13.3.1/../../../../arm-none-eabi/lib/thumb/v7e-m/nofp/libc_nano.a(libc_a-malloc.o)
 .text          0x08008bc4        0x0 /home/ben/arm-gnu-toolchain-13.3.rel1-x86_64-arm-none-eabi/bin/../lib/gcc/arm-none-eabi/13.3.1/../../../../arm-none-eabi/lib/thumb/v7e-m/nofp/libc_nano.a(libc_a-mallocr.o)
 .text          0x08008bc4        0x0 /home/ben/arm-gnu-toolchain-13.3.rel1-x86_64-arm-none-eabi/bin/../lib/gcc/arm-none-eabi/13.3.1/../../../../arm-none-eabi/lib/thumb/v7e-m/nofp/libc_nano.a(libc_a-closer.o)
 .text          0x08008bc4        0x0 /home/ben/arm-gnu-toolchain-13.3.rel1-x86_64-arm-none-eabi/bin/../lib/gcc/arm-none-eabi/13.3.1/../../../../arm-none-eabi/lib/thumb/v7e-m/nofp/libc_nano.a(libc_a-fstatr.o)
 .text          0x08008bc4        0x0 /home/ben/arm-gnu-toolchain-13.3.rel1-x86_64-arm-none-eabi/bin/../lib/gcc/arm-none-eabi/13.3.1/../../../../arm-none-eabi/lib/thumb/v7e-m/nofp/libc_nano.a(libc_a-mbtowc_r.o)
 .text          0x08008bc4        0x0 /home/ben/arm-gnu-toolchain-13.3.rel1-x86_64-arm-none-eabi/bin/../lib/gcc/arm-none-eabi/13.3.1/../../../../arm-none-eabi/lib/thumb/v7e-m/nofp/libc_nano.a(libc_a-assert.o)
 .text          0x08008bc4        0x0 /home/ben/arm-gnu-toolchain-13.3.rel1-x86_64-arm-none-eabi/bin/../lib/gcc/arm-none-eabi/13.3.1/../../../../arm-none-eabi/lib/thumb/v7e-m/nofp/libc_nano.a(libc_a-memcpy-stub.o)
 .text          0x08008bc4        0x0 /home/ben/arm-gnu-toolchain-13.3.rel1-x86_64-arm-none-eabi/bin/../lib/gcc/arm-none-eabi/13.3.1/../../../../arm-none-eabi/lib/thumb/v7e-m/nofp/libc_nano.a(libc_a-fprintf.o)
 .text          0x08008bc4        0x0 /home/ben/arm-gnu-toolchain-13.3.rel1-x86_64-arm-none-eabi/bin/../lib/gcc/arm-none-eabi/13.3.1/../../../../arm-none-eabi/lib/thumb/v7e-m/nofp/libc_nano.a(libc_a-mlock.o)
 .text          0x08008bc4        0x0 /home/ben/arm-gnu-toolchain-13.3.rel1-x86_64-arm-none-eabi/bin/../lib/gcc/arm-none-eabi/13.3.1/../../../../arm-none-eabi/lib/thumb/v7e-m/nofp/libc_nano.a(libc_a-mprec.o)
 .text          0x08008bc4        0x0 /home/ben/arm-gnu-toolchain-13.3.rel1-x86_64-arm-none-eabi/bin/../lib/gcc/arm-none-eabi/13.3.1/../../../../arm-none-eabi/lib/thumb/v7e-m/nofp/libc_nano.a(libc_a-msizer.o)
 .text          0x08008bc4        0x0 /home/ben/arm-gnu-toolchain-13.3.rel1-x86_64-arm-none-eabi/bin/../lib/gcc/arm-none-eabi/13.3.1/../../../../arm-none-eabi/lib/thumb/v7e-m/nofp/libc_nano.a(libc_a-callocr.o)
 .text          0x08008bc4        0x0 /home/ben/arm-gnu-toolchain-13.3.rel1-x86_64-arm-none-eabi/bin/../lib/gcc/arm-none-eabi/13.3.1/../../../../arm-none-eabi/lib/thumb/v7e-m/nofp/libc_nano.a(libc_a-ctype_.o)
 .text          0x08008bc4        0x0 /home/ben/arm-gnu-toolchain-13.3.rel1-x86_64-arm-none-eabi/bin/../lib/gcc/arm-none-eabi/13.3.1/../../../../arm-none-eabi/lib/thumb/v7e-m/nofp/libc_nano.a(libc_a-isattyr.o)
 .text          0x08008bc4        0x0 /home/ben/arm-gnu-toolchain-13.3.rel1-x86_64-arm-none-eabi/bin/../lib/gcc/arm-none-eabi/13.3.1/../../../../arm-none-eabi/lib/thumb/v7e-m/nofp/libc_nano.a(libc_a-sbrkr.o)
 .text          0x08008bc4        0x0 /home/ben/arm-gnu-toolchain-13.3.rel1-x86_64-arm-none-eabi/bin/../lib/gcc/arm-none-eabi/13.3.1/../../../../arm-none-eabi/lib/thumb/v7e-m/nofp/libc_nano.a(libc_a-abort.o)
 .text          0x08008bc4        0x0 /home/ben/arm-gnu-toolchain-13.3.rel1-x86_64-arm-none-eabi/bin/../lib/gcc/arm-none-eabi/13.3.1/../../../../arm-none-eabi/lib/thumb/v7e-m/nofp/libc_nano.a(libc_a-signal.o)
 .text          0x08008bc4        0x0 /home/ben/arm-gnu-toolchain-13.3.rel1-x86_64-arm-none-eabi/bin/../lib/gcc/arm-none-eabi/13.3.1/../../../../arm-none-eabi/lib/thumb/v7e-m/nofp/libc_nano.a(libc_a-signalr.o)
 .text          0x08008bc4      0x254 /home/ben/arm-gnu-toolchain-13.3.rel1-x86_64-arm-none-eabi/bin/../lib/gcc/arm-none-eabi/13.3.1/thumb/v7e-m/nofp/libgcc.a(_arm_muldf3.o)
 .text          0x08008e18      0x378 /home/ben/arm-gnu-toolchain-13.3.rel1-x86_64-arm-none-eabi/bin/../lib/gcc/arm-none-eabi/13.3.1/thumb/v7e-m/nofp/libgcc.a(_arm_addsubdf3.o)
                0x08008e18                __aeabi_drsub
                0x08008e20                __aeabi_dsub
                0x08008e20                __subdf3
                0x08008e24                __adddf3
                0x08008e24                __aeabi_dadd
                0x0800909c                __aeabi_ui2d
                0x0800909c                __floatunsidf
                0x080090bc                __floatsidf
                0x080090bc                __aeabi_i2d
                0x080090e0                __extendsfdf2
                0x080090e0                __aeabi_f2d
                0x08009124                __aeabi_ul2d
                0x08009124                __floatundidf
                0x08009134                __floatdidf
                0x08009134                __aeabi_l2d
 .text          0x08009190      0x424 /home/ben/arm-gnu-toolchain-13.3.rel1-x86_64-arm-none-eabi/bin/../lib/gcc/arm-none-eabi/13.3.1/thumb/v7e-m/nofp/libgcc.a(_arm_muldivdf3.o)
                0x08009190                __aeabi_dmul
                0x08009190                __muldf3
                0x080093e4                __aeabi_ddiv
                0x080093e4                __divdf3
 .text          0x080095b4      0x110 /home/ben/arm-gnu-toolchain-13.3.rel1-x86_64-arm-none-eabi/bin/../lib/gcc/arm-none-eabi/13.3.1/thumb/v7e-m/nofp/libgcc.a(_arm_cmpdf2.o)
                0x080095b4                __gtdf2
                0x080095b4                __gedf2
                0x080095bc                __ltdf2
                0x080095bc                __ledf2
                0x080095c4                __cmpdf2
                0x080095c4                __eqdf2
                0x080095c4                __nedf2
                0x08009640                __aeabi_cdrcmple
                0x08009650                __aeabi_cdcmple
                0x08009650                __aeabi_cdcmpeq
                0x08009660                __aeabi_dcmpeq
                0x08009674                __aeabi_dcmplt
                0x08009688                __aeabi_dcmple
                0x0800969c                __aeabi_dcmpge
                0x080096b0                __aeabi_dcmpgt
 .text          0x080096c4       0x2c /home/ben/arm-gnu-toolchain-13.3.rel1-x86_64-arm-none-eabi/bin/../lib/gcc/arm-none-eabi/13.3.1/thumb/v7e-m/nofp/libgcc.a(_arm_unorddf2.o)
                0x080096c4                __aeabi_dcmpun
                0x080096c4                __unorddf2
 .text          0x080096f0       0x50 /home/ben/arm-gnu-toolchain-13.3.rel1-x86_64-arm-none-eabi/bin/../lib/gcc/arm-none-eabi/13.3.1/thumb/v7e-m/nofp/libgcc.a(_arm_fixdfsi.o)
                0x080096f0                __fixdfsi
                0x080096f0                __aeabi_d2iz
 .text          0x08009740        0x0 /home/ben/arm-gnu-toolchain-13.3.rel1-x86_64-arm-none-eabi/bin/../lib/gcc/arm-none-eabi/13.3.1/thumb/v7e-m/nofp/crtend.o
 .text          0x08009740        0x0 /home/ben/arm-gnu-toolchain-13.3.rel1-x86_64-arm-none-eabi/bin/../lib/gcc/arm-none-eabi/13.3.1/thumb/v7e-m/nofp/crtn.o
 *(.text.*)
 .text.deregister_tm_clones
                0x08009740       0x1c /home/ben/arm-gnu-toolchain-13.3.rel1-x86_64-arm-none-eabi/bin/../lib/gcc/arm-none-eabi/13.3.1/thumb/v7e-m/nofp/crtbegin.o
 .text.register_tm_clones
                0x0800975c       0x24 /home/ben/arm-gnu-toolchain-13.3.rel1-x86_64-arm-none-eabi/bin/../lib/gcc/arm-none-eabi/13.3.1/thumb/v7e-m/nofp/crtbegin.o
 .text.__do_global_dtors_aux
                0x08009780       0x28 /home/ben/arm-gnu-toolchain-13.3.rel1-x86_64-arm-none-eabi/bin/../lib/gcc/arm-none-eabi/13.3.1/thumb/v7e-m/nofp/crtbegin.o
 .text.frame_dummy
                0x080097a8       0x24 /home/ben/arm-gnu-toolchain-13.3.rel1-x86_64-arm-none-eabi/bin/../lib/gcc/arm-none-eabi/13.3.1/thumb/v7e-m/nofp/crtbegin.o
 .text.exit     0x080097cc       0x24 /home/ben/arm-gnu-toolchain-13.3.rel1-x86_64-arm-none-eabi/bin/../lib/gcc/arm-none-eabi/13.3.1/../../../../arm-none-eabi/lib/thumb/v7e-m/nofp/libc_nano.a(libc_a-exit.o)
                0x080097cc                exit
 .text.__libc_init_array
                0x080097f0       0x48 /home/ben/arm-gnu-toolchain-13.3.rel1-x86_64-arm-none-eabi/bin/../lib/gcc/arm-none-eabi/13.3.1/../../../../arm-none-eabi/lib/thumb/v7e-m/nofp/libc_nano.a(libc_a-init.o)
                0x080097f0                __libc_init_array
 .text.__cvt    0x08009838       0xc8 /home/ben/arm-gnu-toolchain-13.3.rel1-x86_64-arm-none-eabi/bin/../lib/gcc/arm-none-eabi/13.3.1/../../../../arm-none-eabi/lib/thumb/v7e-m/nofp/libc_nano.a(libc_a-nano-vfprintf_float.o)
                0x08009838                __cvt
 .text.__exponent
                0x08009900       0x74 /home/ben/arm-gnu-toolchain-13.3.rel1-x86_64-arm-none-eabi/bin/../lib/gcc/arm-none-eabi/13.3.1/../../../../arm-none-eabi/lib/thumb/v7e-m/nofp/libc_nano.a(libc_a-nano-vfprintf_float.o)
                0x08009900                __exponent
 .text._printf_float
                0x08009974      0x458 /home/ben/arm-gnu-toolchain-13.3.rel1-x86_64-arm-none-eabi/bin/../lib/gcc/arm-none-eabi/13.3.1/../../../../arm-none-eabi/lib/thumb/v7e-m/nofp/libc_nano.a(libc_a-nano-vfprintf_float.o)
                0x08009974                _printf_float
 .text._printf_r
                0x08009dcc       0x1c /home/ben/arm-gnu-toolchain-13.3.rel1-x86_64-arm-none-eabi/bin/../lib/gcc/arm-none-eabi/13.3.1/../../../../arm-none-eabi/lib/thumb/v7e-m/nofp/libc_nano.a(libc_a-printf.o)
                0x08009dcc                _printf_r
                0x08009dcc                _iprintf_r
 .text.printf   0x08009de8       0x24 /home/ben/arm-gnu-toolchain-13.3.rel1-x86_64-arm-none-eabi/bin/../lib/gcc/arm-none-eabi/13.3.1/../../../../arm-none-eabi/lib/thumb/v7e-m/nofp/libc_nano.a(libc_a-printf.o)
                0x08009de8                printf
                0x08009de8                iprintf
 .text.__sfputc_r
                0x08009e0c       0x2a /home/ben/arm-gnu-toolchain-13.3.rel1-x86_64-arm-none-eabi/bin/../lib/gcc/arm-none-eabi/13.3.1/../../../../arm-none-eabi/lib/thumb/v7e-m/nofp/libc_nano.a(libc_a-nano-vfprintf.o)
 .text.__sfputs_r
                0x08009e36       0x24 /home/ben/arm-gnu-toolchain-13.3.rel1-x86_64-arm-none-eabi/bin/../lib/gcc/arm-none-eabi/13.3.1/../../../../arm-none-eabi/lib/thumb/v7e-m/nofp/libc_nano.a(libc_a-nano-vfprintf.o)
                0x08009e36                __sfputs_r
 .text.__sprint_r
                0x08009e5a       0x1a /home/ben/arm-gnu-toolchain-13.3.rel1-x86_64-arm-none-eabi/bin/../lib/gcc/arm-none-eabi/13.3.1/../../../../arm-none-eabi/lib/thumb/v7e-m/nofp/libc_nano.a(libc_a-nano-vfprintf.o)
                0x08009e5a                __sprint_r
 .text._vfprintf_r
                0x08009e74      0x230 /home/ben/arm-gnu-toolchain-13.3.rel1-x86_64-arm-none-eabi/bin/../lib/gcc/arm-none-eabi/13.3.1/../../../../arm-none-eabi/lib/thumb/v7e-m/nofp/libc_nano.a(libc_a-nano-vfprintf.o)
                0x08009e74                _vfiprintf_r
                0x08009e74                _vfprintf_r
 .text.vfprintf
                0x0800a0a4       0x14 /home/ben/arm-gnu-toolchain-13.3.rel1-x86_64-arm-none-eabi/bin/../lib/gcc/arm-none-eabi/13.3.1/../../../../arm-none-eabi/lib/thumb/v7e-m/nofp/libc_nano.a(libc_a-nano-vfprintf.o)
                0x0800a0a4                vfiprintf
                0x0800a0a4                vfprintf
 .text.memset   0x0800a0b8       0x10 /home/ben/arm-gnu-toolchain-13.3.rel1-x86_64-arm-none-eabi/bin/../lib/gcc/arm-none-eabi/13.3.1/../../../../arm-none-eabi/lib/thumb/v7e-m/nofp/libc_nano.a(libc_a-memset.o)
                0x0800a0b8                memset
 .text.__swsetup_r
                0x0800a0c8       0xac /home/ben/arm-gnu-toolchain-13.3.rel1-x86_64-arm-none-eabi/bin/../lib/gcc/arm-none-eabi/13.3.1/../../../../arm-none-eabi/lib/thumb/v7e-m/nofp/libc_nano.a(libc_a-wsetup.o)
                0x0800a0c8                __swsetup_r
 .text.__localeconv_l
                0x0800a174        0x4 /home/ben/arm-gnu-toolchain-13.3.rel1-x86_64-arm-none-eabi/bin/../lib/gcc/arm-none-eabi/13.3.1/../../../../arm-none-eabi/lib/thumb/v7e-m/nofp/libc_nano.a(libc_a-localeconv.o)
                0x0800a174                __localeconv_l
 .text._localeconv_r
                0x0800a178        0x8 /home/ben/arm-gnu-toolchain-13.3.rel1-x86_64-arm-none-eabi/bin/../lib/gcc/arm-none-eabi/13.3.1/../../../../arm-none-eabi/lib/thumb/v7e-m/nofp/libc_nano.a(libc_a-localeconv.o)
                0x0800a178                _localeconv_r
 .text.localeconv
                0x0800a180        0x8 /home/ben/arm-gnu-toolchain-13.3.rel1-x86_64-arm-none-eabi/bin/../lib/gcc/arm-none-eabi/13.3.1/../../../../arm-none-eabi/lib/thumb/v7e-m/nofp/libc_nano.a(libc_a-localeconv.o)
                0x0800a180                localeconv
 .text.__retarget_lock_init
                0x0800a188        0x2 /home/ben/arm-gnu-toolchain-13.3.rel1-x86_64-arm-none-eabi/bin/../lib/gcc/arm-none-eabi/13.3.1/../../../../arm-none-eabi/lib/thumb/v7e-m/nofp/libc_nano.a(libc_a-lock.o)
                0x0800a188                __retarget_lock_init
 .text.__retarget_lock_init_recursive
                0x0800a18a        0x2 /home/ben/arm-gnu-toolchain-13.3.rel1-x86_64-arm-none-eabi/bin/../lib/gcc/arm-none-eabi/13.3.1/../../../../arm-none-eabi/lib/thumb/v7e-m/nofp/libc_nano.a(libc_a-lock.o)
                0x0800a18a                __retarget_lock_init_recursive
 .text.__retarget_lock_close
                0x0800a18c        0x2 /home/ben/arm-gnu-toolchain-13.3.rel1-x86_64-arm-none-eabi/bin/../lib/gcc/arm-none-eabi/13.3.1/../../../../arm-none-eabi/lib/thumb/v7e-m/nofp/libc_nano.a(libc_a-lock.o)
                0x0800a18c                __retarget_lock_close
 .text.__retarget_lock_close_recursive
                0x0800a18e        0x2 /home/ben/arm-gnu-toolchain-13.3.rel1-x86_64-arm-none-eabi/bin/../lib/gcc/arm-none-eabi/13.3.1/../../../../arm-none-eabi/lib/thumb/v7e-m/nofp/libc_nano.a(libc_a-lock.o)
                0x0800a18e                __retarget_lock_close_recursive
 .text.__retarget_lock_acquire
                0x0800a190        0x2 /home/ben/arm-gnu-toolchain-13.3.rel1-x86_64-arm-none-eabi/bin/../lib/gcc/arm-none-eabi/13.3.1/../../../../arm-none-eabi/lib/thumb/v7e-m/nofp/libc_nano.a(libc_a-lock.o)
                0x0800a190                __retarget_lock_acquire
 .text.__retarget_lock_acquire_recursive
                0x0800a192        0x2 /home/ben/arm-gnu-toolchain-13.3.rel1-x86_64-arm-none-eabi/bin/../lib/gcc/arm-none-eabi/13.3.1/../../../../arm-none-eabi/lib/thumb/v7e-m/nofp/libc_nano.a(libc_a-lock.o)
                0x0800a192                __retarget_lock_acquire_recursive
 .text.__retarget_lock_try_acquire
                0x0800a194        0x4 /home/ben/arm-gnu-toolchain-13.3.rel1-x86_64-arm-none-eabi/bin/../lib/gcc/arm-none-eabi/13.3.1/../../../../arm-none-eabi/lib/thumb/v7e-m/nofp/libc_nano.a(libc_a-lock.o)
                0x0800a194                __retarget_lock_try_acquire
 .text.__retarget_lock_try_acquire_recursive
                0x0800a198        0x4 /home/ben/arm-gnu-toolchain-13.3.rel1-x86_64-arm-none-eabi/bin/../lib/gcc/arm-none-eabi/13.3.1/../../../../arm-none-eabi/lib/thumb/v7e-m/nofp/libc_nano.a(libc_a-lock.o)
                0x0800a198                __retarget_lock_try_acquire_recursive
 .text.__retarget_lock_release
                0x0800a19c        0x2 /home/ben/arm-gnu-toolchain-13.3.rel1-x86_64-arm-none-eabi/bin/../lib/gcc/arm-none-eabi/13.3.1/../../../../arm-none-eabi/lib/thumb/v7e-m/nofp/libc_nano.a(libc_a-lock.o)
                0x0800a19c                __retarget_lock_release
 .text.__retarget_lock_release_recursive
                0x0800a19e        0x2 /home/ben/arm-gnu-toolchain-13.3.rel1-x86_64-arm-none-eabi/bin/../lib/gcc/arm-none-eabi/13.3.1/../../../../arm-none-eabi/lib/thumb/v7e-m/nofp/libc_nano.a(libc_a-lock.o)
                0x0800a19e                __retarget_lock_release_recursive
 .text._printf_common
                0x0800a1a0       0xda /home/ben/arm-gnu-toolchain-13.3.rel1-x86_64-arm-none-eabi/bin/../lib/gcc/arm-none-eabi/13.3.1/../../../../arm-none-eabi/lib/thumb/v7e-m/nofp/libc_nano.a(libc_a-nano-vfprintf_i.o)
                0x0800a1a0                _printf_common
 *fill*         0x0800a27a        0x2 
 .text._printf_i
                0x0800a27c      0x23c /home/ben/arm-gnu-toolchain-13.3.rel1-x86_64-arm-none-eabi/bin/../lib/gcc/arm-none-eabi/13.3.1/../../../../arm-none-eabi/lib/thumb/v7e-m/nofp/libc_nano.a(libc_a-nano-vfprintf_i.o)
                0x0800a27c                _printf_i
 .text._reclaim_reent
                0x0800a4b8       0xbc /home/ben/arm-gnu-toolchain-13.3.rel1-x86_64-arm-none-eabi/bin/../lib/gcc/arm-none-eabi/13.3.1/../../../../arm-none-eabi/lib/thumb/v7e-m/nofp/libc_nano.a(libc_a-reent.o)
                0x0800a4b8                _reclaim_reent
 .text.std      0x0800a574       0x6c /home/ben/arm-gnu-toolchain-13.3.rel1-x86_64-arm-none-eabi/bin/../lib/gcc/arm-none-eabi/13.3.1/../../../../arm-none-eabi/lib/thumb/v7e-m/nofp/libc_nano.a(libc_a-findfp.o)
 .text.stdio_exit_handler
                0x0800a5e0       0x18 /home/ben/arm-gnu-toolchain-13.3.rel1-x86_64-arm-none-eabi/bin/../lib/gcc/arm-none-eabi/13.3.1/../../../../arm-none-eabi/lib/thumb/v7e-m/nofp/libc_nano.a(libc_a-findfp.o)
 .text.cleanup_stdio
                0x0800a5f8       0x40 /home/ben/arm-gnu-toolchain-13.3.rel1-x86_64-arm-none-eabi/bin/../lib/gcc/arm-none-eabi/13.3.1/../../../../arm-none-eabi/lib/thumb/v7e-m/nofp/libc_nano.a(libc_a-findfp.o)
 .text.__fp_lock
                0x0800a638       0x18 /home/ben/arm-gnu-toolchain-13.3.rel1-x86_64-arm-none-eabi/bin/../lib/gcc/arm-none-eabi/13.3.1/../../../../arm-none-eabi/lib/thumb/v7e-m/nofp/libc_nano.a(libc_a-findfp.o)
 .text.__fp_unlock
                0x0800a650       0x18 /home/ben/arm-gnu-toolchain-13.3.rel1-x86_64-arm-none-eabi/bin/../lib/gcc/arm-none-eabi/13.3.1/../../../../arm-none-eabi/lib/thumb/v7e-m/nofp/libc_nano.a(libc_a-findfp.o)
 .text.global_stdio_init.part.0
                0x0800a668       0x3c /home/ben/arm-gnu-toolchain-13.3.rel1-x86_64-arm-none-eabi/bin/../lib/gcc/arm-none-eabi/13.3.1/../../../../arm-none-eabi/lib/thumb/v7e-m/nofp/libc_nano.a(libc_a-findfp.o)
 .text.__sfp_lock_acquire
                0x0800a6a4        0xc /home/ben/arm-gnu-toolchain-13.3.rel1-x86_64-arm-none-eabi/bin/../lib/gcc/arm-none-eabi/13.3.1/../../../../arm-none-eabi/lib/thumb/v7e-m/nofp/libc_nano.a(libc_a-findfp.o)
                0x0800a6a4                __sfp_lock_acquire
 .text.__sfp_lock_release
                0x0800a6b0        0xc /home/ben/arm-gnu-toolchain-13.3.rel1-x86_64-arm-none-eabi/bin/../lib/gcc/arm-none-eabi/13.3.1/../../../../arm-none-eabi/lib/thumb/v7e-m/nofp/libc_nano.a(libc_a-findfp.o)
                0x0800a6b0                __sfp_lock_release
 .text.__sfp    0x0800a6bc       0xa4 /home/ben/arm-gnu-toolchain-13.3.rel1-x86_64-arm-none-eabi/bin/../lib/gcc/arm-none-eabi/13.3.1/../../../../arm-none-eabi/lib/thumb/v7e-m/nofp/libc_nano.a(libc_a-findfp.o)
                0x0800a6bc                __sfp
 .text.__sinit  0x0800a760       0x30 /home/ben/arm-gnu-toolchain-13.3.rel1-x86_64-arm-none-eabi/bin/../lib/gcc/arm-none-eabi/13.3.1/../../../../arm-none-eabi/lib/thumb/v7e-m/nofp/libc_nano.a(libc_a-findfp.o)
                0x0800a760                __sinit
 .text.__fp_lock_all
                0x0800a790       0x1c /home/ben/arm-gnu-toolchain-13.3.rel1-x86_64-arm-none-eabi/bin/../lib/gcc/arm-none-eabi/13.3.1/../../../../arm-none-eabi/lib/thumb/v7e-m/nofp/libc_nano.a(libc_a-findfp.o)
                0x0800a790                __fp_lock_all
 .text.__fp_unlock_all
                0x0800a7ac       0x1c /home/ben/arm-gnu-toolchain-13.3.rel1-x86_64-arm-none-eabi/bin/../lib/gcc/arm-none-eabi/13.3.1/../../../../arm-none-eabi/lib/thumb/v7e-m/nofp/libc_nano.a(libc_a-findfp.o)
                0x0800a7ac                __fp_unlock_all
 .text.__sread  0x0800a7c8       0x22 /home/ben/arm-gnu-toolchain-13.3.rel1-x86_64-arm-none-eabi/bin/../lib/gcc/arm-none-eabi/13.3.1/../../../../arm-none-eabi/lib/thumb/v7e-m/nofp/libc_nano.a(libc_a-stdio.o)
                0x0800a7c8                __sread
 .text.__seofread
                0x0800a7ea        0x4 /home/ben/arm-gnu-toolchain-13.3.rel1-x86_64-arm-none-eabi/bin/../lib/gcc/arm-none-eabi/13.3.1/../../../../arm-none-eabi/lib/thumb/v7e-m/nofp/libc_nano.a(libc_a-stdio.o)
                0x0800a7ea                __seofread
 .text.__swrite
                0x0800a7ee       0x38 /home/ben/arm-gnu-toolchain-13.3.rel1-x86_64-arm-none-eabi/bin/../lib/gcc/arm-none-eabi/13.3.1/../../../../arm-none-eabi/lib/thumb/v7e-m/nofp/libc_nano.a(libc_a-stdio.o)
                0x0800a7ee                __swrite
 .text.__sseek  0x0800a826       0x24 /home/ben/arm-gnu-toolchain-13.3.rel1-x86_64-arm-none-eabi/bin/../lib/gcc/arm-none-eabi/13.3.1/../../../../arm-none-eabi/lib/thumb/v7e-m/nofp/libc_nano.a(libc_a-stdio.o)
                0x0800a826                __sseek
 .text.__sclose
                0x0800a84a        0x8 /home/ben/arm-gnu-toolchain-13.3.rel1-x86_64-arm-none-eabi/bin/../lib/gcc/arm-none-eabi/13.3.1/../../../../arm-none-eabi/lib/thumb/v7e-m/nofp/libc_nano.a(libc_a-stdio.o)
                0x0800a84a                __sclose
 .text.quorem   0x0800a852      0x110 /home/ben/arm-gnu-toolchain-13.3.rel1-x86_64-arm-none-eabi/bin/../lib/gcc/arm-none-eabi/13.3.1/../../../../arm-none-eabi/lib/thumb/v7e-m/nofp/libc_nano.a(libc_a-dtoa.o)
 *fill*         0x0800a962        0x6 
 .text._dtoa_r  0x0800a968      0xb7c /home/ben/arm-gnu-toolchain-13.3.rel1-x86_64-arm-none-eabi/bin/../lib/gcc/arm-none-eabi/13.3.1/../../../../arm-none-eabi/lib/thumb/v7e-m/nofp/libc_nano.a(libc_a-dtoa.o)
                0x0800a968                _dtoa_r
 .text._lseek_r
                0x0800b4e4       0x24 /home/ben/arm-gnu-toolchain-13.3.rel1-x86_64-arm-none-eabi/bin/../lib/gcc/arm-none-eabi/13.3.1/../../../../arm-none-eabi/lib/thumb/v7e-m/nofp/libc_nano.a(libc_a-lseekr.o)
                0x0800b4e4                _lseek_r
 .text._read_r  0x0800b508       0x24 /home/ben/arm-gnu-toolchain-13.3.rel1-x86_64-arm-none-eabi/bin/../lib/gcc/arm-none-eabi/13.3.1/../../../../arm-none-eabi/lib/thumb/v7e-m/nofp/libc_nano.a(libc_a-readr.o)
                0x0800b508                _read_r
 .text.__sfvwrite_r
                0x0800b52c      0x298 /home/ben/arm-gnu-toolchain-13.3.rel1-x86_64-arm-none-eabi/bin/../lib/gcc/arm-none-eabi/13.3.1/../../../../arm-none-eabi/lib/thumb/v7e-m/nofp/libc_nano.a(libc_a-fvwrite.o)
                0x0800b52c                __sfvwrite_r
 .text._fwalk_sglue
                0x0800b7c4       0x3c /home/ben/arm-gnu-toolchain-13.3.rel1-x86_64-arm-none-eabi/bin/../lib/gcc/arm-none-eabi/13.3.1/../../../../arm-none-eabi/lib/thumb/v7e-m/nofp/libc_nano.a(libc_a-fwalk.o)
                0x0800b7c4                _fwalk_sglue
 .text.__swbuf_r
                0x0800b800       0x7c /home/ben/arm-gnu-toolchain-13.3.rel1-x86_64-arm-none-eabi/bin/../lib/gcc/arm-none-eabi/13.3.1/../../../../arm-none-eabi/lib/thumb/v7e-m/nofp/libc_nano.a(libc_a-wbuf.o)
                0x0800b800                __swbuf_r
 .text.__swbuf  0x0800b87c       0x10 /home/ben/arm-gnu-toolchain-13.3.rel1-x86_64-arm-none-eabi/bin/../lib/gcc/arm-none-eabi/13.3.1/../../../../arm-none-eabi/lib/thumb/v7e-m/nofp/libc_nano.a(libc_a-wbuf.o)
                0x0800b87c                __swbuf
 .text._realloc_r
                0x0800b88c       0x5c /home/ben/arm-gnu-toolchain-13.3.rel1-x86_64-arm-none-eabi/bin/../lib/gcc/arm-none-eabi/13.3.1/../../../../arm-none-eabi/lib/thumb/v7e-m/nofp/libc_nano.a(libc_a-reallocr.o)
                0x0800b88c                _realloc_r
 .text._free_r  0x0800b8e8       0x94 /home/ben/arm-gnu-toolchain-13.3.rel1-x86_64-arm-none-eabi/bin/../lib/gcc/arm-none-eabi/13.3.1/../../../../arm-none-eabi/lib/thumb/v7e-m/nofp/libc_nano.a(libc_a-freer.o)
                0x0800b8e8                _free_r
 .text._setlocale_r
                0x0800b97c       0x3c /home/ben/arm-gnu-toolchain-13.3.rel1-x86_64-arm-none-eabi/bin/../lib/gcc/arm-none-eabi/13.3.1/../../../../arm-none-eabi/lib/thumb/v7e-m/nofp/libc_nano.a(libc_a-locale.o)
                0x0800b97c                _setlocale_r
 .text.__locale_mb_cur_max
                0x0800b9b8        0xc /home/ben/arm-gnu-toolchain-13.3.rel1-x86_64-arm-none-eabi/bin/../lib/gcc/arm-none-eabi/13.3.1/../../../../arm-none-eabi/lib/thumb/v7e-m/nofp/libc_nano.a(libc_a-locale.o)
                0x0800b9b8                __locale_mb_cur_max
 .text.setlocale
                0x0800b9c4       0x10 /home/ben/arm-gnu-toolchain-13.3.rel1-x86_64-arm-none-eabi/bin/../lib/gcc/arm-none-eabi/13.3.1/../../../../arm-none-eabi/lib/thumb/v7e-m/nofp/libc_nano.a(libc_a-locale.o)
                0x0800b9c4                setlocale
 .text._write_r
                0x0800b9d4       0x24 /home/ben/arm-gnu-toolchain-13.3.rel1-x86_64-arm-none-eabi/bin/../lib/gcc/arm-none-eabi/13.3.1/../../../../arm-none-eabi/lib/thumb/v7e-m/nofp/libc_nano.a(libc_a-writer.o)
                0x0800b9d4                _write_r
 .text.__swhatbuf_r
                0x0800b9f8       0x4c /home/ben/arm-gnu-toolchain-13.3.rel1-x86_64-arm-none-eabi/bin/../lib/gcc/arm-none-eabi/13.3.1/../../../../arm-none-eabi/lib/thumb/v7e-m/nofp/libc_nano.a(libc_a-makebuf.o)
                0x0800b9f8                __swhatbuf_r
 .text.__smakebuf_r
                0x0800ba44       0x78 /home/ben/arm-gnu-toolchain-13.3.rel1-x86_64-arm-none-eabi/bin/../lib/gcc/arm-none-eabi/13.3.1/../../../../arm-none-eabi/lib/thumb/v7e-m/nofp/libc_nano.a(libc_a-makebuf.o)
                0x0800ba44                __smakebuf_r
 .text.memmove  0x0800babc       0x34 /home/ben/arm-gnu-toolchain-13.3.rel1-x86_64-arm-none-eabi/bin/../lib/gcc/arm-none-eabi/13.3.1/../../../../arm-none-eabi/lib/thumb/v7e-m/nofp/libc_nano.a(libc_a-memmove.o)
                0x0800babc                memmove
 .text._wctomb_r
                0x0800baf0       0x14 /home/ben/arm-gnu-toolchain-13.3.rel1-x86_64-arm-none-eabi/bin/../lib/gcc/arm-none-eabi/13.3.1/../../../../arm-none-eabi/lib/thumb/v7e-m/nofp/libc_nano.a(libc_a-wctomb_r.o)
                0x0800baf0                _wctomb_r
 .text.__ascii_wctomb
                0x0800bb04       0x1a /home/ben/arm-gnu-toolchain-13.3.rel1-x86_64-arm-none-eabi/bin/../lib/gcc/arm-none-eabi/13.3.1/../../../../arm-none-eabi/lib/thumb/v7e-m/nofp/libc_nano.a(libc_a-wctomb_r.o)
                0x0800bb04                __ascii_wctomb
 *fill*         0x0800bb1e        0x2 
 .text.__sflush_r
                0x0800bb20      0x100 /home/ben/arm-gnu-toolchain-13.3.rel1-x86_64-arm-none-eabi/bin/../lib/gcc/arm-none-eabi/13.3.1/../../../../arm-none-eabi/lib/thumb/v7e-m/nofp/libc_nano.a(libc_a-fflush.o)
                0x0800bb20                __sflush_r
 .text._fflush_r
                0x0800bc20       0x50 /home/ben/arm-gnu-toolchain-13.3.rel1-x86_64-arm-none-eabi/bin/../lib/gcc/arm-none-eabi/13.3.1/../../../../arm-none-eabi/lib/thumb/v7e-m/nofp/libc_nano.a(libc_a-fflush.o)
                0x0800bc20                _fflush_r
 .text.fflush   0x0800bc70       0x28 /home/ben/arm-gnu-toolchain-13.3.rel1-x86_64-arm-none-eabi/bin/../lib/gcc/arm-none-eabi/13.3.1/../../../../arm-none-eabi/lib/thumb/v7e-m/nofp/libc_nano.a(libc_a-fflush.o)
                0x0800bc70                fflush
 .text.malloc   0x0800bc98       0x10 /home/ben/arm-gnu-toolchain-13.3.rel1-x86_64-arm-none-eabi/bin/../lib/gcc/arm-none-eabi/13.3.1/../../../../arm-none-eabi/lib/thumb/v7e-m/nofp/libc_nano.a(libc_a-malloc.o)
                0x0800bc98                malloc
 .text.free     0x0800bca8       0x10 /home/ben/arm-gnu-toolchain-13.3.rel1-x86_64-arm-none-eabi/bin/../lib/gcc/arm-none-eabi/13.3.1/../../../../arm-none-eabi/lib/thumb/v7e-m/nofp/libc_nano.a(libc_a-malloc.o)
                0x0800bca8                free
 .text.sbrk_aligned
                0x0800bcb8       0x44 /home/ben/arm-gnu-toolchain-13.3.rel1-x86_64-arm-none-eabi/bin/../lib/gcc/arm-none-eabi/13.3.1/../../../../arm-none-eabi/lib/thumb/v7e-m/nofp/libc_nano.a(libc_a-mallocr.o)
 .text._malloc_r
                0x0800bcfc      0x100 /home/ben/arm-gnu-toolchain-13.3.rel1-x86_64-arm-none-eabi/bin/../lib/gcc/arm-none-eabi/13.3.1/../../../../arm-none-eabi/lib/thumb/v7e-m/nofp/libc_nano.a(libc_a-mallocr.o)
                0x0800bcfc                _malloc_r
 .text._close_r
                0x0800bdfc       0x20 /home/ben/arm-gnu-toolchain-13.3.rel1-x86_64-arm-none-eabi/bin/../lib/gcc/arm-none-eabi/13.3.1/../../../../arm-none-eabi/lib/thumb/v7e-m/nofp/libc_nano.a(libc_a-closer.o)
                0x0800bdfc                _close_r
 .text._fstat_r
                0x0800be1c       0x24 /home/ben/arm-gnu-toolchain-13.3.rel1-x86_64-arm-none-eabi/bin/../lib/gcc/arm-none-eabi/13.3.1/../../../../arm-none-eabi/lib/thumb/v7e-m/nofp/libc_nano.a(libc_a-fstatr.o)
                0x0800be1c                _fstat_r
 .text._mbtowc_r
                0x0800be40       0x14 /home/ben/arm-gnu-toolchain-13.3.rel1-x86_64-arm-none-eabi/bin/../lib/gcc/arm-none-eabi/13.3.1/../../../../arm-none-eabi/lib/thumb/v7e-m/nofp/libc_nano.a(libc_a-mbtowc_r.o)
                0x0800be40                _mbtowc_r
 .text.__ascii_mbtowc
                0x0800be54       0x24 /home/ben/arm-gnu-toolchain-13.3.rel1-x86_64-arm-none-eabi/bin/../lib/gcc/arm-none-eabi/13.3.1/../../../../arm-none-eabi/lib/thumb/v7e-m/nofp/libc_nano.a(libc_a-mbtowc_r.o)
                0x0800be54                __ascii_mbtowc
 .text.__assert_func
                0x0800be78       0x3c /home/ben/arm-gnu-toolchain-13.3.rel1-x86_64-arm-none-eabi/bin/../lib/gcc/arm-none-eabi/13.3.1/../../../../arm-none-eabi/lib/thumb/v7e-m/nofp/libc_nano.a(libc_a-assert.o)
                0x0800be78                __assert_func
 .text.__assert
                0x0800beb4        0xa /home/ben/arm-gnu-toolchain-13.3.rel1-x86_64-arm-none-eabi/bin/../lib/gcc/arm-none-eabi/13.3.1/../../../../arm-none-eabi/lib/thumb/v7e-m/nofp/libc_nano.a(libc_a-assert.o)
                0x0800beb4                __assert
 .text.memcpy   0x0800bebe       0x1c /home/ben/arm-gnu-toolchain-13.3.rel1-x86_64-arm-none-eabi/bin/../lib/gcc/arm-none-eabi/13.3.1/../../../../arm-none-eabi/lib/thumb/v7e-m/nofp/libc_nano.a(libc_a-memcpy-stub.o)
                0x0800bebe                memcpy
 .text._fprintf_r
                0x0800beda       0x1a /home/ben/arm-gnu-toolchain-13.3.rel1-x86_64-arm-none-eabi/bin/../lib/gcc/arm-none-eabi/13.3.1/../../../../arm-none-eabi/lib/thumb/v7e-m/nofp/libc_nano.a(libc_a-fprintf.o)
                0x0800beda                _fprintf_r
                0x0800beda                _fiprintf_r
 .text.fprintf  0x0800bef4       0x24 /home/ben/arm-gnu-toolchain-13.3.rel1-x86_64-arm-none-eabi/bin/../lib/gcc/arm-none-eabi/13.3.1/../../../../arm-none-eabi/lib/thumb/v7e-m/nofp/libc_nano.a(libc_a-fprintf.o)
                0x0800bef4                fprintf
                0x0800bef4                fiprintf
 .text.__malloc_lock
                0x0800bf18        0xc /home/ben/arm-gnu-toolchain-13.3.rel1-x86_64-arm-none-eabi/bin/../lib/gcc/arm-none-eabi/13.3.1/../../../../arm-none-eabi/lib/thumb/v7e-m/nofp/libc_nano.a(libc_a-mlock.o)
                0x0800bf18                __malloc_lock
 .text.__malloc_unlock
                0x0800bf24        0xc /home/ben/arm-gnu-toolchain-13.3.rel1-x86_64-arm-none-eabi/bin/../lib/gcc/arm-none-eabi/13.3.1/../../../../arm-none-eabi/lib/thumb/v7e-m/nofp/libc_nano.a(libc_a-mlock.o)
                0x0800bf24                __malloc_unlock
 .text._Balloc  0x0800bf30       0x80 /home/ben/arm-gnu-toolchain-13.3.rel1-x86_64-arm-none-eabi/bin/../lib/gcc/arm-none-eabi/13.3.1/../../../../arm-none-eabi/lib/thumb/v7e-m/nofp/libc_nano.a(libc_a-mprec.o)
                0x0800bf30                _Balloc
 .text._Bfree   0x0800bfb0       0x44 /home/ben/arm-gnu-toolchain-13.3.rel1-x86_64-arm-none-eabi/bin/../lib/gcc/arm-none-eabi/13.3.1/../../../../arm-none-eabi/lib/thumb/v7e-m/nofp/libc_nano.a(libc_a-mprec.o)
                0x0800bfb0                _Bfree
 .text.__multadd
                0x0800bff4       0x8c /home/ben/arm-gnu-toolchain-13.3.rel1-x86_64-arm-none-eabi/bin/../lib/gcc/arm-none-eabi/13.3.1/../../../../arm-none-eabi/lib/thumb/v7e-m/nofp/libc_nano.a(libc_a-mprec.o)
                0x0800bff4                __multadd
 .text.__s2b    0x0800c080       0x94 /home/ben/arm-gnu-toolchain-13.3.rel1-x86_64-arm-none-eabi/bin/../lib/gcc/arm-none-eabi/13.3.1/../../../../arm-none-eabi/lib/thumb/v7e-m/nofp/libc_nano.a(libc_a-mprec.o)
                0x0800c080                __s2b
 .text.__hi0bits
                0x0800c114       0x3e /home/ben/arm-gnu-toolchain-13.3.rel1-x86_64-arm-none-eabi/bin/../lib/gcc/arm-none-eabi/13.3.1/../../../../arm-none-eabi/lib/thumb/v7e-m/nofp/libc_nano.a(libc_a-mprec.o)
                0x0800c114                __hi0bits
 .text.__lo0bits
                0x0800c152       0x5a /home/ben/arm-gnu-toolchain-13.3.rel1-x86_64-arm-none-eabi/bin/../lib/gcc/arm-none-eabi/13.3.1/../../../../arm-none-eabi/lib/thumb/v7e-m/nofp/libc_nano.a(libc_a-mprec.o)
                0x0800c152                __lo0bits
 .text.__i2b    0x0800c1ac       0x2c /home/ben/arm-gnu-toolchain-13.3.rel1-x86_64-arm-none-eabi/bin/../lib/gcc/arm-none-eabi/13.3.1/../../../../arm-none-eabi/lib/thumb/v7e-m/nofp/libc_nano.a(libc_a-mprec.o)
                0x0800c1ac                __i2b
 .text.__multiply
                0x0800c1d8      0x144 /home/ben/arm-gnu-toolchain-13.3.rel1-x86_64-arm-none-eabi/bin/../lib/gcc/arm-none-eabi/13.3.1/../../../../arm-none-eabi/lib/thumb/v7e-m/nofp/libc_nano.a(libc_a-mprec.o)
                0x0800c1d8                __multiply
 .text.__pow5mult
                0x0800c31c       0xb4 /home/ben/arm-gnu-toolchain-13.3.rel1-x86_64-arm-none-eabi/bin/../lib/gcc/arm-none-eabi/13.3.1/../../../../arm-none-eabi/lib/thumb/v7e-m/nofp/libc_nano.a(libc_a-mprec.o)
                0x0800c31c                __pow5mult
 .text.__lshift
                0x0800c3d0       0xd8 /home/ben/arm-gnu-toolchain-13.3.rel1-x86_64-arm-none-eabi/bin/../lib/gcc/arm-none-eabi/13.3.1/../../../../arm-none-eabi/lib/thumb/v7e-m/nofp/libc_nano.a(libc_a-mprec.o)
                0x0800c3d0                __lshift
 .text.__mcmp   0x0800c4a8       0x36 /home/ben/arm-gnu-toolchain-13.3.rel1-x86_64-arm-none-eabi/bin/../lib/gcc/arm-none-eabi/13.3.1/../../../../arm-none-eabi/lib/thumb/v7e-m/nofp/libc_nano.a(libc_a-mprec.o)
                0x0800c4a8                __mcmp
 *fill*         0x0800c4de        0x2 
 .text.__mdiff  0x0800c4e0      0x124 /home/ben/arm-gnu-toolchain-13.3.rel1-x86_64-arm-none-eabi/bin/../lib/gcc/arm-none-eabi/13.3.1/../../../../arm-none-eabi/lib/thumb/v7e-m/nofp/libc_nano.a(libc_a-mprec.o)
                0x0800c4e0                __mdiff
 .text.__ulp    0x0800c604       0x40 /home/ben/arm-gnu-toolchain-13.3.rel1-x86_64-arm-none-eabi/bin/../lib/gcc/arm-none-eabi/13.3.1/../../../../arm-none-eabi/lib/thumb/v7e-m/nofp/libc_nano.a(libc_a-mprec.o)
                0x0800c604                __ulp
 .text.__b2d    0x0800c644       0x94 /home/ben/arm-gnu-toolchain-13.3.rel1-x86_64-arm-none-eabi/bin/../lib/gcc/arm-none-eabi/13.3.1/../../../../arm-none-eabi/lib/thumb/v7e-m/nofp/libc_nano.a(libc_a-mprec.o)
                0x0800c644                __b2d
 .text.__d2b    0x0800c6d8       0xb0 /home/ben/arm-gnu-toolchain-13.3.rel1-x86_64-arm-none-eabi/bin/../lib/gcc/arm-none-eabi/13.3.1/../../../../arm-none-eabi/lib/thumb/v7e-m/nofp/libc_nano.a(libc_a-mprec.o)
                0x0800c6d8                __d2b
 .text.__ratio  0x0800c788       0x60 /home/ben/arm-gnu-toolchain-13.3.rel1-x86_64-arm-none-eabi/bin/../lib/gcc/arm-none-eabi/13.3.1/../../../../arm-none-eabi/lib/thumb/v7e-m/nofp/libc_nano.a(libc_a-mprec.o)
                0x0800c788                __ratio
 .text._mprec_log10
                0x0800c7e8       0x38 /home/ben/arm-gnu-toolchain-13.3.rel1-x86_64-arm-none-eabi/bin/../lib/gcc/arm-none-eabi/13.3.1/../../../../arm-none-eabi/lib/thumb/v7e-m/nofp/libc_nano.a(libc_a-mprec.o)
                0x0800c7e8                _mprec_log10
 .text.__copybits
                0x0800c820       0x46 /home/ben/arm-gnu-toolchain-13.3.rel1-x86_64-arm-none-eabi/bin/../lib/gcc/arm-none-eabi/13.3.1/../../../../arm-none-eabi/lib/thumb/v7e-m/nofp/libc_nano.a(libc_a-mprec.o)
                0x0800c820                __copybits
 .text.__any_on
                0x0800c866       0x42 /home/ben/arm-gnu-toolchain-13.3.rel1-x86_64-arm-none-eabi/bin/../lib/gcc/arm-none-eabi/13.3.1/../../../../arm-none-eabi/lib/thumb/v7e-m/nofp/libc_nano.a(libc_a-mprec.o)
                0x0800c866                __any_on
 .text._malloc_usable_size_r
                0x0800c8a8       0x10 /home/ben/arm-gnu-toolchain-13.3.rel1-x86_64-arm-none-eabi/bin/../lib/gcc/arm-none-eabi/13.3.1/../../../../arm-none-eabi/lib/thumb/v7e-m/nofp/libc_nano.a(libc_a-msizer.o)
                0x0800c8a8                _malloc_usable_size_r
 .text._calloc_r
                0x0800c8b8       0x28 /home/ben/arm-gnu-toolchain-13.3.rel1-x86_64-arm-none-eabi/bin/../lib/gcc/arm-none-eabi/13.3.1/../../../../arm-none-eabi/lib/thumb/v7e-m/nofp/libc_nano.a(libc_a-callocr.o)
                0x0800c8b8                _calloc_r
 .text._isatty_r
                0x0800c8e0       0x20 /home/ben/arm-gnu-toolchain-13.3.rel1-x86_64-arm-none-eabi/bin/../lib/gcc/arm-none-eabi/13.3.1/../../../../arm-none-eabi/lib/thumb/v7e-m/nofp/libc_nano.a(libc_a-isattyr.o)
                0x0800c8e0                _isatty_r
 .text._sbrk_r  0x0800c900       0x20 /home/ben/arm-gnu-toolchain-13.3.rel1-x86_64-arm-none-eabi/bin/../lib/gcc/arm-none-eabi/13.3.1/../../../../arm-none-eabi/lib/thumb/v7e-m/nofp/libc_nano.a(libc_a-sbrkr.o)
                0x0800c900                _sbrk_r
 .text.abort    0x0800c920        0xe /home/ben/arm-gnu-toolchain-13.3.rel1-x86_64-arm-none-eabi/bin/../lib/gcc/arm-none-eabi/13.3.1/../../../../arm-none-eabi/lib/thumb/v7e-m/nofp/libc_nano.a(libc_a-abort.o)
                0x0800c920                abort
 .text._init_signal_r
                0x0800c92e       0x28 /home/ben/arm-gnu-toolchain-13.3.rel1-x86_64-arm-none-eabi/bin/../lib/gcc/arm-none-eabi/13.3.1/../../../../arm-none-eabi/lib/thumb/v7e-m/nofp/libc_nano.a(libc_a-signal.o)
                0x0800c92e                _init_signal_r
 .text._signal_r
                0x0800c956       0x30 /home/ben/arm-gnu-toolchain-13.3.rel1-x86_64-arm-none-eabi/bin/../lib/gcc/arm-none-eabi/13.3.1/../../../../arm-none-eabi/lib/thumb/v7e-m/nofp/libc_nano.a(libc_a-signal.o)
                0x0800c956                _signal_r
 .text._raise_r
                0x0800c986       0x50 /home/ben/arm-gnu-toolchain-13.3.rel1-x86_64-arm-none-eabi/bin/../lib/gcc/arm-none-eabi/13.3.1/../../../../arm-none-eabi/lib/thumb/v7e-m/nofp/libc_nano.a(libc_a-signal.o)
                0x0800c986                _raise_r
 .text.__sigtramp_r
                0x0800c9d6       0x48 /home/ben/arm-gnu-toolchain-13.3.rel1-x86_64-arm-none-eabi/bin/../lib/gcc/arm-none-eabi/13.3.1/../../../../arm-none-eabi/lib/thumb/v7e-m/nofp/libc_nano.a(libc_a-signal.o)
                0x0800c9d6                __sigtramp_r
 *fill*         0x0800ca1e        0x2 
 .text.raise    0x0800ca20       0x10 /home/ben/arm-gnu-toolchain-13.3.rel1-x86_64-arm-none-eabi/bin/../lib/gcc/arm-none-eabi/13.3.1/../../../../arm-none-eabi/lib/thumb/v7e-m/nofp/libc_nano.a(libc_a-signal.o)
                0x0800ca20                raise
 .text.signal   0x0800ca30       0x10 /home/ben/arm-gnu-toolchain-13.3.rel1-x86_64-arm-none-eabi/bin/../lib/gcc/arm-none-eabi/13.3.1/../../../../arm-none-eabi/lib/thumb/v7e-m/nofp/libc_nano.a(libc_a-signal.o)
                0x0800ca30                signal
 .text._init_signal
                0x0800ca40        0xc /home/ben/arm-gnu-toolchain-13.3.rel1-x86_64-arm-none-eabi/bin/../lib/gcc/arm-none-eabi/13.3.1/../../../../arm-none-eabi/lib/thumb/v7e-m/nofp/libc_nano.a(libc_a-signal.o)
                0x0800ca40                _init_signal
 .text.__sigtramp
                0x0800ca4c       0x10 /home/ben/arm-gnu-toolchain-13.3.rel1-x86_64-arm-none-eabi/bin/../lib/gcc/arm-none-eabi/13.3.1/../../../../arm-none-eabi/lib/thumb/v7e-m/nofp/libc_nano.a(libc_a-signal.o)
                0x0800ca4c                __sigtramp
 .text._kill_r  0x0800ca5c       0x24 /home/ben/arm-gnu-toolchain-13.3.rel1-x86_64-arm-none-eabi/bin/../lib/gcc/arm-none-eabi/13.3.1/../../../../arm-none-eabi/lib/thumb/v7e-m/nofp/libc_nano.a(libc_a-signalr.o)
                0x0800ca5c                _kill_r
 .text._getpid_r
                0x0800ca80        0x4 /home/ben/arm-gnu-toolchain-13.3.rel1-x86_64-arm-none-eabi/bin/../lib/gcc/arm-none-eabi/13.3.1/../../../../arm-none-eabi/lib/thumb/v7e-m/nofp/libc_nano.a(libc_a-signalr.o)
                0x0800ca80                _getpid_r
 *(.rodata)
 .rodata        0x0800ca84       0x21 main_app.o
 *fill*         0x0800caa5        0x3 
 .rodata        0x0800caa8       0x18 system_stm32f7xx.o
                0x0800caa8                AHBPrescTable
                0x0800cab8                APBPrescTable
 *(.rodata.*)
 .rodata.all_implied_fbits
                0x0800cac0       0x24 /home/ben/arm-gnu-toolchain-13.3.rel1-x86_64-arm-none-eabi/bin/../lib/gcc/arm-none-eabi/13.3.1/thumb/v7e-m/nofp/crtbegin.o
 .rodata._printf_float.str1.1
                0x0800cae4      0x173 /home/ben/arm-gnu-toolchain-13.3.rel1-x86_64-arm-none-eabi/bin/../lib/gcc/arm-none-eabi/13.3.1/../../../../arm-none-eabi/lib/thumb/v7e-m/nofp/libc_nano.a(libc_a-nano-vfprintf_float.o)
                                 0x12 (size before relaxing)
 .rodata._vfprintf_r.str1.1
                0x0800cc57       0x11 /home/ben/arm-gnu-toolchain-13.3.rel1-x86_64-arm-none-eabi/bin/../lib/gcc/arm-none-eabi/13.3.1/../../../../arm-none-eabi/lib/thumb/v7e-m/nofp/libc_nano.a(libc_a-nano-vfprintf.o)
 .rodata._printf_i.str1.1
                0x0800cc57       0x22 /home/ben/arm-gnu-toolchain-13.3.rel1-x86_64-arm-none-eabi/bin/../lib/gcc/arm-none-eabi/13.3.1/../../../../arm-none-eabi/lib/thumb/v7e-m/nofp/libc_nano.a(libc_a-nano-vfprintf_i.o)
 .rodata._dtoa_r.str1.1
                0x0800cc57       0x90 /home/ben/arm-gnu-toolchain-13.3.rel1-x86_64-arm-none-eabi/bin/../lib/gcc/arm-none-eabi/13.3.1/../../../../arm-none-eabi/lib/thumb/v7e-m/nofp/libc_nano.a(libc_a-dtoa.o)
 .rodata._setlocale_r.str1.1
                0x0800cc57        0x9 /home/ben/arm-gnu-toolchain-13.3.rel1-x86_64-arm-none-eabi/bin/../lib/gcc/arm-none-eabi/13.3.1/../../../../arm-none-eabi/lib/thumb/v7e-m/nofp/libc_nano.a(libc_a-locale.o)
 .rodata.str1.1
                0x0800cc57        0x2 /home/ben/arm-gnu-toolchain-13.3.rel1-x86_64-arm-none-eabi/bin/../lib/gcc/arm-none-eabi/13.3.1/../../../../arm-none-eabi/lib/thumb/v7e-m/nofp/libc_nano.a(libc_a-locale.o)
 .rodata.__assert_func.str1.1
                0x0800cc57       0x3d /home/ben/arm-gnu-toolchain-13.3.rel1-x86_64-arm-none-eabi/bin/../lib/gcc/arm-none-eabi/13.3.1/../../../../arm-none-eabi/lib/thumb/v7e-m/nofp/libc_nano.a(libc_a-assert.o)
 .rodata._Balloc.str1.1
                0x0800cc57       0x71 /home/ben/arm-gnu-toolchain-13.3.rel1-x86_64-arm-none-eabi/bin/../lib/gcc/arm-none-eabi/13.3.1/../../../../arm-none-eabi/lib/thumb/v7e-m/nofp/libc_nano.a(libc_a-mprec.o)
 .rodata.__multadd.str1.1
                0x0800cc57       0x11 /home/ben/arm-gnu-toolchain-13.3.rel1-x86_64-arm-none-eabi/bin/../lib/gcc/arm-none-eabi/13.3.1/../../../../arm-none-eabi/lib/thumb/v7e-m/nofp/libc_nano.a(libc_a-mprec.o)
 *fill*         0x0800cc57        0x1 
 .rodata.p05.0  0x0800cc58        0xc /home/ben/arm-gnu-toolchain-13.3.rel1-x86_64-arm-none-eabi/bin/../lib/gcc/arm-none-eabi/13.3.1/../../../../arm-none-eabi/lib/thumb/v7e-m/nofp/libc_nano.a(libc_a-mprec.o)
 *fill*         0x0800cc64        0x4 
 .rodata.__mprec_tinytens
                0x0800cc68       0x28 /home/ben/arm-gnu-toolchain-13.3.rel1-x86_64-arm-none-eabi/bin/../lib/gcc/arm-none-eabi/13.3.1/../../../../arm-none-eabi/lib/thumb/v7e-m/nofp/libc_nano.a(libc_a-mprec.o)
                0x0800cc68                __mprec_tinytens
 .rodata.__mprec_bigtens
                0x0800cc90       0x28 /home/ben/arm-gnu-toolchain-13.3.rel1-x86_64-arm-none-eabi/bin/../lib/gcc/arm-none-eabi/13.3.1/../../../../arm-none-eabi/lib/thumb/v7e-m/nofp/libc_nano.a(libc_a-mprec.o)
                0x0800cc90                __mprec_bigtens
 .rodata.__mprec_tens
                0x0800ccb8       0xc8 /home/ben/arm-gnu-toolchain-13.3.rel1-x86_64-arm-none-eabi/bin/../lib/gcc/arm-none-eabi/13.3.1/../../../../arm-none-eabi/lib/thumb/v7e-m/nofp/libc_nano.a(libc_a-mprec.o)
                0x0800ccb8                __mprec_tens
 .rodata._ctype_
                0x0800cd80      0x101 /home/ben/arm-gnu-toolchain-13.3.rel1-x86_64-arm-none-eabi/bin/../lib/gcc/arm-none-eabi/13.3.1/../../../../arm-none-eabi/lib/thumb/v7e-m/nofp/libc_nano.a(libc_a-ctype_.o)
                0x0800cd80                _ctype_
 *fill*         0x0800ce81        0x3 
 .rodata.all_implied_fbits
                0x0800ce84       0x24 /home/ben/arm-gnu-toolchain-13.3.rel1-x86_64-arm-none-eabi/bin/../lib/gcc/arm-none-eabi/13.3.1/thumb/v7e-m/nofp/crtend.o
 *(.init)
 .init          0x0800cea8        0x4 /home/ben/arm-gnu-toolchain-13.3.rel1-x86_64-arm-none-eabi/bin/../lib/gcc/arm-none-eabi/13.3.1/thumb/v7e-m/nofp/crti.o
                0x0800cea8                _init
 .init          0x0800ceac        0x8 /home/ben/arm-gnu-toolchain-13.3.rel1-x86_64-arm-none-eabi/bin/../lib/gcc/arm-none-eabi/13.3.1/thumb/v7e-m/nofp/crtn.o
 *(.fini)
 .fini          0x0800ceb4        0x4 /home/ben/arm-gnu-toolchain-13.3.rel1-x86_64-arm-none-eabi/bin/../lib/gcc/arm-none-eabi/13.3.1/thumb/v7e-m/nofp/crti.o
                0x0800ceb4                _fini
 .fini          0x0800ceb8        0x8 /home/ben/arm-gnu-toolchain-13.3.rel1-x86_64-arm-none-eabi/bin/../lib/gcc/arm-none-eabi/13.3.1/thumb/v7e-m/nofp/crtn.o
 *(.eh_frame)
 .eh_frame      0x0800cec0        0x0 /home/ben/arm-gnu-toolchain-13.3.rel1-x86_64-arm-none-eabi/bin/../lib/gcc/arm-none-eabi/13.3.1/thumb/v7e-m/nofp/crtbegin.o
 .eh_frame      0x0800cec0       0x50 /home/ben/arm-gnu-toolchain-13.3.rel1-x86_64-arm-none-eabi/bin/../lib/gcc/arm-none-eabi/13.3.1/../../../../arm-none-eabi/lib/thumb/v7e-m/nofp/libc_nano.a(libc_a-memchr.o)
 .eh_frame      0x0800cf10       0x28 /home/ben/arm-gnu-toolchain-13.3.rel1-x86_64-arm-none-eabi/bin/../lib/gcc/arm-none-eabi/13.3.1/../../../../arm-none-eabi/lib/thumb/v7e-m/nofp/libc_nano.a(libc_a-strlen.o)
 .eh_frame      0x0800cf38        0x4 /home/ben/arm-gnu-toolchain-13.3.rel1-x86_64-arm-none-eabi/bin/../lib/gcc/arm-none-eabi/13.3.1/thumb/v7e-m/nofp/crtend.o
 *(.ARM.exidx)
 .ARM.exidx     0x0800cf3c        0x8 /home/ben/arm-gnu-toolchain-13.3.rel1-x86_64-arm-none-eabi/bin/../lib/gcc/arm-none-eabi/13.3.1/../../../../arm-none-eabi/lib/thumb/v7e-m/nofp/crt0.o
                                 0x10 (size before relaxing)
 .ARM.exidx     0x0800cf44        0x0 /home/ben/arm-gnu-toolchain-13.3.rel1-x86_64-arm-none-eabi/bin/../lib/gcc/arm-none-eabi/13.3.1/../../../../arm-none-eabi/lib/thumb/v7e-m/nofp/libc_nano.a(libc_a-memchr.o)
                                  0x8 (size before relaxing)
 .ARM.exidx     0x0800cf44        0x0 /home/ben/arm-gnu-toolchain-13.3.rel1-x86_64-arm-none-eabi/bin/../lib/gcc/arm-none-eabi/13.3.1/../../../../arm-none-eabi/lib/thumb/v7e-m/nofp/libc_nano.a(libc_a-strlen.o)
                                  0x8 (size before relaxing)
 .ARM.exidx     0x0800cf44        0x0 /home/ben/arm-gnu-toolchain-13.3.rel1-x86_64-arm-none-eabi/bin/../lib/gcc/arm-none-eabi/13.3.1/../../../../arm-none-eabi/lib/thumb/v7e-m/nofp/libc_nano.a(libc_a-strcmp.o)
                                  0x8 (size before relaxing)
                0x0800cf44                        . = ALIGN (0x4)
                0x0800cf44                        _etext = .
                0x0800cf44                        _sidata = LOADADDR (.data)

.ARM.extab      0x0800cf44        0x0
 .ARM.extab     0x0800cf44        0x0 /home/ben/arm-gnu-toolchain-13.3.rel1-x86_64-arm-none-eabi/bin/../lib/gcc/arm-none-eabi/13.3.1/../../../../arm-none-eabi/lib/thumb/v7e-m/nofp/crt0.o
 .ARM.extab     0x0800cf44        0x0 /home/ben/arm-gnu-toolchain-13.3.rel1-x86_64-arm-none-eabi/bin/../lib/gcc/arm-none-eabi/13.3.1/../../../../arm-none-eabi/lib/thumb/v7e-m/nofp/libc_nano.a(libc_a-memchr.o)
 .ARM.extab     0x0800cf44        0x0 /home/ben/arm-gnu-toolchain-13.3.rel1-x86_64-arm-none-eabi/bin/../lib/gcc/arm-none-eabi/13.3.1/../../../../arm-none-eabi/lib/thumb/v7e-m/nofp/libc_nano.a(libc_a-strlen.o)
 .ARM.extab     0x0800cf44        0x0 /home/ben/arm-gnu-toolchain-13.3.rel1-x86_64-arm-none-eabi/bin/../lib/gcc/arm-none-eabi/13.3.1/../../../../arm-none-eabi/lib/thumb/v7e-m/nofp/libc_nano.a(libc_a-strcmp.o)

.glue_7         0x0800cf44        0x0
 .glue_7        0x0800cf44        0x0 linker stubs

.glue_7t        0x0800cf44        0x0
 .glue_7t       0x0800cf44        0x0 linker stubs

.vfp11_veneer   0x0800cf44        0x0
 .vfp11_veneer  0x0800cf44        0x0 linker stubs

.v4_bx          0x0800cf44        0x0
 .v4_bx         0x0800cf44        0x0 linker stubs

.iplt           0x0800cf44        0x0
 .iplt          0x0800cf44        0x0 /home/ben/arm-gnu-toolchain-13.3.rel1-x86_64-arm-none-eabi/bin/../lib/gcc/arm-none-eabi/13.3.1/thumb/v7e-m/nofp/crtbegin.o

.rel.dyn        0x0800cf44        0x0
 .rel.iplt      0x0800cf44        0x0 /home/ben/arm-gnu-toolchain-13.3.rel1-x86_64-arm-none-eabi/bin/../lib/gcc/arm-none-eabi/13.3.1/thumb/v7e-m/nofp/crtbegin.o

.data           0x20000000      0x1dc load address 0x0800cf44
                0x20000000                        . = ALIGN (0x4)
                0x20000000                        _sdata = .
 *(.data)
 .data          0x20000000        0x0 /home/ben/arm-gnu-toolchain-13.3.rel1-x86_64-arm-none-eabi/bin/../lib/gcc/arm-none-eabi/13.3.1/thumb/v7e-m/nofp/crti.o
 .data          0x20000000        0x0 /home/ben/arm-gnu-toolchain-13.3.rel1-x86_64-arm-none-eabi/bin/../lib/gcc/arm-none-eabi/13.3.1/thumb/v7e-m/nofp/crtbegin.o
 .data          0x20000000        0x0 /home/ben/arm-gnu-toolchain-13.3.rel1-x86_64-arm-none-eabi/bin/../lib/gcc/arm-none-eabi/13.3.1/../../../../arm-none-eabi/lib/thumb/v7e-m/nofp/crt0.o
 .data          0x20000000        0x0 main_app.o
 .data          0x20000000        0x0 startup.o
 .data          0x20000000        0x4 system_stm32f7xx.o
                0x20000000                SystemCoreClock
 .data          0x20000004        0x4 syscalls.o
                0x20000004                environ
 .data          0x20000008        0x0 usart.o
 .data          0x20000008        0x0 /home/ben/arm-gnu-toolchain-13.3.rel1-x86_64-arm-none-eabi/bin/../lib/gcc/arm-none-eabi/13.3.1/../../../../arm-none-eabi/lib/thumb/v7e-m/nofp/libc_nano.a(libc_a-exit.o)
 .data          0x20000008        0x0 /home/ben/arm-gnu-toolchain-13.3.rel1-x86_64-arm-none-eabi/bin/../lib/gcc/arm-none-eabi/13.3.1/../../../../arm-none-eabi/lib/thumb/v7e-m/nofp/libc_nano.a(libc_a-init.o)
 .data          0x20000008        0x0 /home/ben/arm-gnu-toolchain-13.3.rel1-x86_64-arm-none-eabi/bin/../lib/gcc/arm-none-eabi/13.3.1/../../../../arm-none-eabi/lib/thumb/v7e-m/nofp/libc_nano.a(libc_a-nano-vfprintf_float.o)
 .data          0x20000008        0x0 /home/ben/arm-gnu-toolchain-13.3.rel1-x86_64-arm-none-eabi/bin/../lib/gcc/arm-none-eabi/13.3.1/../../../../arm-none-eabi/lib/thumb/v7e-m/nofp/libc_nano.a(libc_a-printf.o)
 .data          0x20000008        0x0 /home/ben/arm-gnu-toolchain-13.3.rel1-x86_64-arm-none-eabi/bin/../lib/gcc/arm-none-eabi/13.3.1/../../../../arm-none-eabi/lib/thumb/v7e-m/nofp/libc_nano.a(libc_a-nano-vfprintf.o)
 .data          0x20000008        0x0 /home/ben/arm-gnu-toolchain-13.3.rel1-x86_64-arm-none-eabi/bin/../lib/gcc/arm-none-eabi/13.3.1/../../../../arm-none-eabi/lib/thumb/v7e-m/nofp/libc_nano.a(libc_a-memset.o)
 .data          0x20000008        0x0 /home/ben/arm-gnu-toolchain-13.3.rel1-x86_64-arm-none-eabi/bin/../lib/gcc/arm-none-eabi/13.3.1/../../../../arm-none-eabi/lib/thumb/v7e-m/nofp/libc_nano.a(libc_a-wsetup.o)
 .data          0x20000008        0x0 /home/ben/arm-gnu-toolchain-13.3.rel1-x86_64-arm-none-eabi/bin/../lib/gcc/arm-none-eabi/13.3.1/../../../../arm-none-eabi/lib/thumb/v7e-m/nofp/libc_nano.a(libc_a-localeconv.o)
 .data          0x20000008        0x0 /home/ben/arm-gnu-toolchain-13.3.rel1-x86_64-arm-none-eabi/bin/../lib/gcc/arm-none-eabi/13.3.1/../../../../arm-none-eabi/lib/thumb/v7e-m/nofp/libc_nano.a(libc_a-lock.o)
 .data          0x20000008        0x0 /home/ben/arm-gnu-toolchain-13.3.rel1-x86_64-arm-none-eabi/bin/../lib/gcc/arm-none-eabi/13.3.1/../../../../arm-none-eabi/lib/thumb/v7e-m/nofp/libc_nano.a(libc_a-nano-vfprintf_i.o)
 .data          0x20000008        0x0 /home/ben/arm-gnu-toolchain-13.3.rel1-x86_64-arm-none-eabi/bin/../lib/gcc/arm-none-eabi/13.3.1/../../../../arm-none-eabi/lib/thumb/v7e-m/nofp/libc_nano.a(libc_a-reent.o)
 .data          0x20000008        0x0 /home/ben/arm-gnu-toolchain-13.3.rel1-x86_64-arm-none-eabi/bin/../lib/gcc/arm-none-eabi/13.3.1/../../../../arm-none-eabi/lib/thumb/v7e-m/nofp/libc_nano.a(libc_a-impure.o)
 .data          0x20000008        0x0 /home/ben/arm-gnu-toolchain-13.3.rel1-x86_64-arm-none-eabi/bin/../lib/gcc/arm-none-eabi/13.3.1/../../../../arm-none-eabi/lib/thumb/v7e-m/nofp/libc_nano.a(libc_a-memchr.o)
 .data          0x20000008        0x0 /home/ben/arm-gnu-toolchain-13.3.rel1-x86_64-arm-none-eabi/bin/../lib/gcc/arm-none-eabi/13.3.1/../../../../arm-none-eabi/lib/thumb/v7e-m/nofp/libc_nano.a(libc_a-strlen.o)
 .data          0x20000008        0x0 /home/ben/arm-gnu-toolchain-13.3.rel1-x86_64-arm-none-eabi/bin/../lib/gcc/arm-none-eabi/13.3.1/../../../../arm-none-eabi/lib/thumb/v7e-m/nofp/libc_nano.a(libc_a-findfp.o)
 .data          0x20000008        0x0 /home/ben/arm-gnu-toolchain-13.3.rel1-x86_64-arm-none-eabi/bin/../lib/gcc/arm-none-eabi/13.3.1/../../../../arm-none-eabi/lib/thumb/v7e-m/nofp/libc_nano.a(libc_a-stdio.o)
 .data          0x20000008        0x0 /home/ben/arm-gnu-toolchain-13.3.rel1-x86_64-arm-none-eabi/bin/../lib/gcc/arm-none-eabi/13.3.1/../../../../arm-none-eabi/lib/thumb/v7e-m/nofp/libc_nano.a(libc_a-dtoa.o)
 .data          0x20000008        0x0 /home/ben/arm-gnu-toolchain-13.3.rel1-x86_64-arm-none-eabi/bin/../lib/gcc/arm-none-eabi/13.3.1/../../../../arm-none-eabi/lib/thumb/v7e-m/nofp/libc_nano.a(libc_a-lseekr.o)
 .data          0x20000008        0x0 /home/ben/arm-gnu-toolchain-13.3.rel1-x86_64-arm-none-eabi/bin/../lib/gcc/arm-none-eabi/13.3.1/../../../../arm-none-eabi/lib/thumb/v7e-m/nofp/libc_nano.a(libc_a-readr.o)
 .data          0x20000008        0x0 /home/ben/arm-gnu-toolchain-13.3.rel1-x86_64-arm-none-eabi/bin/../lib/gcc/arm-none-eabi/13.3.1/../../../../arm-none-eabi/lib/thumb/v7e-m/nofp/libc_nano.a(libc_a-fvwrite.o)
 .data          0x20000008        0x0 /home/ben/arm-gnu-toolchain-13.3.rel1-x86_64-arm-none-eabi/bin/../lib/gcc/arm-none-eabi/13.3.1/../../../../arm-none-eabi/lib/thumb/v7e-m/nofp/libc_nano.a(libc_a-fwalk.o)
 .data          0x20000008        0x0 /home/ben/arm-gnu-toolchain-13.3.rel1-x86_64-arm-none-eabi/bin/../lib/gcc/arm-none-eabi/13.3.1/../../../../arm-none-eabi/lib/thumb/v7e-m/nofp/libc_nano.a(libc_a-wbuf.o)
 .data          0x20000008        0x0 /home/ben/arm-gnu-toolchain-13.3.rel1-x86_64-arm-none-eabi/bin/../lib/gcc/arm-none-eabi/13.3.1/../../../../arm-none-eabi/lib/thumb/v7e-m/nofp/libc_nano.a(libc_a-reallocr.o)
 .data          0x20000008        0x0 /home/ben/arm-gnu-toolchain-13.3.rel1-x86_64-arm-none-eabi/bin/../lib/gcc/arm-none-eabi/13.3.1/../../../../arm-none-eabi/lib/thumb/v7e-m/nofp/libc_nano.a(libc_a-freer.o)
 .data          0x20000008        0x0 /home/ben/arm-gnu-toolchain-13.3.rel1-x86_64-arm-none-eabi/bin/../lib/gcc/arm-none-eabi/13.3.1/../../../../arm-none-eabi/lib/thumb/v7e-m/nofp/libc_nano.a(libc_a-locale.o)
 .data          0x20000008        0x0 /home/ben/arm-gnu-toolchain-13.3.rel1-x86_64-arm-none-eabi/bin/../lib/gcc/arm-none-eabi/13.3.1/../../../../arm-none-eabi/lib/thumb/v7e-m/nofp/libc_nano.a(libc_a-writer.o)
 .data          0x20000008        0x0 /home/ben/arm-gnu-toolchain-13.3.rel1-x86_64-arm-none-eabi/bin/../lib/gcc/arm-none-eabi/13.3.1/../../../../arm-none-eabi/lib/thumb/v7e-m/nofp/libc_nano.a(libc_a-makebuf.o)
 .data          0x20000008        0x0 /home/ben/arm-gnu-toolchain-13.3.rel1-x86_64-arm-none-eabi/bin/../lib/gcc/arm-none-eabi/13.3.1/../../../../arm-none-eabi/lib/thumb/v7e-m/nofp/libc_nano.a(libc_a-memmove.o)
 .data          0x20000008        0x0 /home/ben/arm-gnu-toolchain-13.3.rel1-x86_64-arm-none-eabi/bin/../lib/gcc/arm-none-eabi/13.3.1/../../../../arm-none-eabi/lib/thumb/v7e-m/nofp/libc_nano.a(libc_a-wctomb_r.o)
 .data          0x20000008        0x0 /home/ben/arm-gnu-toolchain-13.3.rel1-x86_64-arm-none-eabi/bin/../lib/gcc/arm-none-eabi/13.3.1/../../../../arm-none-eabi/lib/thumb/v7e-m/nofp/libc_nano.a(libc_a-strcmp.o)
 .data          0x20000008        0x0 /home/ben/arm-gnu-toolchain-13.3.rel1-x86_64-arm-none-eabi/bin/../lib/gcc/arm-none-eabi/13.3.1/../../../../arm-none-eabi/lib/thumb/v7e-m/nofp/libc_nano.a(libc_a-fflush.o)
 .data          0x20000008        0x0 /home/ben/arm-gnu-toolchain-13.3.rel1-x86_64-arm-none-eabi/bin/../lib/gcc/arm-none-eabi/13.3.1/../../../../arm-none-eabi/lib/thumb/v7e-m/nofp/libc_nano.a(libc_a-malloc.o)
 .data          0x20000008        0x0 /home/ben/arm-gnu-toolchain-13.3.rel1-x86_64-arm-none-eabi/bin/../lib/gcc/arm-none-eabi/13.3.1/../../../../arm-none-eabi/lib/thumb/v7e-m/nofp/libc_nano.a(libc_a-mallocr.o)
 .data          0x20000008        0x0 /home/ben/arm-gnu-toolchain-13.3.rel1-x86_64-arm-none-eabi/bin/../lib/gcc/arm-none-eabi/13.3.1/../../../../arm-none-eabi/lib/thumb/v7e-m/nofp/libc_nano.a(libc_a-closer.o)
 .data          0x20000008        0x0 /home/ben/arm-gnu-toolchain-13.3.rel1-x86_64-arm-none-eabi/bin/../lib/gcc/arm-none-eabi/13.3.1/../../../../arm-none-eabi/lib/thumb/v7e-m/nofp/libc_nano.a(libc_a-fstatr.o)
 .data          0x20000008        0x0 /home/ben/arm-gnu-toolchain-13.3.rel1-x86_64-arm-none-eabi/bin/../lib/gcc/arm-none-eabi/13.3.1/../../../../arm-none-eabi/lib/thumb/v7e-m/nofp/libc_nano.a(libc_a-mbtowc_r.o)
 .data          0x20000008        0x0 /home/ben/arm-gnu-toolchain-13.3.rel1-x86_64-arm-none-eabi/bin/../lib/gcc/arm-none-eabi/13.3.1/../../../../arm-none-eabi/lib/thumb/v7e-m/nofp/libc_nano.a(libc_a-assert.o)
 .data          0x20000008        0x0 /home/ben/arm-gnu-toolchain-13.3.rel1-x86_64-arm-none-eabi/bin/../lib/gcc/arm-none-eabi/13.3.1/../../../../arm-none-eabi/lib/thumb/v7e-m/nofp/libc_nano.a(libc_a-memcpy-stub.o)
 .data          0x20000008        0x0 /home/ben/arm-gnu-toolchain-13.3.rel1-x86_64-arm-none-eabi/bin/../lib/gcc/arm-none-eabi/13.3.1/../../../../arm-none-eabi/lib/thumb/v7e-m/nofp/libc_nano.a(libc_a-fprintf.o)
 .data          0x20000008        0x0 /home/ben/arm-gnu-toolchain-13.3.rel1-x86_64-arm-none-eabi/bin/../lib/gcc/arm-none-eabi/13.3.1/../../../../arm-none-eabi/lib/thumb/v7e-m/nofp/libc_nano.a(libc_a-mlock.o)
 .data          0x20000008        0x0 /home/ben/arm-gnu-toolchain-13.3.rel1-x86_64-arm-none-eabi/bin/../lib/gcc/arm-none-eabi/13.3.1/../../../../arm-none-eabi/lib/thumb/v7e-m/nofp/libc_nano.a(libc_a-mprec.o)
 .data          0x20000008        0x0 /home/ben/arm-gnu-toolchain-13.3.rel1-x86_64-arm-none-eabi/bin/../lib/gcc/arm-none-eabi/13.3.1/../../../../arm-none-eabi/lib/thumb/v7e-m/nofp/libc_nano.a(libc_a-msizer.o)
 .data          0x20000008        0x0 /home/ben/arm-gnu-toolchain-13.3.rel1-x86_64-arm-none-eabi/bin/../lib/gcc/arm-none-eabi/13.3.1/../../../../arm-none-eabi/lib/thumb/v7e-m/nofp/libc_nano.a(libc_a-callocr.o)
 .data          0x20000008        0x0 /home/ben/arm-gnu-toolchain-13.3.rel1-x86_64-arm-none-eabi/bin/../lib/gcc/arm-none-eabi/13.3.1/../../../../arm-none-eabi/lib/thumb/v7e-m/nofp/libc_nano.a(libc_a-ctype_.o)
 .data          0x20000008        0x0 /home/ben/arm-gnu-toolchain-13.3.rel1-x86_64-arm-none-eabi/bin/../lib/gcc/arm-none-eabi/13.3.1/../../../../arm-none-eabi/lib/thumb/v7e-m/nofp/libc_nano.a(libc_a-isattyr.o)
 .data          0x20000008        0x0 /home/ben/arm-gnu-toolchain-13.3.rel1-x86_64-arm-none-eabi/bin/../lib/gcc/arm-none-eabi/13.3.1/../../../../arm-none-eabi/lib/thumb/v7e-m/nofp/libc_nano.a(libc_a-sbrkr.o)
 .data          0x20000008        0x0 /home/ben/arm-gnu-toolchain-13.3.rel1-x86_64-arm-none-eabi/bin/../lib/gcc/arm-none-eabi/13.3.1/../../../../arm-none-eabi/lib/thumb/v7e-m/nofp/libc_nano.a(libc_a-abort.o)
 .data          0x20000008        0x0 /home/ben/arm-gnu-toolchain-13.3.rel1-x86_64-arm-none-eabi/bin/../lib/gcc/arm-none-eabi/13.3.1/../../../../arm-none-eabi/lib/thumb/v7e-m/nofp/libc_nano.a(libc_a-signal.o)
 .data          0x20000008        0x0 /home/ben/arm-gnu-toolchain-13.3.rel1-x86_64-arm-none-eabi/bin/../lib/gcc/arm-none-eabi/13.3.1/../../../../arm-none-eabi/lib/thumb/v7e-m/nofp/libc_nano.a(libc_a-signalr.o)
 .data          0x20000008        0x0 /home/ben/arm-gnu-toolchain-13.3.rel1-x86_64-arm-none-eabi/bin/../lib/gcc/arm-none-eabi/13.3.1/thumb/v7e-m/nofp/libgcc.a(_arm_muldf3.o)
 .data          0x20000008        0x0 /home/ben/arm-gnu-toolchain-13.3.rel1-x86_64-arm-none-eabi/bin/../lib/gcc/arm-none-eabi/13.3.1/thumb/v7e-m/nofp/libgcc.a(_arm_addsubdf3.o)
 .data          0x20000008        0x0 /home/ben/arm-gnu-toolchain-13.3.rel1-x86_64-arm-none-eabi/bin/../lib/gcc/arm-none-eabi/13.3.1/thumb/v7e-m/nofp/libgcc.a(_arm_muldivdf3.o)
 .data          0x20000008        0x0 /home/ben/arm-gnu-toolchain-13.3.rel1-x86_64-arm-none-eabi/bin/../lib/gcc/arm-none-eabi/13.3.1/thumb/v7e-m/nofp/libgcc.a(_arm_cmpdf2.o)
 .data          0x20000008        0x0 /home/ben/arm-gnu-toolchain-13.3.rel1-x86_64-arm-none-eabi/bin/../lib/gcc/arm-none-eabi/13.3.1/thumb/v7e-m/nofp/libgcc.a(_arm_unorddf2.o)
 .data          0x20000008        0x0 /home/ben/arm-gnu-toolchain-13.3.rel1-x86_64-arm-none-eabi/bin/../lib/gcc/arm-none-eabi/13.3.1/thumb/v7e-m/nofp/libgcc.a(_arm_fixdfsi.o)
 .data          0x20000008        0x0 /home/ben/arm-gnu-toolchain-13.3.rel1-x86_64-arm-none-eabi/bin/../lib/gcc/arm-none-eabi/13.3.1/thumb/v7e-m/nofp/crtend.o
 .data          0x20000008        0x0 /home/ben/arm-gnu-toolchain-13.3.rel1-x86_64-arm-none-eabi/bin/../lib/gcc/arm-none-eabi/13.3.1/thumb/v7e-m/nofp/crtn.o
 *(.data.*)
 .data.__dso_handle
                0x20000008        0x4 /home/ben/arm-gnu-toolchain-13.3.rel1-x86_64-arm-none-eabi/bin/../lib/gcc/arm-none-eabi/13.3.1/thumb/v7e-m/nofp/crtbegin.o
                0x20000008                __dso_handle
 .data._impure_ptr
                0x2000000c        0x4 /home/ben/arm-gnu-toolchain-13.3.rel1-x86_64-arm-none-eabi/bin/../lib/gcc/arm-none-eabi/13.3.1/../../../../arm-none-eabi/lib/thumb/v7e-m/nofp/libc_nano.a(libc_a-impure.o)
                0x2000000c                _impure_ptr
 .data._impure_data
                0x20000010       0x4c /home/ben/arm-gnu-toolchain-13.3.rel1-x86_64-arm-none-eabi/bin/../lib/gcc/arm-none-eabi/13.3.1/../../../../arm-none-eabi/lib/thumb/v7e-m/nofp/libc_nano.a(libc_a-impure.o)
                0x20000010                _impure_data
 .data.__sglue  0x2000005c        0xc /home/ben/arm-gnu-toolchain-13.3.rel1-x86_64-arm-none-eabi/bin/../lib/gcc/arm-none-eabi/13.3.1/../../../../arm-none-eabi/lib/thumb/v7e-m/nofp/libc_nano.a(libc_a-findfp.o)
                0x2000005c                __sglue
 .data.__global_locale
                0x20000068      0x16c /home/ben/arm-gnu-toolchain-13.3.rel1-x86_64-arm-none-eabi/bin/../lib/gcc/arm-none-eabi/13.3.1/../../../../arm-none-eabi/lib/thumb/v7e-m/nofp/libc_nano.a(libc_a-locale.o)
                0x20000068                __global_locale
 *(.init_array)
 .init_array    0x200001d4        0x4 /home/ben/arm-gnu-toolchain-13.3.rel1-x86_64-arm-none-eabi/bin/../lib/gcc/arm-none-eabi/13.3.1/thumb/v7e-m/nofp/crtbegin.o
 *(.fini_array)
 .fini_array    0x200001d8        0x4 /home/ben/arm-gnu-toolchain-13.3.rel1-x86_64-arm-none-eabi/bin/../lib/gcc/arm-none-eabi/13.3.1/thumb/v7e-m/nofp/crtbegin.o
                0x200001dc                        . = ALIGN (0x4)
                0x200001dc                        _edata = .

.tm_clone_table
                0x200001dc        0x0 load address 0x0800d120
 .tm_clone_table
                0x200001dc        0x0 /home/ben/arm-gnu-toolchain-13.3.rel1-x86_64-arm-none-eabi/bin/../lib/gcc/arm-none-eabi/13.3.1/thumb/v7e-m/nofp/crtbegin.o
 .tm_clone_table
                0x200001dc        0x0 /home/ben/arm-gnu-toolchain-13.3.rel1-x86_64-arm-none-eabi/bin/../lib/gcc/arm-none-eabi/13.3.1/thumb/v7e-m/nofp/crtend.o

.igot.plt       0x200001dc        0x0 load address 0x0800d120
 .igot.plt      0x200001dc        0x0 /home/ben/arm-gnu-toolchain-13.3.rel1-x86_64-arm-none-eabi/bin/../lib/gcc/arm-none-eabi/13.3.1/thumb/v7e-m/nofp/crtbegin.o

.bss            0x200001dc      0x17c load address 0x0800d120
                0x200001dc                        . = ALIGN (0x4)
                0x200001dc                        _sbss = .
                0x200001dc                        __bss_start__ = _sbss
 *(.bss)
 .bss           0x200001dc        0x0 /home/ben/arm-gnu-toolchain-13.3.rel1-x86_64-arm-none-eabi/bin/../lib/gcc/arm-none-eabi/13.3.1/thumb/v7e-m/nofp/crti.o
 .bss           0x200001dc        0x0 /home/ben/arm-gnu-toolchain-13.3.rel1-x86_64-arm-none-eabi/bin/../lib/gcc/arm-none-eabi/13.3.1/thumb/v7e-m/nofp/crtbegin.o
 .bss           0x200001dc        0x0 /home/ben/arm-gnu-toolchain-13.3.rel1-x86_64-arm-none-eabi/bin/../lib/gcc/arm-none-eabi/13.3.1/../../../../arm-none-eabi/lib/thumb/v7e-m/nofp/crt0.o
 .bss           0x200001dc        0x4 main_app.o
                0x200001dc                ticks
 .bss           0x200001e0        0x0 startup.o
 .bss           0x200001e0        0x0 system_stm32f7xx.o
 .bss           0x200001e0        0x8 syscalls.o
                0x200001e0                __env
 .bss           0x200001e8        0x0 usart.o
 .bss           0x200001e8        0x0 /home/ben/arm-gnu-toolchain-13.3.rel1-x86_64-arm-none-eabi/bin/../lib/gcc/arm-none-eabi/13.3.1/../../../../arm-none-eabi/lib/thumb/v7e-m/nofp/libc_nano.a(libc_a-exit.o)
 .bss           0x200001e8        0x0 /home/ben/arm-gnu-toolchain-13.3.rel1-x86_64-arm-none-eabi/bin/../lib/gcc/arm-none-eabi/13.3.1/../../../../arm-none-eabi/lib/thumb/v7e-m/nofp/libc_nano.a(libc_a-init.o)
 .bss           0x200001e8        0x0 /home/ben/arm-gnu-toolchain-13.3.rel1-x86_64-arm-none-eabi/bin/../lib/gcc/arm-none-eabi/13.3.1/../../../../arm-none-eabi/lib/thumb/v7e-m/nofp/libc_nano.a(libc_a-nano-vfprintf_float.o)
 .bss           0x200001e8        0x0 /home/ben/arm-gnu-toolchain-13.3.rel1-x86_64-arm-none-eabi/bin/../lib/gcc/arm-none-eabi/13.3.1/../../../../arm-none-eabi/lib/thumb/v7e-m/nofp/libc_nano.a(libc_a-printf.o)
 .bss           0x200001e8        0x0 /home/ben/arm-gnu-toolchain-13.3.rel1-x86_64-arm-none-eabi/bin/../lib/gcc/arm-none-eabi/13.3.1/../../../../arm-none-eabi/lib/thumb/v7e-m/nofp/libc_nano.a(libc_a-nano-vfprintf.o)
 .bss           0x200001e8        0x0 /home/ben/arm-gnu-toolchain-13.3.rel1-x86_64-arm-none-eabi/bin/../lib/gcc/arm-none-eabi/13.3.1/../../../../arm-none-eabi/lib/thumb/v7e-m/nofp/libc_nano.a(libc_a-memset.o)
 .bss           0x200001e8        0x0 /home/ben/arm-gnu-toolchain-13.3.rel1-x86_64-arm-none-eabi/bin/../lib/gcc/arm-none-eabi/13.3.1/../../../../arm-none-eabi/lib/thumb/v7e-m/nofp/libc_nano.a(libc_a-wsetup.o)
 .bss           0x200001e8        0x0 /home/ben/arm-gnu-toolchain-13.3.rel1-x86_64-arm-none-eabi/bin/../lib/gcc/arm-none-eabi/13.3.1/../../../../arm-none-eabi/lib/thumb/v7e-m/nofp/libc_nano.a(libc_a-localeconv.o)
 .bss           0x200001e8        0x0 /home/ben/arm-gnu-toolchain-13.3.rel1-x86_64-arm-none-eabi/bin/../lib/gcc/arm-none-eabi/13.3.1/../../../../arm-none-eabi/lib/thumb/v7e-m/nofp/libc_nano.a(libc_a-lock.o)
 .bss           0x200001e8        0x0 /home/ben/arm-gnu-toolchain-13.3.rel1-x86_64-arm-none-eabi/bin/../lib/gcc/arm-none-eabi/13.3.1/../../../../arm-none-eabi/lib/thumb/v7e-m/nofp/libc_nano.a(libc_a-nano-vfprintf_i.o)
 .bss           0x200001e8        0x0 /home/ben/arm-gnu-toolchain-13.3.rel1-x86_64-arm-none-eabi/bin/../lib/gcc/arm-none-eabi/13.3.1/../../../../arm-none-eabi/lib/thumb/v7e-m/nofp/libc_nano.a(libc_a-reent.o)
 .bss           0x200001e8        0x0 /home/ben/arm-gnu-toolchain-13.3.rel1-x86_64-arm-none-eabi/bin/../lib/gcc/arm-none-eabi/13.3.1/../../../../arm-none-eabi/lib/thumb/v7e-m/nofp/libc_nano.a(libc_a-impure.o)
 .bss           0x200001e8        0x0 /home/ben/arm-gnu-toolchain-13.3.rel1-x86_64-arm-none-eabi/bin/../lib/gcc/arm-none-eabi/13.3.1/../../../../arm-none-eabi/lib/thumb/v7e-m/nofp/libc_nano.a(libc_a-memchr.o)
 .bss           0x200001e8        0x0 /home/ben/arm-gnu-toolchain-13.3.rel1-x86_64-arm-none-eabi/bin/../lib/gcc/arm-none-eabi/13.3.1/../../../../arm-none-eabi/lib/thumb/v7e-m/nofp/libc_nano.a(libc_a-strlen.o)
 .bss           0x200001e8        0x0 /home/ben/arm-gnu-toolchain-13.3.rel1-x86_64-arm-none-eabi/bin/../lib/gcc/arm-none-eabi/13.3.1/../../../../arm-none-eabi/lib/thumb/v7e-m/nofp/libc_nano.a(libc_a-findfp.o)
 .bss           0x200001e8        0x0 /home/ben/arm-gnu-toolchain-13.3.rel1-x86_64-arm-none-eabi/bin/../lib/gcc/arm-none-eabi/13.3.1/../../../../arm-none-eabi/lib/thumb/v7e-m/nofp/libc_nano.a(libc_a-stdio.o)
 .bss           0x200001e8        0x0 /home/ben/arm-gnu-toolchain-13.3.rel1-x86_64-arm-none-eabi/bin/../lib/gcc/arm-none-eabi/13.3.1/../../../../arm-none-eabi/lib/thumb/v7e-m/nofp/libc_nano.a(libc_a-dtoa.o)
 .bss           0x200001e8        0x0 /home/ben/arm-gnu-toolchain-13.3.rel1-x86_64-arm-none-eabi/bin/../lib/gcc/arm-none-eabi/13.3.1/../../../../arm-none-eabi/lib/thumb/v7e-m/nofp/libc_nano.a(libc_a-lseekr.o)
 .bss           0x200001e8        0x0 /home/ben/arm-gnu-toolchain-13.3.rel1-x86_64-arm-none-eabi/bin/../lib/gcc/arm-none-eabi/13.3.1/../../../../arm-none-eabi/lib/thumb/v7e-m/nofp/libc_nano.a(libc_a-readr.o)
 .bss           0x200001e8        0x0 /home/ben/arm-gnu-toolchain-13.3.rel1-x86_64-arm-none-eabi/bin/../lib/gcc/arm-none-eabi/13.3.1/../../../../arm-none-eabi/lib/thumb/v7e-m/nofp/libc_nano.a(libc_a-fvwrite.o)
 .bss           0x200001e8        0x0 /home/ben/arm-gnu-toolchain-13.3.rel1-x86_64-arm-none-eabi/bin/../lib/gcc/arm-none-eabi/13.3.1/../../../../arm-none-eabi/lib/thumb/v7e-m/nofp/libc_nano.a(libc_a-fwalk.o)
 .bss           0x200001e8        0x0 /home/ben/arm-gnu-toolchain-13.3.rel1-x86_64-arm-none-eabi/bin/../lib/gcc/arm-none-eabi/13.3.1/../../../../arm-none-eabi/lib/thumb/v7e-m/nofp/libc_nano.a(libc_a-wbuf.o)
 .bss           0x200001e8        0x0 /home/ben/arm-gnu-toolchain-13.3.rel1-x86_64-arm-none-eabi/bin/../lib/gcc/arm-none-eabi/13.3.1/../../../../arm-none-eabi/lib/thumb/v7e-m/nofp/libc_nano.a(libc_a-reallocr.o)
 .bss           0x200001e8        0x0 /home/ben/arm-gnu-toolchain-13.3.rel1-x86_64-arm-none-eabi/bin/../lib/gcc/arm-none-eabi/13.3.1/../../../../arm-none-eabi/lib/thumb/v7e-m/nofp/libc_nano.a(libc_a-freer.o)
 .bss           0x200001e8        0x0 /home/ben/arm-gnu-toolchain-13.3.rel1-x86_64-arm-none-eabi/bin/../lib/gcc/arm-none-eabi/13.3.1/../../../../arm-none-eabi/lib/thumb/v7e-m/nofp/libc_nano.a(libc_a-locale.o)
 .bss           0x200001e8        0x0 /home/ben/arm-gnu-toolchain-13.3.rel1-x86_64-arm-none-eabi/bin/../lib/gcc/arm-none-eabi/13.3.1/../../../../arm-none-eabi/lib/thumb/v7e-m/nofp/libc_nano.a(libc_a-writer.o)
 .bss           0x200001e8        0x0 /home/ben/arm-gnu-toolchain-13.3.rel1-x86_64-arm-none-eabi/bin/../lib/gcc/arm-none-eabi/13.3.1/../../../../arm-none-eabi/lib/thumb/v7e-m/nofp/libc_nano.a(libc_a-makebuf.o)
 .bss           0x200001e8        0x0 /home/ben/arm-gnu-toolchain-13.3.rel1-x86_64-arm-none-eabi/bin/../lib/gcc/arm-none-eabi/13.3.1/../../../../arm-none-eabi/lib/thumb/v7e-m/nofp/libc_nano.a(libc_a-memmove.o)
 .bss           0x200001e8        0x0 /home/ben/arm-gnu-toolchain-13.3.rel1-x86_64-arm-none-eabi/bin/../lib/gcc/arm-none-eabi/13.3.1/../../../../arm-none-eabi/lib/thumb/v7e-m/nofp/libc_nano.a(libc_a-wctomb_r.o)
 .bss           0x200001e8        0x0 /home/ben/arm-gnu-toolchain-13.3.rel1-x86_64-arm-none-eabi/bin/../lib/gcc/arm-none-eabi/13.3.1/../../../../arm-none-eabi/lib/thumb/v7e-m/nofp/libc_nano.a(libc_a-strcmp.o)
 .bss           0x200001e8        0x0 /home/ben/arm-gnu-toolchain-13.3.rel1-x86_64-arm-none-eabi/bin/../lib/gcc/arm-none-eabi/13.3.1/../../../../arm-none-eabi/lib/thumb/v7e-m/nofp/libc_nano.a(libc_a-fflush.o)
 .bss           0x200001e8        0x0 /home/ben/arm-gnu-toolchain-13.3.rel1-x86_64-arm-none-eabi/bin/../lib/gcc/arm-none-eabi/13.3.1/../../../../arm-none-eabi/lib/thumb/v7e-m/nofp/libc_nano.a(libc_a-malloc.o)
 .bss           0x200001e8        0x0 /home/ben/arm-gnu-toolchain-13.3.rel1-x86_64-arm-none-eabi/bin/../lib/gcc/arm-none-eabi/13.3.1/../../../../arm-none-eabi/lib/thumb/v7e-m/nofp/libc_nano.a(libc_a-mallocr.o)
 .bss           0x200001e8        0x0 /home/ben/arm-gnu-toolchain-13.3.rel1-x86_64-arm-none-eabi/bin/../lib/gcc/arm-none-eabi/13.3.1/../../../../arm-none-eabi/lib/thumb/v7e-m/nofp/libc_nano.a(libc_a-closer.o)
 .bss           0x200001e8        0x0 /home/ben/arm-gnu-toolchain-13.3.rel1-x86_64-arm-none-eabi/bin/../lib/gcc/arm-none-eabi/13.3.1/../../../../arm-none-eabi/lib/thumb/v7e-m/nofp/libc_nano.a(libc_a-fstatr.o)
 .bss           0x200001e8        0x0 /home/ben/arm-gnu-toolchain-13.3.rel1-x86_64-arm-none-eabi/bin/../lib/gcc/arm-none-eabi/13.3.1/../../../../arm-none-eabi/lib/thumb/v7e-m/nofp/libc_nano.a(libc_a-mbtowc_r.o)
 .bss           0x200001e8        0x0 /home/ben/arm-gnu-toolchain-13.3.rel1-x86_64-arm-none-eabi/bin/../lib/gcc/arm-none-eabi/13.3.1/../../../../arm-none-eabi/lib/thumb/v7e-m/nofp/libc_nano.a(libc_a-assert.o)
 .bss           0x200001e8        0x0 /home/ben/arm-gnu-toolchain-13.3.rel1-x86_64-arm-none-eabi/bin/../lib/gcc/arm-none-eabi/13.3.1/../../../../arm-none-eabi/lib/thumb/v7e-m/nofp/libc_nano.a(libc_a-memcpy-stub.o)
 .bss           0x200001e8        0x0 /home/ben/arm-gnu-toolchain-13.3.rel1-x86_64-arm-none-eabi/bin/../lib/gcc/arm-none-eabi/13.3.1/../../../../arm-none-eabi/lib/thumb/v7e-m/nofp/libc_nano.a(libc_a-fprintf.o)
 .bss           0x200001e8        0x0 /home/ben/arm-gnu-toolchain-13.3.rel1-x86_64-arm-none-eabi/bin/../lib/gcc/arm-none-eabi/13.3.1/../../../../arm-none-eabi/lib/thumb/v7e-m/nofp/libc_nano.a(libc_a-mlock.o)
 .bss           0x200001e8        0x0 /home/ben/arm-gnu-toolchain-13.3.rel1-x86_64-arm-none-eabi/bin/../lib/gcc/arm-none-eabi/13.3.1/../../../../arm-none-eabi/lib/thumb/v7e-m/nofp/libc_nano.a(libc_a-mprec.o)
 .bss           0x200001e8        0x0 /home/ben/arm-gnu-toolchain-13.3.rel1-x86_64-arm-none-eabi/bin/../lib/gcc/arm-none-eabi/13.3.1/../../../../arm-none-eabi/lib/thumb/v7e-m/nofp/libc_nano.a(libc_a-msizer.o)
 .bss           0x200001e8        0x0 /home/ben/arm-gnu-toolchain-13.3.rel1-x86_64-arm-none-eabi/bin/../lib/gcc/arm-none-eabi/13.3.1/../../../../arm-none-eabi/lib/thumb/v7e-m/nofp/libc_nano.a(libc_a-callocr.o)
 .bss           0x200001e8        0x0 /home/ben/arm-gnu-toolchain-13.3.rel1-x86_64-arm-none-eabi/bin/../lib/gcc/arm-none-eabi/13.3.1/../../../../arm-none-eabi/lib/thumb/v7e-m/nofp/libc_nano.a(libc_a-ctype_.o)
 .bss           0x200001e8        0x0 /home/ben/arm-gnu-toolchain-13.3.rel1-x86_64-arm-none-eabi/bin/../lib/gcc/arm-none-eabi/13.3.1/../../../../arm-none-eabi/lib/thumb/v7e-m/nofp/libc_nano.a(libc_a-isattyr.o)
 .bss           0x200001e8        0x0 /home/ben/arm-gnu-toolchain-13.3.rel1-x86_64-arm-none-eabi/bin/../lib/gcc/arm-none-eabi/13.3.1/../../../../arm-none-eabi/lib/thumb/v7e-m/nofp/libc_nano.a(libc_a-sbrkr.o)
 .bss           0x200001e8        0x0 /home/ben/arm-gnu-toolchain-13.3.rel1-x86_64-arm-none-eabi/bin/../lib/gcc/arm-none-eabi/13.3.1/../../../../arm-none-eabi/lib/thumb/v7e-m/nofp/libc_nano.a(libc_a-abort.o)
 .bss           0x200001e8        0x0 /home/ben/arm-gnu-toolchain-13.3.rel1-x86_64-arm-none-eabi/bin/../lib/gcc/arm-none-eabi/13.3.1/../../../../arm-none-eabi/lib/thumb/v7e-m/nofp/libc_nano.a(libc_a-signal.o)
 .bss           0x200001e8        0x0 /home/ben/arm-gnu-toolchain-13.3.rel1-x86_64-arm-none-eabi/bin/../lib/gcc/arm-none-eabi/13.3.1/../../../../arm-none-eabi/lib/thumb/v7e-m/nofp/libc_nano.a(libc_a-signalr.o)
 .bss           0x200001e8        0x0 /home/ben/arm-gnu-toolchain-13.3.rel1-x86_64-arm-none-eabi/bin/../lib/gcc/arm-none-eabi/13.3.1/thumb/v7e-m/nofp/libgcc.a(_arm_muldf3.o)
 .bss           0x200001e8        0x0 /home/ben/arm-gnu-toolchain-13.3.rel1-x86_64-arm-none-eabi/bin/../lib/gcc/arm-none-eabi/13.3.1/thumb/v7e-m/nofp/libgcc.a(_arm_addsubdf3.o)
 .bss           0x200001e8        0x0 /home/ben/arm-gnu-toolchain-13.3.rel1-x86_64-arm-none-eabi/bin/../lib/gcc/arm-none-eabi/13.3.1/thumb/v7e-m/nofp/libgcc.a(_arm_muldivdf3.o)
 .bss           0x200001e8        0x0 /home/ben/arm-gnu-toolchain-13.3.rel1-x86_64-arm-none-eabi/bin/../lib/gcc/arm-none-eabi/13.3.1/thumb/v7e-m/nofp/libgcc.a(_arm_cmpdf2.o)
 .bss           0x200001e8        0x0 /home/ben/arm-gnu-toolchain-13.3.rel1-x86_64-arm-none-eabi/bin/../lib/gcc/arm-none-eabi/13.3.1/thumb/v7e-m/nofp/libgcc.a(_arm_unorddf2.o)
 .bss           0x200001e8        0x0 /home/ben/arm-gnu-toolchain-13.3.rel1-x86_64-arm-none-eabi/bin/../lib/gcc/arm-none-eabi/13.3.1/thumb/v7e-m/nofp/libgcc.a(_arm_fixdfsi.o)
 .bss           0x200001e8        0x0 /home/ben/arm-gnu-toolchain-13.3.rel1-x86_64-arm-none-eabi/bin/../lib/gcc/arm-none-eabi/13.3.1/thumb/v7e-m/nofp/crtend.o
 .bss           0x200001e8        0x0 /home/ben/arm-gnu-toolchain-13.3.rel1-x86_64-arm-none-eabi/bin/../lib/gcc/arm-none-eabi/13.3.1/thumb/v7e-m/nofp/crtn.o
 *(.bss.*)
 .bss.completed.1
                0x200001e8        0x1 /home/ben/arm-gnu-toolchain-13.3.rel1-x86_64-arm-none-eabi/bin/../lib/gcc/arm-none-eabi/13.3.1/thumb/v7e-m/nofp/crtbegin.o
 *fill*         0x200001e9        0x3 
 .bss.object.0  0x200001ec       0x18 /home/ben/arm-gnu-toolchain-13.3.rel1-x86_64-arm-none-eabi/bin/../lib/gcc/arm-none-eabi/13.3.1/thumb/v7e-m/nofp/crtbegin.o
 .bss.__lock___arc4random_mutex
                0x20000204        0x1 /home/ben/arm-gnu-toolchain-13.3.rel1-x86_64-arm-none-eabi/bin/../lib/gcc/arm-none-eabi/13.3.1/../../../../arm-none-eabi/lib/thumb/v7e-m/nofp/libc_nano.a(libc_a-lock.o)
                0x20000204                __lock___arc4random_mutex
 .bss.__lock___dd_hash_mutex
                0x20000205        0x1 /home/ben/arm-gnu-toolchain-13.3.rel1-x86_64-arm-none-eabi/bin/../lib/gcc/arm-none-eabi/13.3.1/../../../../arm-none-eabi/lib/thumb/v7e-m/nofp/libc_nano.a(libc_a-lock.o)
                0x20000205                __lock___dd_hash_mutex
 .bss.__lock___tz_mutex
                0x20000206        0x1 /home/ben/arm-gnu-toolchain-13.3.rel1-x86_64-arm-none-eabi/bin/../lib/gcc/arm-none-eabi/13.3.1/../../../../arm-none-eabi/lib/thumb/v7e-m/nofp/libc_nano.a(libc_a-lock.o)
                0x20000206                __lock___tz_mutex
 .bss.__lock___env_recursive_mutex
                0x20000207        0x1 /home/ben/arm-gnu-toolchain-13.3.rel1-x86_64-arm-none-eabi/bin/../lib/gcc/arm-none-eabi/13.3.1/../../../../arm-none-eabi/lib/thumb/v7e-m/nofp/libc_nano.a(libc_a-lock.o)
                0x20000207                __lock___env_recursive_mutex
 .bss.__lock___malloc_recursive_mutex
                0x20000208        0x1 /home/ben/arm-gnu-toolchain-13.3.rel1-x86_64-arm-none-eabi/bin/../lib/gcc/arm-none-eabi/13.3.1/../../../../arm-none-eabi/lib/thumb/v7e-m/nofp/libc_nano.a(libc_a-lock.o)
                0x20000208                __lock___malloc_recursive_mutex
 .bss.__lock___at_quick_exit_mutex
                0x20000209        0x1 /home/ben/arm-gnu-toolchain-13.3.rel1-x86_64-arm-none-eabi/bin/../lib/gcc/arm-none-eabi/13.3.1/../../../../arm-none-eabi/lib/thumb/v7e-m/nofp/libc_nano.a(libc_a-lock.o)
                0x20000209                __lock___at_quick_exit_mutex
 .bss.__lock___atexit_recursive_mutex
                0x2000020a        0x1 /home/ben/arm-gnu-toolchain-13.3.rel1-x86_64-arm-none-eabi/bin/../lib/gcc/arm-none-eabi/13.3.1/../../../../arm-none-eabi/lib/thumb/v7e-m/nofp/libc_nano.a(libc_a-lock.o)
                0x2000020a                __lock___atexit_recursive_mutex
 .bss.__lock___sfp_recursive_mutex
                0x2000020b        0x1 /home/ben/arm-gnu-toolchain-13.3.rel1-x86_64-arm-none-eabi/bin/../lib/gcc/arm-none-eabi/13.3.1/../../../../arm-none-eabi/lib/thumb/v7e-m/nofp/libc_nano.a(libc_a-lock.o)
                0x2000020b                __lock___sfp_recursive_mutex
 .bss.errno     0x2000020c        0x4 /home/ben/arm-gnu-toolchain-13.3.rel1-x86_64-arm-none-eabi/bin/../lib/gcc/arm-none-eabi/13.3.1/../../../../arm-none-eabi/lib/thumb/v7e-m/nofp/libc_nano.a(libc_a-reent.o)
                0x2000020c                errno
 .bss.__sf      0x20000210      0x138 /home/ben/arm-gnu-toolchain-13.3.rel1-x86_64-arm-none-eabi/bin/../lib/gcc/arm-none-eabi/13.3.1/../../../../arm-none-eabi/lib/thumb/v7e-m/nofp/libc_nano.a(libc_a-findfp.o)
                0x20000210                __sf
 .bss.__stdio_exit_handler
                0x20000348        0x4 /home/ben/arm-gnu-toolchain-13.3.rel1-x86_64-arm-none-eabi/bin/../lib/gcc/arm-none-eabi/13.3.1/../../../../arm-none-eabi/lib/thumb/v7e-m/nofp/libc_nano.a(libc_a-findfp.o)
                0x20000348                __stdio_exit_handler
 .bss._PathLocale
                0x2000034c        0x4 /home/ben/arm-gnu-toolchain-13.3.rel1-x86_64-arm-none-eabi/bin/../lib/gcc/arm-none-eabi/13.3.1/../../../../arm-none-eabi/lib/thumb/v7e-m/nofp/libc_nano.a(libc_a-locale.o)
                0x2000034c                _PathLocale
 .bss.__malloc_sbrk_start
                0x20000350        0x4 /home/ben/arm-gnu-toolchain-13.3.rel1-x86_64-arm-none-eabi/bin/../lib/gcc/arm-none-eabi/13.3.1/../../../../arm-none-eabi/lib/thumb/v7e-m/nofp/libc_nano.a(libc_a-mallocr.o)
                0x20000350                __malloc_sbrk_start
 .bss.__malloc_free_list
                0x20000354        0x4 /home/ben/arm-gnu-toolchain-13.3.rel1-x86_64-arm-none-eabi/bin/../lib/gcc/arm-none-eabi/13.3.1/../../../../arm-none-eabi/lib/thumb/v7e-m/nofp/libc_nano.a(libc_a-mallocr.o)
                0x20000354                __malloc_free_list
                0x20000358                        . = ALIGN (0x4)
                0x20000358                        _ebss = .
                0x20000358                        __bss_end__ = _ebss
OUTPUT(app.elf elf32-littlearm)
LOAD linker stubs

.ARM.attributes
                0x00000000       0x2a
 .ARM.attributes
                0x00000000       0x1e /home/ben/arm-gnu-toolchain-13.3.rel1-x86_64-arm-none-eabi/bin/../lib/gcc/arm-none-eabi/13.3.1/thumb/v7e-m/nofp/crti.o
 .ARM.attributes
                0x0000001e       0x2e /home/ben/arm-gnu-toolchain-13.3.rel1-x86_64-arm-none-eabi/bin/../lib/gcc/arm-none-eabi/13.3.1/thumb/v7e-m/nofp/crtbegin.o
 .ARM.attributes