Archive member included to satisfy reference by file (symbol)

/home/ben/arm-gnu-toolchain-14.2.rel1-x86_64-arm-none-eabi/bin/../lib/gcc/arm-none-eabi/14.2.1/../../../../arm-none-eabi/lib/thumb/v7e-m/nofp/libg_nano.a(libc_a-exit.o)
                              /home/ben/arm-gnu-toolchain-14.2.rel1-x86_64-arm-none-eabi/bin/../lib/gcc/arm-none-eabi/14.2.1/../../../../arm-none-eabi/lib/thumb/v7e-m/nofp/crt0.o (exit)
/home/ben/arm-gnu-toolchain-14.2.rel1-x86_64-arm-none-eabi/bin/../lib/gcc/arm-none-eabi/14.2.1/../../../../arm-none-eabi/lib/thumb/v7e-m/nofp/libg_nano.a(libc_a-nano-vfprintf_float.o)
                              (_printf_float)
/home/ben/arm-gnu-toolchain-14.2.rel1-x86_64-arm-none-eabi/bin/../lib/gcc/arm-none-eabi/14.2.1/../../../../arm-none-eabi/lib/thumb/v7e-m/nofp/libg_nano.a(libc_a-nano-vfprintf_i.o)
                              /home/ben/arm-gnu-toolchain-14.2.rel1-x86_64-arm-none-eabi/bin/../lib/gcc/arm-none-eabi/14.2.1/../../../../arm-none-eabi/lib/thumb/v7e-m/nofp/libg_nano.a(libc_a-nano-vfprintf_float.o) (_printf_common)
/home/ben/arm-gnu-toolchain-14.2.rel1-x86_64-arm-none-eabi/bin/../lib/gcc/arm-none-eabi/14.2.1/../../../../arm-none-eabi/lib/thumb/v7e-m/nofp/libg_nano.a(libc_a-findfp.o)
                              /home/ben/arm-gnu-toolchain-14.2.rel1-x86_64-arm-none-eabi/bin/../lib/gcc/arm-none-eabi/14.2.1/../../../../arm-none-eabi/lib/thumb/v7e-m/nofp/libg_nano.a(libc_a-exit.o) (__stdio_exit_handler)
/home/ben/arm-gnu-toolchain-14.2.rel1-x86_64-arm-none-eabi/bin/../lib/gcc/arm-none-eabi/14.2.1/../../../../arm-none-eabi/lib/thumb/v7e-m/nofp/libg_nano.a(libc_a-fwalk.o)
                              /home/ben/arm-gnu-toolchain-14.2.rel1-x86_64-arm-none-eabi/bin/../lib/gcc/arm-none-eabi/14.2.1/../../../../arm-none-eabi/lib/thumb/v7e-m/nofp/libg_nano.a(libc_a-findfp.o) (_fwalk_sglue)
/home/ben/arm-gnu-toolchain-14.2.rel1-x86_64-arm-none-eabi/bin/../lib/gcc/arm-none-eabi/14.2.1/../../../../arm-none-eabi/lib/thumb/v7e-m/nofp/libg_nano.a(libc_a-stdio.o)
                              /home/ben/arm-gnu-toolchain-14.2.rel1-x86_64-arm-none-eabi/bin/../lib/gcc/arm-none-eabi/14.2.1/../../../../arm-none-eabi/lib/thumb/v7e-m/nofp/libg_nano.a(libc_a-findfp.o) (__sread)
/home/ben/arm-gnu-toolchain-14.2.rel1-x86_64-arm-none-eabi/bin/../lib/gcc/arm-none-eabi/14.2.1/../../../../arm-none-eabi/lib/thumb/v7e-m/nofp/libg_nano.a(libc_a-memset.o)
                              /home/ben/arm-gnu-toolchain-14.2.rel1-x86_64-arm-none-eabi/bin/../lib/gcc/arm-none-eabi/14.2.1/../../../../arm-none-eabi/lib/thumb/v7e-m/nofp/crt0.o (memset)
/home/ben/arm-gnu-toolchain-14.2.rel1-x86_64-arm-none-eabi/bin/../lib/gcc/arm-none-eabi/14.2.1/../../../../arm-none-eabi/lib/thumb/v7e-m/nofp/libg_nano.a(libc_a-localeconv.o)
                              /home/ben/arm-gnu-toolchain-14.2.rel1-x86_64-arm-none-eabi/bin/../lib/gcc/arm-none-eabi/14.2.1/../../../../arm-none-eabi/lib/thumb/v7e-m/nofp/libg_nano.a(libc_a-nano-vfprintf_float.o) (_localeconv_r)
/home/ben/arm-gnu-toolchain-14.2.rel1-x86_64-arm-none-eabi/bin/../lib/gcc/arm-none-eabi/14.2.1/../../../../arm-none-eabi/lib/thumb/v7e-m/nofp/libg_nano.a(libc_a-closer.o)
                              /home/ben/arm-gnu-toolchain-14.2.rel1-x86_64-arm-none-eabi/bin/../lib/gcc/arm-none-eabi/14.2.1/../../../../arm-none-eabi/lib/thumb/v7e-m/nofp/libg_nano.a(libc_a-stdio.o) (_close_r)
/home/ben/arm-gnu-toolchain-14.2.rel1-x86_64-arm-none-eabi/bin/../lib/gcc/arm-none-eabi/14.2.1/../../../../arm-none-eabi/lib/thumb/v7e-m/nofp/libg_nano.a(libc_a-reent.o)
                              syscalls.o (errno)
/home/ben/arm-gnu-toolchain-14.2.rel1-x86_64-arm-none-eabi/bin/../lib/gcc/arm-none-eabi/14.2.1/../../../../arm-none-eabi/lib/thumb/v7e-m/nofp/libg_nano.a(libc_a-impure.o)
                              /home/ben/arm-gnu-toolchain-14.2.rel1-x86_64-arm-none-eabi/bin/../lib/gcc/arm-none-eabi/14.2.1/../../../../arm-none-eabi/lib/thumb/v7e-m/nofp/libg_nano.a(libc_a-reent.o) (_impure_ptr)
/home/ben/arm-gnu-toolchain-14.2.rel1-x86_64-arm-none-eabi/bin/../lib/gcc/arm-none-eabi/14.2.1/../../../../arm-none-eabi/lib/thumb/v7e-m/nofp/libg_nano.a(libc_a-lseekr.o)
                              /home/ben/arm-gnu-toolchain-14.2.rel1-x86_64-arm-none-eabi/bin/../lib/gcc/arm-none-eabi/14.2.1/../../../../arm-none-eabi/lib/thumb/v7e-m/nofp/libg_nano.a(libc_a-stdio.o) (_lseek_r)
/home/ben/arm-gnu-toolchain-14.2.rel1-x86_64-arm-none-eabi/bin/../lib/gcc/arm-none-eabi/14.2.1/../../../../arm-none-eabi/lib/thumb/v7e-m/nofp/libg_nano.a(libc_a-readr.o)
                              /home/ben/arm-gnu-toolchain-14.2.rel1-x86_64-arm-none-eabi/bin/../lib/gcc/arm-none-eabi/14.2.1/../../../../arm-none-eabi/lib/thumb/v7e-m/nofp/libg_nano.a(libc_a-stdio.o) (_read_r)
/home/ben/arm-gnu-toolchain-14.2.rel1-x86_64-arm-none-eabi/bin/../lib/gcc/arm-none-eabi/14.2.1/../../../../arm-none-eabi/lib/thumb/v7e-m/nofp/libg_nano.a(libc_a-writer.o)
[...]
Memory Configuration

Name             Origin             Length             Attributes
SRAM             0x20000000         0x00080000         xrw
FLASH_BOOT       0x08000000         0x00008000         xr
FLASH_APP        0x08008000         0x001f8000         xr
*default*        0x00000000         0xffffffff

Linker script and memory map

LOAD /home/ben/arm-gnu-toolchain-14.2.rel1-x86_64-arm-none-eabi/bin/../lib/gcc/arm-none-eabi/14.2.1/thumb/v7e-m/nofp/crti.o
LOAD /home/ben/arm-gnu-toolchain-14.2.rel1-x86_64-arm-none-eabi/bin/../lib/gcc/arm-none-eabi/14.2.1/thumb/v7e-m/nofp/crtbegin.o
LOAD /home/ben/arm-gnu-toolchain-14.2.rel1-x86_64-arm-none-eabi/bin/../lib/gcc/arm-none-eabi/14.2.1/../../../../arm-none-eabi/lib/thumb/v7e-m/nofp/crt0.o
LOAD main_boot.o
LOAD startup.o
LOAD system_stm32f7xx.o
LOAD syscalls.o
LOAD usart.o
START GROUP
LOAD /home/ben/arm-gnu-toolchain-14.2.rel1-x86_64-arm-none-eabi/bin/../lib/gcc/arm-none-eabi/14.2.1/thumb/v7e-m/nofp/libgcc.a
LOAD /home/ben/arm-gnu-toolchain-14.2.rel1-x86_64-arm-none-eabi/bin/../lib/gcc/arm-none-eabi/14.2.1/../../../../arm-none-eabi/lib/thumb/v7e-m/nofp/libg_nano.a
LOAD /home/ben/arm-gnu-toolchain-14.2.rel1-x86_64-arm-none-eabi/bin/../lib/gcc/arm-none-eabi/14.2.1/../../../../arm-none-eabi/lib/thumb/v7e-m/nofp/libc_nano.a
END GROUP
START GROUP
LOAD /home/ben/arm-gnu-toolchain-14.2.rel1-x86_64-arm-none-eabi/bin/../lib/gcc/arm-none-eabi/14.2.1/thumb/v7e-m/nofp/libgcc.a
LOAD /home/ben/arm-gnu-toolchain-14.2.rel1-x86_64-arm-none-eabi/bin/../lib/gcc/arm-none-eabi/14.2.1/../../../../arm-none-eabi/lib/thumb/v7e-m/nofp/libc_nano.a
END GROUP
LOAD /home/ben/arm-gnu-toolchain-14.2.rel1-x86_64-arm-none-eabi/bin/../lib/gcc/arm-none-eabi/14.2.1/thumb/v7e-m/nofp/crtend.o
LOAD /home/ben/arm-gnu-toolchain-14.2.rel1-x86_64-arm-none-eabi/bin/../lib/gcc/arm-none-eabi/14.2.1/thumb/v7e-m/nofp/crtn.o
                0x08000000                        __flash_boot_start__ = ORIGIN (FLASH_BOOT)
                0x00008000                        __flash_boot_size__ = LENGTH (FLASH_BOOT)
                0x08008000                        __flash_app_start__ = ORIGIN (FLASH_APP)
                0x001f8000                        __flash_app_size__ = LENGTH (FLASH_APP)

.isr_vector     0x08000000      0x1f8
                0x08000000                        _sisr_vector = .
 *(.isr_vector)
 .isr_vector    0x08000000      0x1f8 startup.o
                0x08000000                isr_vector

.text           0x08000200     0x49e4
                0x08000200                        . = ALIGN (0x4)
 *(.text)
 .text          0x08000200        0x0 /home/ben/arm-gnu-toolchain-14.2.rel1-x86_64-arm-none-eabi/bin/../lib/gcc/arm-none-eabi/14.2.1/thumb/v7e-m/nofp/crti.o
 .text          0x08000200        0x0 /home/ben/arm-gnu-toolchain-14.2.rel1-x86_64-arm-none-eabi/bin/../lib/gcc/arm-none-eabi/14.2.1/thumb/v7e-m/nofp/crtbegin.o
 .text          0x08000200       0x7c /home/ben/arm-gnu-toolchain-14.2.rel1-x86_64-arm-none-eabi/bin/../lib/gcc/arm-none-eabi/14.2.1/../../../../arm-none-eabi/lib/thumb/v7e-m/nofp/crt0.o
                0x08000200                _stack_init
                0x08000208                _mainCRTStartup
                0x08000208                _start
 .text          0x0800027c       0xcc main_boot.o
                0x0800027c                blink
                0x08000298                GPIOB_init
                0x080002de                main
 .text          0x08000348       0xa8 startup.o
                0x08000348                svcall_handler
                0x08000348                systick_handler
                0x08000348                usage_fault_handler
                0x08000348                default_handler
                0x08000348                hard_fault_handler
                0x08000348                debug_monitor_handler
                0x08000348                pendsv_handler
                0x08000348                mem_manage_handler
                0x08000348                nmi_handler
                0x08000348                bus_fault_handler
                0x0800034e                reset_handler
 .text          0x080003f0      0x10c system_stm32f7xx.o
                0x080003f0                SystemInit
                0x080003fc                SystemCoreClockUpdate
 .text          0x080004fc      0x244 syscalls.o
                0x080004fc                _exit
                0x08000506                _close
                0x0800051c                execve
                0x08000540                fork
                0x0800055c                _fstat
                0x0800057a                _getpid
                0x08000588                _isatty
                0x0800059c                _kill
                0x080005c0                link
                0x080005e4                _lseek
                0x080005fc                open
                0x08000616                _read
                0x08000640                _sbrk
                0x0800068c                _stat
                0x080006aa                times
                0x080006c0                unlink
                0x080006e0                wait
                0x08000700                _write
 .text          0x08000740       0xcc usart.o
                0x08000740                USART3_init
                0x080007b4                usart_write
                0x080007e0                usart_read
 .text          0x0800080c        0x0 /home/ben/arm-gnu-toolchain-14.2.rel1-x86_64-arm-none-eabi/bin/../lib/gcc/arm-none-eabi/14.2.1/../../../../arm-none-eabi/lib/thumb/v7e-m/nofp/libg_nano.a(libc_a-exit.o)
 .text          0x0800080c        0x0 /home/ben/arm-gnu-toolchain-14.2.rel1-x86_64-arm-none-eabi/bin/../lib/gcc/arm-none-eabi/14.2.1/../../../../arm-none-eabi/lib/thumb/v7e-m/nofp/libg_nano.a(libc_a-nano-vfprintf_float.o)
 .text          0x0800080c        0x0 /home/ben/arm-gnu-toolchain-14.2.rel1-x86_64-arm-none-eabi/bin/../lib/gcc/arm-none-eabi/14.2.1/../../../../arm-none-eabi/lib/thumb/v7e-m/nofp/libg_nano.a(libc_a-nano-vfprintf_i.o)
 .text          0x0800080c        0x0 /home/ben/arm-gnu-toolchain-14.2.rel1-x86_64-arm-none-eabi/bin/../lib/gcc/arm-none-eabi/14.2.1/../../../../arm-none-eabi/lib/thumb/v7e-m/nofp/libg_nano.a(libc_a-findfp.o)
 .text          0x0800080c        0x0 /home/ben/arm-gnu-toolchain-14.2.rel1-x86_64-arm-none-eabi/bin/../lib/gcc/arm-none-eabi/14.2.1/../../../../arm-none-eabi/lib/thumb/v7e-m/nofp/libg_nano.a(libc_a-fwalk.o)
 .text          0x0800080c        0x0 /home/ben/arm-gnu-toolchain-14.2.rel1-x86_64-arm-none-eabi/bin/../lib/gcc/arm-none-eabi/14.2.1/../../../../arm-none-eabi/lib/thumb/v7e-m/nofp/libg_nano.a(libc_a-stdio.o)
 .text          0x0800080c        0x0 /home/ben/arm-gnu-toolchain-14.2.rel1-x86_64-arm-none-eabi/bin/../lib/gcc/arm-none-eabi/14.2.1/../../../../arm-none-eabi/lib/thumb/v7e-m/nofp/libg_nano.a(libc_a-memset.o)
 .text          0x0800080c        0x0 /home/ben/arm-gnu-toolchain-14.2.rel1-x86_64-arm-none-eabi/bin/../lib/gcc/arm-none-eabi/14.2.1/../../../../arm-none-eabi/lib/thumb/v7e-m/nofp/libg_nano.a(libc_a-localeconv.o)
 .text          0x0800080c        0x0 /home/ben/arm-gnu-toolchain-14.2.rel1-x86_64-arm-none-eabi/bin/../lib/gcc/arm-none-eabi/14.2.1/../../../../arm-none-eabi/lib/thumb/v7e-m/nofp/libg_nano.a(libc_a-closer.o)
 .text          0x0800080c        0x0 /home/ben/arm-gnu-toolchain-14.2.rel1-x86_64-arm-none-eabi/bin/../lib/gcc/arm-none-eabi/14.2.1/../../../../arm-none-eabi/lib/thumb/v7e-m/nofp/libg_nano.a(libc_a-reent.o)
 .text          0x0800080c        0x0 /home/ben/arm-gnu-toolchain-14.2.rel1-x86_64-arm-none-eabi/bin/../lib/gcc/arm-none-eabi/14.2.1/../../../../arm-none-eabi/lib/thumb/v7e-m/nofp/libg_nano.a(libc_a-impure.o)
 .text          0x0800080c        0x0 /home/ben/arm-gnu-toolchain-14.2.rel1-x86_64-arm-none-eabi/bin/../lib/gcc/arm-none-eabi/14.2.1/../../../../arm-none-eabi/lib/thumb/v7e-m/nofp/libg_nano.a(libc_a-lseekr.o)
 .text          0x0800080c        0x0 /home/ben/arm-gnu-toolchain-14.2.rel1-x86_64-arm-none-eabi/bin/../lib/gcc/arm-none-eabi/14.2.1/../../../../arm-none-eabi/lib/thumb/v7e-m/nofp/libg_nano.a(libc_a-readr.o)
 .text          0x0800080c        0x0 /home/ben/arm-gnu-toolchain-14.2.rel1-x86_64-arm-none-eabi/bin/../lib/gcc/arm-none-eabi/14.2.1/../../../../arm-none-eabi/lib/thumb/v7e-m/nofp/libg_nano.a(libc_a-writer.o)
 .text          0x0800080c        0x0 /home/ben/arm-gnu-toolchain-14.2.rel1-x86_64-arm-none-eabi/bin/../lib/gcc/arm-none-eabi/14.2.1/../../../../arm-none-eabi/lib/thumb/v7e-m/nofp/libg_nano.a(libc_a-init.o)
 .text          0x0800080c        0x0 /home/ben/arm-gnu-toolchain-14.2.rel1-x86_64-arm-none-eabi/bin/../lib/gcc/arm-none-eabi/14.2.1/../../../../arm-none-eabi/lib/thumb/v7e-m/nofp/libg_nano.a(libc_a-lock.o)
 *fill*         0x0800080c        0x4 
 .text          0x08000810       0xa0 /home/ben/arm-gnu-toolchain-14.2.rel1-x86_64-arm-none-eabi/bin/../lib/gcc/arm-none-eabi/14.2.1/../../../../arm-none-eabi/lib/thumb/v7e-m/nofp/libg_nano.a(libc_a-memchr.o)
                0x08000810                memchr
 .text          0x080008b0       0x10 /home/ben/arm-gnu-toolchain-14.2.rel1-x86_64-arm-none-eabi/bin/../lib/gcc/arm-none-eabi/14.2.1/../../../../arm-none-eabi/lib/thumb/v7e-m/nofp/libg_nano.a(libc_a-strlen.o)
                0x080008b0                strlen
 .text          0x080008c0        0x0 /home/ben/arm-gnu-toolchain-14.2.rel1-x86_64-arm-none-eabi/bin/../lib/gcc/arm-none-eabi/14.2.1/../../../../arm-none-eabi/lib/thumb/v7e-m/nofp/libg_nano.a(libc_a-dtoa.o)
 .text          0x080008c0        0x0 /home/ben/arm-gnu-toolchain-14.2.rel1-x86_64-arm-none-eabi/bin/../lib/gcc/arm-none-eabi/14.2.1/../../../../arm-none-eabi/lib/thumb/v7e-m/nofp/libg_nano.a(libc_a-freer.o)
 .text          0x080008c0        0x0 /home/ben/arm-gnu-toolchain-14.2.rel1-x86_64-arm-none-eabi/bin/../lib/gcc/arm-none-eabi/14.2.1/../../../../arm-none-eabi/lib/thumb/v7e-m/nofp/libg_nano.a(libc_a-malloc.o)
 .text          0x080008c0        0x0 /home/ben/arm-gnu-toolchain-14.2.rel1-x86_64-arm-none-eabi/bin/../lib/gcc/arm-none-eabi/14.2.1/../../../../arm-none-eabi/lib/thumb/v7e-m/nofp/libg_nano.a(libc_a-mallocr.o)
 .text          0x080008c0        0x0 /home/ben/arm-gnu-toolchain-14.2.rel1-x86_64-arm-none-eabi/bin/../lib/gcc/arm-none-eabi/14.2.1/../../../../arm-none-eabi/lib/thumb/v7e-m/nofp/libg_nano.a(libc_a-mlock.o)
 .text          0x080008c0        0x0 /home/ben/arm-gnu-toolchain-14.2.rel1-x86_64-arm-none-eabi/bin/../lib/gcc/arm-none-eabi/14.2.1/../../../../arm-none-eabi/lib/thumb/v7e-m/nofp/libg_nano.a(libc_a-mprec.o)
 .text          0x080008c0        0x0 /home/ben/arm-gnu-toolchain-14.2.rel1-x86_64-arm-none-eabi/bin/../lib/gcc/arm-none-eabi/14.2.1/../../../../arm-none-eabi/lib/thumb/v7e-m/nofp/libg_nano.a(libc_a-fflush.o)
 .text          0x080008c0        0x0 /home/ben/arm-gnu-toolchain-14.2.rel1-x86_64-arm-none-eabi/bin/../lib/gcc/arm-none-eabi/14.2.1/../../../../arm-none-eabi/lib/thumb/v7e-m/nofp/libg_nano.a(libc_a-locale.o)
 .text          0x080008c0        0x0 /home/ben/arm-gnu-toolchain-14.2.rel1-x86_64-arm-none-eabi/bin/../lib/gcc/arm-none-eabi/14.2.1/../../../../arm-none-eabi/lib/thumb/v7e-m/nofp/libg_nano.a(libc_a-sbrkr.o)
 .text          0x080008c0       0x14 /home/ben/arm-gnu-toolchain-14.2.rel1-x86_64-arm-none-eabi/bin/../lib/gcc/arm-none-eabi/14.2.1/../../../../arm-none-eabi/lib/thumb/v7e-m/nofp/libg_nano.a(libc_a-strcmp.o)
                0x080008c0                strcmp
 .text          0x080008d4        0x0 /home/ben/arm-gnu-toolchain-14.2.rel1-x86_64-arm-none-eabi/bin/../lib/gcc/arm-none-eabi/14.2.1/../../../../arm-none-eabi/lib/thumb/v7e-m/nofp/libg_nano.a(libc_a-memcpy-stub.o)
 .text          0x080008d4        0x0 /home/ben/arm-gnu-toolchain-14.2.rel1-x86_64-arm-none-eabi/bin/../lib/gcc/arm-none-eabi/14.2.1/../../../../arm-none-eabi/lib/thumb/v7e-m/nofp/libg_nano.a(libc_a-assert.o)
 .text          0x080008d4        0x0 /home/ben/arm-gnu-toolchain-14.2.rel1-x86_64-arm-none-eabi/bin/../lib/gcc/arm-none-eabi/14.2.1/../../../../arm-none-eabi/lib/thumb/v7e-m/nofp/libg_nano.a(libc_a-callocr.o)
 .text          0x080008d4        0x0 /home/ben/arm-gnu-toolchain-14.2.rel1-x86_64-arm-none-eabi/bin/../lib/gcc/arm-none-eabi/14.2.1/../../../../arm-none-eabi/lib/thumb/v7e-m/nofp/libg_nano.a(libc_a-mbtowc_r.o)
 .text          0x080008d4        0x0 /home/ben/arm-gnu-toolchain-14.2.rel1-x86_64-arm-none-eabi/bin/../lib/gcc/arm-none-eabi/14.2.1/../../../../arm-none-eabi/lib/thumb/v7e-m/nofp/libg_nano.a(libc_a-wctomb_r.o)
 .text          0x080008d4        0x0 /home/ben/arm-gnu-toolchain-14.2.rel1-x86_64-arm-none-eabi/bin/../lib/gcc/arm-none-eabi/14.2.1/../../../../arm-none-eabi/lib/thumb/v7e-m/nofp/libg_nano.a(libc_a-ctype_.o)
 .text          0x080008d4        0x0 /home/ben/arm-gnu-toolchain-14.2.rel1-x86_64-arm-none-eabi/bin/../lib/gcc/arm-none-eabi/14.2.1/../../../../arm-none-eabi/lib/thumb/v7e-m/nofp/libg_nano.a(libc_a-fprintf.o)
 .text          0x080008d4        0x0 /home/ben/arm-gnu-toolchain-14.2.rel1-x86_64-arm-none-eabi/bin/../lib/gcc/arm-none-eabi/14.2.1/../../../../arm-none-eabi/lib/thumb/v7e-m/nofp/libg_nano.a(libc_a-abort.o)
 .text          0x080008d4        0x0 /home/ben/arm-gnu-toolchain-14.2.rel1-x86_64-arm-none-eabi/bin/../lib/gcc/arm-none-eabi/14.2.1/../../../../arm-none-eabi/lib/thumb/v7e-m/nofp/libg_nano.a(libc_a-nano-vfprintf.o)
 .text          0x080008d4        0x0 /home/ben/arm-gnu-toolchain-14.2.rel1-x86_64-arm-none-eabi/bin/../lib/gcc/arm-none-eabi/14.2.1/../../../../arm-none-eabi/lib/thumb/v7e-m/nofp/libg_nano.a(libc_a-fvwrite.o)
 .text          0x080008d4        0x0 /home/ben/arm-gnu-toolchain-14.2.rel1-x86_64-arm-none-eabi/bin/../lib/gcc/arm-none-eabi/14.2.1/../../../../arm-none-eabi/lib/thumb/v7e-m/nofp/libg_nano.a(libc_a-wbuf.o)
 .text          0x080008d4        0x0 /home/ben/arm-gnu-toolchain-14.2.rel1-x86_64-arm-none-eabi/bin/../lib/gcc/arm-none-eabi/14.2.1/../../../../arm-none-eabi/lib/thumb/v7e-m/nofp/libg_nano.a(libc_a-wsetup.o)
 .text          0x080008d4        0x0 /home/ben/arm-gnu-toolchain-14.2.rel1-x86_64-arm-none-eabi/bin/../lib/gcc/arm-none-eabi/14.2.1/../../../../arm-none-eabi/lib/thumb/v7e-m/nofp/libg_nano.a(libc_a-memmove.o)
 .text          0x080008d4        0x0 /home/ben/arm-gnu-toolchain-14.2.rel1-x86_64-arm-none-eabi/bin/../lib/gcc/arm-none-eabi/14.2.1/../../../../arm-none-eabi/lib/thumb/v7e-m/nofp/libg_nano.a(libc_a-signal.o)
 .text          0x080008d4        0x0 /home/ben/arm-gnu-toolchain-14.2.rel1-x86_64-arm-none-eabi/bin/../lib/gcc/arm-none-eabi/14.2.1/../../../../arm-none-eabi/lib/thumb/v7e-m/nofp/libg_nano.a(libc_a-signalr.o)
 .text          0x080008d4        0x0 /home/ben/arm-gnu-toolchain-14.2.rel1-x86_64-arm-none-eabi/bin/../lib/gcc/arm-none-eabi/14.2.1/../../../../arm-none-eabi/lib/thumb/v7e-m/nofp/libg_nano.a(libc_a-reallocr.o)
 .text          0x080008d4        0x0 /home/ben/arm-gnu-toolchain-14.2.rel1-x86_64-arm-none-eabi/bin/../lib/gcc/arm-none-eabi/14.2.1/../../../../arm-none-eabi/lib/thumb/v7e-m/nofp/libg_nano.a(libc_a-makebuf.o)
 .text          0x080008d4        0x0 /home/ben/arm-gnu-toolchain-14.2.rel1-x86_64-arm-none-eabi/bin/../lib/gcc/arm-none-eabi/14.2.1/../../../../arm-none-eabi/lib/thumb/v7e-m/nofp/libg_nano.a(libc_a-fstatr.o)
 .text          0x080008d4        0x0 /home/ben/arm-gnu-toolchain-14.2.rel1-x86_64-arm-none-eabi/bin/../lib/gcc/arm-none-eabi/14.2.1/../../../../arm-none-eabi/lib/thumb/v7e-m/nofp/libg_nano.a(libc_a-isattyr.o)
 .text          0x080008d4        0x0 /home/ben/arm-gnu-toolchain-14.2.rel1-x86_64-arm-none-eabi/bin/../lib/gcc/arm-none-eabi/14.2.1/../../../../arm-none-eabi/lib/thumb/v7e-m/nofp/libg_nano.a(libc_a-msizer.o)
 .text          0x080008d4      0x254 /home/ben/arm-gnu-toolchain-14.2.rel1-x86_64-arm-none-eabi/bin/../lib/gcc/arm-none-eabi/14.2.1/thumb/v7e-m/nofp/libgcc.a(_arm_muldf3.o)
 .text          0x08000b28      0x378 /home/ben/arm-gnu-toolchain-14.2.rel1-x86_64-arm-none-eabi/bin/../lib/gcc/arm-none-eabi/14.2.1/thumb/v7e-m/nofp/libgcc.a(_arm_addsubdf3.o)
                0x08000b28                __aeabi_drsub
                0x08000b30                __aeabi_dsub
                0x08000b30                __subdf3
                0x08000b34                __adddf3
                0x08000b34                __aeabi_dadd
                0x08000dac                __aeabi_ui2d
                0x08000dac                __floatunsidf
                0x08000dcc                __floatsidf
                0x08000dcc                __aeabi_i2d
                0x08000df0                __extendsfdf2
                0x08000df0                __aeabi_f2d
                0x08000e34                __aeabi_ul2d
                0x08000e34                __floatundidf
                0x08000e44                __floatdidf
                0x08000e44                __aeabi_l2d
 .text          0x08000ea0      0x424 /home/ben/arm-gnu-toolchain-14.2.rel1-x86_64-arm-none-eabi/bin/../lib/gcc/arm-none-eabi/14.2.1/thumb/v7e-m/nofp/libgcc.a(_arm_muldivdf3.o)
                0x08000ea0                __aeabi_dmul
                0x08000ea0                __muldf3
                0x080010f4                __aeabi_ddiv
                0x080010f4                __divdf3
 .text          0x080012c4      0x110 /home/ben/arm-gnu-toolchain-14.2.rel1-x86_64-arm-none-eabi/bin/../lib/gcc/arm-none-eabi/14.2.1/thumb/v7e-m/nofp/libgcc.a(_arm_cmpdf2.o)
                0x080012c4                __gtdf2
                0x080012c4                __gedf2
                0x080012cc                __ltdf2
                0x080012cc                __ledf2
                0x080012d4                __cmpdf2
                0x080012d4                __eqdf2
                0x080012d4                __nedf2
                0x08001350                __aeabi_cdrcmple
                0x08001360                __aeabi_cdcmple
                0x08001360                __aeabi_cdcmpeq
                0x08001370                __aeabi_dcmpeq
                0x08001384                __aeabi_dcmplt
                0x08001398                __aeabi_dcmple
                0x080013ac                __aeabi_dcmpge
                0x080013c0                __aeabi_dcmpgt
 .text          0x080013d4       0x2c /home/ben/arm-gnu-toolchain-14.2.rel1-x86_64-arm-none-eabi/bin/../lib/gcc/arm-none-eabi/14.2.1/thumb/v7e-m/nofp/libgcc.a(_arm_unorddf2.o)
                0x080013d4                __aeabi_dcmpun
                0x080013d4                __unorddf2
 .text          0x08001400       0x50 /home/ben/arm-gnu-toolchain-14.2.rel1-x86_64-arm-none-eabi/bin/../lib/gcc/arm-none-eabi/14.2.1/thumb/v7e-m/nofp/libgcc.a(_arm_fixdfsi.o)
                0x08001400                __fixdfsi
                0x08001400                __aeabi_d2iz
 .text          0x08001450        0x0 /home/ben/arm-gnu-toolchain-14.2.rel1-x86_64-arm-none-eabi/bin/../lib/gcc/arm-none-eabi/14.2.1/thumb/v7e-m/nofp/crtend.o
 .text          0x08001450        0x0 /home/ben/arm-gnu-toolchain-14.2.rel1-x86_64-arm-none-eabi/bin/../lib/gcc/arm-none-eabi/14.2.1/thumb/v7e-m/nofp/crtn.o
 *(.text.*)
 .text.deregister_tm_clones
                0x08001450       0x1c /home/ben/arm-gnu-toolchain-14.2.rel1-x86_64-arm-none-eabi/bin/../lib/gcc/arm-none-eabi/14.2.1/thumb/v7e-m/nofp/crtbegin.o
 .text.register_tm_clones
                0x0800146c       0x24 /home/ben/arm-gnu-toolchain-14.2.rel1-x86_64-arm-none-eabi/bin/../lib/gcc/arm-none-eabi/14.2.1/thumb/v7e-m/nofp/crtbegin.o
 .text.__do_global_dtors_aux
                0x08001490       0x28 /home/ben/arm-gnu-toolchain-14.2.rel1-x86_64-arm-none-eabi/bin/../lib/gcc/arm-none-eabi/14.2.1/thumb/v7e-m/nofp/crtbegin.o
 .text.frame_dummy
                0x080014b8       0x24 /home/ben/arm-gnu-toolchain-14.2.rel1-x86_64-arm-none-eabi/bin/../lib/gcc/arm-none-eabi/14.2.1/thumb/v7e-m/nofp/crtbegin.o
 .text.exit     0x080014dc       0x24 /home/ben/arm-gnu-toolchain-14.2.rel1-x86_64-arm-none-eabi/bin/../lib/gcc/arm-none-eabi/14.2.1/../../../../arm-none-eabi/lib/thumb/v7e-m/nofp/libg_nano.a(libc_a-exit.o)
                0x080014dc                exit
 .text.__cvt    0x08001500       0xc8 /home/ben/arm-gnu-toolchain-14.2.rel1-x86_64-arm-none-eabi/bin/../lib/gcc/arm-none-eabi/14.2.1/../../../../arm-none-eabi/lib/thumb/v7e-m/nofp/libg_nano.a(libc_a-nano-vfprintf_float.o)
                0x08001500                __cvt
 .text.__exponent
                0x080015c8       0x74 /home/ben/arm-gnu-toolchain-14.2.rel1-x86_64-arm-none-eabi/bin/../lib/gcc/arm-none-eabi/14.2.1/../../../../arm-none-eabi/lib/thumb/v7e-m/nofp/libg_nano.a(libc_a-nano-vfprintf_float.o)
                0x080015c8                __exponent
 .text._printf_float
                0x0800163c      0x458 /home/ben/arm-gnu-toolchain-14.2.rel1-x86_64-arm-none-eabi/bin/../lib/gcc/arm-none-eabi/14.2.1/../../../../arm-none-eabi/lib/thumb/v7e-m/nofp/libg_nano.a(libc_a-nano-vfprintf_float.o)
                0x0800163c                _printf_float
 .text._printf_common
                0x08001a94       0xda /home/ben/arm-gnu-toolchain-14.2.rel1-x86_64-arm-none-eabi/bin/../lib/gcc/arm-none-eabi/14.2.1/../../../../arm-none-eabi/lib/thumb/v7e-m/nofp/libg_nano.a(libc_a-nano-vfprintf_i.o)
                0x08001a94                _printf_common
 *fill*         0x08001b6e        0x2 
 .text._printf_i
                0x08001b70      0x240 /home/ben/arm-gnu-toolchain-14.2.rel1-x86_64-arm-none-eabi/bin/../lib/gcc/arm-none-eabi/14.2.1/../../../../arm-none-eabi/lib/thumb/v7e-m/nofp/libg_nano.a(libc_a-nano-vfprintf_i.o)
                0x08001b70                _printf_i
 .text.std      0x08001db0       0x6c /home/ben/arm-gnu-toolchain-14.2.rel1-x86_64-arm-none-eabi/bin/../lib/gcc/arm-none-eabi/14.2.1/../../../../arm-none-eabi/lib/thumb/v7e-m/nofp/libg_nano.a(libc_a-findfp.o)
 .text.stdio_exit_handler
                0x08001e1c       0x18 /home/ben/arm-gnu-toolchain-14.2.rel1-x86_64-arm-none-eabi/bin/../lib/gcc/arm-none-eabi/14.2.1/../../../../arm-none-eabi/lib/thumb/v7e-m/nofp/libg_nano.a(libc_a-findfp.o)
 .text.cleanup_stdio
                0x08001e34       0x40 /home/ben/arm-gnu-toolchain-14.2.rel1-x86_64-arm-none-eabi/bin/../lib/gcc/arm-none-eabi/14.2.1/../../../../arm-none-eabi/lib/thumb/v7e-m/nofp/libg_nano.a(libc_a-findfp.o)
 .text.__fp_lock
                0x08001e74       0x18 /home/ben/arm-gnu-toolchain-14.2.rel1-x86_64-arm-none-eabi/bin/../lib/gcc/arm-none-eabi/14.2.1/../../../../arm-none-eabi/lib/thumb/v7e-m/nofp/libg_nano.a(libc_a-findfp.o)
 .text.__fp_unlock
                0x08001e8c       0x18 /home/ben/arm-gnu-toolchain-14.2.rel1-x86_64-arm-none-eabi/bin/../lib/gcc/arm-none-eabi/14.2.1/../../../../arm-none-eabi/lib/thumb/v7e-m/nofp/libg_nano.a(libc_a-findfp.o)
 .text.global_stdio_init.part.0
                0x08001ea4       0x40 /home/ben/arm-gnu-toolchain-14.2.rel1-x86_64-arm-none-eabi/bin/../lib/gcc/arm-none-eabi/14.2.1/../../../../arm-none-eabi/lib/thumb/v7e-m/nofp/libg_nano.a(libc_a-findfp.o)
 .text.__sfp_lock_acquire
                0x08001ee4        0xc /home/ben/arm-gnu-toolchain-14.2.rel1-x86_64-arm-none-eabi/bin/../lib/gcc/arm-none-eabi/14.2.1/../../../../arm-none-eabi/lib/thumb/v7e-m/nofp/libg_nano.a(libc_a-findfp.o)
                0x08001ee4                __sfp_lock_acquire
 .text.__sfp_lock_release
                0x08001ef0        0xc /home/ben/arm-gnu-toolchain-14.2.rel1-x86_64-arm-none-eabi/bin/../lib/gcc/arm-none-eabi/14.2.1/../../../../arm-none-eabi/lib/thumb/v7e-m/nofp/libg_nano.a(libc_a-findfp.o)
                0x08001ef0                __sfp_lock_release
 .text.__sfp    0x08001efc       0xa4 /home/ben/arm-gnu-toolchain-14.2.rel1-x86_64-arm-none-eabi/bin/../lib/gcc/arm-none-eabi/14.2.1/../../../../arm-none-eabi/lib/thumb/v7e-m/nofp/libg_nano.a(libc_a-findfp.o)
                0x08001efc                __sfp
 .text.__sinit  0x08001fa0       0x30 /home/ben/arm-gnu-toolchain-14.2.rel1-x86_64-arm-none-eabi/bin/../lib/gcc/arm-none-eabi/14.2.1/../../../../arm-none-eabi/lib/thumb/v7e-m/nofp/libg_nano.a(libc_a-findfp.o)
                0x08001fa0                __sinit
 .text.__fp_lock_all
                0x08001fd0       0x1c /home/ben/arm-gnu-toolchain-14.2.rel1-x86_64-arm-none-eabi/bin/../lib/gcc/arm-none-eabi/14.2.1/../../../../arm-none-eabi/lib/thumb/v7e-m/nofp/libg_nano.a(libc_a-findfp.o)
                0x08001fd0                __fp_lock_all
 .text.__fp_unlock_all
                0x08001fec       0x1c /home/ben/arm-gnu-toolchain-14.2.rel1-x86_64-arm-none-eabi/bin/../lib/gcc/arm-none-eabi/14.2.1/../../../../arm-none-eabi/lib/thumb/v7e-m/nofp/libg_nano.a(libc_a-findfp.o)
                0x08001fec                __fp_unlock_all
 .text._fwalk_sglue
                0x08002008       0x3c /home/ben/arm-gnu-toolchain-14.2.rel1-x86_64-arm-none-eabi/bin/../lib/gcc/arm-none-eabi/14.2.1/../../../../arm-none-eabi/lib/thumb/v7e-m/nofp/libg_nano.a(libc_a-fwalk.o)
                0x08002008                _fwalk_sglue
 .text.__sread  0x08002044       0x22 /home/ben/arm-gnu-toolchain-14.2.rel1-x86_64-arm-none-eabi/bin/../lib/gcc/arm-none-eabi/14.2.1/../../../../arm-none-eabi/lib/thumb/v7e-m/nofp/libg_nano.a(libc_a-stdio.o)
                0x08002044                __sread
 .text.__seofread
                0x08002066        0x4 /home/ben/arm-gnu-toolchain-14.2.rel1-x86_64-arm-none-eabi/bin/../lib/gcc/arm-none-eabi/14.2.1/../../../../arm-none-eabi/lib/thumb/v7e-m/nofp/libg_nano.a(libc_a-stdio.o)
                0x08002066                __seofread
 .text.__swrite
                0x0800206a       0x38 /home/ben/arm-gnu-toolchain-14.2.rel1-x86_64-arm-none-eabi/bin/../lib/gcc/arm-none-eabi/14.2.1/../../../../arm-none-eabi/lib/thumb/v7e-m/nofp/libg_nano.a(libc_a-stdio.o)
                0x0800206a                __swrite
 .text.__sseek  0x080020a2       0x26 /home/ben/arm-gnu-toolchain-14.2.rel1-x86_64-arm-none-eabi/bin/../lib/gcc/arm-none-eabi/14.2.1/../../../../arm-none-eabi/lib/thumb/v7e-m/nofp/libg_nano.a(libc_a-stdio.o)
                0x080020a2                __sseek
 .text.__sclose
                0x080020c8        0x8 /home/ben/arm-gnu-toolchain-14.2.rel1-x86_64-arm-none-eabi/bin/../lib/gcc/arm-none-eabi/14.2.1/../../../../arm-none-eabi/lib/thumb/v7e-m/nofp/libg_nano.a(libc_a-stdio.o)
                0x080020c8                __sclose
 .text.memset   0x080020d0       0x10 /home/ben/arm-gnu-toolchain-14.2.rel1-x86_64-arm-none-eabi/bin/../lib/gcc/arm-none-eabi/14.2.1/../../../../arm-none-eabi/lib/thumb/v7e-m/nofp/libg_nano.a(libc_a-memset.o)
                0x080020d0                memset
 .text.__localeconv_l
                0x080020e0        0x4 /home/ben/arm-gnu-toolchain-14.2.rel1-x86_64-arm-none-eabi/bin/../lib/gcc/arm-none-eabi/14.2.1/../../../../arm-none-eabi/lib/thumb/v7e-m/nofp/libg_nano.a(libc_a-localeconv.o)
                0x080020e0                __localeconv_l
 .text._localeconv_r
                0x080020e4        0x8 /home/ben/arm-gnu-toolchain-14.2.rel1-x86_64-arm-none-eabi/bin/../lib/gcc/arm-none-eabi/14.2.1/../../../../arm-none-eabi/lib/thumb/v7e-m/nofp/libg_nano.a(libc_a-localeconv.o)
                0x080020e4                _localeconv_r
 .text.localeconv
                0x080020ec        0x8 /home/ben/arm-gnu-toolchain-14.2.rel1-x86_64-arm-none-eabi/bin/../lib/gcc/arm-none-eabi/14.2.1/../../../../arm-none-eabi/lib/thumb/v7e-m/nofp/libg_nano.a(libc_a-localeconv.o)
                0x080020ec                localeconv
 .text._close_r
                0x080020f4       0x20 /home/ben/arm-gnu-toolchain-14.2.rel1-x86_64-arm-none-eabi/bin/../lib/gcc/arm-none-eabi/14.2.1/../../../../arm-none-eabi/lib/thumb/v7e-m/nofp/libg_nano.a(libc_a-closer.o)
                0x080020f4                _close_r
 .text._reclaim_reent
                0x08002114       0xbc /home/ben/arm-gnu-toolchain-14.2.rel1-x86_64-arm-none-eabi/bin/../lib/gcc/arm-none-eabi/14.2.1/../../../../arm-none-eabi/lib/thumb/v7e-m/nofp/libg_nano.a(libc_a-reent.o)
                0x08002114                _reclaim_reent
 .text._lseek_r
                0x080021d0       0x24 /home/ben/arm-gnu-toolchain-14.2.rel1-x86_64-arm-none-eabi/bin/../lib/gcc/arm-none-eabi/14.2.1/../../../../arm-none-eabi/lib/thumb/v7e-m/nofp/libg_nano.a(libc_a-lseekr.o)
                0x080021d0                _lseek_r
 .text._read_r  0x080021f4       0x24 /home/ben/arm-gnu-toolchain-14.2.rel1-x86_64-arm-none-eabi/bin/../lib/gcc/arm-none-eabi/14.2.1/../../../../arm-none-eabi/lib/thumb/v7e-m/nofp/libg_nano.a(libc_a-readr.o)
                0x080021f4                _read_r
 .text._write_r
                0x08002218       0x24 /home/ben/arm-gnu-toolchain-14.2.rel1-x86_64-arm-none-eabi/bin/../lib/gcc/arm-none-eabi/14.2.1/../../../../arm-none-eabi/lib/thumb/v7e-m/nofp/libg_nano.a(libc_a-writer.o)
                0x08002218                _write_r
 .text.__libc_init_array
                0x0800223c       0x48 /home/ben/arm-gnu-toolchain-14.2.rel1-x86_64-arm-none-eabi/bin/../lib/gcc/arm-none-eabi/14.2.1/../../../../arm-none-eabi/lib/thumb/v7e-m/nofp/libg_nano.a(libc_a-init.o)
                0x0800223c                __libc_init_array
 .text.__retarget_lock_init
                0x08002284        0x2 /home/ben/arm-gnu-toolchain-14.2.rel1-x86_64-arm-none-eabi/bin/../lib/gcc/arm-none-eabi/14.2.1/../../../../arm-none-eabi/lib/thumb/v7e-m/nofp/libg_nano.a(libc_a-lock.o)
                0x08002284                __retarget_lock_init
 .text.__retarget_lock_init_recursive
                0x08002286        0x2 /home/ben/arm-gnu-toolchain-14.2.rel1-x86_64-arm-none-eabi/bin/../lib/gcc/arm-none-eabi/14.2.1/../../../../arm-none-eabi/lib/thumb/v7e-m/nofp/libg_nano.a(libc_a-lock.o)
                0x08002286                __retarget_lock_init_recursive
 .text.__retarget_lock_close
                0x08002288        0x2 /home/ben/arm-gnu-toolchain-14.2.rel1-x86_64-arm-none-eabi/bin/../lib/gcc/arm-none-eabi/14.2.1/../../../../arm-none-eabi/lib/thumb/v7e-m/nofp/libg_nano.a(libc_a-lock.o)
                0x08002288                __retarget_lock_close
 .text.__retarget_lock_close_recursive
                0x0800228a        0x2 /home/ben/arm-gnu-toolchain-14.2.rel1-x86_64-arm-none-eabi/bin/../lib/gcc/arm-none-eabi/14.2.1/../../../../arm-none-eabi/lib/thumb/v7e-m/nofp/libg_nano.a(libc_a-lock.o)
                0x0800228a                __retarget_lock_close_recursive
 .text.__retarget_lock_acquire
                0x0800228c        0x2 /home/ben/arm-gnu-toolchain-14.2.rel1-x86_64-arm-none-eabi/bin/../lib/gcc/arm-none-eabi/14.2.1/../../../../arm-none-eabi/lib/thumb/v7e-m/nofp/libg_nano.a(libc_a-lock.o)
                0x0800228c                __retarget_lock_acquire
 .text.__retarget_lock_acquire_recursive
                0x0800228e        0x2 /home/ben/arm-gnu-toolchain-14.2.rel1-x86_64-arm-none-eabi/bin/../lib/gcc/arm-none-eabi/14.2.1/../../../../arm-none-eabi/lib/thumb/v7e-m/nofp/libg_nano.a(libc_a-lock.o)
                0x0800228e                __retarget_lock_acquire_recursive
 .text.__retarget_lock_try_acquire
                0x08002290        0x4 /home/ben/arm-gnu-toolchain-14.2.rel1-x86_64-arm-none-eabi/bin/../lib/gcc/arm-none-eabi/14.2.1/../../../../arm-none-eabi/lib/thumb/v7e-m/nofp/libg_nano.a(libc_a-lock.o)
                0x08002290                __retarget_lock_try_acquire
 .text.__retarget_lock_try_acquire_recursive
                0x08002294        0x4 /home/ben/arm-gnu-toolchain-14.2.rel1-x86_64-arm-none-eabi/bin/../lib/gcc/arm-none-eabi/14.2.1/../../../../arm-none-eabi/lib/thumb/v7e-m/nofp/libg_nano.a(libc_a-lock.o)
                0x08002294                __retarget_lock_try_acquire_recursive
 .text.__retarget_lock_release
                0x08002298        0x2 /home/ben/arm-gnu-toolchain-14.2.rel1-x86_64-arm-none-eabi/bin/../lib/gcc/arm-none-eabi/14.2.1/../../../../arm-none-eabi/lib/thumb/v7e-m/nofp/libg_nano.a(libc_a-lock.o)
                0x08002298                __retarget_lock_release
 .text.__retarget_lock_release_recursive
                0x0800229a        0x2 /home/ben/arm-gnu-toolchain-14.2.rel1-x86_64-arm-none-eabi/bin/../lib/gcc/arm-none-eabi/14.2.1/../../../../arm-none-eabi/lib/thumb/v7e-m/nofp/libg_nano.a(libc_a-lock.o)
                0x0800229a                __retarget_lock_release_recursive
 .text.quorem   0x0800229c      0x110 /home/ben/arm-gnu-toolchain-14.2.rel1-x86_64-arm-none-eabi/bin/../lib/gcc/arm-none-eabi/14.2.1/../../../../arm-none-eabi/lib/thumb/v7e-m/nofp/libg_nano.a(libc_a-dtoa.o)
 *fill*         0x080023ac        0x4 
 .text._dtoa_r  0x080023b0      0xbc8 /home/ben/arm-gnu-toolchain-14.2.rel1-x86_64-arm-none-eabi/bin/../lib/gcc/arm-none-eabi/14.2.1/../../../../arm-none-eabi/lib/thumb/v7e-m/nofp/libg_nano.a(libc_a-dtoa.o)
                0x080023b0                _dtoa_r
 .text._free_r  0x08002f78       0x94 /home/ben/arm-gnu-toolchain-14.2.rel1-x86_64-arm-none-eabi/bin/../lib/gcc/arm-none-eabi/14.2.1/../../../../arm-none-eabi/lib/thumb/v7e-m/nofp/libg_nano.a(libc_a-freer.o)
                0x08002f78                _free_r
 .text.malloc   0x0800300c       0x10 /home/ben/arm-gnu-toolchain-14.2.rel1-x86_64-arm-none-eabi/bin/../lib/gcc/arm-none-eabi/14.2.1/../../../../arm-none-eabi/lib/thumb/v7e-m/nofp/libg_nano.a(libc_a-malloc.o)
                0x0800300c                malloc
 .text.free     0x0800301c       0x10 /home/ben/arm-gnu-toolchain-14.2.rel1-x86_64-arm-none-eabi/bin/../lib/gcc/arm-none-eabi/14.2.1/../../../../arm-none-eabi/lib/thumb/v7e-m/nofp/libg_nano.a(libc_a-malloc.o)
                0x0800301c                free
 .text.sbrk_aligned
                0x0800302c       0x44 /home/ben/arm-gnu-toolchain-14.2.rel1-x86_64-arm-none-eabi/bin/../lib/gcc/arm-none-eabi/14.2.1/../../../../arm-none-eabi/lib/thumb/v7e-m/nofp/libg_nano.a(libc_a-mallocr.o)
 .text._malloc_r
                0x08003070      0x100 /home/ben/arm-gnu-toolchain-14.2.rel1-x86_64-arm-none-eabi/bin/../lib/gcc/arm-none-eabi/14.2.1/../../../../arm-none-eabi/lib/thumb/v7e-m/nofp/libg_nano.a(libc_a-mallocr.o)
                0x08003070                _malloc_r
 .text.__malloc_lock
                0x08003170        0xc /home/ben/arm-gnu-toolchain-14.2.rel1-x86_64-arm-none-eabi/bin/../lib/gcc/arm-none-eabi/14.2.1/../../../../arm-none-eabi/lib/thumb/v7e-m/nofp/libg_nano.a(libc_a-mlock.o)
                0x08003170                __malloc_lock
 .text.__malloc_unlock
                0x0800317c        0xc /home/ben/arm-gnu-toolchain-14.2.rel1-x86_64-arm-none-eabi/bin/../lib/gcc/arm-none-eabi/14.2.1/../../../../arm-none-eabi/lib/thumb/v7e-m/nofp/libg_nano.a(libc_a-mlock.o)
                0x0800317c                __malloc_unlock
 .text._Balloc  0x08003188       0x7c /home/ben/arm-gnu-toolchain-14.2.rel1-x86_64-arm-none-eabi/bin/../lib/gcc/arm-none-eabi/14.2.1/../../../../arm-none-eabi/lib/thumb/v7e-m/nofp/libg_nano.a(libc_a-mprec.o)
                0x08003188                _Balloc
 .text._Bfree   0x08003204       0x44 /home/ben/arm-gnu-toolchain-14.2.rel1-x86_64-arm-none-eabi/bin/../lib/gcc/arm-none-eabi/14.2.1/../../../../arm-none-eabi/lib/thumb/v7e-m/nofp/libg_nano.a(libc_a-mprec.o)
                0x08003204                _Bfree
 .text.__multadd
                0x08003248       0x8c /home/ben/arm-gnu-toolchain-14.2.rel1-x86_64-arm-none-eabi/bin/../lib/gcc/arm-none-eabi/14.2.1/../../../../arm-none-eabi/lib/thumb/v7e-m/nofp/libg_nano.a(libc_a-mprec.o)
                0x08003248                __multadd
 .text.__s2b    0x080032d4       0x94 /home/ben/arm-gnu-toolchain-14.2.rel1-x86_64-arm-none-eabi/bin/../lib/gcc/arm-none-eabi/14.2.1/../../../../arm-none-eabi/lib/thumb/v7e-m/nofp/libg_nano.a(libc_a-mprec.o)
                0x080032d4                __s2b
 .text.__hi0bits
                0x08003368       0x3e /home/ben/arm-gnu-toolchain-14.2.rel1-x86_64-arm-none-eabi/bin/../lib/gcc/arm-none-eabi/14.2.1/../../../../arm-none-eabi/lib/thumb/v7e-m/nofp/libg_nano.a(libc_a-mprec.o)
                0x08003368                __hi0bits
 .text.__lo0bits
                0x080033a6       0x5a /home/ben/arm-gnu-toolchain-14.2.rel1-x86_64-arm-none-eabi/bin/../lib/gcc/arm-none-eabi/14.2.1/../../../../arm-none-eabi/lib/thumb/v7e-m/nofp/libg_nano.a(libc_a-mprec.o)
                0x080033a6                __lo0bits
 .text.__i2b    0x08003400       0x2c /home/ben/arm-gnu-toolchain-14.2.rel1-x86_64-arm-none-eabi/bin/../lib/gcc/arm-none-eabi/14.2.1/../../../../arm-none-eabi/lib/thumb/v7e-m/nofp/libg_nano.a(libc_a-mprec.o)
                0x08003400                __i2b
 .text.__multiply
                0x0800342c      0x150 /home/ben/arm-gnu-toolchain-14.2.rel1-x86_64-arm-none-eabi/bin/../lib/gcc/arm-none-eabi/14.2.1/../../../../arm-none-eabi/lib/thumb/v7e-m/nofp/libg_nano.a(libc_a-mprec.o)
                0x0800342c                __multiply
 .text.__pow5mult
                0x0800357c       0xb8 /home/ben/arm-gnu-toolchain-14.2.rel1-x86_64-arm-none-eabi/bin/../lib/gcc/arm-none-eabi/14.2.1/../../../../arm-none-eabi/lib/thumb/v7e-m/nofp/libg_nano.a(libc_a-mprec.o)
                0x0800357c                __pow5mult
 .text.__lshift
                0x08003634       0xdc /home/ben/arm-gnu-toolchain-14.2.rel1-x86_64-arm-none-eabi/bin/../lib/gcc/arm-none-eabi/14.2.1/../../../../arm-none-eabi/lib/thumb/v7e-m/nofp/libg_nano.a(libc_a-mprec.o)
                0x08003634                __lshift
 .text.__mcmp   0x08003710       0x36 /home/ben/arm-gnu-toolchain-14.2.rel1-x86_64-arm-none-eabi/bin/../lib/gcc/arm-none-eabi/14.2.1/../../../../arm-none-eabi/lib/thumb/v7e-m/nofp/libg_nano.a(libc_a-mprec.o)
                0x08003710                __mcmp
 *fill*         0x08003746        0x2 
 .text.__mdiff  0x08003748      0x130 /home/ben/arm-gnu-toolchain-14.2.rel1-x86_64-arm-none-eabi/bin/../lib/gcc/arm-none-eabi/14.2.1/../../../../arm-none-eabi/lib/thumb/v7e-m/nofp/libg_nano.a(libc_a-mprec.o)
                0x08003748                __mdiff
 .text.__ulp    0x08003878       0x40 /home/ben/arm-gnu-toolchain-14.2.rel1-x86_64-arm-none-eabi/bin/../lib/gcc/arm-none-eabi/14.2.1/../../../../arm-none-eabi/lib/thumb/v7e-m/nofp/libg_nano.a(libc_a-mprec.o)
                0x08003878                __ulp
 .text.__b2d    0x080038b8       0x94 /home/ben/arm-gnu-toolchain-14.2.rel1-x86_64-arm-none-eabi/bin/../lib/gcc/arm-none-eabi/14.2.1/../../../../arm-none-eabi/lib/thumb/v7e-m/nofp/libg_nano.a(libc_a-mprec.o)
                0x080038b8                __b2d
 .text.__d2b    0x0800394c       0xb0 /home/ben/arm-gnu-toolchain-14.2.rel1-x86_64-arm-none-eabi/bin/../lib/gcc/arm-none-eabi/14.2.1/../../../../arm-none-eabi/lib/thumb/v7e-m/nofp/libg_nano.a(libc_a-mprec.o)
                0x0800394c                __d2b
 .text.__ratio  0x080039fc       0x60 /home/ben/arm-gnu-toolchain-14.2.rel1-x86_64-arm-none-eabi/bin/../lib/gcc/arm-none-eabi/14.2.1/../../../../arm-none-eabi/lib/thumb/v7e-m/nofp/libg_nano.a(libc_a-mprec.o)
                0x080039fc                __ratio
 .text._mprec_log10
                0x08003a5c       0x38 /home/ben/arm-gnu-toolchain-14.2.rel1-x86_64-arm-none-eabi/bin/../lib/gcc/arm-none-eabi/14.2.1/../../../../arm-none-eabi/lib/thumb/v7e-m/nofp/libg_nano.a(libc_a-mprec.o)
                0x08003a5c                _mprec_log10
 .text.__copybits
                0x08003a94       0x46 /home/ben/arm-gnu-toolchain-14.2.rel1-x86_64-arm-none-eabi/bin/../lib/gcc/arm-none-eabi/14.2.1/../../../../arm-none-eabi/lib/thumb/v7e-m/nofp/libg_nano.a(libc_a-mprec.o)
                0x08003a94                __copybits
 .text.__any_on
                0x08003ada       0x42 /home/ben/arm-gnu-toolchain-14.2.rel1-x86_64-arm-none-eabi/bin/../lib/gcc/arm-none-eabi/14.2.1/../../../../arm-none-eabi/lib/thumb/v7e-m/nofp/libg_nano.a(libc_a-mprec.o)
                0x08003ada                __any_on
 .text.__sflush_r
                0x08003b1c       0xfc /home/ben/arm-gnu-toolchain-14.2.rel1-x86_64-arm-none-eabi/bin/../lib/gcc/arm-none-eabi/14.2.1/../../../../arm-none-eabi/lib/thumb/v7e-m/nofp/libg_nano.a(libc_a-fflush.o)
                0x08003b1c                __sflush_r
 .text._fflush_r
                0x08003c18       0x50 /home/ben/arm-gnu-toolchain-14.2.rel1-x86_64-arm-none-eabi/bin/../lib/gcc/arm-none-eabi/14.2.1/../../../../arm-none-eabi/lib/thumb/v7e-m/nofp/libg_nano.a(libc_a-fflush.o)
                0x08003c18                _fflush_r
 .text.fflush   0x08003c68       0x28 /home/ben/arm-gnu-toolchain-14.2.rel1-x86_64-arm-none-eabi/bin/../lib/gcc/arm-none-eabi/14.2.1/../../../../arm-none-eabi/lib/thumb/v7e-m/nofp/libg_nano.a(libc_a-fflush.o)
                0x08003c68                fflush
 .text._setlocale_r
                0x08003c90       0x3c /home/ben/arm-gnu-toolchain-14.2.rel1-x86_64-arm-none-eabi/bin/../lib/gcc/arm-none-eabi/14.2.1/../../../../arm-none-eabi/lib/thumb/v7e-m/nofp/libg_nano.a(libc_a-locale.o)
                0x08003c90                _setlocale_r
 .text.__locale_mb_cur_max
                0x08003ccc        0xc /home/ben/arm-gnu-toolchain-14.2.rel1-x86_64-arm-none-eabi/bin/../lib/gcc/arm-none-eabi/14.2.1/../../../../arm-none-eabi/lib/thumb/v7e-m/nofp/libg_nano.a(libc_a-locale.o)
                0x08003ccc                __locale_mb_cur_max
 .text.setlocale
                0x08003cd8       0x10 /home/ben/arm-gnu-toolchain-14.2.rel1-x86_64-arm-none-eabi/bin/../lib/gcc/arm-none-eabi/14.2.1/../../../../arm-none-eabi/lib/thumb/v7e-m/nofp/libg_nano.a(libc_a-locale.o)
                0x08003cd8                setlocale
 .text._sbrk_r  0x08003ce8       0x20 /home/ben/arm-gnu-toolchain-14.2.rel1-x86_64-arm-none-eabi/bin/../lib/gcc/arm-none-eabi/14.2.1/../../../../arm-none-eabi/lib/thumb/v7e-m/nofp/libg_nano.a(libc_a-sbrkr.o)
                0x08003ce8                _sbrk_r
 .text.memcpy   0x08003d08       0x1c /home/ben/arm-gnu-toolchain-14.2.rel1-x86_64-arm-none-eabi/bin/../lib/gcc/arm-none-eabi/14.2.1/../../../../arm-none-eabi/lib/thumb/v7e-m/nofp/libg_nano.a(libc_a-memcpy-stub.o)
                0x08003d08                memcpy
 .text.__assert_func
                0x08003d24       0x3c /home/ben/arm-gnu-toolchain-14.2.rel1-x86_64-arm-none-eabi/bin/../lib/gcc/arm-none-eabi/14.2.1/../../../../arm-none-eabi/lib/thumb/v7e-m/nofp/libg_nano.a(libc_a-assert.o)
                0x08003d24                __assert_func
 .text.__assert
                0x08003d60        0xa /home/ben/arm-gnu-toolchain-14.2.rel1-x86_64-arm-none-eabi/bin/../lib/gcc/arm-none-eabi/14.2.1/../../../../arm-none-eabi/lib/thumb/v7e-m/nofp/libg_nano.a(libc_a-assert.o)
                0x08003d60                __assert
 .text._calloc_r
                0x08003d6a       0x28 /home/ben/arm-gnu-toolchain-14.2.rel1-x86_64-arm-none-eabi/bin/../lib/gcc/arm-none-eabi/14.2.1/../../../../arm-none-eabi/lib/thumb/v7e-m/nofp/libg_nano.a(libc_a-callocr.o)
                0x08003d6a                _calloc_r
 *fill*         0x08003d92        0x2 
 .text._mbtowc_r
                0x08003d94       0x14 /home/ben/arm-gnu-toolchain-14.2.rel1-x86_64-arm-none-eabi/bin/../lib/gcc/arm-none-eabi/14.2.1/../../../../arm-none-eabi/lib/thumb/v7e-m/nofp/libg_nano.a(libc_a-mbtowc_r.o)
                0x08003d94                _mbtowc_r
 .text.__ascii_mbtowc
                0x08003da8       0x24 /home/ben/arm-gnu-toolchain-14.2.rel1-x86_64-arm-none-eabi/bin/../lib/gcc/arm-none-eabi/14.2.1/../../../../arm-none-eabi/lib/thumb/v7e-m/nofp/libg_nano.a(libc_a-mbtowc_r.o)
                0x08003da8                __ascii_mbtowc
 .text._wctomb_r
                0x08003dcc       0x14 /home/ben/arm-gnu-toolchain-14.2.rel1-x86_64-arm-none-eabi/bin/../lib/gcc/arm-none-eabi/14.2.1/../../../../arm-none-eabi/lib/thumb/v7e-m/nofp/libg_nano.a(libc_a-wctomb_r.o)
                0x08003dcc                _wctomb_r
 .text.__ascii_wctomb
                0x08003de0       0x1a /home/ben/arm-gnu-toolchain-14.2.rel1-x86_64-arm-none-eabi/bin/../lib/gcc/arm-none-eabi/14.2.1/../../../../arm-none-eabi/lib/thumb/v7e-m/nofp/libg_nano.a(libc_a-wctomb_r.o)
                0x08003de0                __ascii_wctomb
 .text._fprintf_r
                0x08003dfa       0x1a /home/ben/arm-gnu-toolchain-14.2.rel1-x86_64-arm-none-eabi/bin/../lib/gcc/arm-none-eabi/14.2.1/../../../../arm-none-eabi/lib/thumb/v7e-m/nofp/libg_nano.a(libc_a-fprintf.o)
                0x08003dfa                _fprintf_r
                0x08003dfa                _fiprintf_r
 .text.fprintf  0x08003e14       0x24 /home/ben/arm-gnu-toolchain-14.2.rel1-x86_64-arm-none-eabi/bin/../lib/gcc/arm-none-eabi/14.2.1/../../../../arm-none-eabi/lib/thumb/v7e-m/nofp/libg_nano.a(libc_a-fprintf.o)
                0x08003e14                fprintf
                0x08003e14                fiprintf
 .text.abort    0x08003e38        0xe /home/ben/arm-gnu-toolchain-14.2.rel1-x86_64-arm-none-eabi/bin/../lib/gcc/arm-none-eabi/14.2.1/../../../../arm-none-eabi/lib/thumb/v7e-m/nofp/libg_nano.a(libc_a-abort.o)
                0x08003e38                abort
 .text.__sfputc_r
                0x08003e46       0x2a /home/ben/arm-gnu-toolchain-14.2.rel1-x86_64-arm-none-eabi/bin/../lib/gcc/arm-none-eabi/14.2.1/../../../../arm-none-eabi/lib/thumb/v7e-m/nofp/libg_nano.a(libc_a-nano-vfprintf.o)
 .text.__sfputs_r
                0x08003e70       0x24 /home/ben/arm-gnu-toolchain-14.2.rel1-x86_64-arm-none-eabi/bin/../lib/gcc/arm-none-eabi/14.2.1/../../../../arm-none-eabi/lib/thumb/v7e-m/nofp/libg_nano.a(libc_a-nano-vfprintf.o)
                0x08003e70                __sfputs_r
 .text.__sprint_r
                0x08003e94       0x1a /home/ben/arm-gnu-toolchain-14.2.rel1-x86_64-arm-none-eabi/bin/../lib/gcc/arm-none-eabi/14.2.1/../../../../arm-none-eabi/lib/thumb/v7e-m/nofp/libg_nano.a(libc_a-nano-vfprintf.o)
                0x08003e94                __sprint_r
 *fill*         0x08003eae        0x2 
 .text._vfprintf_r
                0x08003eb0      0x230 /home/ben/arm-gnu-toolchain-14.2.rel1-x86_64-arm-none-eabi/bin/../lib/gcc/arm-none-eabi/14.2.1/../../../../arm-none-eabi/lib/thumb/v7e-m/nofp/libg_nano.a(libc_a-nano-vfprintf.o)
                0x08003eb0                _vfiprintf_r
                0x08003eb0                _vfprintf_r
 .text.vfprintf
                0x080040e0       0x14 /home/ben/arm-gnu-toolchain-14.2.rel1-x86_64-arm-none-eabi/bin/../lib/gcc/arm-none-eabi/14.2.1/../../../../arm-none-eabi/lib/thumb/v7e-m/nofp/libg_nano.a(libc_a-nano-vfprintf.o)
                0x080040e0                vfiprintf
                0x080040e0                vfprintf
 .text.__sfvwrite_r
                0x080040f4      0x2a4 /home/ben/arm-gnu-toolchain-14.2.rel1-x86_64-arm-none-eabi/bin/../lib/gcc/arm-none-eabi/14.2.1/../../../../arm-none-eabi/lib/thumb/v7e-m/nofp/libg_nano.a(libc_a-fvwrite.o)
                0x080040f4                __sfvwrite_r
 .text.__swbuf_r
                0x08004398       0x7c /home/ben/arm-gnu-toolchain-14.2.rel1-x86_64-arm-none-eabi/bin/../lib/gcc/arm-none-eabi/14.2.1/../../../../arm-none-eabi/lib/thumb/v7e-m/nofp/libg_nano.a(libc_a-wbuf.o)
                0x08004398                __swbuf_r
 .text.__swbuf  0x08004414       0x10 /home/ben/arm-gnu-toolchain-14.2.rel1-x86_64-arm-none-eabi/bin/../lib/gcc/arm-none-eabi/14.2.1/../../../../arm-none-eabi/lib/thumb/v7e-m/nofp/libg_nano.a(libc_a-wbuf.o)
                0x08004414                __swbuf
 .text.__swsetup_r
                0x08004424       0xa8 /home/ben/arm-gnu-toolchain-14.2.rel1-x86_64-arm-none-eabi/bin/../lib/gcc/arm-none-eabi/14.2.1/../../../../arm-none-eabi/lib/thumb/v7e-m/nofp/libg_nano.a(libc_a-wsetup.o)
                0x08004424                __swsetup_r
 .text.memmove  0x080044cc       0x32 /home/ben/arm-gnu-toolchain-14.2.rel1-x86_64-arm-none-eabi/bin/../lib/gcc/arm-none-eabi/14.2.1/../../../../arm-none-eabi/lib/thumb/v7e-m/nofp/libg_nano.a(libc_a-memmove.o)
                0x080044cc                memmove
 .text._init_signal_r
                0x080044fe       0x28 /home/ben/arm-gnu-toolchain-14.2.rel1-x86_64-arm-none-eabi/bin/../lib/gcc/arm-none-eabi/14.2.1/../../../../arm-none-eabi/lib/thumb/v7e-m/nofp/libg_nano.a(libc_a-signal.o)
                0x080044fe                _init_signal_r
 .text._signal_r
                0x08004526       0x30 /home/ben/arm-gnu-toolchain-14.2.rel1-x86_64-arm-none-eabi/bin/../lib/gcc/arm-none-eabi/14.2.1/../../../../arm-none-eabi/lib/thumb/v7e-m/nofp/libg_nano.a(libc_a-signal.o)
                0x08004526                _signal_r
 .text._raise_r
                0x08004556       0x50 /home/ben/arm-gnu-toolchain-14.2.rel1-x86_64-arm-none-eabi/bin/../lib/gcc/arm-none-eabi/14.2.1/../../../../arm-none-eabi/lib/thumb/v7e-m/nofp/libg_nano.a(libc_a-signal.o)
                0x08004556                _raise_r
 .text.__sigtramp_r
                0x080045a6       0x48 /home/ben/arm-gnu-toolchain-14.2.rel1-x86_64-arm-none-eabi/bin/../lib/gcc/arm-none-eabi/14.2.1/../../../../arm-none-eabi/lib/thumb/v7e-m/nofp/libg_nano.a(libc_a-signal.o)
                0x080045a6                __sigtramp_r
 *fill*         0x080045ee        0x2 
 .text.raise    0x080045f0       0x10 /home/ben/arm-gnu-toolchain-14.2.rel1-x86_64-arm-none-eabi/bin/../lib/gcc/arm-none-eabi/14.2.1/../../../../arm-none-eabi/lib/thumb/v7e-m/nofp/libg_nano.a(libc_a-signal.o)
                0x080045f0                raise
 .text.signal   0x08004600       0x10 /home/ben/arm-gnu-toolchain-14.2.rel1-x86_64-arm-none-eabi/bin/../lib/gcc/arm-none-eabi/14.2.1/../../../../arm-none-eabi/lib/thumb/v7e-m/nofp/libg_nano.a(libc_a-signal.o)
                0x08004600                signal
 .text._init_signal
                0x08004610        0xc /home/ben/arm-gnu-toolchain-14.2.rel1-x86_64-arm-none-eabi/bin/../lib/gcc/arm-none-eabi/14.2.1/../../../../arm-none-eabi/lib/thumb/v7e-m/nofp/libg_nano.a(libc_a-signal.o)
                0x08004610                _init_signal
 .text.__sigtramp
                0x0800461c       0x10 /home/ben/arm-gnu-toolchain-14.2.rel1-x86_64-arm-none-eabi/bin/../lib/gcc/arm-none-eabi/14.2.1/../../../../arm-none-eabi/lib/thumb/v7e-m/nofp/libg_nano.a(libc_a-signal.o)
                0x0800461c                __sigtramp
 .text._kill_r  0x0800462c       0x24 /home/ben/arm-gnu-toolchain-14.2.rel1-x86_64-arm-none-eabi/bin/../lib/gcc/arm-none-eabi/14.2.1/../../../../arm-none-eabi/lib/thumb/v7e-m/nofp/libg_nano.a(libc_a-signalr.o)
                0x0800462c                _kill_r
 .text._getpid_r
                0x08004650        0x4 /home/ben/arm-gnu-toolchain-14.2.rel1-x86_64-arm-none-eabi/bin/../lib/gcc/arm-none-eabi/14.2.1/../../../../arm-none-eabi/lib/thumb/v7e-m/nofp/libg_nano.a(libc_a-signalr.o)
                0x08004650                _getpid_r
 .text._realloc_r
                0x08004654       0x5c /home/ben/arm-gnu-toolchain-14.2.rel1-x86_64-arm-none-eabi/bin/../lib/gcc/arm-none-eabi/14.2.1/../../../../arm-none-eabi/lib/thumb/v7e-m/nofp/libg_nano.a(libc_a-reallocr.o)
                0x08004654                _realloc_r
 .text.__swhatbuf_r
                0x080046b0       0x48 /home/ben/arm-gnu-toolchain-14.2.rel1-x86_64-arm-none-eabi/bin/../lib/gcc/arm-none-eabi/14.2.1/../../../../arm-none-eabi/lib/thumb/v7e-m/nofp/libg_nano.a(libc_a-makebuf.o)
                0x080046b0                __swhatbuf_r
 .text.__smakebuf_r
                0x080046f8       0x72 /home/ben/arm-gnu-toolchain-14.2.rel1-x86_64-arm-none-eabi/bin/../lib/gcc/arm-none-eabi/14.2.1/../../../../arm-none-eabi/lib/thumb/v7e-m/nofp/libg_nano.a(libc_a-makebuf.o)
                0x080046f8                __smakebuf_r
 *fill*         0x0800476a        0x2 
 .text._fstat_r
                0x0800476c       0x24 /home/ben/arm-gnu-toolchain-14.2.rel1-x86_64-arm-none-eabi/bin/../lib/gcc/arm-none-eabi/14.2.1/../../../../arm-none-eabi/lib/thumb/v7e-m/nofp/libg_nano.a(libc_a-fstatr.o)
                0x0800476c                _fstat_r
 .text._isatty_r
                0x08004790       0x20 /home/ben/arm-gnu-toolchain-14.2.rel1-x86_64-arm-none-eabi/bin/../lib/gcc/arm-none-eabi/14.2.1/../../../../arm-none-eabi/lib/thumb/v7e-m/nofp/libg_nano.a(libc_a-isattyr.o)
                0x08004790                _isatty_r
 .text._malloc_usable_size_r
                0x080047b0       0x10 /home/ben/arm-gnu-toolchain-14.2.rel1-x86_64-arm-none-eabi/bin/../lib/gcc/arm-none-eabi/14.2.1/../../../../arm-none-eabi/lib/thumb/v7e-m/nofp/libg_nano.a(libc_a-msizer.o)
                0x080047b0                _malloc_usable_size_r
 *(.rodata)
 .rodata        0x080047c0       0x18 system_stm32f7xx.o
                0x080047c0                AHBPrescTable
                0x080047d0                APBPrescTable
 *(.rodata.*)
 .rodata.all_implied_fbits
                0x080047d8       0x24 /home/ben/arm-gnu-toolchain-14.2.rel1-x86_64-arm-none-eabi/bin/../lib/gcc/arm-none-eabi/14.2.1/thumb/v7e-m/nofp/crtbegin.o
 .rodata._printf_float.str1.1
                0x080047fc      0x173 /home/ben/arm-gnu-toolchain-14.2.rel1-x86_64-arm-none-eabi/bin/../lib/gcc/arm-none-eabi/14.2.1/../../../../arm-none-eabi/lib/thumb/v7e-m/nofp/libg_nano.a(libc_a-nano-vfprintf_float.o)
                                 0x12 (size before relaxing)
 .rodata._printf_i.str1.1
                0x0800496f       0x22 /home/ben/arm-gnu-toolchain-14.2.rel1-x86_64-arm-none-eabi/bin/../lib/gcc/arm-none-eabi/14.2.1/../../../../arm-none-eabi/lib/thumb/v7e-m/nofp/libg_nano.a(libc_a-nano-vfprintf_i.o)
 .rodata._dtoa_r.str1.1
                0x0800496f       0x90 /home/ben/arm-gnu-toolchain-14.2.rel1-x86_64-arm-none-eabi/bin/../lib/gcc/arm-none-eabi/14.2.1/../../../../arm-none-eabi/lib/thumb/v7e-m/nofp/libg_nano.a(libc_a-dtoa.o)
 .rodata._Balloc.str1.1
                0x0800496f       0x71 /home/ben/arm-gnu-toolchain-14.2.rel1-x86_64-arm-none-eabi/bin/../lib/gcc/arm-none-eabi/14.2.1/../../../../arm-none-eabi/lib/thumb/v7e-m/nofp/libg_nano.a(libc_a-mprec.o)
 .rodata.__multadd.str1.1
                0x0800496f       0x11 /home/ben/arm-gnu-toolchain-14.2.rel1-x86_64-arm-none-eabi/bin/../lib/gcc/arm-none-eabi/14.2.1/../../../../arm-none-eabi/lib/thumb/v7e-m/nofp/libg_nano.a(libc_a-mprec.o)
 *fill*         0x0800496f        0x1 
 .rodata.p05.0  0x08004970        0xc /home/ben/arm-gnu-toolchain-14.2.rel1-x86_64-arm-none-eabi/bin/../lib/gcc/arm-none-eabi/14.2.1/../../../../arm-none-eabi/lib/thumb/v7e-m/nofp/libg_nano.a(libc_a-mprec.o)
 *fill*         0x0800497c        0x4 
 .rodata.__mprec_tinytens
                0x08004980       0x28 /home/ben/arm-gnu-toolchain-14.2.rel1-x86_64-arm-none-eabi/bin/../lib/gcc/arm-none-eabi/14.2.1/../../../../arm-none-eabi/lib/thumb/v7e-m/nofp/libg_nano.a(libc_a-mprec.o)
                0x08004980                __mprec_tinytens
 .rodata.__mprec_bigtens
                0x080049a8       0x28 /home/ben/arm-gnu-toolchain-14.2.rel1-x86_64-arm-none-eabi/bin/../lib/gcc/arm-none-eabi/14.2.1/../../../../arm-none-eabi/lib/thumb/v7e-m/nofp/libg_nano.a(libc_a-mprec.o)
                0x080049a8                __mprec_bigtens
 .rodata.__mprec_tens
                0x080049d0       0xc8 /home/ben/arm-gnu-toolchain-14.2.rel1-x86_64-arm-none-eabi/bin/../lib/gcc/arm-none-eabi/14.2.1/../../../../arm-none-eabi/lib/thumb/v7e-m/nofp/libg_nano.a(libc_a-mprec.o)
                0x080049d0                __mprec_tens
 .rodata._setlocale_r.str1.1
                0x08004a98        0x9 /home/ben/arm-gnu-toolchain-14.2.rel1-x86_64-arm-none-eabi/bin/../lib/gcc/arm-none-eabi/14.2.1/../../../../arm-none-eabi/lib/thumb/v7e-m/nofp/libg_nano.a(libc_a-locale.o)
 .rodata.str1.1
                0x08004a98        0x2 /home/ben/arm-gnu-toolchain-14.2.rel1-x86_64-arm-none-eabi/bin/../lib/gcc/arm-none-eabi/14.2.1/../../../../arm-none-eabi/lib/thumb/v7e-m/nofp/libg_nano.a(libc_a-locale.o)
 .rodata.__assert_func.str1.1
                0x08004a98       0x3d /home/ben/arm-gnu-toolchain-14.2.rel1-x86_64-arm-none-eabi/bin/../lib/gcc/arm-none-eabi/14.2.1/../../../../arm-none-eabi/lib/thumb/v7e-m/nofp/libg_nano.a(libc_a-assert.o)
 .rodata._ctype_
                0x08004a98      0x101 /home/ben/arm-gnu-toolchain-14.2.rel1-x86_64-arm-none-eabi/bin/../lib/gcc/arm-none-eabi/14.2.1/../../../../arm-none-eabi/lib/thumb/v7e-m/nofp/libg_nano.a(libc_a-ctype_.o)
                0x08004a98                _ctype_
 .rodata._vfprintf_r.str1.1
                0x08004b99       0x11 /home/ben/arm-gnu-toolchain-14.2.rel1-x86_64-arm-none-eabi/bin/../lib/gcc/arm-none-eabi/14.2.1/../../../../arm-none-eabi/lib/thumb/v7e-m/nofp/libg_nano.a(libc_a-nano-vfprintf.o)
 *fill*         0x08004b99        0x3 
 .rodata.all_implied_fbits
                0x08004b9c       0x24 /home/ben/arm-gnu-toolchain-14.2.rel1-x86_64-arm-none-eabi/bin/../lib/gcc/arm-none-eabi/14.2.1/thumb/v7e-m/nofp/crtend.o
 *(.init)
 .init          0x08004bc0        0x4 /home/ben/arm-gnu-toolchain-14.2.rel1-x86_64-arm-none-eabi/bin/../lib/gcc/arm-none-eabi/14.2.1/thumb/v7e-m/nofp/crti.o
                0x08004bc0                _init
 .init          0x08004bc4        0x8 /home/ben/arm-gnu-toolchain-14.2.rel1-x86_64-arm-none-eabi/bin/../lib/gcc/arm-none-eabi/14.2.1/thumb/v7e-m/nofp/crtn.o
 *(.fini)
 .fini          0x08004bcc        0x4 /home/ben/arm-gnu-toolchain-14.2.rel1-x86_64-arm-none-eabi/bin/../lib/gcc/arm-none-eabi/14.2.1/thumb/v7e-m/nofp/crti.o
                0x08004bcc                _fini
 .fini          0x08004bd0        0x8 /home/ben/arm-gnu-toolchain-14.2.rel1-x86_64-arm-none-eabi/bin/../lib/gcc/arm-none-eabi/14.2.1/thumb/v7e-m/nofp/crtn.o
 *(.eh_frame)
 .eh_frame      0x08004bd8        0x0 /home/ben/arm-gnu-toolchain-14.2.rel1-x86_64-arm-none-eabi/bin/../lib/gcc/arm-none-eabi/14.2.1/thumb/v7e-m/nofp/crtbegin.o
 .eh_frame      0x08004bd8        0x4 /home/ben/arm-gnu-toolchain-14.2.rel1-x86_64-arm-none-eabi/bin/../lib/gcc/arm-none-eabi/14.2.1/thumb/v7e-m/nofp/crtend.o
 *(.ARM.exidx)
 .ARM.exidx     0x08004bdc        0x8 /home/ben/arm-gnu-toolchain-14.2.rel1-x86_64-arm-none-eabi/bin/../lib/gcc/arm-none-eabi/14.2.1/../../../../arm-none-eabi/lib/thumb/v7e-m/nofp/crt0.o
                                 0x10 (size before relaxing)
 .ARM.exidx     0x08004be4        0x0 /home/ben/arm-gnu-toolchain-14.2.rel1-x86_64-arm-none-eabi/bin/../lib/gcc/arm-none-eabi/14.2.1/../../../../arm-none-eabi/lib/thumb/v7e-m/nofp/libg_nano.a(libc_a-memchr.o)
                                  0x8 (size before relaxing)
 .ARM.exidx     0x08004be4        0x0 /home/ben/arm-gnu-toolchain-14.2.rel1-x86_64-arm-none-eabi/bin/../lib/gcc/arm-none-eabi/14.2.1/../../../../arm-none-eabi/lib/thumb/v7e-m/nofp/libg_nano.a(libc_a-strlen.o)
                                  0x8 (size before relaxing)
 .ARM.exidx     0x08004be4        0x0 /home/ben/arm-gnu-toolchain-14.2.rel1-x86_64-arm-none-eabi/bin/../lib/gcc/arm-none-eabi/14.2.1/../../../../arm-none-eabi/lib/thumb/v7e-m/nofp/libg_nano.a(libc_a-strcmp.o)
                                  0x8 (size before relaxing)
                0x08004be4                        . = ALIGN (0x4)
                0x08004be4                        _etext = .
                0x08004be4                        _sidata = LOADADDR (.data)

.ARM.extab      0x08004be4        0x0
 .ARM.extab     0x08004be4        0x0 /home/ben/arm-gnu-toolchain-14.2.rel1-x86_64-arm-none-eabi/bin/../lib/gcc/arm-none-eabi/14.2.1/../../../../arm-none-eabi/lib/thumb/v7e-m/nofp/crt0.o
 .ARM.extab     0x08004be4        0x0 /home/ben/arm-gnu-toolchain-14.2.rel1-x86_64-arm-none-eabi/bin/../lib/gcc/arm-none-eabi/14.2.1/../../../../arm-none-eabi/lib/thumb/v7e-m/nofp/libg_nano.a(libc_a-memchr.o)
 .ARM.extab     0x08004be4        0x0 /home/ben/arm-gnu-toolchain-14.2.rel1-x86_64-arm-none-eabi/bin/../lib/gcc/arm-none-eabi/14.2.1/../../../../arm-none-eabi/lib/thumb/v7e-m/nofp/libg_nano.a(libc_a-strlen.o)
 .ARM.extab     0x08004be4        0x0 /home/ben/arm-gnu-toolchain-14.2.rel1-x86_64-arm-none-eabi/bin/../lib/gcc/arm-none-eabi/14.2.1/../../../../arm-none-eabi/lib/thumb/v7e-m/nofp/libg_nano.a(libc_a-strcmp.o)

.glue_7         0x08004be4        0x0
 .glue_7        0x08004be4        0x0 linker stubs

.glue_7t        0x08004be4        0x0
 .glue_7t       0x08004be4        0x0 linker stubs

.vfp11_veneer   0x08004be4        0x0
 .vfp11_veneer  0x08004be4        0x0 linker stubs

.v4_bx          0x08004be4        0x0
 .v4_bx         0x08004be4        0x0 linker stubs

.iplt           0x08004be4        0x0
 .iplt          0x08004be4        0x0 /home/ben/arm-gnu-toolchain-14.2.rel1-x86_64-arm-none-eabi/bin/../lib/gcc/arm-none-eabi/14.2.1/thumb/v7e-m/nofp/crtbegin.o

.rel.dyn        0x08004be4        0x0
 .rel.iplt      0x08004be4        0x0 /home/ben/arm-gnu-toolchain-14.2.rel1-x86_64-arm-none-eabi/bin/../lib/gcc/arm-none-eabi/14.2.1/thumb/v7e-m/nofp/crtbegin.o

.data           0x20000000      0x1dc load address 0x08004be4
                0x20000000                        . = ALIGN (0x4)
                0x20000000                        _sdata = .
 *(.data)
 .data          0x20000000        0x0 /home/ben/arm-gnu-toolchain-14.2.rel1-x86_64-arm-none-eabi/bin/../lib/gcc/arm-none-eabi/14.2.1/thumb/v7e-m/nofp/crti.o
 .data          0x20000000        0x0 /home/ben/arm-gnu-toolchain-14.2.rel1-x86_64-arm-none-eabi/bin/../lib/gcc/arm-none-eabi/14.2.1/thumb/v7e-m/nofp/crtbegin.o
 .data          0x20000000        0x0 /home/ben/arm-gnu-toolchain-14.2.rel1-x86_64-arm-none-eabi/bin/../lib/gcc/arm-none-eabi/14.2.1/../../../../arm-none-eabi/lib/thumb/v7e-m/nofp/crt0.o
 .data          0x20000000        0x0 main_boot.o
 .data          0x20000000        0x0 startup.o
 .data          0x20000000        0x4 system_stm32f7xx.o
                0x20000000                SystemCoreClock
 .data          0x20000004        0x4 syscalls.o
                0x20000004                environ
 .data          0x20000008        0x0 usart.o
 .data          0x20000008        0x0 /home/ben/arm-gnu-toolchain-14.2.rel1-x86_64-arm-none-eabi/bin/../lib/gcc/arm-none-eabi/14.2.1/../../../../arm-none-eabi/lib/thumb/v7e-m/nofp/libg_nano.a(libc_a-exit.o)
 .data          0x20000008        0x0 /home/ben/arm-gnu-toolchain-14.2.rel1-x86_64-arm-none-eabi/bin/../lib/gcc/arm-none-eabi/14.2.1/../../../../arm-none-eabi/lib/thumb/v7e-m/nofp/libg_nano.a(libc_a-nano-vfprintf_float.o)
 .data          0x20000008        0x0 /home/ben/arm-gnu-toolchain-14.2.rel1-x86_64-arm-none-eabi/bin/../lib/gcc/arm-none-eabi/14.2.1/../../../../arm-none-eabi/lib/thumb/v7e-m/nofp/libg_nano.a(libc_a-nano-vfprintf_i.o)
 .data          0x20000008        0x0 /home/ben/arm-gnu-toolchain-14.2.rel1-x86_64-arm-none-eabi/bin/../lib/gcc/arm-none-eabi/14.2.1/../../../../arm-none-eabi/lib/thumb/v7e-m/nofp/libg_nano.a(libc_a-findfp.o)
 .data          0x20000008        0x0 /home/ben/arm-gnu-toolchain-14.2.rel1-x86_64-arm-none-eabi/bin/../lib/gcc/arm-none-eabi/14.2.1/../../../../arm-none-eabi/lib/thumb/v7e-m/nofp/libg_nano.a(libc_a-fwalk.o)
 .data          0x20000008        0x0 /home/ben/arm-gnu-toolchain-14.2.rel1-x86_64-arm-none-eabi/bin/../lib/gcc/arm-none-eabi/14.2.1/../../../../arm-none-eabi/lib/thumb/v7e-m/nofp/libg_nano.a(libc_a-stdio.o)
 .data          0x20000008        0x0 /home/ben/arm-gnu-toolchain-14.2.rel1-x86_64-arm-none-eabi/bin/../lib/gcc/arm-none-eabi/14.2.1/../../../../arm-none-eabi/lib/thumb/v7e-m/nofp/libg_nano.a(libc_a-memset.o)
 .data          0x20000008        0x0 /home/ben/arm-gnu-toolchain-14.2.rel1-x86_64-arm-none-eabi/bin/../lib/gcc/arm-none-eabi/14.2.1/../../../../arm-none-eabi/lib/thumb/v7e-m/nofp/libg_nano.a(libc_a-localeconv.o)
 .data          0x20000008        0x0 /home/ben/arm-gnu-toolchain-14.2.rel1-x86_64-arm-none-eabi/bin/../lib/gcc/arm-none-eabi/14.2.1/../../../../arm-none-eabi/lib/thumb/v7e-m/nofp/libg_nano.a(libc_a-closer.o)
 .data          0x20000008        0x0 /home/ben/arm-gnu-toolchain-14.2.rel1-x86_64-arm-none-eabi/bin/../lib/gcc/arm-none-eabi/14.2.1/../../../../arm-none-eabi/lib/thumb/v7e-m/nofp/libg_nano.a(libc_a-reent.o)
 .data          0x20000008        0x0 /home/ben/arm-gnu-toolchain-14.2.rel1-x86_64-arm-none-eabi/bin/../lib/gcc/arm-none-eabi/14.2.1/../../../../arm-none-eabi/lib/thumb/v7e-m/nofp/libg_nano.a(libc_a-impure.o)
 .data          0x20000008        0x0 /home/ben/arm-gnu-toolchain-14.2.rel1-x86_64-arm-none-eabi/bin/../lib/gcc/arm-none-eabi/14.2.1/../../../../arm-none-eabi/lib/thumb/v7e-m/nofp/libg_nano.a(libc_a-lseekr.o)
 .data          0x20000008        0x0 /home/ben/arm-gnu-toolchain-14.2.rel1-x86_64-arm-none-eabi/bin/../lib/gcc/arm-none-eabi/14.2.1/../../../../arm-none-eabi/lib/thumb/v7e-m/nofp/libg_nano.a(libc_a-readr.o)
 .data          0x20000008        0x0 /home/ben/arm-gnu-toolchain-14.2.rel1-x86_64-arm-none-eabi/bin/../lib/gcc/arm-none-eabi/14.2.1/../../../../arm-none-eabi/lib/thumb/v7e-m/nofp/libg_nano.a(libc_a-writer.o)
 .data          0x20000008        0x0 /home/ben/arm-gnu-toolchain-14.2.rel1-x86_64-arm-none-eabi/bin/../lib/gcc/arm-none-eabi/14.2.1/../../../../arm-none-eabi/lib/thumb/v7e-m/nofp/libg_nano.a(libc_a-init.o)
 .data          0x20000008        0x0 /home/ben/arm-gnu-toolchain-14.2.rel1-x86_64-arm-none-eabi/bin/../lib/gcc/arm-none-eabi/14.2.1/../../../../arm-none-eabi/lib/thumb/v7e-m/nofp/libg_nano.a(libc_a-lock.o)
 .data          0x20000008        0x0 /home/ben/arm-gnu-toolchain-14.2.rel1-x86_64-arm-none-eabi/bin/../lib/gcc/arm-none-eabi/14.2.1/../../../../arm-none-eabi/lib/thumb/v7e-m/nofp/libg_nano.a(libc_a-memchr.o)
 .data          0x20000008        0x0 /home/ben/arm-gnu-toolchain-14.2.rel1-x86_64-arm-none-eabi/bin/../lib/gcc/arm-none-eabi/14.2.1/../../../../arm-none-eabi/lib/thumb/v7e-m/nofp/libg_nano.a(libc_a-strlen.o)
 .data          0x20000008        0x0 /home/ben/arm-gnu-toolchain-14.2.rel1-x86_64-arm-none-eabi/bin/../lib/gcc/arm-none-eabi/14.2.1/../../../../arm-none-eabi/lib/thumb/v7e-m/nofp/libg_nano.a(libc_a-dtoa.o)
 .data          0x20000008        0x0 /home/ben/arm-gnu-toolchain-14.2.rel1-x86_64-arm-none-eabi/bin/../lib/gcc/arm-none-eabi/14.2.1/../../../../arm-none-eabi/lib/thumb/v7e-m/nofp/libg_nano.a(libc_a-freer.o)
 .data          0x20000008        0x0 /home/ben/arm-gnu-toolchain-14.2.rel1-x86_64-arm-none-eabi/bin/../lib/gcc/arm-none-eabi/14.2.1/../../../../arm-none-eabi/lib/thumb/v7e-m/nofp/libg_nano.a(libc_a-malloc.o)
 .data          0x20000008        0x0 /home/ben/arm-gnu-toolchain-14.2.rel1-x86_64-arm-none-eabi/bin/../lib/gcc/arm-none-eabi/14.2.1/../../../../arm-none-eabi/lib/thumb/v7e-m/nofp/libg_nano.a(libc_a-mallocr.o)
 .data          0x20000008        0x0 /home/ben/arm-gnu-toolchain-14.2.rel1-x86_64-arm-none-eabi/bin/../lib/gcc/arm-none-eabi/14.2.1/../../../../arm-none-eabi/lib/thumb/v7e-m/nofp/libg_nano.a(libc_a-mlock.o)
 .data          0x20000008        0x0 /home/ben/arm-gnu-toolchain-14.2.rel1-x86_64-arm-none-eabi/bin/../lib/gcc/arm-none-eabi/14.2.1/../../../../arm-none-eabi/lib/thumb/v7e-m/nofp/libg_nano.a(libc_a-mprec.o)
 .data          0x20000008        0x0 /home/ben/arm-gnu-toolchain-14.2.rel1-x86_64-arm-none-eabi/bin/../lib/gcc/arm-none-eabi/14.2.1/../../../../arm-none-eabi/lib/thumb/v7e-m/nofp/libg_nano.a(libc_a-fflush.o)
 .data          0x20000008        0x0 /home/ben/arm-gnu-toolchain-14.2.rel1-x86_64-arm-none-eabi/bin/../lib/gcc/arm-none-eabi/14.2.1/../../../../arm-none-eabi/lib/thumb/v7e-m/nofp/libg_nano.a(libc_a-locale.o)
 .data          0x20000008        0x0 /home/ben/arm-gnu-toolchain-14.2.rel1-x86_64-arm-none-eabi/bin/../lib/gcc/arm-none-eabi/14.2.1/../../../../arm-none-eabi/lib/thumb/v7e-m/nofp/libg_nano.a(libc_a-sbrkr.o)
 .data          0x20000008        0x0 /home/ben/arm-gnu-toolchain-14.2.rel1-x86_64-arm-none-eabi/bin/../lib/gcc/arm-none-eabi/14.2.1/../../../../arm-none-eabi/lib/thumb/v7e-m/nofp/libg_nano.a(libc_a-strcmp.o)
 .data          0x20000008        0x0 /home/ben/arm-gnu-toolchain-14.2.rel1-x86_64-arm-none-eabi/bin/../lib/gcc/arm-none-eabi/14.2.1/../../../../arm-none-eabi/lib/thumb/v7e-m/nofp/libg_nano.a(libc_a-memcpy-stub.o)
 .data          0x20000008        0x0 /home/ben/arm-gnu-toolchain-14.2.rel1-x86_64-arm-none-eabi/bin/../lib/gcc/arm-none-eabi/14.2.1/../../../../arm-none-eabi/lib/thumb/v7e-m/nofp/libg_nano.a(libc_a-assert.o)
 .data          0x20000008        0x0 /home/ben/arm-gnu-toolchain-14.2.rel1-x86_64-arm-none-eabi/bin/../lib/gcc/arm-none-eabi/14.2.1/../../../../arm-none-eabi/lib/thumb/v7e-m/nofp/libg_nano.a(libc_a-callocr.o)
 .data          0x20000008        0x0 /home/ben/arm-gnu-toolchain-14.2.rel1-x86_64-arm-none-eabi/bin/../lib/gcc/arm-none-eabi/14.2.1/../../../../arm-none-eabi/lib/thumb/v7e-m/nofp/libg_nano.a(libc_a-mbtowc_r.o)
 .data          0x20000008        0x0 /home/ben/arm-gnu-toolchain-14.2.rel1-x86_64-arm-none-eabi/bin/../lib/gcc/arm-none-eabi/14.2.1/../../../../arm-none-eabi/lib/thumb/v7e-m/nofp/libg_nano.a(libc_a-wctomb_r.o)
 .data          0x20000008        0x0 /home/ben/arm-gnu-toolchain-14.2.rel1-x86_64-arm-none-eabi/bin/../lib/gcc/arm-none-eabi/14.2.1/../../../../arm-none-eabi/lib/thumb/v7e-m/nofp/libg_nano.a(libc_a-ctype_.o)
 .data          0x20000008        0x0 /home/ben/arm-gnu-toolchain-14.2.rel1-x86_64-arm-none-eabi/bin/../lib/gcc/arm-none-eabi/14.2.1/../../../../arm-none-eabi/lib/thumb/v7e-m/nofp/libg_nano.a(libc_a-fprintf.o)
 .data          0x20000008        0x0 /home/ben/arm-gnu-toolchain-14.2.rel1-x86_64-arm-none-eabi/bin/../lib/gcc/arm-none-eabi/14.2.1/../../../../arm-none-eabi/lib/thumb/v7e-m/nofp/libg_nano.a(libc_a-abort.o)
 .data          0x20000008        0x0 /home/ben/arm-gnu-toolchain-14.2.rel1-x86_64-arm-none-eabi/bin/../lib/gcc/arm-none-eabi/14.2.1/../../../../arm-none-eabi/lib/thumb/v7e-m/nofp/libg_nano.a(libc_a-nano-vfprintf.o)
 .data          0x20000008        0x0 /home/ben/arm-gnu-toolchain-14.2.rel1-x86_64-arm-none-eabi/bin/../lib/gcc/arm-none-eabi/14.2.1/../../../../arm-none-eabi/lib/thumb/v7e-m/nofp/libg_nano.a(libc_a-fvwrite.o)
 .data          0x20000008        0x0 /home/ben/arm-gnu-toolchain-14.2.rel1-x86_64-arm-none-eabi/bin/../lib/gcc/arm-none-eabi/14.2.1/../../../../arm-none-eabi/lib/thumb/v7e-m/nofp/libg_nano.a(libc_a-wbuf.o)
 .data          0x20000008        0x0 /home/ben/arm-gnu-toolchain-14.2.rel1-x86_64-arm-none-eabi/bin/../lib/gcc/arm-none-eabi/14.2.1/../../../../arm-none-eabi/lib/thumb/v7e-m/nofp/libg_nano.a(libc_a-wsetup.o)
 .data          0x20000008        0x0 /home/ben/arm-gnu-toolchain-14.2.rel1-x86_64-arm-none-eabi/bin/../lib/gcc/arm-none-eabi/14.2.1/../../../../arm-none-eabi/lib/thumb/v7e-m/nofp/libg_nano.a(libc_a-memmove.o)
 .data          0x20000008        0x0 /home/ben/arm-gnu-toolchain-14.2.rel1-x86_64-arm-none-eabi/bin/../lib/gcc/arm-none-eabi/14.2.1/../../../../arm-none-eabi/lib/thumb/v7e-m/nofp/libg_nano.a(libc_a-signal.o)
 .data          0x20000008        0x0 /home/ben/arm-gnu-toolchain-14.2.rel1-x86_64-arm-none-eabi/bin/../lib/gcc/arm-none-eabi/14.2.1/../../../../arm-none-eabi/lib/thumb/v7e-m/nofp/libg_nano.a(libc_a-signalr.o)
 .data          0x20000008        0x0 /home/ben/arm-gnu-toolchain-14.2.rel1-x86_64-arm-none-eabi/bin/../lib/gcc/arm-none-eabi/14.2.1/../../../../arm-none-eabi/lib/thumb/v7e-m/nofp/libg_nano.a(libc_a-reallocr.o)
 .data          0x20000008        0x0 /home/ben/arm-gnu-toolchain-14.2.rel1-x86_64-arm-none-eabi/bin/../lib/gcc/arm-none-eabi/14.2.1/../../../../arm-none-eabi/lib/thumb/v7e-m/nofp/libg_nano.a(libc_a-makebuf.o)
 .data          0x20000008        0x0 /home/ben/arm-gnu-toolchain-14.2.rel1-x86_64-arm-none-eabi/bin/../lib/gcc/arm-none-eabi/14.2.1/../../../../arm-none-eabi/lib/thumb/v7e-m/nofp/libg_nano.a(libc_a-fstatr.o)
 .data          0x20000008        0x0 /home/ben/arm-gnu-toolchain-14.2.rel1-x86_64-arm-none-eabi/bin/../lib/gcc/arm-none-eabi/14.2.1/../../../../arm-none-eabi/lib/thumb/v7e-m/nofp/libg_nano.a(libc_a-isattyr.o)
 .data          0x20000008        0x0 /home/ben/arm-gnu-toolchain-14.2.rel1-x86_64-arm-none-eabi/bin/../lib/gcc/arm-none-eabi/14.2.1/../../../../arm-none-eabi/lib/thumb/v7e-m/nofp/libg_nano.a(libc_a-msizer.o)
 .data          0x20000008        0x0 /home/ben/arm-gnu-toolchain-14.2.rel1-x86_64-arm-none-eabi/bin/../lib/gcc/arm-none-eabi/14.2.1/thumb/v7e-m/nofp/libgcc.a(_arm_muldf3.o)
 .data          0x20000008        0x0 /home/ben/arm-gnu-toolchain-14.2.rel1-x86_64-arm-none-eabi/bin/../lib/gcc/arm-none-eabi/14.2.1/thumb/v7e-m/nofp/libgcc.a(_arm_addsubdf3.o)
 .data          0x20000008        0x0 /home/ben/arm-gnu-toolchain-14.2.rel1-x86_64-arm-none-eabi/bin/../lib/gcc/arm-none-eabi/14.2.1/thumb/v7e-m/nofp/libgcc.a(_arm_muldivdf3.o)
 .data          0x20000008        0x0 /home/ben/arm-gnu-toolchain-14.2.rel1-x86_64-arm-none-eabi/bin/../lib/gcc/arm-none-eabi/14.2.1/thumb/v7e-m/nofp/libgcc.a(_arm_cmpdf2.o)
 .data          0x20000008        0x0 /home/ben/arm-gnu-toolchain-14.2.rel1-x86_64-arm-none-eabi/bin/../lib/gcc/arm-none-eabi/14.2.1/thumb/v7e-m/nofp/libgcc.a(_arm_unorddf2.o)
 .data          0x20000008        0x0 /home/ben/arm-gnu-toolchain-14.2.rel1-x86_64-arm-none-eabi/bin/../lib/gcc/arm-none-eabi/14.2.1/thumb/v7e-m/nofp/libgcc.a(_arm_fixdfsi.o)
 .data          0x20000008        0x0 /home/ben/arm-gnu-toolchain-14.2.rel1-x86_64-arm-none-eabi/bin/../lib/gcc/arm-none-eabi/14.2.1/thumb/v7e-m/nofp/crtend.o
 .data          0x20000008        0x0 /home/ben/arm-gnu-toolchain-14.2.rel1-x86_64-arm-none-eabi/bin/../lib/gcc/arm-none-eabi/14.2.1/thumb/v7e-m/nofp/crtn.o
 *(.data.*)
 .data.__dso_handle
                0x20000008        0x4 /home/ben/arm-gnu-toolchain-14.2.rel1-x86_64-arm-none-eabi/bin/../lib/gcc/arm-none-eabi/14.2.1/thumb/v7e-m/nofp/crtbegin.o
                0x20000008                __dso_handle
 .data.__sglue  0x2000000c        0xc /home/ben/arm-gnu-toolchain-14.2.rel1-x86_64-arm-none-eabi/bin/../lib/gcc/arm-none-eabi/14.2.1/../../../../arm-none-eabi/lib/thumb/v7e-m/nofp/libg_nano.a(libc_a-findfp.o)
                0x2000000c                __sglue
 .data._impure_ptr
                0x20000018        0x4 /home/ben/arm-gnu-toolchain-14.2.rel1-x86_64-arm-none-eabi/bin/../lib/gcc/arm-none-eabi/14.2.1/../../../../arm-none-eabi/lib/thumb/v7e-m/nofp/libg_nano.a(libc_a-impure.o)
                0x20000018                _impure_ptr
 .data._impure_data
                0x2000001c       0x4c /home/ben/arm-gnu-toolchain-14.2.rel1-x86_64-arm-none-eabi/bin/../lib/gcc/arm-none-eabi/14.2.1/../../../../arm-none-eabi/lib/thumb/v7e-m/nofp/libg_nano.a(libc_a-impure.o)
                0x2000001c                _impure_data
 .data.__global_locale
                0x20000068      0x16c /home/ben/arm-gnu-toolchain-14.2.rel1-x86_64-arm-none-eabi/bin/../lib/gcc/arm-none-eabi/14.2.1/../../../../arm-none-eabi/lib/thumb/v7e-m/nofp/libg_nano.a(libc_a-locale.o)
                0x20000068                __global_locale
 *(.init_array)
 .init_array    0x200001d4        0x4 /home/ben/arm-gnu-toolchain-14.2.rel1-x86_64-arm-none-eabi/bin/../lib/gcc/arm-none-eabi/14.2.1/thumb/v7e-m/nofp/crtbegin.o
 *(.fini_array)
 .fini_array    0x200001d8        0x4 /home/ben/arm-gnu-toolchain-14.2.rel1-x86_64-arm-none-eabi/bin/../lib/gcc/arm-none-eabi/14.2.1/thumb/v7e-m/nofp/crtbegin.o
                0x200001dc                        . = ALIGN (0x4)
                0x200001dc                        _edata = .

.tm_clone_table
                0x200001dc        0x0 load address 0x08004dc0
 .tm_clone_table
                0x200001dc        0x0 /home/ben/arm-gnu-toolchain-14.2.rel1-x86_64-arm-none-eabi/bin/../lib/gcc/arm-none-eabi/14.2.1/thumb/v7e-m/nofp/crtbegin.o
 .tm_clone_table
                0x200001dc        0x0 /home/ben/arm-gnu-toolchain-14.2.rel1-x86_64-arm-none-eabi/bin/../lib/gcc/arm-none-eabi/14.2.1/thumb/v7e-m/nofp/crtend.o

.igot.plt       0x200001dc        0x0 load address 0x08004dc0
 .igot.plt      0x200001dc        0x0 /home/ben/arm-gnu-toolchain-14.2.rel1-x86_64-arm-none-eabi/bin/../lib/gcc/arm-none-eabi/14.2.1/thumb/v7e-m/nofp/crtbegin.o

.bss            0x200001dc      0x178 load address 0x08004dc0
                0x200001dc                        . = ALIGN (0x4)
                0x200001dc                        _sbss = .
                0x200001dc                        __bss_start__ = _sbss
 *(.bss)
 .bss           0x200001dc        0x0 /home/ben/arm-gnu-toolchain-14.2.rel1-x86_64-arm-none-eabi/bin/../lib/gcc/arm-none-eabi/14.2.1/thumb/v7e-m/nofp/crti.o
 .bss           0x200001dc        0x0 /home/ben/arm-gnu-toolchain-14.2.rel1-x86_64-arm-none-eabi/bin/../lib/gcc/arm-none-eabi/14.2.1/thumb/v7e-m/nofp/crtbegin.o
 .bss           0x200001dc        0x0 /home/ben/arm-gnu-toolchain-14.2.rel1-x86_64-arm-none-eabi/bin/../lib/gcc/arm-none-eabi/14.2.1/../../../../arm-none-eabi/lib/thumb/v7e-m/nofp/crt0.o
 .bss           0x200001dc        0x0 main_boot.o
 .bss           0x200001dc        0x0 startup.o
 .bss           0x200001dc        0x0 system_stm32f7xx.o
 .bss           0x200001dc        0x8 syscalls.o
                0x200001dc                __env
 .bss           0x200001e4        0x0 usart.o
 .bss           0x200001e4        0x0 /home/ben/arm-gnu-toolchain-14.2.rel1-x86_64-arm-none-eabi/bin/../lib/gcc/arm-none-eabi/14.2.1/../../../../arm-none-eabi/lib/thumb/v7e-m/nofp/libg_nano.a(libc_a-exit.o)
 .bss           0x200001e4        0x0 /home/ben/arm-gnu-toolchain-14.2.rel1-x86_64-arm-none-eabi/bin/../lib/gcc/arm-none-eabi/14.2.1/../../../../arm-none-eabi/lib/thumb/v7e-m/nofp/libg_nano.a(libc_a-nano-vfprintf_float.o)
 .bss           0x200001e4        0x0 /home/ben/arm-gnu-toolchain-14.2.rel1-x86_64-arm-none-eabi/bin/../lib/gcc/arm-none-eabi/14.2.1/../../../../arm-none-eabi/lib/thumb/v7e-m/nofp/libg_nano.a(libc_a-nano-vfprintf_i.o)
 .bss           0x200001e4        0x0 /home/ben/arm-gnu-toolchain-14.2.rel1-x86_64-arm-none-eabi/bin/../lib/gcc/arm-none-eabi/14.2.1/../../../../arm-none-eabi/lib/thumb/v7e-m/nofp/libg_nano.a(libc_a-findfp.o)
 .bss           0x200001e4        0x0 /home/ben/arm-gnu-toolchain-14.2.rel1-x86_64-arm-none-eabi/bin/../lib/gcc/arm-none-eabi/14.2.1/../../../../arm-none-eabi/lib/thumb/v7e-m/nofp/libg_nano.a(libc_a-fwalk.o)
 .bss           0x200001e4        0x0 /home/ben/arm-gnu-toolchain-14.2.rel1-x86_64-arm-none-eabi/bin/../lib/gcc/arm-none-eabi/14.2.1/../../../../arm-none-eabi/lib/thumb/v7e-m/nofp/libg_nano.a(libc_a-stdio.o)
 .bss           0x200001e4        0x0 /home/ben/arm-gnu-toolchain-14.2.rel1-x86_64-arm-none-eabi/bin/../lib/gcc/arm-none-eabi/14.2.1/../../../../arm-none-eabi/lib/thumb/v7e-m/nofp/libg_nano.a(libc_a-memset.o)
 .bss           0x200001e4        0x0 /home/ben/arm-gnu-toolchain-14.2.rel1-x86_64-arm-none-eabi/bin/../lib/gcc/arm-none-eabi/14.2.1/../../../../arm-none-eabi/lib/thumb/v7e-m/nofp/libg_nano.a(libc_a-localeconv.o)
 .bss           0x200001e4        0x0 /home/ben/arm-gnu-toolchain-14.2.rel1-x86_64-arm-none-eabi/bin/../lib/gcc/arm-none-eabi/14.2.1/../../../../arm-none-eabi/lib/thumb/v7e-m/nofp/libg_nano.a(libc_a-closer.o)
 .bss           0x200001e4        0x0 /home/ben/arm-gnu-toolchain-14.2.rel1-x86_64-arm-none-eabi/bin/../lib/gcc/arm-none-eabi/14.2.1/../../../../arm-none-eabi/lib/thumb/v7e-m/nofp/libg_nano.a(libc_a-reent.o)
 .bss           0x200001e4        0x0 /home/ben/arm-gnu-toolchain-14.2.rel1-x86_64-arm-none-eabi/bin/../lib/gcc/arm-none-eabi/14.2.1/../../../../arm-none-eabi/lib/thumb/v7e-m/nofp/libg_nano.a(libc_a-impure.o)
 .bss           0x200001e4        0x0 /home/ben/arm-gnu-toolchain-14.2.rel1-x86_64-arm-none-eabi/bin/../lib/gcc/arm-none-eabi/14.2.1/../../../../arm-none-eabi/lib/thumb/v7e-m/nofp/libg_nano.a(libc_a-lseekr.o)
 .bss           0x200001e4        0x0 /home/ben/arm-gnu-toolchain-14.2.rel1-x86_64-arm-none-eabi/bin/../lib/gcc/arm-none-eabi/14.2.1/../../../../arm-none-eabi/lib/thumb/v7e-m/nofp/libg_nano.a(libc_a-readr.o)
 .bss           0x200001e4        0x0 /home/ben/arm-gnu-toolchain-14.2.rel1-x86_64-arm-none-eabi/bin/../lib/gcc/arm-none-eabi/14.2.1/../../../../arm-none-eabi/lib/thumb/v7e-m/nofp/libg_nano.a(libc_a-writer.o)
 .bss           0x200001e4        0x0 /home/ben/arm-gnu-toolchain-14.2.rel1-x86_64-arm-none-eabi/bin/../lib/gcc/arm-none-eabi/14.2.1/../../../../arm-none-eabi/lib/thumb/v7e-m/nofp/libg_nano.a(libc_a-init.o)
 .bss           0x200001e4        0x0 /home/ben/arm-gnu-toolchain-14.2.rel1-x86_64-arm-none-eabi/bin/../lib/gcc/arm-none-eabi/14.2.1/../../../../arm-none-eabi/lib/thumb/v7e-m/nofp/libg_nano.a(libc_a-lock.o)
 .bss           0x200001e4        0x0 /home/ben/arm-gnu-toolchain-14.2.rel1-x86_64-arm-none-eabi/bin/../lib/gcc/arm-none-eabi/14.2.1/../../../../arm-none-eabi/lib/thumb/v7e-m/nofp/libg_nano.a(libc_a-memchr.o)
 .bss           0x200001e4        0x0 /home/ben/arm-gnu-toolchain-14.2.rel1-x86_64-arm-none-eabi/bin/../lib/gcc/arm-none-eabi/14.2.1/../../../../arm-none-eabi/lib/thumb/v7e-m/nofp/libg_nano.a(libc_a-strlen.o)
 .bss           0x200001e4        0x0 /home/ben/arm-gnu-toolchain-14.2.rel1-x86_64-arm-none-eabi/bin/../lib/gcc/arm-none-eabi/14.2.1/../../../../arm-none-eabi/lib/thumb/v7e-m/nofp/libg_nano.a(libc_a-dtoa.o)
 .bss           0x200001e4        0x0 /home/ben/arm-gnu-toolchain-14.2.rel1-x86_64-arm-none-eabi/bin/../lib/gcc/arm-none-eabi/14.2.1/../../../../arm-none-eabi/lib/thumb/v7e-m/nofp/libg_nano.a(libc_a-freer.o)
 .bss           0x200001e4        0x0 /home/ben/arm-gnu-toolchain-14.2.rel1-x86_64-arm-none-eabi/bin/../lib/gcc/arm-none-eabi/14.2.1/../../../../arm-none-eabi/lib/thumb/v7e-m/nofp/libg_nano.a(libc_a-malloc.o)
 .bss           0x200001e4        0x0 /home/ben/arm-gnu-toolchain-14.2.rel1-x86_64-arm-none-eabi/bin/../lib/gcc/arm-none-eabi/14.2.1/../../../../arm-none-eabi/lib/thumb/v7e-m/nofp/libg_nano.a(libc_a-mallocr.o)
 .bss           0x200001e4        0x0 /home/ben/arm-gnu-toolchain-14.2.rel1-x86_64-arm-none-eabi/bin/../lib/gcc/arm-none-eabi/14.2.1/../../../../arm-none-eabi/lib/thumb/v7e-m/nofp/libg_nano.a(libc_a-mlock.o)
 .bss           0x200001e4        0x0 /home/ben/arm-gnu-toolchain-14.2.rel1-x86_64-arm-none-eabi/bin/../lib/gcc/arm-none-eabi/14.2.1/../../../../arm-none-eabi/lib/thumb/v7e-m/nofp/libg_nano.a(libc_a-mprec.o)
 .bss           0x200001e4        0x0 /home/ben/arm-gnu-toolchain-14.2.rel1-x86_64-arm-none-eabi/bin/../lib/gcc/arm-none-eabi/14.2.1/../../../../arm-none-eabi/lib/thumb/v7e-m/nofp/libg_nano.a(libc_a-fflush.o)
 .bss           0x200001e4        0x0 /home/ben/arm-gnu-toolchain-14.2.rel1-x86_64-arm-none-eabi/bin/../lib/gcc/arm-none-eabi/14.2.1/../../../../arm-none-eabi/lib/thumb/v7e-m/nofp/libg_nano.a(libc_a-locale.o)
 .bss           0x200001e4        0x0 /home/ben/arm-gnu-toolchain-14.2.rel1-x86_64-arm-none-eabi/bin/../lib/gcc/arm-none-eabi/14.2.1/../../../../arm-none-eabi/lib/thumb/v7e-m/nofp/libg_nano.a(libc_a-sbrkr.o)
 .bss           0x200001e4        0x0 /home/ben/arm-gnu-toolchain-14.2.rel1-x86_64-arm-none-eabi/bin/../lib/gcc/arm-none-eabi/14.2.1/../../../../arm-none-eabi/lib/thumb/v7e-m/nofp/libg_nano.a(libc_a-strcmp.o)
 .bss           0x200001e4        0x0 /home/ben/arm-gnu-toolchain-14.2.rel1-x86_64-arm-none-eabi/bin/../lib/gcc/arm-none-eabi/14.2.1/../../../../arm-none-eabi/lib/thumb/v7e-m/nofp/libg_nano.a(libc_a-memcpy-stub.o)
 .bss           0x200001e4        0x0 /home/ben/arm-gnu-toolchain-14.2.rel1-x86_64-arm-none-eabi/bin/../lib/gcc/arm-none-eabi/14.2.1/../../../../arm-none-eabi/lib/thumb/v7e-m/nofp/libg_nano.a(libc_a-assert.o)
 .bss           0x200001e4        0x0 /home/ben/arm-gnu-toolchain-14.2.rel1-x86_64-arm-none-eabi/bin/../lib/gcc/arm-none-eabi/14.2.1/../../../../arm-none-eabi/lib/thumb/v7e-m/nofp/libg_nano.a(libc_a-callocr.o)
 .bss           0x200001e4        0x0 /home/ben/arm-gnu-toolchain-14.2.rel1-x86_64-arm-none-eabi/bin/../lib/gcc/arm-none-eabi/14.2.1/../../../../arm-none-eabi/lib/thumb/v7e-m/nofp/libg_nano.a(libc_a-mbtowc_r.o)
 .bss           0x200001e4        0x0 /home/ben/arm-gnu-toolchain-14.2.rel1-x86_64-arm-none-eabi/bin/../lib/gcc/arm-none-eabi/14.2.1/../../../../arm-none-eabi/lib/thumb/v7e-m/nofp/libg_nano.a(libc_a-wctomb_r.o)
 .bss           0x200001e4        0x0 /home/ben/arm-gnu-toolchain-14.2.rel1-x86_64-arm-none-eabi/bin/../lib/gcc/arm-none-eabi/14.2.1/../../../../arm-none-eabi/lib/thumb/v7e-m/nofp/libg_nano.a(libc_a-ctype_.o)
 .bss           0x200001e4        0x0 /home/ben/arm-gnu-toolchain-14.2.rel1-x86_64-arm-none-eabi/bin/../lib/gcc/arm-none-eabi/14.2.1/../../../../arm-none-eabi/lib/thumb/v7e-m/nofp/libg_nano.a(libc_a-fprintf.o)
 .bss           0x200001e4        0x0 /home/ben/arm-gnu-toolchain-14.2.rel1-x86_64-arm-none-eabi/bin/../lib/gcc/arm-none-eabi/14.2.1/../../../../arm-none-eabi/lib/thumb/v7e-m/nofp/libg_nano.a(libc_a-abort.o)
 .bss           0x200001e4        0x0 /home/ben/arm-gnu-toolchain-14.2.rel1-x86_64-arm-none-eabi/bin/../lib/gcc/arm-none-eabi/14.2.1/../../../../arm-none-eabi/lib/thumb/v7e-m/nofp/libg_nano.a(libc_a-nano-vfprintf.o)
 .bss           0x200001e4        0x0 /home/ben/arm-gnu-toolchain-14.2.rel1-x86_64-arm-none-eabi/bin/../lib/gcc/arm-none-eabi/14.2.1/../../../../arm-none-eabi/lib/thumb/v7e-m/nofp/libg_nano.a(libc_a-fvwrite.o)
 .bss           0x200001e4        0x0 /home/ben/arm-gnu-toolchain-14.2.rel1-x86_64-arm-none-eabi/bin/../lib/gcc/arm-none-eabi/14.2.1/../../../../arm-none-eabi/lib/thumb/v7e-m/nofp/libg_nano.a(libc_a-wbuf.o)
 .bss           0x200001e4        0x0 /home/ben/arm-gnu-toolchain-14.2.rel1-x86_64-arm-none-eabi/bin/../lib/gcc/arm-none-eabi/14.2.1/../../../../arm-none-eabi/lib/thumb/v7e-m/nofp/libg_nano.a(libc_a-wsetup.o)
 .bss           0x200001e4        0x0 /home/ben/arm-gnu-toolchain-14.2.rel1-x86_64-arm-none-eabi/bin/../lib/gcc/arm-none-eabi/14.2.1/../../../../arm-none-eabi/lib/thumb/v7e-m/nofp/libg_nano.a(libc_a-memmove.o)
 .bss           0x200001e4        0x0 /home/ben/arm-gnu-toolchain-14.2.rel1-x86_64-arm-none-eabi/bin/../lib/gcc/arm-none-eabi/14.2.1/../../../../arm-none-eabi/lib/thumb/v7e-m/nofp/libg_nano.a(libc_a-signal.o)
 .bss           0x200001e4        0x0 /home/ben/arm-gnu-toolchain-14.2.rel1-x86_64-arm-none-eabi/bin/../lib/gcc/arm-none-eabi/14.2.1/../../../../arm-none-eabi/lib/thumb/v7e-m/nofp/libg_nano.a(libc_a-signalr.o)
 .bss           0x200001e4        0x0 /home/ben/arm-gnu-toolchain-14.2.rel1-x86_64-arm-none-eabi/bin/../lib/gcc/arm-none-eabi/14.2.1/../../../../arm-none-eabi/lib/thumb/v7e-m/nofp/libg_nano.a(libc_a-reallocr.o)
 .bss           0x200001e4        0x0 /home/ben/arm-gnu-toolchain-14.2.rel1-x86_64-arm-none-eabi/bin/../lib/gcc/arm-none-eabi/14.2.1/../../../../arm-none-eabi/lib/thumb/v7e-m/nofp/libg_nano.a(libc_a-makebuf.o)
 .bss           0x200001e4        0x0 /home/ben/arm-gnu-toolchain-14.2.rel1-x86_64-arm-none-eabi/bin/../lib/gcc/arm-none-eabi/14.2.1/../../../../arm-none-eabi/lib/thumb/v7e-m/nofp/libg_nano.a(libc_a-fstatr.o)
 .bss           0x200001e4        0x0 /home/ben/arm-gnu-toolchain-14.2.rel1-x86_64-arm-none-eabi/bin/../lib/gcc/arm-none-eabi/14.2.1/../../../../arm-none-eabi/lib/thumb/v7e-m/nofp/libg_nano.a(libc_a-isattyr.o)
 .bss           0x200001e4        0x0 /home/ben/arm-gnu-toolchain-14.2.rel1-x86_64-arm-none-eabi/bin/../lib/gcc/arm-none-eabi/14.2.1/../../../../arm-none-eabi/lib/thumb/v7e-m/nofp/libg_nano.a(libc_a-msizer.o)
 .bss           0x200001e4        0x0 /home/ben/arm-gnu-toolchain-14.2.rel1-x86_64-arm-none-eabi/bin/../lib/gcc/arm-none-eabi/14.2.1/thumb/v7e-m/nofp/libgcc.a(_arm_muldf3.o)
 .bss           0x200001e4        0x0 /home/ben/arm-gnu-toolchain-14.2.rel1-x86_64-arm-none-eabi/bin/../lib/gcc/arm-none-eabi/14.2.1/thumb/v7e-m/nofp/libgcc.a(_arm_addsubdf3.o)
 .bss           0x200001e4        0x0 /home/ben/arm-gnu-toolchain-14.2.rel1-x86_64-arm-none-eabi/bin/../lib/gcc/arm-none-eabi/14.2.1/thumb/v7e-m/nofp/libgcc.a(_arm_muldivdf3.o)
 .bss           0x200001e4        0x0 /home/ben/arm-gnu-toolchain-14.2.rel1-x86_64-arm-none-eabi/bin/../lib/gcc/arm-none-eabi/14.2.1/thumb/v7e-m/nofp/libgcc.a(_arm_cmpdf2.o)
 .bss           0x200001e4        0x0 /home/ben/arm-gnu-toolchain-14.2.rel1-x86_64-arm-none-eabi/bin/../lib/gcc/arm-none-eabi/14.2.1/thumb/v7e-m/nofp/libgcc.a(_arm_unorddf2.o)
 .bss           0x200001e4        0x0 /home/ben/arm-gnu-toolchain-14.2.rel1-x86_64-arm-none-eabi/bin/../lib/gcc/arm-none-eabi/14.2.1/thumb/v7e-m/nofp/libgcc.a(_arm_fixdfsi.o)
 .bss           0x200001e4        0x0 /home/ben/arm-gnu-toolchain-14.2.rel1-x86_64-arm-none-eabi/bin/../lib/gcc/arm-none-eabi/14.2.1/thumb/v7e-m/nofp/crtend.o
 .bss           0x200001e4        0x0 /home/ben/arm-gnu-toolchain-14.2.rel1-x86_64-arm-none-eabi/bin/../lib/gcc/arm-none-eabi/14.2.1/thumb/v7e-m/nofp/crtn.o
 *(.bss.*)
 .bss.completed.1
                0x200001e4        0x1 /home/ben/arm-gnu-toolchain-14.2.rel1-x86_64-arm-none-eabi/bin/../lib/gcc/arm-none-eabi/14.2.1/thumb/v7e-m/nofp/crtbegin.o
 *fill*         0x200001e5        0x3 
 .bss.object.0  0x200001e8       0x18 /home/ben/arm-gnu-toolchain-14.2.rel1-x86_64-arm-none-eabi/bin/../lib/gcc/arm-none-eabi/14.2.1/thumb/v7e-m/nofp/crtbegin.o
 .bss.__sf      0x20000200      0x138 /home/ben/arm-gnu-toolchain-14.2.rel1-x86_64-arm-none-eabi/bin/../lib/gcc/arm-none-eabi/14.2.1/../../../../arm-none-eabi/lib/thumb/v7e-m/nofp/libg_nano.a(libc_a-findfp.o)
                0x20000200                __sf
 .bss.__stdio_exit_handler
                0x20000338        0x4 /home/ben/arm-gnu-toolchain-14.2.rel1-x86_64-arm-none-eabi/bin/../lib/gcc/arm-none-eabi/14.2.1/../../../../arm-none-eabi/lib/thumb/v7e-m/nofp/libg_nano.a(libc_a-findfp.o)
                0x20000338                __stdio_exit_handler
 .bss.errno     0x2000033c        0x4 /home/ben/arm-gnu-toolchain-14.2.rel1-x86_64-arm-none-eabi/bin/../lib/gcc/arm-none-eabi/14.2.1/../../../../arm-none-eabi/lib/thumb/v7e-m/nofp/libg_nano.a(libc_a-reent.o)
                0x2000033c                errno
 .bss.__lock___arc4random_mutex
                0x20000340        0x1 /home/ben/arm-gnu-toolchain-14.2.rel1-x86_64-arm-none-eabi/bin/../lib/gcc/arm-none-eabi/14.2.1/../../../../arm-none-eabi/lib/thumb/v7e-m/nofp/libg_nano.a(libc_a-lock.o)
                0x20000340                __lock___arc4random_mutex
 .bss.__lock___dd_hash_mutex
                0x20000341        0x1 /home/ben/arm-gnu-toolchain-14.2.rel1-x86_64-arm-none-eabi/bin/../lib/gcc/arm-none-eabi/14.2.1/../../../../arm-none-eabi/lib/thumb/v7e-m/nofp/libg_nano.a(libc_a-lock.o)
                0x20000341                __lock___dd_hash_mutex
 .bss.__lock___tz_mutex
                0x20000342        0x1 /home/ben/arm-gnu-toolchain-14.2.rel1-x86_64-arm-none-eabi/bin/../lib/gcc/arm-none-eabi/14.2.1/../../../../arm-none-eabi/lib/thumb/v7e-m/nofp/libg_nano.a(libc_a-lock.o)
                0x20000342                __lock___tz_mutex
 .bss.__lock___env_recursive_mutex
                0x20000343        0x1 /home/ben/arm-gnu-toolchain-14.2.rel1-x86_64-arm-none-eabi/bin/../lib/gcc/arm-none-eabi/14.2.1/../../../../arm-none-eabi/lib/thumb/v7e-m/nofp/libg_nano.a(libc_a-lock.o)
                0x20000343                __lock___env_recursive_mutex
 .bss.__lock___malloc_recursive_mutex
                0x20000344        0x1 /home/ben/arm-gnu-toolchain-14.2.rel1-x86_64-arm-none-eabi/bin/../lib/gcc/arm-none-eabi/14.2.1/../../../../arm-none-eabi/lib/thumb/v7e-m/nofp/libg_nano.a(libc_a-lock.o)
                0x20000344                __lock___malloc_recursive_mutex
 .bss.__lock___at_quick_exit_mutex
                0x20000345        0x1 /home/ben/arm-gnu-toolchain-14.2.rel1-x86_64-arm-none-eabi/bin/../lib/gcc/arm-none-eabi/14.2.1/../../../../arm-none-eabi/lib/thumb/v7e-m/nofp/libg_nano.a(libc_a-lock.o)
                0x20000345                __lock___at_quick_exit_mutex
 .bss.__lock___atexit_recursive_mutex
                0x20000346        0x1 /home/ben/arm-gnu-toolchain-14.2.rel1-x86_64-arm-none-eabi/bin/../lib/gcc/arm-none-eabi/14.2.1/../../../../arm-none-eabi/lib/thumb/v7e-m/nofp/libg_nano.a(libc_a-lock.o)
                0x20000346                __lock___atexit_recursive_mutex
 .bss.__lock___sfp_recursive_mutex
                0x20000347        0x1 /home/ben/arm-gnu-toolchain-14.2.rel1-x86_64-arm-none-eabi/bin/../lib/gcc/arm-none-eabi/14.2.1/../../../../arm-none-eabi/lib/thumb/v7e-m/nofp/libg_nano.a(libc_a-lock.o)
                0x20000347                __lock___sfp_recursive_mutex
 .bss.__malloc_sbrk_start
                0x20000348        0x4 /home/ben/arm-gnu-toolchain-14.2.rel1-x86_64-arm-none-eabi/bin/../lib/gcc/arm-none-eabi/14.2.1/../../../../arm-none-eabi/lib/thumb/v7e-m/nofp/libg_nano.a(libc_a-mallocr.o)
                0x20000348                __malloc_sbrk_start
 .bss.__malloc_free_list
                0x2000034c        0x4 /home/ben/arm-gnu-toolchain-14.2.rel1-x86_64-arm-none-eabi/bin/../lib/gcc/arm-none-eabi/14.2.1/../../../../arm-none-eabi/lib/thumb/v7e-m/nofp/libg_nano.a(libc_a-mallocr.o)
                0x2000034c                __malloc_free_list
 .bss._PathLocale
                0x20000350        0x4 /home/ben/arm-gnu-toolchain-14.2.rel1-x86_64-arm-none-eabi/bin/../lib/gcc/arm-none-eabi/14.2.1/../../../../arm-none-eabi/lib/thumb/v7e-m/nofp/libg_nano.a(libc_a-locale.o)
                0x20000350                _PathLocale
                0x20000354                        . = ALIGN (0x4)
                0x20000354                        _ebss = .
                0x20000354                        __bss_end__ = _ebss
OUTPUT(boot.elf elf32-littlearm)
LOAD linker stubs

.ARM.attributes
                0x00000000       0x2a
 .ARM.attributes
                0x00000000       0x1e /home/ben/arm-gnu-toolchain-14.2.rel1-x86_64-arm-none-eabi/bin/../lib/gcc/arm-none-eabi/14.2.1/thumb/v7e-m/nofp/crti.o
 .ARM.attributes
                0x0000001e       0x2e /home/ben/arm-gnu-toolchain-14.2.rel1-x86_64-arm-none-eabi/bin/../lib/gcc/arm-none-eabi/14.2.1/thumb/v7e-m/nofp/crtbegin.o
 .ARM.attributes
                0x0000004c       0x1c /home/ben/arm-gnu-toolchain-14.2.rel1-x86_64-arm-none-eabi/bin/../lib/gcc/arm-none-eabi/14.2.1/../../../../arm-none-eabi/lib/thumb/v7e-m/nofp/crt0.o
 .ARM.attributes
                0x00000068       0x2e main_boot.o
 .ARM.attributes
                0x00000096       0x2e startup.o
 .ARM.attributes
                0x000000c4       0x2e system_stm32f7xx.o
 .ARM.attributes
                0x000000f2       0x2e syscalls.o
 .ARM.attributes
                0x00000120       0x2e usart.o
 .ARM.attributes
                0x0000014e       0x2e /home/ben/arm-gnu-toolchain-14.2.rel1-x86_64-arm-none-eabi/bin/../lib/gcc/arm-none-eabi/14.2.1/../../../../arm-none-eabi/lib/thumb/v7e-m/nofp/libg_nano.a(libc_a-exit.o)
 .ARM.attributes
                0x0000017c       0x2e /home/ben/arm-gnu-toolchain-14.2.rel1-x86_64-arm-none-eabi/bin/../lib/gcc/arm-none-eabi/14.2.1/../../../../arm-none-eabi/lib/thumb/v7e-m/nofp/libg_nano.a(libc_a-nano-vfprintf_float.o)
 .ARM.attributes
                0x000001aa       0x2e /home/ben/arm-gnu-toolchain-14.2.rel1-x86_64-arm-none-eabi/bin/../lib/gcc/arm-none-eabi/14.2.1/../../../../arm-none-eabi/lib/thumb/v7e-m/nofp/libg_nano.a(libc_a-nano-vfprintf_i.o)
 .ARM.attributes
                0x000001d8       0x2e /home/ben/arm-gnu-toolchain-14.2.rel1-x86_64-arm-none-eabi/bin/../lib/gcc/arm-none-eabi/14.2.1/../../../../arm-none-eabi/lib/thumb/v7e-m/nofp/libg_nano.a(libc_a-findfp.o)
 .ARM.attributes
                0x00000206       0x2e /home/ben/arm-gnu-toolchain-14.2.rel1-x86_64-arm-none-eabi/bin/../lib/gcc/arm-none-eabi/14.2.1/../../../../arm-none-eabi/lib/thumb/v7e-m/nofp/libg_nano.a(libc_a-fwalk.o)
 .ARM.attributes